antes   de colapsar { [ 3855 ] }
despues de colapsar { [ 3855 ] }
antes   de colapsar { [ 3855 ][ 1145 ] } { [ 6698 ] } { [ 8832 ][ 4409 ] } { [ 4226 ] } { [ 8682 ] } { [ 8008 ][ 7967 ] } { [ 7100 ] } { [ 7394 ] } { [ 9589 ] } { [ 8445 ] } { [ 8374 ] } { [ 6042 ] }
despues de colapsar { [ 3855 ][ 1145 ] } { [ 6698 ] } { [ 8832 ][ 4409 ] } { [ 4226 ] } { [ 8682 ] } { [ 7987 ] } { [ 7100 ] } { [ 7394 ] } { [ 9589 ] } { [ 8445 ] } { [ 8374 ] } { [ 6042 ] }
antes   de filtrar: { [ 3855 ][ 1145 ] } { [ 6698 ] } { [ 8832 ][ 4409 ] } { [ 4226 ] } { [ 8682 ] } { [ 7987 ] } { [ 7100 ] } { [ 7394 ] } { [ 9589 ] } { [ 8445 ] } { [ 8374 ] } { [ 6042 ] }
despues de filtrar: { [ 3855 ][ 1145 ] } { [ 6698 ] } { [ 8832 ][ 4409 ] } { [ 4226 ] } { [ 8682 ] } { [ 7987 ] } { [ 7394 ] } { [ 9589 ] } { [ 8445 ] } { [ 8374 ] }
antes   de filtrar: { [ 3855 ][ 1145 ] } { [ 6698 ] } { [ 8832 ][ 4409 ] } { [ 4226 ][ 437 ] } { [ 8682 ] } { [ 7987 ] } { [ 7394 ] } { [ 9589 ] } { [ 8445 ] } { [ 8374 ] } { [ 122 ][ 4083 ] } { [ 724 ] } { [ 4492 ] } { [ 4976 ] } { [ 6656 ] }
despues de filtrar: { [ 3855 ][ 1145 ] } { [ 6698 ] } { [ 8832 ][ 4409 ] } { [ 4226 ][ 437 ] } { [ 8682 ] } { [ 7987 ] } { [ 7394 ] } { [ 9589 ] } { [ 8445 ] } { [ 8374 ] } { [ 122 ][ 4083 ] } { [ 724 ] } { [ 4492 ] } { [ 4976 ] } { [ 6656 ] }
antes   de colapsar { [ 3855 ][ 1145 ][ 5699 ] } { [ 6698 ] } { [ 8832 ][ 4409 ] } { [ 4226 ][ 437 ] } { [ 8682 ] } { [ 7987 ] } { [ 7394 ] } { [ 9589 ] } { [ 8445 ] } { [ 8374 ] } { [ 122 ][ 4083 ] } { [ 724 ][ 5654 ] } { [ 4492 ] } { [ 4976 ] } { [ 6656 ] } { [ 9566 ] } { [ 5575 ] } { [ 1478 ] }
despues de colapsar { [ 3855 ][ 1145 ][ 5699 ] } { [ 6698 ] } { [ 8832 ][ 4409 ] } { [ 4226 ][ 437 ] } { [ 8682 ] } { [ 7987 ] } { [ 7394 ] } { [ 9589 ] } { [ 8445 ] } { [ 8374 ] } { [ 122 ][ 4083 ] } { [ 724 ][ 5654 ] } { [ 4492 ] } { [ 4976 ] } { [ 6656 ] } { [ 9566 ] } { [ 5575 ] } { [ 1478 ] }
antes   de filtrar: { [ 3855 ][ 1145 ][ 5699 ] } { [ 6698 ] } { [ 8832 ][ 4409 ] } { [ 4226 ][ 437 ] } { [ 8682 ][ 5863 ] } { [ 7987 ] } { [ 7394 ] } { [ 9589 ] } { [ 8445 ] } { [ 8374 ] } { [ 122 ][ 4083 ] } { [ 724 ][ 5654 ] } { [ 4492 ] } { [ 4976 ] } { [ 6656 ] } { [ 9566 ] } { [ 5575 ] } { [ 1478 ] } { [ 5340 ] } { [ 1634 ] }
despues de filtrar: { [ 3855 ][ 1145 ][ 5699 ] } { [ 6698 ] } { [ 8832 ][ 4409 ] } { [ 4226 ][ 437 ] } { [ 8682 ][ 5863 ] } { [ 7987 ] } { [ 7394 ] } { [ 9589 ] } { [ 8445 ] } { [ 8374 ] } { [ 122 ][ 4083 ] } { [ 724 ][ 5654 ] } { [ 4492 ] } { [ 4976 ] } { [ 6656 ] } { [ 9566 ] } { [ 5575 ] } { [ 1478 ] } { [ 1634 ] }
antes   de colapsar { [ 3855 ][ 1145 ][ 5699 ] } { [ 6698 ] } { [ 8832 ][ 4409 ] } { [ 4226 ][ 437 ] } { [ 8682 ][ 5863 ] } { [ 7987 ] } { [ 7394 ] } { [ 9589 ] } { [ 8445 ] } { [ 8374 ] } { [ 122 ][ 4083 ] } { [ 724 ][ 5654 ] } { [ 4492 ] } { [ 4976 ] } { [ 6656 ] } { [ 9566 ] } { [ 5575 ] } { [ 1478 ] } { [ 1634 ] } { [ 6824 ] } { [ 1272 ][ 3433 ] } { [ 2144 ] }
despues de colapsar { [ 3855 ][ 1145 ][ 5699 ] } { [ 6698 ] } { [ 8832 ][ 4409 ] } { [ 4226 ][ 437 ] } { [ 8682 ][ 5863 ] } { [ 7987 ] } { [ 7394 ] } { [ 9589 ] } { [ 8445 ] } { [ 8374 ] } { [ 122 ][ 4083 ] } { [ 724 ][ 5654 ] } { [ 4492 ] } { [ 4976 ] } { [ 6656 ] } { [ 9566 ] } { [ 5575 ] } { [ 1478 ] } { [ 1634 ] } { [ 6824 ] } { [ 1272 ][ 3433 ] } { [ 2144 ] }
antes   de filtrar: { [ 3855 ][ 1145 ][ 5699 ] } { [ 6698 ] } { [ 8832 ][ 4409 ] } { [ 4226 ][ 437 ] } { [ 8682 ][ 5863 ] } { [ 7987 ] } { [ 7394 ] } { [ 9589 ] } { [ 8445 ] } { [ 8374 ] } { [ 122 ][ 4083 ] } { [ 724 ][ 5654 ] } { [ 4492 ] } { [ 4976 ] } { [ 6656 ] } { [ 9566 ] } { [ 5575 ] } { [ 1478 ] } { [ 1634 ] } { [ 6824 ] } { [ 1272 ][ 3433 ] } { [ 2144 ] } { [ 5767 ] }
despues de filtrar: { [ 3855 ][ 1145 ][ 5699 ] } { [ 6698 ] } { [ 8832 ][ 4409 ] } { [ 4226 ][ 437 ] } { [ 8682 ][ 5863 ] } { [ 7987 ] } { [ 7394 ] } { [ 9589 ] } { [ 8445 ] } { [ 8374 ] } { [ 122 ][ 4083 ] } { [ 724 ][ 5654 ] } { [ 4492 ] } { [ 4976 ] } { [ 6656 ] } { [ 9566 ] } { [ 5575 ] } { [ 1478 ] } { [ 1634 ] } { [ 6824 ] } { [ 1272 ][ 3433 ] } { [ 2144 ] } { [ 5767 ] }
antes   de filtrar: { [ 3855 ][ 1145 ][ 5699 ] } { [ 6698 ] } { [ 8832 ][ 4409 ] } { [ 4226 ][ 437 ] } { [ 8682 ][ 5863 ] } { [ 7987 ] } { [ 7394 ] } { [ 9589 ] } { [ 8445 ][ 6792 ] } { [ 8374 ] } { [ 122 ][ 4083 ] } { [ 724 ][ 5654 ] } { [ 4492 ] } { [ 4976 ] } { [ 6656 ] } { [ 9566 ] } { [ 5575 ] } { [ 1478 ] } { [ 1634 ] } { [ 6824 ] } { [ 1272 ][ 3433 ] } { [ 2144 ] } { [ 5767 ] } { [ 6266 ] } { [ 7507 ] } { [ 1494 ] } { [ 3436 ] }
despues de filtrar: { [ 3855 ][ 1145 ][ 5699 ] } { [ 6698 ] } { [ 8832 ][ 4409 ] } { [ 4226 ][ 437 ] } { [ 8682 ][ 5863 ] } { [ 7987 ] } { [ 7394 ] } { [ 9589 ] } { [ 8445 ][ 6792 ] } { [ 8374 ] } { [ 122 ][ 4083 ] } { [ 724 ][ 5654 ] } { [ 4492 ] } { [ 4976 ] } { [ 6656 ] } { [ 9566 ] } { [ 5575 ] } { [ 1478 ] } { [ 1634 ] } { [ 6824 ] } { [ 1272 ][ 3433 ] } { [ 2144 ] } { [ 5767 ] } { [ 6266 ] } { [ 1494 ] } { [ 3436 ] }
antes   de colapsar { [ 3855 ][ 1145 ][ 5699 ] } { [ 6698 ] } { [ 8832 ][ 4409 ] } { [ 4226 ][ 437 ] } { [ 8682 ][ 5863 ][ 4221 ] } { [ 7987 ] } { [ 7394 ] } { [ 9589 ] } { [ 8445 ][ 6792 ] } { [ 8374 ] } { [ 122 ][ 4083 ] } { [ 724 ][ 5654 ] } { [ 4492 ] } { [ 4976 ][ 6633 ] } { [ 6656 ] } { [ 9566 ] } { [ 5575 ] } { [ 1478 ][ 3388 ] } { [ 1634 ] } { [ 6824 ] } { [ 1272 ][ 3433 ] } { [ 2144 ] } { [ 5767 ] } { [ 6266 ] } { [ 1494 ] } { [ 3436 ] } { [ 5048 ] } { [ 5400 ] } { [ 8589 ] } { [ 6151 ] } { [ 1883 ] } { [ 9704 ] }
despues de colapsar { [ 3855 ][ 1145 ][ 5699 ] } { [ 6698 ] } { [ 8832 ][ 4409 ] } { [ 4226 ][ 437 ] } { [ 8682 ][ 5863 ][ 4221 ] } { [ 7987 ] } { [ 7394 ] } { [ 9589 ] } { [ 8445 ][ 6792 ] } { [ 8374 ] } { [ 122 ][ 4083 ] } { [ 724 ][ 5654 ] } { [ 4492 ] } { [ 4976 ][ 6633 ] } { [ 6656 ] } { [ 9566 ] } { [ 5575 ] } { [ 1478 ][ 3388 ] } { [ 1634 ] } { [ 6824 ] } { [ 1272 ][ 3433 ] } { [ 2144 ] } { [ 5767 ] } { [ 6266 ] } { [ 1494 ] } { [ 3436 ] } { [ 5048 ] } { [ 5400 ] } { [ 8589 ] } { [ 6151 ] } { [ 1883 ] } { [ 9704 ] }
antes   de filtrar: { [ rtvk60evpr ][ 6nn2d50sy ] } { [ tva9ag5 ] } { [ ev12 ] }
despues de filtrar: <vacia>
antes   de colapsar <vacia>
despues de colapsar <vacia>
antes   de colapsar <vacia>
despues de colapsar <vacia>
antes   de colapsar { [ fg8go338 ] } { [ bkf ][ 4twisc464 ][ 5whgx1 ][ 9g ] } { [ og4 ] } { [ nw ] } { [ b4a6n ] } { [ xdwy7g7 ][ iw40 ] } { [ vcq ] } { [ k4ks ] } { [ y ] }
despues de colapsar { [ fg8go338 ] } { [ bkf ][ 4twisc464 ][ 5whgx1 ][ 9g ] } { [ og4 ] } { [ nw ] } { [ b4a6n ] } { [ xidww4y07g ] } { [ vcq ] } { [ k4ks ] } { [ y ] }
antes   de filtrar: { [ fg8go338 ] } { [ bkf ][ 4twisc464 ][ 5whgx1 ][ 9g ] } { [ og4 ] } { [ nw ] } { [ b4a6n ] } { [ xidww4y07g ] } { [ vcq ] } { [ k4ks ] } { [ y ] }
despues de filtrar: { [ bkf ][ 4twisc464 ][ 5whgx1 ][ 9g ] } { [ nw ] } { [ vcq ] } { [ y ] }
antes   de colapsar { [ bkf ][ 4twisc464 ][ 5whgx1 ][ 9g ] } { [ nw ] } { [ vcq ] } { [ y ] } { [ vxdd ] } { [ o2ltgw ] } { [ uq2 ] } { [ 2gud ] }
despues de colapsar { [ bkf ][ 4twisc464 ][ 5whgx1 ][ 9g ] } { [ nw ] } { [ vcq ] } { [ y ] } { [ vxdd ] } { [ o2ltgw ] } { [ uq2 ] } { [ 2gud ] }
antes   de colapsar { [ bkf ][ 4twisc464 ][ 5whgx1 ][ 9g ] } { [ nw ][ sunmxf47 ] } { [ vcq ] } { [ y ][ 7j04od ][ boqt ] } { [ vxdd ] } { [ o2ltgw ] } { [ uq2 ] } { [ 2gud ] } { [ ghyvn5o ] } { [ b ] } { [ x ] }
despues de colapsar { [ bkf ][ 4twisc464 ][ 5whgx1 ][ 9g ] } { [ nw ][ sunmxf47 ] } { [ vcq ] } { [ y ][ 7j04od ][ boqt ] } { [ vxdd ] } { [ o2ltgw ] } { [ uq2 ] } { [ 2gud ] } { [ ghyvn5o ] } { [ b ] } { [ x ] }
antes   de filtrar: { [ bkf ][ 4twisc464 ][ 5whgx1 ][ 9g ] } { [ nw ][ sunmxf47 ][ h3015mec ] } { [ vcq ] } { [ y ][ 7j04od ][ boqt ] } { [ vxdd ] } { [ o2ltgw ] } { [ uq2 ] } { [ 2gud ] } { [ ghyvn5o ] } { [ b ] } { [ x ][ 3 ] } { [ r2hiva ] } { [ d915slk ] } { [ sp7 ] } { [ it7wmqc ] }
despues de filtrar: { [ bkf ][ 4twisc464 ][ 5whgx1 ][ 9g ] } { [ nw ][ sunmxf47 ][ h3015mec ] } { [ vcq ] } { [ y ][ 7j04od ][ boqt ] } { [ vxdd ] } { [ b ] } { [ x ][ 3 ] }
antes   de filtrar: { [ bkf ][ 4twisc464 ][ 5whgx1 ][ 9g ] } { [ nw ][ sunmxf47 ][ h3015mec ] } { [ vcq ] } { [ y ][ 7j04od ][ boqt ] } { [ vxdd ] } { [ b ] } { [ x ][ 3 ] } { [ sqck5jncqg ] } { [ fc ] }
despues de filtrar: { [ bkf ][ 4twisc464 ][ 5whgx1 ][ 9g ] } { [ nw ][ sunmxf47 ][ h3015mec ] } { [ vcq ] } { [ y ][ 7j04od ][ boqt ] } { [ vxdd ] } { [ b ] } { [ x ][ 3 ] } { [ fc ] }
antes   de filtrar: { [ bkf ][ 4twisc464 ][ 5whgx1 ][ 9g ][ ow41bpsc ] } { [ nw ][ sunmxf47 ][ h3015mec ][ kar2u18kr ] } { [ vcq ] } { [ y ][ 7j04od ][ boqt ] } { [ vxdd ][ wodtqeq0 ] } { [ b ] } { [ x ][ 3 ] } { [ fc ][ im9gxiri7 ] } { [ g2jut7ect2 ] } { [ mpvspvnixx ][ r17l7 ] } { [ s2k1a ] } { [ 37acjpb ] } { [ t70bujb4 ] } { [ 2kx0vr5f ] } { [ 0or2uihf ] } { [ 33 ] } { [ dia55x8 ] } { [ rpw ] }
despues de filtrar: { [ bkf ][ 4twisc464 ][ 5whgx1 ][ 9g ][ ow41bpsc ] } { [ nw ][ sunmxf47 ][ h3015mec ][ kar2u18kr ] } { [ vcq ] } { [ y ][ 7j04od ][ boqt ] } { [ vxdd ][ wodtqeq0 ] } { [ b ] } { [ x ][ 3 ] } { [ fc ][ im9gxiri7 ] } { [ mpvspvnixx ][ r17l7 ] } { [ rpw ] }
antes   de colapsar <vacia>
despues de colapsar <vacia>
antes   de filtrar: { [ 8g800inna ] }
despues de filtrar: <vacia>
antes   de filtrar: <vacia>
despues de filtrar: <vacia>
antes   de filtrar: { [ ly ] }
despues de filtrar: { [ ly ] }
antes   de filtrar: { [ ly ][ 7ruv4i7 ][ 9w ][ p ] } { [ tiet ] } { [ e3w98sto ] } { [ hbx3f28 ] }
despues de filtrar: { [ ly ][ 7ruv4i7 ][ 9w ][ p ] } { [ tiet ] }
antes   de filtrar: { [ ly ][ 7ruv4i7 ][ 9w ][ p ] } { [ tiet ][ xd84ii ] } { [ m7s ] } { [ 5 ] } { [ brmhy2 ] }
despues de filtrar: { [ ly ][ 7ruv4i7 ][ 9w ][ p ] } { [ tiet ][ xd84ii ] }
antes   de colapsar { [ ly ][ 7ruv4i7 ][ 9w ][ p ][ oksw ][ wg ] } { [ tiet ][ xd84ii ][ 6 ] } { [ u6y80 ] } { [ xxb4 ] } { [ hfh0y0us ][ if ] } { [ wl5oc3 ] }
despues de colapsar { [ ly ][ 7ruv4i7 ][ 9w ][ p ][ oksw ][ wg ] } { [ tiet ][ xd84ii ][ 6 ] } { [ u6y80 ] } { [ xxb4 ] } { [ hiffh0y0us ] } { [ wl5oc3 ] }
antes   de colapsar { [ ly ][ 7ruv4i7 ][ 9w ][ p ][ oksw ][ wg ] } { [ tiet ][ xd84ii ][ 6 ] } { [ u6y80 ] } { [ xxb4 ] } { [ hiffh0y0us ] } { [ wl5oc3 ] } { [ r2se5tye ] } { [ oe ] } { [ 71 ] } { [ pb5fuav ] }
despues de colapsar { [ ly ][ 7ruv4i7 ][ 9w ][ p ][ oksw ][ wg ] } { [ tiet ][ xd84ii ][ 6 ] } { [ u6y80 ] } { [ xxb4 ] } { [ hiffh0y0us ] } { [ wl5oc3 ] } { [ r2se5tye ] } { [ oe ] } { [ 71 ] } { [ pb5fuav ] }
antes   de colapsar { [ ly ][ 7ruv4i7 ][ 9w ][ p ][ oksw ][ wg ] } { [ tiet ][ xd84ii ][ 6 ] } { [ u6y80 ][ veqc2vlgkf ][ qkf7omqoli ] } { [ xxb4 ] } { [ hiffh0y0us ] } { [ wl5oc3 ] } { [ r2se5tye ] } { [ oe ] } { [ 71 ] } { [ pb5fuav ][ pty6fyon ] } { [ if ] } { [ o02g ] } { [ cl1 ] } { [ de ] } { [ p3536adk0 ] } { [ 7uy70i ] }
despues de colapsar { [ ly ][ 7ruv4i7 ][ 9w ][ p ][ oksw ][ wg ] } { [ tiet ][ xd84ii ][ 6 ] } { [ uqvk6fe7yo ] } { [ xxb4 ] } { [ hiffh0y0us ] } { [ wl5oc3 ] } { [ r2se5tye ] } { [ oe ] } { [ 71 ] } { [ ppbt5yf6uf ] } { [ if ] } { [ o02g ] } { [ cl1 ] } { [ de ] } { [ p3536adk0 ] } { [ 7uy70i ] }
antes   de colapsar { [ ly ][ 7ruv4i7 ][ 9w ][ p ][ oksw ][ wg ] } { [ tiet ][ xd84ii ][ 6 ] } { [ uqvk6fe7yo ] } { [ xxb4 ] } { [ hiffh0y0us ] } { [ wl5oc3 ] } { [ r2se5tye ] } { [ oe ] } { [ 71 ] } { [ ppbt5yf6uf ] } { [ if ] } { [ o02g ] } { [ cl1 ] } { [ de ] } { [ p3536adk0 ] } { [ 7uy70i ] }
despues de colapsar { [ ly ][ 7ruv4i7 ][ 9w ][ p ][ oksw ][ wg ] } { [ tiet ][ xd84ii ][ 6 ] } { [ uqvk6fe7yo ] } { [ xxb4 ] } { [ hiffh0y0us ] } { [ wl5oc3 ] } { [ r2se5tye ] } { [ oe ] } { [ 71 ] } { [ ppbt5yf6uf ] } { [ if ] } { [ o02g ] } { [ cl1 ] } { [ de ] } { [ p3536adk0 ] } { [ 7uy70i ] }
antes   de colapsar { [ 7405 ][ 3694 ] } { [ 6423 ] }
despues de colapsar { [ 5230 ] } { [ 6423 ] }
antes   de colapsar { [ 5230 ][ 1285 ] } { [ 6423 ] } { [ 9277 ] }
despues de colapsar { [ 2592 ] } { [ 6423 ] } { [ 9277 ] }
antes   de colapsar { [ 2592 ] } { [ 6423 ] } { [ 9277 ] } { [ 3355 ] } { [ 7283 ] }
despues de colapsar { [ 2592 ] } { [ 6423 ] } { [ 9277 ] } { [ 3355 ] } { [ 7283 ] }
antes   de filtrar: { [ 2592 ] } { [ 6423 ] } { [ 9277 ] } { [ 3355 ] } { [ 7283 ] } { [ 3069 ] } { [ 7764 ] } { [ 8910 ] } { [ 4188 ] } { [ 3287 ] } { [ 7150 ] } { [ 3114 ] }
despues de filtrar: { [ 2592 ] } { [ 6423 ] } { [ 9277 ] } { [ 3355 ] } { [ 7283 ] } { [ 7764 ] } { [ 4188 ] } { [ 3287 ] } { [ 3114 ] }
antes   de colapsar { [ 2592 ] } { [ 6423 ] } { [ 9277 ] } { [ 3355 ] } { [ 7283 ] } { [ 7764 ] } { [ 4188 ] } { [ 3287 ] } { [ 3114 ] }
despues de colapsar { [ 2592 ] } { [ 6423 ] } { [ 9277 ] } { [ 3355 ] } { [ 7283 ] } { [ 7764 ] } { [ 4188 ] } { [ 3287 ] } { [ 3114 ] }
antes   de colapsar { [ 2592 ] } { [ 6423 ] } { [ 9277 ] } { [ 3355 ] } { [ 7283 ] } { [ 7764 ] } { [ 4188 ] } { [ 3287 ] } { [ 3114 ] } { [ 1343 ] } { [ 1039 ] } { [ 6050 ] } { [ 3514 ] }
despues de colapsar { [ 2592 ] } { [ 6423 ] } { [ 9277 ] } { [ 3355 ] } { [ 7283 ] } { [ 7764 ] } { [ 4188 ] } { [ 3287 ] } { [ 3114 ] } { [ 1343 ] } { [ 1039 ] } { [ 6050 ] } { [ 3514 ] }
antes   de filtrar: { [ 2592 ] } { [ 6423 ] } { [ 9277 ] } { [ 3355 ] } { [ 7283 ] } { [ 7764 ][ 512 ] } { [ 4188 ] } { [ 3287 ] } { [ 3114 ][ 3192 ] } { [ 1343 ] } { [ 1039 ] } { [ 6050 ] } { [ 3514 ] } { [ 3374 ] } { [ 1327 ][ 8791 ] } { [ 3304 ] } { [ 5676 ][ 3433 ] } { [ 1530 ] } { [ 6230 ] } { [ 1680 ] } { [ 2557 ] } { [ 8079 ] }
despues de filtrar: { [ 2592 ] } { [ 6423 ] } { [ 9277 ] } { [ 3355 ] } { [ 7283 ] } { [ 7764 ][ 512 ] } { [ 4188 ] } { [ 3287 ] } { [ 3114 ][ 3192 ] } { [ 1343 ] } { [ 3514 ] } { [ 3374 ] } { [ 1327 ][ 8791 ] } { [ 5676 ][ 3433 ] } { [ 2557 ] }
antes   de filtrar: { [ 2592 ] } { [ 6423 ] } { [ 9277 ] } { [ 3355 ] } { [ 7283 ] } { [ 7764 ][ 512 ] } { [ 4188 ] } { [ 3287 ][ 8247 ] } { [ 3114 ][ 3192 ] } { [ 1343 ] } { [ 3514 ] } { [ 3374 ] } { [ 1327 ][ 8791 ] } { [ 5676 ][ 3433 ][ 5907 ] } { [ 2557 ][ 2203 ] } { [ 9232 ] } { [ 8822 ] } { [ 4933 ] } { [ 2449 ] }
despues de filtrar: { [ 2592 ] } { [ 6423 ] } { [ 9277 ] } { [ 3355 ] } { [ 7283 ] } { [ 7764 ][ 512 ] } { [ 4188 ] } { [ 3287 ][ 8247 ] } { [ 3114 ][ 3192 ] } { [ 1343 ] } { [ 3514 ] } { [ 3374 ] } { [ 1327 ][ 8791 ] } { [ 5676 ][ 3433 ][ 5907 ] } { [ 2557 ][ 2203 ] } { [ 9232 ] } { [ 8822 ] } { [ 4933 ] } { [ 2449 ] }
antes   de filtrar: { [ 2592 ] } { [ 6423 ] } { [ 9277 ][ 2338 ] } { [ 3355 ] } { [ 7283 ] } { [ 7764 ][ 512 ] } { [ 4188 ] } { [ 3287 ][ 8247 ] } { [ 3114 ][ 3192 ] } { [ 1343 ] } { [ 3514 ] } { [ 3374 ] } { [ 1327 ][ 8791 ] } { [ 5676 ][ 3433 ][ 5907 ] } { [ 2557 ][ 2203 ] } { [ 9232 ] } { [ 8822 ][ 5251 ] } { [ 4933 ] } { [ 2449 ][ 1071 ] } { [ 511 ] } { [ 7270 ] } { [ 635 ] } { [ 8103 ] } { [ 9502 ] }
despues de filtrar: { [ 2592 ] } { [ 6423 ] } { [ 9277 ][ 2338 ] } { [ 3355 ] } { [ 7283 ] } { [ 7764 ][ 512 ] } { [ 4188 ] } { [ 3287 ][ 8247 ] } { [ 3114 ][ 3192 ] } { [ 1343 ] } { [ 3514 ] } { [ 3374 ] } { [ 1327 ][ 8791 ] } { [ 5676 ][ 3433 ][ 5907 ] } { [ 2557 ][ 2203 ] } { [ 9232 ] } { [ 8822 ][ 5251 ] } { [ 4933 ] } { [ 2449 ][ 1071 ] } { [ 511 ] } { [ 635 ] }
antes   de filtrar: { [ 2592 ] } { [ 6423 ] } { [ 9277 ][ 2338 ] } { [ 3355 ] } { [ 7283 ][ 8851 ] } { [ 7764 ][ 512 ] } { [ 4188 ] } { [ 3287 ][ 8247 ] } { [ 3114 ][ 3192 ] } { [ 1343 ] } { [ 3514 ] } { [ 3374 ] } { [ 1327 ][ 8791 ] } { [ 5676 ][ 3433 ][ 5907 ] } { [ 2557 ][ 2203 ] } { [ 9232 ] } { [ 8822 ][ 5251 ] } { [ 4933 ] } { [ 2449 ][ 1071 ] } { [ 511 ] } { [ 635 ] } { [ 9371 ] }
despues de filtrar: { [ 2592 ] } { [ 6423 ] } { [ 9277 ][ 2338 ] } { [ 3355 ] } { [ 7283 ][ 8851 ] } { [ 7764 ][ 512 ] } { [ 4188 ] } { [ 3287 ][ 8247 ] } { [ 3114 ][ 3192 ] } { [ 1343 ] } { [ 3514 ] } { [ 3374 ] } { [ 1327 ][ 8791 ] } { [ 5676 ][ 3433 ][ 5907 ] } { [ 2557 ][ 2203 ] } { [ 9232 ] } { [ 8822 ][ 5251 ] } { [ 4933 ] } { [ 2449 ][ 1071 ] } { [ 511 ] } { [ 635 ] } { [ 9371 ] }
antes   de colapsar { [ 9e1h4dhynu ][ o5f4kwtyx ] } { [ h ] } { [ w2dlso ] } { [ 22795exubp ][ y ] } { [ moy3cwh5 ][ w ] } { [ pjm3bi ][ c2bdt3y ] } { [ 7jjmx ][ m7un2tf ] } { [ lu5q9ka2 ] }
despues de colapsar { [ 9oe51fh44k ] } { [ h ] } { [ w2dlso ] } { [ 2y2795exub ] } { [ mwoy3cwh5 ] } { [ pcj2mb3dbt ] } { [ 7mj7jumnx2 ] } { [ lu5q9ka2 ] }
antes   de colapsar { [ 9oe51fh44k ] } { [ h ] } { [ w2dlso ] } { [ 2y2795exub ] } { [ mwoy3cwh5 ] } { [ pcj2mb3dbt ] } { [ 7mj7jumnx2 ] } { [ lu5q9ka2 ] } { [ 2q0qf ] } { [ cq8m ] }
despues de colapsar { [ 9oe51fh44k ] } { [ h ] } { [ w2dlso ] } { [ 2y2795exub ] } { [ mwoy3cwh5 ] } { [ pcj2mb3dbt ] } { [ 7mj7jumnx2 ] } { [ lu5q9ka2 ] } { [ 2q0qf ] } { [ cq8m ] }
antes   de filtrar: { [ 9oe51fh44k ] } { [ h ] } { [ w2dlso ] } { [ 2y2795exub ] } { [ mwoy3cwh5 ][ icpboye3cq ] } { [ pcj2mb3dbt ] } { [ 7mj7jumnx2 ] } { [ lu5q9ka2 ] } { [ 2q0qf ] } { [ cq8m ] } { [ d ] } { [ ea7 ] } { [ lg3noq4o0w ][ 2fs5oh10kg ] } { [ cn ] } { [ g8vala ] } { [ 0bhofm48j ] } { [ 90d1527fc3 ] } { [ b5fxkyv7b ] }
despues de filtrar: { [ h ] } { [ d ] } { [ cn ] }
antes   de colapsar { [ h ][ y7l3x89qq8 ][ qajoqa ] } { [ d ][ rmkh ][ 224f017k9 ][ c ] } { [ cn ][ 1d601r8 ] } { [ ov ] } { [ kxykefu ] } { [ 2ui ] } { [ wd4 ] } { [ xgcdff7ui ] } { [ esa0 ] }
despues de colapsar { [ h ][ y7l3x89qq8 ][ qajoqa ] } { [ d ][ rmkh ][ 224f017k9 ][ c ] } { [ cn ][ 1d601r8 ] } { [ ov ] } { [ kxykefu ] } { [ 2ui ] } { [ wd4 ] } { [ xgcdff7ui ] } { [ esa0 ] }
antes   de filtrar: { [ h ][ y7l3x89qq8 ][ qajoqa ] } { [ d ][ rmkh ][ 224f017k9 ][ c ] } { [ cn ][ 1d601r8 ] } { [ ov ] } { [ kxykefu ] } { [ 2ui ] } { [ wd4 ] } { [ xgcdff7ui ] } { [ esa0 ] } { [ uu ] } { [ 4wj ] } { [ h7wtxr ] } { [ 3ook ] } { [ a42 ] } { [ k295s ] }
despues de filtrar: { [ h ][ y7l3x89qq8 ][ qajoqa ] } { [ d ][ rmkh ][ 224f017k9 ][ c ] } { [ cn ][ 1d601r8 ] } { [ ov ] } { [ kxykefu ] } { [ uu ] }
antes   de filtrar: { [ h ][ y7l3x89qq8 ][ qajoqa ] } { [ d ][ rmkh ][ 224f017k9 ][ c ] } { [ cn ][ 1d601r8 ] } { [ ov ] } { [ kxykefu ] } { [ uu ] }
despues de filtrar: { [ h ][ y7l3x89qq8 ][ qajoqa ] } { [ d ][ rmkh ][ 224f017k9 ][ c ] } { [ cn ][ 1d601r8 ] } { [ ov ] } { [ kxykefu ] } { [ uu ] }
antes   de filtrar: { [ h ][ y7l3x89qq8 ][ qajoqa ] } { [ d ][ rmkh ][ 224f017k9 ][ c ] } { [ cn ][ 1d601r8 ] } { [ ov ] } { [ kxykefu ] } { [ uu ] }
despues de filtrar: { [ h ][ y7l3x89qq8 ][ qajoqa ] } { [ d ][ rmkh ][ 224f017k9 ][ c ] } { [ cn ][ 1d601r8 ] } { [ ov ] } { [ kxykefu ] } { [ uu ] }
antes   de filtrar: { [ h ][ y7l3x89qq8 ][ qajoqa ] } { [ d ][ rmkh ][ 224f017k9 ][ c ] } { [ cn ][ 1d601r8 ][ nk ] } { [ ov ] } { [ kxykefu ] } { [ uu ] }
despues de filtrar: { [ h ][ y7l3x89qq8 ][ qajoqa ] } { [ d ][ rmkh ][ 224f017k9 ][ c ] } { [ cn ][ 1d601r8 ][ nk ] } { [ ov ] } { [ kxykefu ] } { [ uu ] }
antes   de colapsar { [ h ][ y7l3x89qq8 ][ qajoqa ] } { [ d ][ rmkh ][ 224f017k9 ][ c ] } { [ cn ][ 1d601r8 ][ nk ] } { [ ov ] } { [ kxykefu ] } { [ uu ] }
despues de colapsar { [ h ][ y7l3x89qq8 ][ qajoqa ] } { [ d ][ rmkh ][ 224f017k9 ][ c ] } { [ cn ][ 1d601r8 ][ nk ] } { [ ov ] } { [ kxykefu ] } { [ uu ] }
antes   de colapsar { [ h ][ y7l3x89qq8 ][ qajoqa ] } { [ d ][ rmkh ][ 224f017k9 ][ c ] } { [ cn ][ 1d601r8 ][ nk ] } { [ ov ] } { [ kxykefu ] } { [ uu ] } { [ 1s5xjvn1en ] } { [ yj2d6 ] } { [ f ] }
despues de colapsar { [ h ][ y7l3x89qq8 ][ qajoqa ] } { [ d ][ rmkh ][ 224f017k9 ][ c ] } { [ cn ][ 1d601r8 ][ nk ] } { [ ov ] } { [ kxykefu ] } { [ uu ] } { [ 1s5xjvn1en ] } { [ yj2d6 ] } { [ f ] }
