antes   de colapsar <vacia>
despues de colapsar <vacia>
antes   de filtrar: { [ 25.396176 ] } { [ -22.831172 ] }
despues de filtrar: { [ 25.396176 ] } { [ -22.831172 ] }
antes   de colapsar { [ 25.396176 ][ -1.540585 ] } { [ -22.831172 ] } { [ -19.590058 ] } { [ -8.198141 ] }
despues de colapsar { [ 25.396176 ][ -1.540585 ] } { [ -22.831172 ] } { [ -19.590058 ] } { [ -8.198141 ] }
antes   de colapsar { [ 25.396176 ][ -1.540585 ][ -1.322357 ] } { [ -22.831172 ][ -12.227402 ] } { [ -19.590058 ] } { [ -8.198141 ] } { [ -7.466626 ] } { [ 38.672658 ] } { [ 57.812239 ] } { [ 65.540181 ] }
despues de colapsar { [ 25.396176 ][ -1.540585 ][ -1.322357 ] } { [ -22.831172 ][ -12.227402 ] } { [ -19.590058 ] } { [ -8.198141 ] } { [ -7.466626 ] } { [ 38.672658 ] } { [ 57.812239 ] } { [ 65.540181 ] }
antes   de filtrar: { [ 25.396176 ][ -1.540585 ][ -1.322357 ] } { [ -22.831172 ][ -12.227402 ] } { [ -19.590058 ][ -21.882326 ] } { [ -8.198141 ] } { [ -7.466626 ] } { [ 38.672658 ] } { [ 57.812239 ] } { [ 65.540181 ][ -17.459411 ] } { [ 59.625961 ] } { [ 4.261838 ] } { [ 74.165061 ] } { [ 66.856299 ] } { [ -4.381935 ] }
despues de filtrar: { [ 25.396176 ][ -1.540585 ][ -1.322357 ] } { [ -22.831172 ][ -12.227402 ] } { [ -19.590058 ][ -21.882326 ] } { [ -8.198141 ] } { [ -7.466626 ] } { [ 4.261838 ] } { [ 74.165061 ] } { [ -4.381935 ] }
antes   de filtrar: { [ 25.396176 ][ -1.540585 ][ -1.322357 ] } { [ -22.831172 ][ -12.227402 ] } { [ -19.590058 ][ -21.882326 ] } { [ -8.198141 ][ 69.342331 ] } { [ -7.466626 ][ 18.475081 ] } { [ 4.261838 ] } { [ 74.165061 ] } { [ -4.381935 ] } { [ 27.473884 ] } { [ 72.630129 ] }
despues de filtrar: { [ 25.396176 ][ -1.540585 ][ -1.322357 ] } { [ -22.831172 ][ -12.227402 ] } { [ -19.590058 ][ -21.882326 ] } { [ -8.198141 ][ 69.342331 ] } { [ -7.466626 ][ 18.475081 ] } { [ 4.261838 ] } { [ 74.165061 ] } { [ -4.381935 ] } { [ 27.473884 ] }
antes   de colapsar { [ 25.396176 ][ -1.540585 ][ -1.322357 ] } { [ -22.831172 ][ -12.227402 ] } { [ -19.590058 ][ -21.882326 ] } { [ -8.198141 ][ 69.342331 ][ -6.618380 ] } { [ -7.466626 ][ 18.475081 ][ 11.270684 ] } { [ 4.261838 ][ 18.926553 ] } { [ 74.165061 ][ 31.426359 ] } { [ -4.381935 ] } { [ 27.473884 ] } { [ 12.258329 ] } { [ 11.908192 ] } { [ 10.912778 ][ 72.857702 ] } { [ 25.427308 ] } { [ 20.834964 ] } { [ 14.227095 ] } { [ -11.274846 ] } { [ 18.746980 ] } { [ 30.130833 ] } { [ 48.806747 ] } { [ 41.732605 ] } { [ 54.151859 ] } { [ -16.748839 ] } { [ 8.688101 ] } { [ -24.246324 ] } { [ 28.294489 ] } { [ -22.300872 ] }
despues de colapsar { [ 25.396176 ][ -1.540585 ][ -1.322357 ] } { [ -22.831172 ][ -12.227402 ] } { [ -19.590058 ][ -21.882326 ] } { [ -8.198141 ][ 69.342331 ][ -6.618380 ] } { [ -7.466626 ][ 18.475081 ][ 11.270684 ] } { [ 4.261838 ][ 18.926553 ] } { [ 74.165061 ][ 31.426359 ] } { [ -4.381935 ] } { [ 27.473884 ] } { [ 12.258329 ] } { [ 11.908192 ] } { [ 9.152621 ] } { [ 25.427308 ] } { [ 20.834964 ] } { [ 14.227095 ] } { [ -11.274846 ] } { [ 18.746980 ] } { [ 30.130833 ] } { [ 48.806747 ] } { [ 41.732605 ] } { [ 54.151859 ] } { [ -16.748839 ] } { [ 8.688101 ] } { [ -24.246324 ] } { [ 28.294489 ] } { [ -22.300872 ] }
antes   de filtrar: { [ 25.396176 ][ -1.540585 ][ -1.322357 ] } { [ -22.831172 ][ -12.227402 ] } { [ -19.590058 ][ -21.882326 ] } { [ -8.198141 ][ 69.342331 ][ -6.618380 ] } { [ -7.466626 ][ 18.475081 ][ 11.270684 ] } { [ 4.261838 ][ 18.926553 ] } { [ 74.165061 ][ 31.426359 ] } { [ -4.381935 ] } { [ 27.473884 ] } { [ 12.258329 ] } { [ 11.908192 ] } { [ 9.152621 ] } { [ 25.427308 ] } { [ 20.834964 ] } { [ 14.227095 ] } { [ -11.274846 ] } { [ 18.746980 ] } { [ 30.130833 ] } { [ 48.806747 ] } { [ 41.732605 ] } { [ 54.151859 ] } { [ -16.748839 ] } { [ 8.688101 ] } { [ -24.246324 ] } { [ 28.294489 ] } { [ -22.300872 ] } { [ -18.551680 ] }
despues de filtrar: { [ 25.396176 ][ -1.540585 ][ -1.322357 ] } { [ -22.831172 ][ -12.227402 ] } { [ -19.590058 ][ -21.882326 ] } { [ -8.198141 ][ 69.342331 ][ -6.618380 ] } { [ -7.466626 ][ 18.475081 ][ 11.270684 ] } { [ 4.261838 ][ 18.926553 ] } { [ 74.165061 ][ 31.426359 ] } { [ -4.381935 ] } { [ 27.473884 ] } { [ 12.258329 ] } { [ 9.152621 ] } { [ 25.427308 ] } { [ 14.227095 ] } { [ -11.274846 ] } { [ 30.130833 ] } { [ 54.151859 ] } { [ -16.748839 ] } { [ -24.246324 ] } { [ 28.294489 ] } { [ -22.300872 ] } { [ -18.551680 ] }
antes   de filtrar: { [ 25.396176 ][ -1.540585 ][ -1.322357 ] } { [ -22.831172 ][ -12.227402 ] } { [ -19.590058 ][ -21.882326 ] } { [ -8.198141 ][ 69.342331 ][ -6.618380 ] } { [ -7.466626 ][ 18.475081 ][ 11.270684 ] } { [ 4.261838 ][ 18.926553 ] } { [ 74.165061 ][ 31.426359 ][ 19.224235 ] } { [ -4.381935 ] } { [ 27.473884 ] } { [ 12.258329 ] } { [ 9.152621 ] } { [ 25.427308 ] } { [ 14.227095 ] } { [ -11.274846 ] } { [ 30.130833 ] } { [ 54.151859 ] } { [ -16.748839 ] } { [ -24.246324 ] } { [ 28.294489 ] } { [ -22.300872 ] } { [ -18.551680 ] }
despues de filtrar: { [ 25.396176 ][ -1.540585 ][ -1.322357 ] } { [ -22.831172 ][ -12.227402 ] } { [ -19.590058 ][ -21.882326 ] } { [ -8.198141 ][ 69.342331 ][ -6.618380 ] } { [ -7.466626 ][ 18.475081 ][ 11.270684 ] } { [ 4.261838 ][ 18.926553 ] } { [ 74.165061 ][ 31.426359 ][ 19.224235 ] } { [ -4.381935 ] } { [ 27.473884 ] } { [ 12.258329 ] } { [ 9.152621 ] } { [ 25.427308 ] } { [ 14.227095 ] } { [ -11.274846 ] } { [ 30.130833 ] } { [ 54.151859 ] } { [ -16.748839 ] } { [ -24.246324 ] } { [ 28.294489 ] } { [ -22.300872 ] } { [ -18.551680 ] }
antes   de colapsar { [ 25.396176 ][ -1.540585 ][ -1.322357 ] } { [ -22.831172 ][ -12.227402 ] } { [ -19.590058 ][ -21.882326 ] } { [ -8.198141 ][ 69.342331 ][ -6.618380 ] } { [ -7.466626 ][ 18.475081 ][ 11.270684 ] } { [ 4.261838 ][ 18.926553 ] } { [ 74.165061 ][ 31.426359 ][ 19.224235 ] } { [ -4.381935 ] } { [ 27.473884 ] } { [ 12.258329 ] } { [ 9.152621 ] } { [ 25.427308 ] } { [ 14.227095 ] } { [ -11.274846 ] } { [ 30.130833 ] } { [ 54.151859 ] } { [ -16.748839 ] } { [ -24.246324 ] } { [ 28.294489 ] } { [ -22.300872 ] } { [ -18.551680 ] }
despues de colapsar { [ 25.396176 ][ -1.540585 ][ -1.322357 ] } { [ -22.831172 ][ -12.227402 ] } { [ -19.590058 ][ -21.882326 ] } { [ -8.198141 ][ 69.342331 ][ -6.618380 ] } { [ -7.466626 ][ 18.475081 ][ 11.270684 ] } { [ 4.261838 ][ 18.926553 ] } { [ 74.165061 ][ 31.426359 ][ 19.224235 ] } { [ -4.381935 ] } { [ 27.473884 ] } { [ 12.258329 ] } { [ 9.152621 ] } { [ 25.427308 ] } { [ 14.227095 ] } { [ -11.274846 ] } { [ 30.130833 ] } { [ 54.151859 ] } { [ -16.748839 ] } { [ -24.246324 ] } { [ 28.294489 ] } { [ -22.300872 ] } { [ -18.551680 ] }
antes   de colapsar { [ 6n88924 ] } { [ 3qtthb ] }
despues de colapsar { [ 6n88924 ] } { [ 3qtthb ] }
antes   de filtrar: { [ 6n88924 ][ 8 ][ 8w06sqnvs ] } { [ 3qtthb ] } { [ r0g ] } { [ sj1dtjfnm ] } { [ ysqgui72 ] } { [ 3ufa8l4 ] } { [ ys9p0b0ll ][ 62rqkt6 ] } { [ 3wbo ] }
despues de filtrar: <vacia>
antes   de filtrar: { [ 8ni ][ q33dm ] } { [ mbnndyc ] } { [ yowf3 ][ 5ord0tt ] } { [ cqfhu ] }
despues de filtrar: { [ mbnndyc ] } { [ cqfhu ] }
antes   de colapsar { [ mbnndyc ] } { [ cqfhu ] } { [ wrh ] } { [ 79wr0p ] } { [ ch24lfvi ] } { [ cglshdhkk ][ tdauxu0tpp ] } { [ ahg2j2pvg ] } { [ c2en1ugty5 ] }
despues de colapsar { [ mbnndyc ] } { [ cqfhu ] } { [ wrh ] } { [ 79wr0p ] } { [ ch24lfvi ] } { [ cglshdhkk ][ tdauxu0tpp ] } { [ ahg2j2pvg ] } { [ c2en1ugty5 ] }
antes   de colapsar { [ mbnndyc ][ nmr63t ] } { [ cqfhu ] } { [ wrh ] } { [ 79wr0p ] } { [ ch24lfvi ] } { [ cglshdhkk ][ tdauxu0tpp ] } { [ ahg2j2pvg ] } { [ c2en1ugty5 ] } { [ 4r3ru93 ] }
despues de colapsar { [ mbnndyc ][ nmr63t ] } { [ cqfhu ] } { [ wrh ] } { [ 79wr0p ] } { [ ch24lfvi ] } { [ cglshdhkk ][ tdauxu0tpp ] } { [ ahg2j2pvg ] } { [ c2en1ugty5 ] } { [ 4r3ru93 ] }
antes   de filtrar: { [ mbnndyc ][ nmr63t ] } { [ cqfhu ] } { [ wrh ] } { [ 79wr0p ] } { [ ch24lfvi ] } { [ cglshdhkk ][ tdauxu0tpp ][ hr ] } { [ ahg2j2pvg ] } { [ c2en1ugty5 ] } { [ 4r3ru93 ] } { [ yawm2gxo ] } { [ i ] } { [ fch4uq0a3 ] } { [ o44p ] }
despues de filtrar: { [ mbnndyc ][ nmr63t ] } { [ cqfhu ] } { [ wrh ] } { [ cglshdhkk ][ tdauxu0tpp ][ hr ] } { [ i ] }
antes   de filtrar: { [ mbnndyc ][ nmr63t ] } { [ cqfhu ][ 5s ] } { [ wrh ] } { [ cglshdhkk ][ tdauxu0tpp ][ hr ] } { [ i ] } { [ 8td8w8yi ] } { [ 13d7wsgdi8 ] }
despues de filtrar: { [ mbnndyc ][ nmr63t ] } { [ cqfhu ][ 5s ] } { [ wrh ] } { [ cglshdhkk ][ tdauxu0tpp ][ hr ] } { [ i ] }
antes   de colapsar { [ mbnndyc ][ nmr63t ] } { [ cqfhu ][ 5s ] } { [ wrh ] } { [ cglshdhkk ][ tdauxu0tpp ][ hr ] } { [ i ][ 1kby7mnr1 ] } { [ 9e8 ] } { [ ka4t ] }
despues de colapsar { [ mbnndyc ][ nmr63t ] } { [ cqfhu ][ 5s ] } { [ wrh ] } { [ cglshdhkk ][ tdauxu0tpp ][ hr ] } { [ i ][ 1kby7mnr1 ] } { [ 9e8 ] } { [ ka4t ] }
antes   de filtrar: { [ mbnndyc ][ nmr63t ] } { [ cqfhu ][ 5s ] } { [ wrh ] } { [ cglshdhkk ][ tdauxu0tpp ][ hr ] } { [ i ][ 1kby7mnr1 ] } { [ 9e8 ] } { [ ka4t ] } { [ e2 ] } { [ d3lr ] }
despues de filtrar: { [ mbnndyc ][ nmr63t ] } { [ cqfhu ][ 5s ] } { [ wrh ] } { [ cglshdhkk ][ tdauxu0tpp ][ hr ] } { [ i ][ 1kby7mnr1 ] }
antes   de colapsar { [ mbnndyc ][ nmr63t ] } { [ cqfhu ][ 5s ] } { [ wrh ] } { [ cglshdhkk ][ tdauxu0tpp ][ hr ][ 5ah9 ] } { [ i ][ 1kby7mnr1 ] } { [ 48gxokd ] } { [ 2 ] } { [ vuj31tjn ] } { [ m ] }
despues de colapsar { [ mbnndyc ][ nmr63t ] } { [ cqfhu ][ 5s ] } { [ wrh ] } { [ cglshdhkk ][ tdauxu0tpp ][ hr ][ 5ah9 ] } { [ i ][ 1kby7mnr1 ] } { [ 48gxokd ] } { [ 2 ] } { [ vuj31tjn ] } { [ m ] }
antes   de colapsar { [ 47.602177 ] }
despues de colapsar { [ 47.602177 ] }
antes   de filtrar: { [ 47.602177 ][ 55.886120 ] } { [ -18.810506 ] }
despues de filtrar: { [ -18.810506 ] }
antes   de filtrar: { [ -18.810506 ] } { [ 40.301857 ][ 18.128322 ] } { [ 42.688844 ] } { [ 35.113295 ] } { [ 42.141589 ] }
despues de filtrar: { [ -18.810506 ] } { [ 40.301857 ][ 18.128322 ] } { [ 35.113295 ] } { [ 42.141589 ] }
antes   de colapsar { [ -18.810506 ] } { [ 40.301857 ][ 18.128322 ] } { [ 35.113295 ] } { [ 42.141589 ][ 52.359695 ] }
despues de colapsar { [ -18.810506 ] } { [ 40.301857 ][ 18.128322 ] } { [ 35.113295 ] } { [ 42.141589 ][ 52.359695 ] }
antes   de colapsar { [ -18.810506 ] } { [ 40.301857 ][ 18.128322 ] } { [ 35.113295 ] } { [ 42.141589 ][ 52.359695 ][ 50.404270 ] } { [ 17.708275 ] } { [ 53.436605 ] } { [ 16.699687 ] }
despues de colapsar { [ -18.810506 ] } { [ 40.301857 ][ 18.128322 ] } { [ 35.113295 ] } { [ 42.141589 ][ 52.359695 ][ 50.404270 ] } { [ 17.708275 ] } { [ 53.436605 ] } { [ 16.699687 ] }
antes   de colapsar { [ -18.810506 ] } { [ 40.301857 ][ 18.128322 ][ 45.252891 ] } { [ 35.113295 ] } { [ 42.141589 ][ 52.359695 ][ 50.404270 ][ 43.090974 ] } { [ 17.708275 ][ 13.595075 ] } { [ 53.436605 ] } { [ 16.699687 ] } { [ 49.562289 ] } { [ -24.259221 ] } { [ -0.008070 ] } { [ -5.839885 ] } { [ 14.532471 ] }
despues de colapsar { [ -18.810506 ] } { [ 40.301857 ][ 18.128322 ][ 45.252891 ] } { [ 35.113295 ] } { [ 42.141589 ][ 52.359695 ][ 50.404270 ][ 43.090974 ] } { [ 5.594940 ] } { [ 53.436605 ] } { [ 16.699687 ] } { [ 49.562289 ] } { [ -24.259221 ] } { [ -0.008070 ] } { [ -5.839885 ] } { [ 14.532471 ] }
antes   de filtrar: { [ -18.810506 ] } { [ 40.301857 ][ 18.128322 ][ 45.252891 ] } { [ 35.113295 ] } { [ 42.141589 ][ 52.359695 ][ 50.404270 ][ 43.090974 ] } { [ 5.594940 ] } { [ 53.436605 ] } { [ 16.699687 ] } { [ 49.562289 ] } { [ -24.259221 ] } { [ -0.008070 ] } { [ -5.839885 ] } { [ 14.532471 ] } { [ 48.744804 ] }
despues de filtrar: { [ -18.810506 ] } { [ 40.301857 ][ 18.128322 ][ 45.252891 ] } { [ 35.113295 ] } { [ 42.141589 ][ 52.359695 ][ 50.404270 ][ 43.090974 ] } { [ 53.436605 ] } { [ -24.259221 ] } { [ -0.008070 ] } { [ -5.839885 ] }
antes   de filtrar: { [ -18.810506 ] } { [ 40.301857 ][ 18.128322 ][ 45.252891 ] } { [ 35.113295 ] } { [ 42.141589 ][ 52.359695 ][ 50.404270 ][ 43.090974 ][ 9.224498 ] } { [ 53.436605 ] } { [ -24.259221 ] } { [ -0.008070 ][ 14.201865 ] } { [ -5.839885 ] } { [ 21.834350 ] } { [ 20.557780 ] } { [ 60.306617 ] } { [ 3.771837 ] } { [ 16.629110 ] } { [ 36.321536 ] }
despues de filtrar: { [ -18.810506 ] } { [ 40.301857 ][ 18.128322 ][ 45.252891 ] } { [ 35.113295 ] } { [ 42.141589 ][ 52.359695 ][ 50.404270 ][ 43.090974 ][ 9.224498 ] } { [ 53.436605 ] } { [ -24.259221 ] } { [ -0.008070 ][ 14.201865 ] } { [ -5.839885 ] } { [ 60.306617 ] } { [ 36.321536 ] }
antes   de colapsar { [ -18.810506 ][ 53.111318 ] } { [ 40.301857 ][ 18.128322 ][ 45.252891 ][ 65.761937 ] } { [ 35.113295 ] } { [ 42.141589 ][ 52.359695 ][ 50.404270 ][ 43.090974 ][ 9.224498 ] } { [ 53.436605 ] } { [ -24.259221 ] } { [ -0.008070 ][ 14.201865 ] } { [ -5.839885 ] } { [ 60.306617 ] } { [ 36.321536 ] } { [ -1.941348 ][ 22.291406 ] } { [ 56.699451 ] } { [ -17.117130 ][ 35.651743 ] } { [ 66.995097 ] } { [ 62.786848 ] } { [ 41.430110 ] } { [ -16.191399 ] } { [ 62.688738 ] } { [ -2.611830 ] } { [ 8.826212 ] } { [ -5.632817 ] } { [ -17.296956 ] } { [ -10.355864 ] } { [ 52.699574 ] }
despues de colapsar { [ -18.810506 ][ 53.111318 ] } { [ 40.301857 ][ 18.128322 ][ 45.252891 ][ 65.761937 ] } { [ 35.113295 ] } { [ 42.141589 ][ 52.359695 ][ 50.404270 ][ 43.090974 ][ 9.224498 ] } { [ 53.436605 ] } { [ -24.259221 ] } { [ -0.008070 ][ 14.201865 ] } { [ -5.839885 ] } { [ 60.306617 ] } { [ 36.321536 ] } { [ -1.941348 ][ 22.291406 ] } { [ 56.699451 ] } { [ -17.117130 ][ 35.651743 ] } { [ 66.995097 ] } { [ 62.786848 ] } { [ 41.430110 ] } { [ -16.191399 ] } { [ 62.688738 ] } { [ -2.611830 ] } { [ 8.826212 ] } { [ -5.632817 ] } { [ -17.296956 ] } { [ -10.355864 ] } { [ 52.699574 ] }
antes   de filtrar: { [ -18.810506 ][ 53.111318 ] } { [ 40.301857 ][ 18.128322 ][ 45.252891 ][ 65.761937 ] } { [ 35.113295 ] } { [ 42.141589 ][ 52.359695 ][ 50.404270 ][ 43.090974 ][ 9.224498 ] } { [ 53.436605 ][ -1.448888 ] } { [ -24.259221 ] } { [ -0.008070 ][ 14.201865 ] } { [ -5.839885 ] } { [ 60.306617 ] } { [ 36.321536 ] } { [ -1.941348 ][ 22.291406 ] } { [ 56.699451 ] } { [ -17.117130 ][ 35.651743 ] } { [ 66.995097 ] } { [ 62.786848 ] } { [ 41.430110 ] } { [ -16.191399 ] } { [ 62.688738 ] } { [ -2.611830 ] } { [ 8.826212 ] } { [ -5.632817 ] } { [ -17.296956 ][ 12.370305 ] } { [ -10.355864 ] } { [ 52.699574 ] }
despues de filtrar: { [ -18.810506 ][ 53.111318 ] } { [ 40.301857 ][ 18.128322 ][ 45.252891 ][ 65.761937 ] } { [ 35.113295 ] } { [ 42.141589 ][ 52.359695 ][ 50.404270 ][ 43.090974 ][ 9.224498 ] } { [ 53.436605 ][ -1.448888 ] } { [ -24.259221 ] } { [ -0.008070 ][ 14.201865 ] } { [ -5.839885 ] } { [ 60.306617 ] } { [ 36.321536 ] } { [ -1.941348 ][ 22.291406 ] } { [ -17.117130 ][ 35.651743 ] } { [ 41.430110 ] } { [ -16.191399 ] } { [ -2.611830 ] } { [ -5.632817 ] } { [ -17.296956 ][ 12.370305 ] } { [ -10.355864 ] }
antes   de colapsar <vacia>
despues de colapsar <vacia>
antes   de colapsar { [ f2ts ][ iicf ] } { [ wx0lqu3r ] } { [ 8pnd ] }
despues de colapsar { [ fi2itcsf ] } { [ wx0lqu3r ] } { [ 8pnd ] }
antes   de colapsar { [ fi2itcsf ] } { [ wx0lqu3r ][ 9gpvavbgb ] } { [ 8pnd ][ 2yc ] } { [ 9ymett7k ][ f1tynew44c ] } { [ w8cxwhh ] } { [ 4o ] } { [ 6gr ] } { [ e85u ] } { [ lcpjobkud ] }
despues de colapsar { [ fi2itcsf ] } { [ w9xg0plvqa ] } { [ 82pyncd ] } { [ 9fy1mteytn ] } { [ w8cxwhh ] } { [ 4o ] } { [ 6gr ] } { [ e85u ] } { [ lcpjobkud ] }
antes   de colapsar { [ fi2itcsf ] } { [ w9xg0plvqa ] } { [ 82pyncd ] } { [ 9fy1mteytn ] } { [ w8cxwhh ] } { [ 4o ] } { [ 6gr ] } { [ e85u ] } { [ lcpjobkud ] }
despues de colapsar { [ fi2itcsf ] } { [ w9xg0plvqa ] } { [ 82pyncd ] } { [ 9fy1mteytn ] } { [ w8cxwhh ] } { [ 4o ] } { [ 6gr ] } { [ e85u ] } { [ lcpjobkud ] }
antes   de filtrar: { [ fi2itcsf ] } { [ w9xg0plvqa ] } { [ 82pyncd ][ vbq87ej ][ nycxkshj ] } { [ 9fy1mteytn ] } { [ w8cxwhh ] } { [ 4o ] } { [ 6gr ] } { [ e85u ] } { [ lcpjobkud ] } { [ cu ] } { [ 5c9kafk ] } { [ 8rwv ] }
despues de filtrar: { [ lcpjobkud ] } { [ cu ] }
antes   de filtrar: { [ lcpjobkud ] } { [ cu ][ 6 ][ jbd9xruh ][ l8kt ] } { [ n ] } { [ s37156b5cx ] } { [ hu ] } { [ 9k ] } { [ cjqjxers6 ] }
despues de filtrar: { [ lcpjobkud ] } { [ cu ][ 6 ][ jbd9xruh ][ l8kt ] } { [ n ] } { [ hu ] }
antes   de filtrar: { [ lcpjobkud ] } { [ cu ][ 6 ][ jbd9xruh ][ l8kt ] } { [ n ] } { [ hu ] } { [ 1pwicc ] }
despues de filtrar: { [ lcpjobkud ] } { [ cu ][ 6 ][ jbd9xruh ][ l8kt ] } { [ n ] } { [ hu ] }
antes   de colapsar { [ lcpjobkud ] } { [ cu ][ 6 ][ jbd9xruh ][ l8kt ] } { [ n ][ h6vhaqcj ] } { [ hu ][ sjur4m ][ 059eptonr ] } { [ m5n ] } { [ pa ][ 1pvvjk6 ] } { [ fj14jj ] } { [ 8sdpegjop ] } { [ oltfe ] } { [ yvlxfy ] } { [ hl5n ] } { [ v ] } { [ whr ] } { [ 0 ] }
despues de colapsar { [ lcpjobkud ] } { [ cu ][ 6 ][ jbd9xruh ][ l8kt ] } { [ n ][ h6vhaqcj ] } { [ hu ][ sjur4m ][ 059eptonr ] } { [ m5n ] } { [ pa ][ 1pvvjk6 ] } { [ fj14jj ] } { [ 8sdpegjop ] } { [ oltfe ] } { [ yvlxfy ] } { [ hl5n ] } { [ v ] } { [ whr ] } { [ 0 ] }
antes   de filtrar: { [ lcpjobkud ] } { [ cu ][ 6 ][ jbd9xruh ][ l8kt ] } { [ n ][ h6vhaqcj ] } { [ hu ][ sjur4m ][ 059eptonr ] } { [ m5n ] } { [ pa ][ 1pvvjk6 ] } { [ fj14jj ] } { [ 8sdpegjop ] } { [ oltfe ] } { [ yvlxfy ] } { [ hl5n ] } { [ v ] } { [ whr ] } { [ 0 ] } { [ 8q4s ] } { [ mx ] }
despues de filtrar: { [ lcpjobkud ] } { [ cu ][ 6 ][ jbd9xruh ][ l8kt ] } { [ n ][ h6vhaqcj ] } { [ hu ][ sjur4m ][ 059eptonr ] } { [ pa ][ 1pvvjk6 ] } { [ oltfe ] } { [ yvlxfy ] } { [ v ] } { [ whr ] } { [ mx ] }
antes   de filtrar: { [ lcpjobkud ] } { [ cu ][ 6 ][ jbd9xruh ][ l8kt ] } { [ n ][ h6vhaqcj ] } { [ hu ][ sjur4m ][ 059eptonr ] } { [ pa ][ 1pvvjk6 ] } { [ oltfe ] } { [ yvlxfy ] } { [ v ] } { [ whr ] } { [ mx ] }
despues de filtrar: { [ lcpjobkud ] } { [ cu ][ 6 ][ jbd9xruh ][ l8kt ] } { [ n ][ h6vhaqcj ] } { [ hu ][ sjur4m ][ 059eptonr ] } { [ pa ][ 1pvvjk6 ] } { [ oltfe ] } { [ yvlxfy ] } { [ v ] } { [ whr ] } { [ mx ] }
antes   de filtrar: <vacia>
despues de filtrar: <vacia>
antes   de filtrar: { [ 74.373048 ] }
despues de filtrar: { [ 74.373048 ] }
antes   de filtrar: { [ 74.373048 ][ -24.254447 ] } { [ -20.062141 ] } { [ 39.985712 ] } { [ 22.722154 ] } { [ -18.268141 ] } { [ 71.342276 ] }
despues de filtrar: { [ 74.373048 ][ -24.254447 ] } { [ -20.062141 ] } { [ -18.268141 ] } { [ 71.342276 ] }
antes   de colapsar { [ 74.373048 ][ -24.254447 ] } { [ -20.062141 ] } { [ -18.268141 ] } { [ 71.342276 ] }
despues de colapsar { [ 74.373048 ][ -24.254447 ] } { [ -20.062141 ] } { [ -18.268141 ] } { [ 71.342276 ] }
antes   de filtrar: { [ 74.373048 ][ -24.254447 ] } { [ -20.062141 ] } { [ -18.268141 ] } { [ 71.342276 ] } { [ -15.504804 ] } { [ -2.942251 ] }
despues de filtrar: { [ 74.373048 ][ -24.254447 ] } { [ -20.062141 ] } { [ -18.268141 ] } { [ 71.342276 ] } { [ -15.504804 ] } { [ -2.942251 ] }
antes   de colapsar { [ 74.373048 ][ -24.254447 ] } { [ -20.062141 ] } { [ -18.268141 ] } { [ 71.342276 ] } { [ -15.504804 ] } { [ -2.942251 ] } { [ 44.961024 ] }
despues de colapsar { [ 74.373048 ][ -24.254447 ] } { [ -20.062141 ] } { [ -18.268141 ] } { [ 71.342276 ] } { [ -15.504804 ] } { [ -2.942251 ] } { [ 44.961024 ] }
antes   de colapsar { [ 74.373048 ][ -24.254447 ] } { [ -20.062141 ] } { [ -18.268141 ][ -11.941979 ] } { [ 71.342276 ] } { [ -15.504804 ][ 43.166764 ] } { [ -2.942251 ] } { [ 44.961024 ] } { [ -12.167503 ] } { [ 31.275279 ] } { [ 9.407842 ] } { [ -1.658588 ] } { [ 69.900610 ] } { [ 70.717470 ] }
despues de colapsar { [ 74.373048 ][ -24.254447 ] } { [ -20.062141 ] } { [ -18.268141 ][ -11.941979 ] } { [ 71.342276 ] } { [ -15.504804 ][ 43.166764 ] } { [ -2.942251 ] } { [ 44.961024 ] } { [ -12.167503 ] } { [ 31.275279 ] } { [ 9.407842 ] } { [ -1.658588 ] } { [ 69.900610 ] } { [ 70.717470 ] }
antes   de colapsar { [ 74.373048 ][ -24.254447 ] } { [ -20.062141 ] } { [ -18.268141 ][ -11.941979 ] } { [ 71.342276 ][ 47.402199 ][ 49.738781 ] } { [ -15.504804 ][ 43.166764 ] } { [ -2.942251 ] } { [ 44.961024 ] } { [ -12.167503 ] } { [ 31.275279 ] } { [ 9.407842 ] } { [ -1.658588 ] } { [ 69.900610 ] } { [ 70.717470 ][ 68.915666 ] } { [ 9.684780 ] } { [ 63.129417 ] } { [ 48.703842 ] } { [ -0.216612 ] } { [ -7.547388 ] } { [ 49.732948 ] }
despues de colapsar { [ 74.373048 ][ -24.254447 ] } { [ -20.062141 ] } { [ -18.268141 ][ -11.941979 ] } { [ 71.342276 ][ 47.402199 ][ 49.738781 ] } { [ -15.504804 ][ 43.166764 ] } { [ -2.942251 ] } { [ 44.961024 ] } { [ -12.167503 ] } { [ 31.275279 ] } { [ 9.407842 ] } { [ -1.658588 ] } { [ 69.900610 ] } { [ 11.816647 ] } { [ 9.684780 ] } { [ 63.129417 ] } { [ 48.703842 ] } { [ -0.216612 ] } { [ -7.547388 ] } { [ 49.732948 ] }
antes   de filtrar: { [ 74.373048 ][ -24.254447 ] } { [ -20.062141 ] } { [ -18.268141 ][ -11.941979 ] } { [ 71.342276 ][ 47.402199 ][ 49.738781 ] } { [ -15.504804 ][ 43.166764 ][ 43.872432 ] } { [ -2.942251 ] } { [ 44.961024 ] } { [ -12.167503 ] } { [ 31.275279 ] } { [ 9.407842 ] } { [ -1.658588 ][ -22.255852 ] } { [ 69.900610 ] } { [ 11.816647 ] } { [ 9.684780 ] } { [ 63.129417 ] } { [ 48.703842 ] } { [ -0.216612 ] } { [ -7.547388 ] } { [ 49.732948 ] } { [ -7.339860 ] } { [ 0.117702 ] } { [ -5.941735 ] } { [ -16.401690 ] }
despues de filtrar: { [ 74.373048 ][ -24.254447 ] } { [ -20.062141 ] } { [ -18.268141 ][ -11.941979 ] } { [ 71.342276 ][ 47.402199 ][ 49.738781 ] } { [ -15.504804 ][ 43.166764 ][ 43.872432 ] } { [ -2.942251 ] } { [ -12.167503 ] } { [ 31.275279 ] } { [ 9.407842 ] } { [ -1.658588 ][ -22.255852 ] } { [ 63.129417 ] } { [ -0.216612 ] } { [ -7.547388 ] } { [ -7.339860 ] } { [ 0.117702 ] } { [ -5.941735 ] } { [ -16.401690 ] }
antes   de colapsar { [ 74.373048 ][ -24.254447 ] } { [ -20.062141 ] } { [ -18.268141 ][ -11.941979 ] } { [ 71.342276 ][ 47.402199 ][ 49.738781 ] } { [ -15.504804 ][ 43.166764 ][ 43.872432 ][ 42.486347 ] } { [ -2.942251 ] } { [ -12.167503 ] } { [ 31.275279 ][ -9.035089 ] } { [ 9.407842 ] } { [ -1.658588 ][ -22.255852 ] } { [ 63.129417 ] } { [ -0.216612 ][ 9.442009 ] } { [ -7.547388 ] } { [ -7.339860 ] } { [ 0.117702 ] } { [ -5.941735 ] } { [ -16.401690 ] } { [ 60.651200 ] } { [ 2.681751 ] }
despues de colapsar { [ 74.373048 ][ -24.254447 ] } { [ -20.062141 ] } { [ -18.268141 ][ -11.941979 ] } { [ 71.342276 ][ 47.402199 ][ 49.738781 ] } { [ -15.504804 ][ 43.166764 ][ 43.872432 ][ 42.486347 ] } { [ -2.942251 ] } { [ -12.167503 ] } { [ 31.275279 ][ -9.035089 ] } { [ 9.407842 ] } { [ -1.658588 ][ -22.255852 ] } { [ 63.129417 ] } { [ -0.216612 ][ 9.442009 ] } { [ -7.547388 ] } { [ -7.339860 ] } { [ 0.117702 ] } { [ -5.941735 ] } { [ -16.401690 ] } { [ 60.651200 ] } { [ 2.681751 ] }
