antes   de filtrar: { [ 183 ][ 7243 ][ 9138 ] } { [ 5174 ] }
despues de filtrar: { [ 183 ][ 7243 ][ 9138 ] } { [ 5174 ] }
antes   de colapsar { [ 183 ][ 7243 ][ 9138 ] } { [ 5174 ] }
despues de colapsar { [ 183 ][ 7243 ][ 9138 ] } { [ 5174 ] }
antes   de colapsar { [ 183 ][ 7243 ][ 9138 ] } { [ 5174 ] } { [ 9257 ][ 7495 ] } { [ 6526 ] } { [ 3470 ] } { [ 8603 ] }
despues de colapsar { [ 183 ][ 7243 ][ 9138 ] } { [ 5174 ] } { [ 9257 ][ 7495 ] } { [ 6526 ] } { [ 3470 ] } { [ 8603 ] }
antes   de colapsar { [ 183 ][ 7243 ][ 9138 ] } { [ 5174 ] } { [ 9257 ][ 7495 ] } { [ 6526 ] } { [ 3470 ] } { [ 8603 ] }
despues de colapsar { [ 183 ][ 7243 ][ 9138 ] } { [ 5174 ] } { [ 9257 ][ 7495 ] } { [ 6526 ] } { [ 3470 ] } { [ 8603 ] }
antes   de colapsar { [ 183 ][ 7243 ][ 9138 ] } { [ 5174 ] } { [ 9257 ][ 7495 ][ 3293 ] } { [ 6526 ] } { [ 3470 ] } { [ 8603 ][ 555 ] } { [ 4671 ][ 6186 ][ 8344 ] } { [ 5025 ][ 7692 ] } { [ 9950 ] } { [ 5030 ] } { [ 3883 ] } { [ 4456 ] } { [ 2612 ] } { [ 1150 ] } { [ 471 ] }
despues de colapsar { [ 183 ][ 7243 ][ 9138 ] } { [ 5174 ] } { [ 9257 ][ 7495 ][ 3293 ] } { [ 6526 ] } { [ 3470 ] } { [ 2185 ] } { [ 4671 ][ 6186 ][ 8344 ] } { [ 6217 ] } { [ 9950 ] } { [ 5030 ] } { [ 3883 ] } { [ 4456 ] } { [ 2612 ] } { [ 1150 ] } { [ 471 ] }
antes   de filtrar: { [ 183 ][ 7243 ][ 9138 ] } { [ 5174 ] } { [ 9257 ][ 7495 ][ 3293 ] } { [ 6526 ] } { [ 3470 ] } { [ 2185 ] } { [ 4671 ][ 6186 ][ 8344 ] } { [ 6217 ] } { [ 9950 ] } { [ 5030 ] } { [ 3883 ] } { [ 4456 ] } { [ 2612 ] } { [ 1150 ] } { [ 471 ] }
despues de filtrar: { [ 183 ][ 7243 ][ 9138 ] } { [ 5174 ] } { [ 9257 ][ 7495 ][ 3293 ] } { [ 6526 ] } { [ 2185 ] } { [ 4671 ][ 6186 ][ 8344 ] } { [ 6217 ] } { [ 3883 ] } { [ 4456 ] } { [ 2612 ] } { [ 471 ] }
antes   de colapsar { [ 183 ][ 7243 ][ 9138 ] } { [ 5174 ] } { [ 9257 ][ 7495 ][ 3293 ] } { [ 6526 ] } { [ 2185 ] } { [ 4671 ][ 6186 ][ 8344 ] } { [ 6217 ] } { [ 3883 ] } { [ 4456 ] } { [ 2612 ] } { [ 471 ] }
despues de colapsar { [ 183 ][ 7243 ][ 9138 ] } { [ 5174 ] } { [ 9257 ][ 7495 ][ 3293 ] } { [ 6526 ] } { [ 2185 ] } { [ 4671 ][ 6186 ][ 8344 ] } { [ 6217 ] } { [ 3883 ] } { [ 4456 ] } { [ 2612 ] } { [ 471 ] }
antes   de filtrar: { [ 183 ][ 7243 ][ 9138 ][ 2365 ] } { [ 5174 ][ 6361 ] } { [ 9257 ][ 7495 ][ 3293 ] } { [ 6526 ] } { [ 2185 ] } { [ 4671 ][ 6186 ][ 8344 ][ 4125 ] } { [ 6217 ] } { [ 3883 ] } { [ 4456 ] } { [ 2612 ] } { [ 471 ] } { [ 3443 ] } { [ 1853 ] } { [ 8882 ] } { [ 8090 ] } { [ 8398 ] } { [ 4573 ] } { [ 9490 ] } { [ 9264 ] } { [ 8320 ] } { [ 3044 ] } { [ 7872 ] }
despues de filtrar: { [ 183 ][ 7243 ][ 9138 ][ 2365 ] } { [ 5174 ][ 6361 ] } { [ 9257 ][ 7495 ][ 3293 ] } { [ 6526 ] } { [ 2185 ] } { [ 4671 ][ 6186 ][ 8344 ][ 4125 ] } { [ 6217 ] } { [ 3883 ] } { [ 4456 ] } { [ 2612 ] } { [ 471 ] } { [ 3443 ] } { [ 1853 ] } { [ 8882 ] } { [ 8398 ] } { [ 4573 ] } { [ 9264 ] } { [ 7872 ] }
antes   de filtrar: { [ 183 ][ 7243 ][ 9138 ][ 2365 ] } { [ 5174 ][ 6361 ] } { [ 9257 ][ 7495 ][ 3293 ] } { [ 6526 ] } { [ 2185 ] } { [ 4671 ][ 6186 ][ 8344 ][ 4125 ] } { [ 6217 ] } { [ 3883 ] } { [ 4456 ] } { [ 2612 ] } { [ 471 ] } { [ 3443 ] } { [ 1853 ] } { [ 8882 ] } { [ 8398 ] } { [ 4573 ] } { [ 9264 ] } { [ 7872 ] }
despues de filtrar: { [ 183 ][ 7243 ][ 9138 ][ 2365 ] } { [ 5174 ][ 6361 ] } { [ 9257 ][ 7495 ][ 3293 ] } { [ 6526 ] } { [ 2185 ] } { [ 4671 ][ 6186 ][ 8344 ][ 4125 ] } { [ 6217 ] } { [ 3883 ] } { [ 4456 ] } { [ 2612 ] } { [ 471 ] } { [ 3443 ] } { [ 1853 ] } { [ 8882 ] } { [ 8398 ] } { [ 4573 ] } { [ 9264 ] } { [ 7872 ] }
antes   de filtrar: { [ 183 ][ 7243 ][ 9138 ][ 2365 ] } { [ 5174 ][ 6361 ] } { [ 9257 ][ 7495 ][ 3293 ] } { [ 6526 ] } { [ 2185 ] } { [ 4671 ][ 6186 ][ 8344 ][ 4125 ] } { [ 6217 ] } { [ 3883 ] } { [ 4456 ] } { [ 2612 ] } { [ 471 ] } { [ 3443 ] } { [ 1853 ] } { [ 8882 ] } { [ 8398 ] } { [ 4573 ] } { [ 9264 ] } { [ 7872 ] }
despues de filtrar: { [ 183 ][ 7243 ][ 9138 ][ 2365 ] } { [ 5174 ][ 6361 ] } { [ 9257 ][ 7495 ][ 3293 ] } { [ 6526 ] } { [ 2185 ] } { [ 4671 ][ 6186 ][ 8344 ][ 4125 ] } { [ 6217 ] } { [ 3883 ] } { [ 4456 ] } { [ 2612 ] } { [ 471 ] } { [ 3443 ] } { [ 1853 ] } { [ 8882 ] } { [ 8398 ] } { [ 4573 ] } { [ 9264 ] } { [ 7872 ] }
antes   de colapsar { [ 2882 ][ 7219 ][ 2804 ] } { [ 8207 ][ 8182 ] } { [ 7823 ] } { [ 7035 ] } { [ 1611 ] }
despues de colapsar { [ 2882 ][ 7219 ][ 2804 ] } { [ 8194 ] } { [ 7823 ] } { [ 7035 ] } { [ 1611 ] }
antes   de colapsar { [ 2882 ][ 7219 ][ 2804 ] } { [ 8194 ] } { [ 7823 ][ 2081 ] } { [ 7035 ] } { [ 1611 ][ 9826 ] } { [ 6700 ] } { [ 7789 ] } { [ 1159 ] }
despues de colapsar { [ 2882 ][ 7219 ][ 2804 ] } { [ 8194 ] } { [ 7823 ][ 2081 ] } { [ 7035 ] } { [ 1611 ][ 9826 ] } { [ 6700 ] } { [ 7789 ] } { [ 1159 ] }
antes   de colapsar { [ 2882 ][ 7219 ][ 2804 ] } { [ 8194 ] } { [ 7823 ][ 2081 ] } { [ 7035 ] } { [ 1611 ][ 9826 ] } { [ 6700 ] } { [ 7789 ] } { [ 1159 ] } { [ 5512 ] } { [ 6577 ] }
despues de colapsar { [ 2882 ][ 7219 ][ 2804 ] } { [ 8194 ] } { [ 7823 ][ 2081 ] } { [ 7035 ] } { [ 1611 ][ 9826 ] } { [ 6700 ] } { [ 7789 ] } { [ 1159 ] } { [ 5512 ] } { [ 6577 ] }
antes   de filtrar: { [ 2882 ][ 7219 ][ 2804 ] } { [ 8194 ] } { [ 7823 ][ 2081 ] } { [ 7035 ][ 6503 ] } { [ 1611 ][ 9826 ] } { [ 6700 ] } { [ 7789 ] } { [ 1159 ] } { [ 5512 ] } { [ 6577 ] }
despues de filtrar: { [ 2882 ][ 7219 ][ 2804 ] } { [ 8194 ] } { [ 7823 ][ 2081 ] } { [ 1611 ][ 9826 ] } { [ 7789 ] } { [ 1159 ] } { [ 5512 ] } { [ 6577 ] }
antes   de filtrar: { [ 2882 ][ 7219 ][ 2804 ] } { [ 8194 ][ 8473 ] } { [ 7823 ][ 2081 ] } { [ 1611 ][ 9826 ] } { [ 7789 ] } { [ 1159 ] } { [ 5512 ] } { [ 6577 ] } { [ 8312 ] } { [ 5062 ] } { [ 7665 ] } { [ 7777 ] }
despues de filtrar: { [ 2882 ][ 7219 ][ 2804 ] } { [ 8194 ][ 8473 ] } { [ 7823 ][ 2081 ] } { [ 1611 ][ 9826 ] } { [ 7789 ] } { [ 1159 ] } { [ 5512 ] } { [ 6577 ] } { [ 8312 ] } { [ 7665 ] } { [ 7777 ] }
antes   de filtrar: { [ 2882 ][ 7219 ][ 2804 ] } { [ 8194 ][ 8473 ] } { [ 7823 ][ 2081 ] } { [ 1611 ][ 9826 ] } { [ 7789 ] } { [ 1159 ] } { [ 5512 ] } { [ 6577 ] } { [ 8312 ] } { [ 7665 ] } { [ 7777 ] } { [ 2464 ] } { [ 9856 ] }
despues de filtrar: { [ 2882 ][ 7219 ][ 2804 ] } { [ 8194 ][ 8473 ] } { [ 7823 ][ 2081 ] } { [ 1611 ][ 9826 ] } { [ 7789 ] } { [ 1159 ] } { [ 5512 ] } { [ 6577 ] } { [ 8312 ] } { [ 7665 ] } { [ 7777 ] } { [ 2464 ] } { [ 9856 ] }
antes   de colapsar { [ 2882 ][ 7219 ][ 2804 ] } { [ 8194 ][ 8473 ] } { [ 7823 ][ 2081 ] } { [ 1611 ][ 9826 ] } { [ 7789 ] } { [ 1159 ] } { [ 5512 ] } { [ 6577 ][ 9141 ] } { [ 8312 ] } { [ 7665 ] } { [ 7777 ] } { [ 2464 ] } { [ 9856 ] } { [ 3718 ] } { [ 9750 ] } { [ 7959 ] } { [ 5951 ] }
despues de colapsar { [ 2882 ][ 7219 ][ 2804 ] } { [ 8194 ][ 8473 ] } { [ 7823 ][ 2081 ] } { [ 1611 ][ 9826 ] } { [ 7789 ] } { [ 1159 ] } { [ 5512 ] } { [ 6577 ][ 9141 ] } { [ 8312 ] } { [ 7665 ] } { [ 7777 ] } { [ 2464 ] } { [ 9856 ] } { [ 3718 ] } { [ 9750 ] } { [ 7959 ] } { [ 5951 ] }
antes   de filtrar: { [ 2882 ][ 7219 ][ 2804 ] } { [ 8194 ][ 8473 ] } { [ 7823 ][ 2081 ] } { [ 1611 ][ 9826 ] } { [ 7789 ] } { [ 1159 ] } { [ 5512 ] } { [ 6577 ][ 9141 ] } { [ 8312 ] } { [ 7665 ] } { [ 7777 ] } { [ 2464 ] } { [ 9856 ] } { [ 3718 ] } { [ 9750 ] } { [ 7959 ][ 9911 ] } { [ 5951 ][ 1860 ] } { [ 5333 ] } { [ 505 ] } { [ 3752 ] } { [ 4823 ] } { [ 4268 ] }
despues de filtrar: { [ 2882 ][ 7219 ][ 2804 ] } { [ 8194 ][ 8473 ] } { [ 7823 ][ 2081 ] } { [ 1611 ][ 9826 ] } { [ 7789 ] } { [ 1159 ] } { [ 5512 ] } { [ 6577 ][ 9141 ] } { [ 8312 ] } { [ 7665 ] } { [ 7777 ] } { [ 2464 ] } { [ 9856 ] } { [ 3718 ] } { [ 7959 ][ 9911 ] } { [ 5951 ][ 1860 ] } { [ 5333 ] } { [ 3752 ] } { [ 4823 ] } { [ 4268 ] }
antes   de filtrar: { [ 2882 ][ 7219 ][ 2804 ] } { [ 8194 ][ 8473 ] } { [ 7823 ][ 2081 ] } { [ 1611 ][ 9826 ] } { [ 7789 ] } { [ 1159 ] } { [ 5512 ] } { [ 6577 ][ 9141 ] } { [ 8312 ] } { [ 7665 ] } { [ 7777 ] } { [ 2464 ] } { [ 9856 ] } { [ 3718 ] } { [ 7959 ][ 9911 ] } { [ 5951 ][ 1860 ] } { [ 5333 ] } { [ 3752 ] } { [ 4823 ] } { [ 4268 ] } { [ 4765 ] }
despues de filtrar: { [ 2882 ][ 7219 ][ 2804 ] } { [ 8194 ][ 8473 ] } { [ 7823 ][ 2081 ] } { [ 1611 ][ 9826 ] } { [ 7789 ] } { [ 1159 ] } { [ 5512 ] } { [ 6577 ][ 9141 ] } { [ 8312 ] } { [ 7665 ] } { [ 7777 ] } { [ 2464 ] } { [ 9856 ] } { [ 3718 ] } { [ 7959 ][ 9911 ] } { [ 5951 ][ 1860 ] } { [ 5333 ] } { [ 3752 ] } { [ 4823 ] } { [ 4268 ] } { [ 4765 ] }
antes   de colapsar { [ 2882 ][ 7219 ][ 2804 ] } { [ 8194 ][ 8473 ] } { [ 7823 ][ 2081 ][ 7815 ] } { [ 1611 ][ 9826 ] } { [ 7789 ] } { [ 1159 ][ 383 ] } { [ 5512 ] } { [ 6577 ][ 9141 ] } { [ 8312 ] } { [ 7665 ] } { [ 7777 ] } { [ 2464 ] } { [ 9856 ] } { [ 3718 ] } { [ 7959 ][ 9911 ] } { [ 5951 ][ 1860 ] } { [ 5333 ] } { [ 3752 ] } { [ 4823 ] } { [ 4268 ] } { [ 4765 ] } { [ 7486 ] } { [ 4591 ] }
despues de colapsar { [ 2882 ][ 7219 ][ 2804 ] } { [ 8194 ][ 8473 ] } { [ 7823 ][ 2081 ][ 7815 ] } { [ 1611 ][ 9826 ] } { [ 7789 ] } { [ 1159 ][ 383 ] } { [ 5512 ] } { [ 6577 ][ 9141 ] } { [ 8312 ] } { [ 7665 ] } { [ 7777 ] } { [ 2464 ] } { [ 9856 ] } { [ 3718 ] } { [ 7959 ][ 9911 ] } { [ 5951 ][ 1860 ] } { [ 5333 ] } { [ 3752 ] } { [ 4823 ] } { [ 4268 ] } { [ 4765 ] } { [ 7486 ] } { [ 4591 ] }
antes   de colapsar { [ 6518 ][ 5379 ][ 2348 ] } { [ 1323 ] } { [ 4395 ][ 4456 ] }
despues de colapsar { [ 6518 ][ 5379 ][ 2348 ] } { [ 1323 ] } { [ 4395 ][ 4456 ] }
antes   de filtrar: { [ 6518 ][ 5379 ][ 2348 ][ 205 ] } { [ 1323 ] } { [ 4395 ][ 4456 ] } { [ 8452 ] } { [ 4055 ] } { [ 7010 ] } { [ 9940 ][ 6377 ] } { [ 3676 ] }
despues de filtrar: { [ 6518 ][ 5379 ][ 2348 ][ 205 ] } { [ 1323 ] } { [ 4395 ][ 4456 ] } { [ 8452 ] } { [ 3676 ] }
antes   de filtrar: { [ 6518 ][ 5379 ][ 2348 ][ 205 ] } { [ 1323 ] } { [ 4395 ][ 4456 ] } { [ 8452 ] } { [ 3676 ] }
despues de filtrar: { [ 6518 ][ 5379 ][ 2348 ][ 205 ] } { [ 1323 ] } { [ 4395 ][ 4456 ] } { [ 8452 ] } { [ 3676 ] }
antes   de colapsar { [ 6518 ][ 5379 ][ 2348 ][ 205 ] } { [ 1323 ] } { [ 4395 ][ 4456 ] } { [ 8452 ] } { [ 3676 ] } { [ 8851 ] } { [ 4153 ] } { [ 3984 ] } { [ 3505 ] } { [ 2354 ] } { [ 332 ] } { [ 6502 ] } { [ 3903 ] } { [ 2662 ] }
despues de colapsar { [ 6518 ][ 5379 ][ 2348 ][ 205 ] } { [ 1323 ] } { [ 4395 ][ 4456 ] } { [ 8452 ] } { [ 3676 ] } { [ 8851 ] } { [ 4153 ] } { [ 3984 ] } { [ 3505 ] } { [ 2354 ] } { [ 332 ] } { [ 6502 ] } { [ 3903 ] } { [ 2662 ] }
antes   de colapsar { [ 6518 ][ 5379 ][ 2348 ][ 205 ] } { [ 1323 ] } { [ 4395 ][ 4456 ] } { [ 8452 ] } { [ 3676 ] } { [ 8851 ] } { [ 4153 ] } { [ 3984 ] } { [ 3505 ] } { [ 2354 ] } { [ 332 ] } { [ 6502 ] } { [ 3903 ] } { [ 2662 ] }
despues de colapsar { [ 6518 ][ 5379 ][ 2348 ][ 205 ] } { [ 1323 ] } { [ 4395 ][ 4456 ] } { [ 8452 ] } { [ 3676 ] } { [ 8851 ] } { [ 4153 ] } { [ 3984 ] } { [ 3505 ] } { [ 2354 ] } { [ 332 ] } { [ 6502 ] } { [ 3903 ] } { [ 2662 ] }
antes   de filtrar: { [ 6518 ][ 5379 ][ 2348 ][ 205 ] } { [ 1323 ] } { [ 4395 ][ 4456 ] } { [ 8452 ] } { [ 3676 ] } { [ 8851 ] } { [ 4153 ] } { [ 3984 ] } { [ 3505 ] } { [ 2354 ] } { [ 332 ] } { [ 6502 ] } { [ 3903 ] } { [ 2662 ] }
despues de filtrar: { [ 6518 ][ 5379 ][ 2348 ][ 205 ] } { [ 1323 ] } { [ 4395 ][ 4456 ] } { [ 8452 ] } { [ 3676 ] } { [ 8851 ] } { [ 4153 ] } { [ 3984 ] } { [ 2354 ] } { [ 332 ] } { [ 2662 ] }
antes   de colapsar { [ 6518 ][ 5379 ][ 2348 ][ 205 ] } { [ 1323 ] } { [ 4395 ][ 4456 ] } { [ 8452 ] } { [ 3676 ] } { [ 8851 ] } { [ 4153 ] } { [ 3984 ] } { [ 2354 ] } { [ 332 ] } { [ 2662 ] }
despues de colapsar { [ 6518 ][ 5379 ][ 2348 ][ 205 ] } { [ 1323 ] } { [ 4395 ][ 4456 ] } { [ 8452 ] } { [ 3676 ] } { [ 8851 ] } { [ 4153 ] } { [ 3984 ] } { [ 2354 ] } { [ 332 ] } { [ 2662 ] }
antes   de colapsar { [ 6518 ][ 5379 ][ 2348 ][ 205 ][ 6891 ] } { [ 1323 ] } { [ 4395 ][ 4456 ] } { [ 8452 ] } { [ 3676 ] } { [ 8851 ] } { [ 4153 ] } { [ 3984 ] } { [ 2354 ][ 5184 ][ 2250 ] } { [ 332 ] } { [ 2662 ] } { [ 3976 ] } { [ 1991 ] } { [ 231 ] } { [ 688 ] } { [ 8091 ] } { [ 6034 ] } { [ 4374 ][ 1937 ][ 4425 ] } { [ 4856 ] } { [ 5610 ] } { [ 7257 ] } { [ 7079 ][ 1377 ] } { [ 2799 ] } { [ 2101 ] } { [ 5906 ] } { [ 6848 ] } { [ 3496 ] }
despues de colapsar { [ 6518 ][ 5379 ][ 2348 ][ 205 ][ 6891 ] } { [ 1323 ] } { [ 4395 ][ 4456 ] } { [ 8452 ] } { [ 3676 ] } { [ 8851 ] } { [ 4153 ] } { [ 3984 ] } { [ 2354 ][ 5184 ][ 2250 ] } { [ 332 ] } { [ 2662 ] } { [ 3976 ] } { [ 1991 ] } { [ 231 ] } { [ 688 ] } { [ 8091 ] } { [ 6034 ] } { [ 4374 ][ 1937 ][ 4425 ] } { [ 4856 ] } { [ 5610 ] } { [ 7257 ] } { [ 3122 ] } { [ 2799 ] } { [ 2101 ] } { [ 5906 ] } { [ 6848 ] } { [ 3496 ] }
antes   de filtrar: { [ 6518 ][ 5379 ][ 2348 ][ 205 ][ 6891 ] } { [ 1323 ] } { [ 4395 ][ 4456 ] } { [ 8452 ] } { [ 3676 ] } { [ 8851 ] } { [ 4153 ] } { [ 3984 ] } { [ 2354 ][ 5184 ][ 2250 ] } { [ 332 ] } { [ 2662 ] } { [ 3976 ] } { [ 1991 ] } { [ 231 ] } { [ 688 ] } { [ 8091 ] } { [ 6034 ] } { [ 4374 ][ 1937 ][ 4425 ] } { [ 4856 ] } { [ 5610 ] } { [ 7257 ] } { [ 3122 ] } { [ 2799 ] } { [ 2101 ] } { [ 5906 ] } { [ 6848 ] } { [ 3496 ] } { [ 9632 ] }
despues de filtrar: { [ 6518 ][ 5379 ][ 2348 ][ 205 ][ 6891 ] } { [ 1323 ] } { [ 4395 ][ 4456 ] } { [ 8452 ] } { [ 3676 ] } { [ 8851 ] } { [ 4153 ] } { [ 3984 ] } { [ 2354 ][ 5184 ][ 2250 ] } { [ 332 ] } { [ 2662 ] } { [ 3976 ] } { [ 1991 ] } { [ 231 ] } { [ 688 ] } { [ 4374 ][ 1937 ][ 4425 ] } { [ 4856 ] } { [ 7257 ] } { [ 3122 ] } { [ 2799 ] } { [ 6848 ] } { [ 3496 ] } { [ 9632 ] }
antes   de filtrar: { [ 6518 ][ 5379 ][ 2348 ][ 205 ][ 6891 ] } { [ 1323 ] } { [ 4395 ][ 4456 ] } { [ 8452 ] } { [ 3676 ] } { [ 8851 ] } { [ 4153 ] } { [ 3984 ] } { [ 2354 ][ 5184 ][ 2250 ] } { [ 332 ] } { [ 2662 ] } { [ 3976 ] } { [ 1991 ] } { [ 231 ] } { [ 688 ] } { [ 4374 ][ 1937 ][ 4425 ] } { [ 4856 ] } { [ 7257 ] } { [ 3122 ][ 5696 ] } { [ 2799 ] } { [ 6848 ] } { [ 3496 ][ 9264 ] } { [ 9632 ] }
despues de filtrar: { [ 6518 ][ 5379 ][ 2348 ][ 205 ][ 6891 ] } { [ 1323 ] } { [ 4395 ][ 4456 ] } { [ 8452 ] } { [ 3676 ] } { [ 8851 ] } { [ 4153 ] } { [ 3984 ] } { [ 2354 ][ 5184 ][ 2250 ] } { [ 332 ] } { [ 2662 ] } { [ 3976 ] } { [ 1991 ] } { [ 231 ] } { [ 688 ] } { [ 4374 ][ 1937 ][ 4425 ] } { [ 4856 ] } { [ 7257 ] } { [ 3122 ][ 5696 ] } { [ 2799 ] } { [ 6848 ] } { [ 3496 ][ 9264 ] } { [ 9632 ] }
antes   de filtrar: { [ 45.692405 ][ 50.129194 ] } { [ 34.084134 ] }
despues de filtrar: { [ 34.084134 ] }
antes   de colapsar { [ 34.084134 ][ 24.628110 ][ -2.515170 ] } { [ -13.158252 ] } { [ 69.455461 ] } { [ 52.793232 ] } { [ 67.167379 ] } { [ -22.349834 ] } { [ 30.809177 ] } { [ 12.749043 ] } { [ -19.820216 ] }
despues de colapsar { [ 34.084134 ][ 24.628110 ][ -2.515170 ] } { [ -13.158252 ] } { [ 69.455461 ] } { [ 52.793232 ] } { [ 67.167379 ] } { [ -22.349834 ] } { [ 30.809177 ] } { [ 12.749043 ] } { [ -19.820216 ] }
antes   de colapsar { [ 34.084134 ][ 24.628110 ][ -2.515170 ] } { [ -13.158252 ][ 2.353376 ] } { [ 69.455461 ][ 0.712326 ] } { [ 52.793232 ] } { [ 67.167379 ] } { [ -22.349834 ] } { [ 30.809177 ] } { [ 12.749043 ] } { [ -19.820216 ] } { [ 50.035519 ] } { [ 30.286700 ] }
despues de colapsar { [ 34.084134 ][ 24.628110 ][ -2.515170 ] } { [ -13.158252 ][ 2.353376 ] } { [ 69.455461 ][ 0.712326 ] } { [ 52.793232 ] } { [ 67.167379 ] } { [ -22.349834 ] } { [ 30.809177 ] } { [ 12.749043 ] } { [ -19.820216 ] } { [ 50.035519 ] } { [ 30.286700 ] }
antes   de filtrar: { [ 34.084134 ][ 24.628110 ][ -2.515170 ] } { [ -13.158252 ][ 2.353376 ] } { [ 69.455461 ][ 0.712326 ] } { [ 52.793232 ] } { [ 67.167379 ] } { [ -22.349834 ] } { [ 30.809177 ] } { [ 12.749043 ] } { [ -19.820216 ] } { [ 50.035519 ] } { [ 30.286700 ] } { [ 32.890793 ] }
despues de filtrar: { [ 34.084134 ][ 24.628110 ][ -2.515170 ] } { [ -13.158252 ][ 2.353376 ] } { [ 69.455461 ][ 0.712326 ] } { [ 67.167379 ] } { [ -22.349834 ] } { [ -19.820216 ] } { [ 50.035519 ] } { [ 30.286700 ] }
antes   de colapsar { [ 34.084134 ][ 24.628110 ][ -2.515170 ] } { [ -13.158252 ][ 2.353376 ] } { [ 69.455461 ][ 0.712326 ] } { [ 67.167379 ] } { [ -22.349834 ] } { [ -19.820216 ] } { [ 50.035519 ] } { [ 30.286700 ] } { [ -16.838711 ] }
despues de colapsar { [ 34.084134 ][ 24.628110 ][ -2.515170 ] } { [ -13.158252 ][ 2.353376 ] } { [ 69.455461 ][ 0.712326 ] } { [ 67.167379 ] } { [ -22.349834 ] } { [ -19.820216 ] } { [ 50.035519 ] } { [ 30.286700 ] } { [ -16.838711 ] }
antes   de colapsar { [ 34.084134 ][ 24.628110 ][ -2.515170 ] } { [ -13.158252 ][ 2.353376 ] } { [ 69.455461 ][ 0.712326 ] } { [ 67.167379 ] } { [ -22.349834 ] } { [ -19.820216 ] } { [ 50.035519 ] } { [ 30.286700 ] } { [ -16.838711 ][ 54.274425 ] }
despues de colapsar { [ 34.084134 ][ 24.628110 ][ -2.515170 ] } { [ -13.158252 ][ 2.353376 ] } { [ 69.455461 ][ 0.712326 ] } { [ 67.167379 ] } { [ -22.349834 ] } { [ -19.820216 ] } { [ 50.035519 ] } { [ 30.286700 ] } { [ -16.838711 ][ 54.274425 ] }
antes   de colapsar { [ 34.084134 ][ 24.628110 ][ -2.515170 ] } { [ -13.158252 ][ 2.353376 ] } { [ 69.455461 ][ 0.712326 ] } { [ 67.167379 ] } { [ -22.349834 ] } { [ -19.820216 ] } { [ 50.035519 ] } { [ 30.286700 ] } { [ -16.838711 ][ 54.274425 ][ 15.980016 ] } { [ 27.976899 ] }
despues de colapsar { [ 34.084134 ][ 24.628110 ][ -2.515170 ] } { [ -13.158252 ][ 2.353376 ] } { [ 69.455461 ][ 0.712326 ] } { [ 67.167379 ] } { [ -22.349834 ] } { [ -19.820216 ] } { [ 50.035519 ] } { [ 30.286700 ] } { [ -16.838711 ][ 54.274425 ][ 15.980016 ] } { [ 27.976899 ] }
antes   de filtrar: { [ 34.084134 ][ 24.628110 ][ -2.515170 ] } { [ -13.158252 ][ 2.353376 ] } { [ 69.455461 ][ 0.712326 ] } { [ 67.167379 ] } { [ -22.349834 ][ 35.849953 ] } { [ -19.820216 ] } { [ 50.035519 ] } { [ 30.286700 ] } { [ -16.838711 ][ 54.274425 ][ 15.980016 ][ 21.149723 ] } { [ 27.976899 ] } { [ 2.030392 ] } { [ 29.918008 ] } { [ 65.833038 ] } { [ 18.145591 ] } { [ 9.716183 ] } { [ 4.339422 ] } { [ 21.682881 ] } { [ 74.025100 ] } { [ 40.941113 ] } { [ 9.151842 ] }
despues de filtrar: { [ 34.084134 ][ 24.628110 ][ -2.515170 ] } { [ -13.158252 ][ 2.353376 ] } { [ 69.455461 ][ 0.712326 ] } { [ 67.167379 ] } { [ -22.349834 ][ 35.849953 ] } { [ -19.820216 ] } { [ 50.035519 ] } { [ 30.286700 ] } { [ -16.838711 ][ 54.274425 ][ 15.980016 ][ 21.149723 ] } { [ 2.030392 ] } { [ 18.145591 ] } { [ 4.339422 ] } { [ 74.025100 ] } { [ 9.151842 ] }
antes   de filtrar: { [ 34.084134 ][ 24.628110 ][ -2.515170 ][ 16.493193 ] } { [ -13.158252 ][ 2.353376 ] } { [ 69.455461 ][ 0.712326 ] } { [ 67.167379 ] } { [ -22.349834 ][ 35.849953 ][ 26.703924 ] } { [ -19.820216 ] } { [ 50.035519 ][ 11.204436 ] } { [ 30.286700 ] } { [ -16.838711 ][ 54.274425 ][ 15.980016 ][ 21.149723 ] } { [ 2.030392 ][ 3.715972 ] } { [ 18.145591 ] } { [ 4.339422 ] } { [ 74.025100 ] } { [ 9.151842 ] } { [ 54.697000 ] } { [ 61.040448 ] } { [ 27.699298 ] } { [ 41.731905 ] }
despues de filtrar: { [ 34.084134 ][ 24.628110 ][ -2.515170 ][ 16.493193 ] } { [ -13.158252 ][ 2.353376 ] } { [ 69.455461 ][ 0.712326 ] } { [ 67.167379 ] } { [ -22.349834 ][ 35.849953 ][ 26.703924 ] } { [ -19.820216 ] } { [ 50.035519 ][ 11.204436 ] } { [ 30.286700 ] } { [ -16.838711 ][ 54.274425 ][ 15.980016 ][ 21.149723 ] } { [ 2.030392 ][ 3.715972 ] } { [ 18.145591 ] } { [ 4.339422 ] } { [ 74.025100 ] } { [ 9.151842 ] } { [ 61.040448 ] }
antes   de filtrar: { [ 34.084134 ][ 24.628110 ][ -2.515170 ][ 16.493193 ] } { [ -13.158252 ][ 2.353376 ] } { [ 69.455461 ][ 0.712326 ] } { [ 67.167379 ] } { [ -22.349834 ][ 35.849953 ][ 26.703924 ] } { [ -19.820216 ] } { [ 50.035519 ][ 11.204436 ] } { [ 30.286700 ] } { [ -16.838711 ][ 54.274425 ][ 15.980016 ][ 21.149723 ] } { [ 2.030392 ][ 3.715972 ] } { [ 18.145591 ] } { [ 4.339422 ] } { [ 74.025100 ] } { [ 9.151842 ] } { [ 61.040448 ] } { [ 44.422265 ] } { [ 69.277154 ] }
despues de filtrar: { [ 34.084134 ][ 24.628110 ][ -2.515170 ][ 16.493193 ] } { [ -13.158252 ][ 2.353376 ] } { [ 69.455461 ][ 0.712326 ] } { [ 67.167379 ] } { [ -22.349834 ][ 35.849953 ][ 26.703924 ] } { [ -19.820216 ] } { [ 50.035519 ][ 11.204436 ] } { [ 30.286700 ] } { [ -16.838711 ][ 54.274425 ][ 15.980016 ][ 21.149723 ] } { [ 2.030392 ][ 3.715972 ] } { [ 18.145591 ] } { [ 4.339422 ] } { [ 74.025100 ] } { [ 9.151842 ] } { [ 61.040448 ] } { [ 44.422265 ] } { [ 69.277154 ] }
antes   de colapsar { [ 2.675658 ] } { [ 51.612078 ] } { [ -22.934532 ] } { [ 59.169651 ][ 66.801928 ] } { [ 5.725067 ] }
despues de colapsar { [ 2.675658 ] } { [ 51.612078 ] } { [ -22.934532 ] } { [ 59.169651 ][ 66.801928 ] } { [ 5.725067 ] }
antes   de colapsar { [ 2.675658 ] } { [ 51.612078 ] } { [ -22.934532 ] } { [ 59.169651 ][ 66.801928 ] } { [ 5.725067 ] } { [ 49.186469 ] }
despues de colapsar { [ 2.675658 ] } { [ 51.612078 ] } { [ -22.934532 ] } { [ 59.169651 ][ 66.801928 ] } { [ 5.725067 ] } { [ 49.186469 ] }
antes   de filtrar: { [ 2.675658 ] } { [ 51.612078 ] } { [ -22.934532 ][ 5.501477 ] } { [ 59.169651 ][ 66.801928 ] } { [ 5.725067 ] } { [ 49.186469 ] } { [ 52.111914 ][ 61.275358 ] } { [ 67.031134 ] } { [ 2.715803 ] } { [ -21.887641 ] } { [ -13.520500 ] }
despues de filtrar: { [ -22.934532 ][ 5.501477 ] } { [ 59.169651 ][ 66.801928 ] } { [ 49.186469 ] } { [ 52.111914 ][ 61.275358 ] } { [ 67.031134 ] } { [ -21.887641 ] } { [ -13.520500 ] }
antes   de filtrar: { [ -22.934532 ][ 5.501477 ][ 24.851979 ] } { [ 59.169651 ][ 66.801928 ] } { [ 49.186469 ] } { [ 52.111914 ][ 61.275358 ][ 5.525194 ] } { [ 67.031134 ] } { [ -21.887641 ] } { [ -13.520500 ] } { [ 7.931228 ] } { [ -10.101434 ][ -4.171618 ] }
despues de filtrar: { [ -22.934532 ][ 5.501477 ][ 24.851979 ] } { [ 59.169651 ][ 66.801928 ] } { [ 49.186469 ] } { [ 52.111914 ][ 61.275358 ][ 5.525194 ] } { [ 67.031134 ] } { [ -21.887641 ] } { [ -13.520500 ] } { [ -10.101434 ][ -4.171618 ] }
antes   de filtrar: { [ -22.934532 ][ 5.501477 ][ 24.851979 ] } { [ 59.169651 ][ 66.801928 ] } { [ 49.186469 ] } { [ 52.111914 ][ 61.275358 ][ 5.525194 ] } { [ 67.031134 ] } { [ -21.887641 ] } { [ -13.520500 ] } { [ -10.101434 ][ -4.171618 ] } { [ 3.825076 ] }
despues de filtrar: { [ -22.934532 ][ 5.501477 ][ 24.851979 ] } { [ 59.169651 ][ 66.801928 ] } { [ 49.186469 ] } { [ 52.111914 ][ 61.275358 ][ 5.525194 ] } { [ 67.031134 ] } { [ -21.887641 ] } { [ -13.520500 ] } { [ -10.101434 ][ -4.171618 ] }
antes   de colapsar { [ -22.934532 ][ 5.501477 ][ 24.851979 ][ 24.439039 ] } { [ 59.169651 ][ 66.801928 ] } { [ 49.186469 ] } { [ 52.111914 ][ 61.275358 ][ 5.525194 ] } { [ 67.031134 ][ 34.097457 ] } { [ -21.887641 ] } { [ -13.520500 ] } { [ -10.101434 ][ -4.171618 ] } { [ 26.755878 ] } { [ 8.828731 ] } { [ 68.980780 ] } { [ 36.282283 ] } { [ 25.210454 ] }
despues de colapsar { [ -22.934532 ][ 5.501477 ][ 24.851979 ][ 24.439039 ] } { [ 59.169651 ][ 66.801928 ] } { [ 49.186469 ] } { [ 52.111914 ][ 61.275358 ][ 5.525194 ] } { [ 67.031134 ][ 34.097457 ] } { [ -21.887641 ] } { [ -13.520500 ] } { [ -10.101434 ][ -4.171618 ] } { [ 26.755878 ] } { [ 8.828731 ] } { [ 68.980780 ] } { [ 36.282283 ] } { [ 25.210454 ] }
antes   de colapsar { [ -22.934532 ][ 5.501477 ][ 24.851979 ][ 24.439039 ] } { [ 59.169651 ][ 66.801928 ] } { [ 49.186469 ] } { [ 52.111914 ][ 61.275358 ][ 5.525194 ] } { [ 67.031134 ][ 34.097457 ] } { [ -21.887641 ] } { [ -13.520500 ] } { [ -10.101434 ][ -4.171618 ] } { [ 26.755878 ] } { [ 8.828731 ] } { [ 68.980780 ] } { [ 36.282283 ] } { [ 25.210454 ] }
despues de colapsar { [ -22.934532 ][ 5.501477 ][ 24.851979 ][ 24.439039 ] } { [ 59.169651 ][ 66.801928 ] } { [ 49.186469 ] } { [ 52.111914 ][ 61.275358 ][ 5.525194 ] } { [ 67.031134 ][ 34.097457 ] } { [ -21.887641 ] } { [ -13.520500 ] } { [ -10.101434 ][ -4.171618 ] } { [ 26.755878 ] } { [ 8.828731 ] } { [ 68.980780 ] } { [ 36.282283 ] } { [ 25.210454 ] }
antes   de filtrar: { [ -22.934532 ][ 5.501477 ][ 24.851979 ][ 24.439039 ] } { [ 59.169651 ][ 66.801928 ] } { [ 49.186469 ] } { [ 52.111914 ][ 61.275358 ][ 5.525194 ] } { [ 67.031134 ][ 34.097457 ] } { [ -21.887641 ] } { [ -13.520500 ] } { [ -10.101434 ][ -4.171618 ] } { [ 26.755878 ] } { [ 8.828731 ] } { [ 68.980780 ] } { [ 36.282283 ] } { [ 25.210454 ] }
despues de filtrar: { [ -22.934532 ][ 5.501477 ][ 24.851979 ][ 24.439039 ] } { [ 59.169651 ][ 66.801928 ] } { [ 49.186469 ] } { [ 52.111914 ][ 61.275358 ][ 5.525194 ] } { [ 67.031134 ][ 34.097457 ] } { [ -21.887641 ] } { [ -13.520500 ] } { [ -10.101434 ][ -4.171618 ] } { [ 36.282283 ] } { [ 25.210454 ] }
antes   de filtrar: { [ -22.934532 ][ 5.501477 ][ 24.851979 ][ 24.439039 ] } { [ 59.169651 ][ 66.801928 ][ 58.054430 ] } { [ 49.186469 ] } { [ 52.111914 ][ 61.275358 ][ 5.525194 ] } { [ 67.031134 ][ 34.097457 ] } { [ -21.887641 ] } { [ -13.520500 ] } { [ -10.101434 ][ -4.171618 ] } { [ 36.282283 ] } { [ 25.210454 ] } { [ 24.257100 ] } { [ 59.204485 ] } { [ 3.323939 ][ 16.440035 ] } { [ -6.612054 ] } { [ 22.344447 ] } { [ 38.425050 ] } { [ 33.232254 ] }
despues de filtrar: { [ -22.934532 ][ 5.501477 ][ 24.851979 ][ 24.439039 ] } { [ 59.169651 ][ 66.801928 ][ 58.054430 ] } { [ 49.186469 ] } { [ 52.111914 ][ 61.275358 ][ 5.525194 ] } { [ 67.031134 ][ 34.097457 ] } { [ -21.887641 ] } { [ -13.520500 ] } { [ -10.101434 ][ -4.171618 ] } { [ 36.282283 ] } { [ 25.210454 ] } { [ 24.257100 ] } { [ 59.204485 ] } { [ 3.323939 ][ 16.440035 ] } { [ -6.612054 ] } { [ 22.344447 ] } { [ 38.425050 ] } { [ 33.232254 ] }
antes   de colapsar { [ -22.934532 ][ 5.501477 ][ 24.851979 ][ 24.439039 ] } { [ 59.169651 ][ 66.801928 ][ 58.054430 ] } { [ 49.186469 ] } { [ 52.111914 ][ 61.275358 ][ 5.525194 ] } { [ 67.031134 ][ 34.097457 ] } { [ -21.887641 ] } { [ -13.520500 ] } { [ -10.101434 ][ -4.171618 ] } { [ 36.282283 ] } { [ 25.210454 ] } { [ 24.257100 ] } { [ 59.204485 ] } { [ 3.323939 ][ 16.440035 ] } { [ -6.612054 ] } { [ 22.344447 ] } { [ 38.425050 ] } { [ 33.232254 ] }
despues de colapsar { [ -22.934532 ][ 5.501477 ][ 24.851979 ][ 24.439039 ] } { [ 59.169651 ][ 66.801928 ][ 58.054430 ] } { [ 49.186469 ] } { [ 52.111914 ][ 61.275358 ][ 5.525194 ] } { [ 67.031134 ][ 34.097457 ] } { [ -21.887641 ] } { [ -13.520500 ] } { [ -10.101434 ][ -4.171618 ] } { [ 36.282283 ] } { [ 25.210454 ] } { [ 24.257100 ] } { [ 59.204485 ] } { [ 3.323939 ][ 16.440035 ] } { [ -6.612054 ] } { [ 22.344447 ] } { [ 38.425050 ] } { [ 33.232254 ] }
