antes   de filtrar: <vacia>
despues de filtrar: <vacia>
antes   de colapsar { [ -0.906762 ] }
despues de colapsar { [ -0.906762 ] }
antes   de filtrar: { [ -0.906762 ] } { [ -5.049652 ] } { [ 23.404111 ] } { [ 49.432390 ] } { [ 41.972206 ] }
despues de filtrar: { [ -0.906762 ] } { [ -5.049652 ] } { [ 23.404111 ] } { [ 49.432390 ] }
antes   de colapsar { [ -0.906762 ] } { [ -5.049652 ] } { [ 23.404111 ] } { [ 49.432390 ] } { [ 13.376956 ] } { [ 8.661436 ][ 69.436530 ] } { [ 0.044816 ] } { [ 27.152160 ] } { [ -10.226143 ] } { [ 7.344868 ][ 54.151749 ] } { [ 49.647216 ] } { [ -1.137765 ] }
despues de colapsar { [ -0.906762 ] } { [ -5.049652 ] } { [ 23.404111 ] } { [ 49.432390 ] } { [ 13.376956 ] } { [ 8.837305 ] } { [ 0.044816 ] } { [ 27.152160 ] } { [ -10.226143 ] } { [ 7.344868 ][ 54.151749 ] } { [ 49.647216 ] } { [ -1.137765 ] }
antes   de colapsar { [ -0.906762 ] } { [ -5.049652 ] } { [ 23.404111 ] } { [ 49.432390 ] } { [ 13.376956 ][ 52.596873 ] } { [ 8.837305 ] } { [ 0.044816 ] } { [ 27.152160 ] } { [ -10.226143 ] } { [ 7.344868 ][ 54.151749 ] } { [ 49.647216 ] } { [ -1.137765 ] } { [ 57.064920 ] } { [ 3.941203 ][ 48.263368 ] } { [ 14.790030 ] } { [ 37.469685 ] }
despues de colapsar { [ -0.906762 ] } { [ -5.049652 ] } { [ 23.404111 ] } { [ 49.432390 ] } { [ 13.376956 ][ 52.596873 ] } { [ 8.837305 ] } { [ 0.044816 ] } { [ 27.152160 ] } { [ -10.226143 ] } { [ 7.344868 ][ 54.151749 ] } { [ 49.647216 ] } { [ -1.137765 ] } { [ 57.064920 ] } { [ 7.225273 ] } { [ 14.790030 ] } { [ 37.469685 ] }
antes   de filtrar: { [ -0.906762 ] } { [ -5.049652 ] } { [ 23.404111 ][ 72.691211 ] } { [ 49.432390 ] } { [ 13.376956 ][ 52.596873 ] } { [ 8.837305 ][ -11.977494 ] } { [ 0.044816 ] } { [ 27.152160 ] } { [ -10.226143 ] } { [ 7.344868 ][ 54.151749 ] } { [ 49.647216 ] } { [ -1.137765 ] } { [ 57.064920 ] } { [ 7.225273 ] } { [ 14.790030 ] } { [ 37.469685 ] } { [ -16.170103 ] } { [ 55.921731 ] }
despues de filtrar: { [ -0.906762 ] } { [ -5.049652 ] } { [ 23.404111 ][ 72.691211 ] } { [ 49.432390 ] } { [ 13.376956 ][ 52.596873 ] } { [ 0.044816 ] } { [ 27.152160 ] } { [ -10.226143 ] } { [ 7.344868 ][ 54.151749 ] } { [ -1.137765 ] } { [ 57.064920 ] } { [ 7.225273 ] } { [ 37.469685 ] } { [ -16.170103 ] }
antes   de colapsar { [ -0.906762 ] } { [ -5.049652 ] } { [ 23.404111 ][ 72.691211 ] } { [ 49.432390 ] } { [ 13.376956 ][ 52.596873 ] } { [ 0.044816 ] } { [ 27.152160 ] } { [ -10.226143 ] } { [ 7.344868 ][ 54.151749 ] } { [ -1.137765 ] } { [ 57.064920 ] } { [ 7.225273 ] } { [ 37.469685 ] } { [ -16.170103 ] } { [ 15.786370 ] }
despues de colapsar { [ -0.906762 ] } { [ -5.049652 ] } { [ 23.404111 ][ 72.691211 ] } { [ 49.432390 ] } { [ 13.376956 ][ 52.596873 ] } { [ 0.044816 ] } { [ 27.152160 ] } { [ -10.226143 ] } { [ 7.344868 ][ 54.151749 ] } { [ -1.137765 ] } { [ 57.064920 ] } { [ 7.225273 ] } { [ 37.469685 ] } { [ -16.170103 ] } { [ 15.786370 ] }
antes   de colapsar { [ -0.906762 ] } { [ -5.049652 ] } { [ 23.404111 ][ 72.691211 ] } { [ 49.432390 ][ 2.661070 ] } { [ 13.376956 ][ 52.596873 ] } { [ 0.044816 ] } { [ 27.152160 ] } { [ -10.226143 ] } { [ 7.344868 ][ 54.151749 ] } { [ -1.137765 ] } { [ 57.064920 ] } { [ 7.225273 ] } { [ 37.469685 ] } { [ -16.170103 ] } { [ 15.786370 ] }
despues de colapsar { [ -0.906762 ] } { [ -5.049652 ] } { [ 23.404111 ][ 72.691211 ] } { [ 49.432390 ][ 2.661070 ] } { [ 13.376956 ][ 52.596873 ] } { [ 0.044816 ] } { [ 27.152160 ] } { [ -10.226143 ] } { [ 7.344868 ][ 54.151749 ] } { [ -1.137765 ] } { [ 57.064920 ] } { [ 7.225273 ] } { [ 37.469685 ] } { [ -16.170103 ] } { [ 15.786370 ] }
antes   de filtrar: { [ -0.906762 ] } { [ -5.049652 ][ 53.880312 ] } { [ 23.404111 ][ 72.691211 ] } { [ 49.432390 ][ 2.661070 ][ 73.727147 ] } { [ 13.376956 ][ 52.596873 ] } { [ 0.044816 ] } { [ 27.152160 ] } { [ -10.226143 ] } { [ 7.344868 ][ 54.151749 ] } { [ -1.137765 ] } { [ 57.064920 ] } { [ 7.225273 ] } { [ 37.469685 ] } { [ -16.170103 ][ 69.550802 ] } { [ 15.786370 ] } { [ 48.585494 ] } { [ 61.444266 ] } { [ 5.665440 ] } { [ 11.801751 ] } { [ 66.412020 ] }
despues de filtrar: { [ -0.906762 ] } { [ -5.049652 ][ 53.880312 ] } { [ 23.404111 ][ 72.691211 ] } { [ 49.432390 ][ 2.661070 ][ 73.727147 ] } { [ 13.376956 ][ 52.596873 ] } { [ 0.044816 ] } { [ 27.152160 ] } { [ -10.226143 ] } { [ 7.344868 ][ 54.151749 ] } { [ -1.137765 ] } { [ 57.064920 ] } { [ 7.225273 ] } { [ 37.469685 ] } { [ -16.170103 ][ 69.550802 ] } { [ 61.444266 ] } { [ 66.412020 ] }
antes   de filtrar: { [ -0.906762 ] } { [ -5.049652 ][ 53.880312 ][ 58.626958 ] } { [ 23.404111 ][ 72.691211 ] } { [ 49.432390 ][ 2.661070 ][ 73.727147 ] } { [ 13.376956 ][ 52.596873 ] } { [ 0.044816 ] } { [ 27.152160 ] } { [ -10.226143 ] } { [ 7.344868 ][ 54.151749 ] } { [ -1.137765 ] } { [ 57.064920 ] } { [ 7.225273 ] } { [ 37.469685 ] } { [ -16.170103 ][ 69.550802 ] } { [ 61.444266 ] } { [ 66.412020 ] } { [ -21.436827 ] } { [ 4.569030 ] } { [ 31.245296 ] } { [ 64.062428 ] } { [ 51.564295 ] }
despues de filtrar: { [ -0.906762 ] } { [ -5.049652 ][ 53.880312 ][ 58.626958 ] } { [ 23.404111 ][ 72.691211 ] } { [ 49.432390 ][ 2.661070 ][ 73.727147 ] } { [ 13.376956 ][ 52.596873 ] } { [ 0.044816 ] } { [ 27.152160 ] } { [ -10.226143 ] } { [ 7.344868 ][ 54.151749 ] } { [ -1.137765 ] } { [ 57.064920 ] } { [ 7.225273 ] } { [ 37.469685 ] } { [ -16.170103 ][ 69.550802 ] } { [ 61.444266 ] } { [ 66.412020 ] } { [ -21.436827 ] } { [ 31.245296 ] } { [ 64.062428 ] }
antes   de filtrar: <vacia>
despues de filtrar: <vacia>
antes   de filtrar: { [ 56.062829 ] } { [ 22.541086 ][ 68.331905 ] } { [ 30.364125 ] } { [ 64.559049 ] } { [ -19.377076 ][ 9.415318 ][ 61.220216 ] }
despues de filtrar: { [ 56.062829 ] } { [ 30.364125 ] } { [ -19.377076 ][ 9.415318 ][ 61.220216 ] }
antes   de filtrar: { [ 56.062829 ] } { [ 30.364125 ][ 17.541397 ] } { [ -19.377076 ][ 9.415318 ][ 61.220216 ] } { [ 37.791353 ] } { [ 40.097491 ] }
despues de filtrar: { [ 56.062829 ] } { [ 30.364125 ][ 17.541397 ] } { [ -19.377076 ][ 9.415318 ][ 61.220216 ] } { [ 40.097491 ] }
antes   de filtrar: { [ 56.062829 ] } { [ 30.364125 ][ 17.541397 ] } { [ -19.377076 ][ 9.415318 ][ 61.220216 ] } { [ 40.097491 ] }
despues de filtrar: { [ 56.062829 ] } { [ 30.364125 ][ 17.541397 ] } { [ -19.377076 ][ 9.415318 ][ 61.220216 ] } { [ 40.097491 ] }
antes   de colapsar { [ 56.062829 ] } { [ 30.364125 ][ 17.541397 ] } { [ -19.377076 ][ 9.415318 ][ 61.220216 ][ 17.631267 ] } { [ 40.097491 ][ -24.104515 ] } { [ 13.020770 ] } { [ 18.938444 ][ -1.749415 ] } { [ -9.736489 ] } { [ 28.518092 ] } { [ 13.089183 ] } { [ -22.806509 ] } { [ -20.452261 ] }
despues de colapsar { [ 56.062829 ] } { [ 30.364125 ][ 17.541397 ] } { [ -19.377076 ][ 9.415318 ][ 61.220216 ][ 17.631267 ] } { [ 40.097491 ][ -24.104515 ] } { [ 13.020770 ] } { [ 4.145965 ] } { [ -9.736489 ] } { [ 28.518092 ] } { [ 13.089183 ] } { [ -22.806509 ] } { [ -20.452261 ] }
antes   de colapsar { [ 56.062829 ] } { [ 30.364125 ][ 17.541397 ] } { [ -19.377076 ][ 9.415318 ][ 61.220216 ][ 17.631267 ] } { [ 40.097491 ][ -24.104515 ] } { [ 13.020770 ] } { [ 4.145965 ] } { [ -9.736489 ][ 73.712822 ] } { [ 28.518092 ][ 30.120154 ] } { [ 13.089183 ] } { [ -22.806509 ] } { [ -20.452261 ] } { [ -18.041721 ] } { [ 56.211198 ] }
despues de colapsar { [ 56.062829 ] } { [ 30.364125 ][ 17.541397 ] } { [ -19.377076 ][ 9.415318 ][ 61.220216 ][ 17.631267 ] } { [ 40.097491 ][ -24.104515 ] } { [ 13.020770 ] } { [ 4.145965 ] } { [ -9.736489 ][ 73.712822 ] } { [ 7.657561 ] } { [ 13.089183 ] } { [ -22.806509 ] } { [ -20.452261 ] } { [ -18.041721 ] } { [ 56.211198 ] }
antes   de colapsar { [ 56.062829 ] } { [ 30.364125 ][ 17.541397 ] } { [ -19.377076 ][ 9.415318 ][ 61.220216 ][ 17.631267 ] } { [ 40.097491 ][ -24.104515 ] } { [ 13.020770 ] } { [ 4.145965 ] } { [ -9.736489 ][ 73.712822 ] } { [ 7.657561 ] } { [ 13.089183 ] } { [ -22.806509 ][ 54.441906 ] } { [ -20.452261 ] } { [ -18.041721 ] } { [ 56.211198 ] } { [ 30.238863 ] } { [ 12.839216 ] }
despues de colapsar { [ 56.062829 ] } { [ 30.364125 ][ 17.541397 ] } { [ -19.377076 ][ 9.415318 ][ 61.220216 ][ 17.631267 ] } { [ 40.097491 ][ -24.104515 ] } { [ 13.020770 ] } { [ 4.145965 ] } { [ -9.736489 ][ 73.712822 ] } { [ 7.657561 ] } { [ 13.089183 ] } { [ -22.806509 ][ 54.441906 ] } { [ -20.452261 ] } { [ -18.041721 ] } { [ 56.211198 ] } { [ 30.238863 ] } { [ 12.839216 ] }
antes   de filtrar: { [ 56.062829 ][ 28.472539 ] } { [ 30.364125 ][ 17.541397 ] } { [ -19.377076 ][ 9.415318 ][ 61.220216 ][ 17.631267 ] } { [ 40.097491 ][ -24.104515 ] } { [ 13.020770 ] } { [ 4.145965 ][ 73.934889 ] } { [ -9.736489 ][ 73.712822 ] } { [ 7.657561 ] } { [ 13.089183 ] } { [ -22.806509 ][ 54.441906 ] } { [ -20.452261 ] } { [ -18.041721 ] } { [ 56.211198 ] } { [ 30.238863 ] } { [ 12.839216 ] } { [ 37.232835 ] } { [ -4.662010 ] } { [ 39.828678 ] } { [ 14.600138 ] } { [ 52.549394 ] } { [ -7.541815 ] } { [ 5.698386 ] } { [ 36.146167 ] } { [ 28.681636 ] } { [ 61.895481 ] } { [ 20.372814 ] } { [ 57.885554 ] } { [ -1.070127 ] }
despues de filtrar: { [ 56.062829 ][ 28.472539 ] } { [ 30.364125 ][ 17.541397 ] } { [ -19.377076 ][ 9.415318 ][ 61.220216 ][ 17.631267 ] } { [ 40.097491 ][ -24.104515 ] } { [ 13.020770 ] } { [ 4.145965 ][ 73.934889 ] } { [ -9.736489 ][ 73.712822 ] } { [ 13.089183 ] } { [ -22.806509 ][ 54.441906 ] } { [ -20.452261 ] } { [ -18.041721 ] } { [ 56.211198 ] } { [ 30.238863 ] } { [ 37.232835 ] } { [ -4.662010 ] } { [ -7.541815 ] } { [ 36.146167 ] } { [ 20.372814 ] } { [ -1.070127 ] }
antes   de colapsar { [ 56.062829 ][ 28.472539 ] } { [ 30.364125 ][ 17.541397 ] } { [ -19.377076 ][ 9.415318 ][ 61.220216 ][ 17.631267 ] } { [ 40.097491 ][ -24.104515 ] } { [ 13.020770 ] } { [ 4.145965 ][ 73.934889 ] } { [ -9.736489 ][ 73.712822 ] } { [ 13.089183 ] } { [ -22.806509 ][ 54.441906 ] } { [ -20.452261 ] } { [ -18.041721 ] } { [ 56.211198 ] } { [ 30.238863 ] } { [ 37.232835 ] } { [ -4.662010 ] } { [ -7.541815 ][ 35.327600 ] } { [ 36.146167 ] } { [ 20.372814 ] } { [ -1.070127 ] } { [ -17.690402 ] } { [ 15.314548 ] }
despues de colapsar { [ 56.062829 ][ 28.472539 ] } { [ 30.364125 ][ 17.541397 ] } { [ -19.377076 ][ 9.415318 ][ 61.220216 ][ 17.631267 ] } { [ 40.097491 ][ -24.104515 ] } { [ 13.020770 ] } { [ 4.145965 ][ 73.934889 ] } { [ -9.736489 ][ 73.712822 ] } { [ 13.089183 ] } { [ -22.806509 ][ 54.441906 ] } { [ -20.452261 ] } { [ -18.041721 ] } { [ 56.211198 ] } { [ 30.238863 ] } { [ 37.232835 ] } { [ -4.662010 ] } { [ -7.541815 ][ 35.327600 ] } { [ 36.146167 ] } { [ 20.372814 ] } { [ -1.070127 ] } { [ -17.690402 ] } { [ 15.314548 ] }
antes   de colapsar { [ 56.062829 ][ 28.472539 ] } { [ 30.364125 ][ 17.541397 ][ 12.849102 ] } { [ -19.377076 ][ 9.415318 ][ 61.220216 ][ 17.631267 ] } { [ 40.097491 ][ -24.104515 ] } { [ 13.020770 ] } { [ 4.145965 ][ 73.934889 ] } { [ -9.736489 ][ 73.712822 ] } { [ 13.089183 ] } { [ -22.806509 ][ 54.441906 ] } { [ -20.452261 ] } { [ -18.041721 ] } { [ 56.211198 ] } { [ 30.238863 ] } { [ 37.232835 ] } { [ -4.662010 ] } { [ -7.541815 ][ 35.327600 ] } { [ 36.146167 ] } { [ 20.372814 ] } { [ -1.070127 ] } { [ -17.690402 ] } { [ 15.314548 ] }
despues de colapsar { [ 56.062829 ][ 28.472539 ] } { [ 30.364125 ][ 17.541397 ][ 12.849102 ] } { [ -19.377076 ][ 9.415318 ][ 61.220216 ][ 17.631267 ] } { [ 40.097491 ][ -24.104515 ] } { [ 13.020770 ] } { [ 4.145965 ][ 73.934889 ] } { [ -9.736489 ][ 73.712822 ] } { [ 13.089183 ] } { [ -22.806509 ][ 54.441906 ] } { [ -20.452261 ] } { [ -18.041721 ] } { [ 56.211198 ] } { [ 30.238863 ] } { [ 37.232835 ] } { [ -4.662010 ] } { [ -7.541815 ][ 35.327600 ] } { [ 36.146167 ] } { [ 20.372814 ] } { [ -1.070127 ] } { [ -17.690402 ] } { [ 15.314548 ] }
antes   de filtrar: <vacia>
despues de filtrar: <vacia>
antes   de filtrar: { [ 5791 ][ 9727 ] } { [ 6675 ][ 2086 ][ 2644 ] } { [ 5761 ] } { [ 3356 ] } { [ 4037 ] } { [ 3326 ] } { [ 6768 ] } { [ 2543 ] }
despues de filtrar: { [ 5791 ][ 9727 ] } { [ 6675 ][ 2086 ][ 2644 ] } { [ 5761 ] } { [ 3356 ] } { [ 3326 ] } { [ 6768 ] } { [ 2543 ] }
antes   de colapsar { [ 5791 ][ 9727 ] } { [ 6675 ][ 2086 ][ 2644 ] } { [ 5761 ] } { [ 3356 ] } { [ 3326 ] } { [ 6768 ] } { [ 2543 ] }
despues de colapsar { [ 5791 ][ 9727 ] } { [ 6675 ][ 2086 ][ 2644 ] } { [ 5761 ] } { [ 3356 ] } { [ 3326 ] } { [ 6768 ] } { [ 2543 ] }
antes   de colapsar { [ 5791 ][ 9727 ] } { [ 6675 ][ 2086 ][ 2644 ] } { [ 5761 ] } { [ 3356 ] } { [ 3326 ] } { [ 6768 ] } { [ 2543 ] }
despues de colapsar { [ 5791 ][ 9727 ] } { [ 6675 ][ 2086 ][ 2644 ] } { [ 5761 ] } { [ 3356 ] } { [ 3326 ] } { [ 6768 ] } { [ 2543 ] }
antes   de filtrar: { [ 5791 ][ 9727 ] } { [ 6675 ][ 2086 ][ 2644 ] } { [ 5761 ] } { [ 3356 ] } { [ 3326 ][ 430 ] } { [ 6768 ] } { [ 2543 ] } { [ 3079 ] } { [ 5974 ] } { [ 150 ] }
despues de filtrar: { [ 5791 ][ 9727 ] } { [ 6675 ][ 2086 ][ 2644 ] } { [ 5761 ] } { [ 3356 ] } { [ 3326 ][ 430 ] } { [ 6768 ] } { [ 2543 ] } { [ 5974 ] }
antes   de colapsar { [ 5791 ][ 9727 ] } { [ 6675 ][ 2086 ][ 2644 ][ 8122 ] } { [ 5761 ][ 5200 ] } { [ 3356 ] } { [ 3326 ][ 430 ] } { [ 6768 ] } { [ 2543 ] } { [ 5974 ] } { [ 7048 ] } { [ 3895 ][ 3208 ] } { [ 1634 ] }
despues de colapsar { [ 5791 ][ 9727 ] } { [ 6675 ][ 2086 ][ 2644 ][ 8122 ] } { [ 5761 ][ 5200 ] } { [ 3356 ] } { [ 3326 ][ 430 ] } { [ 6768 ] } { [ 2543 ] } { [ 5974 ] } { [ 7048 ] } { [ 3895 ][ 3208 ] } { [ 1634 ] }
antes   de colapsar { [ 5791 ][ 9727 ] } { [ 6675 ][ 2086 ][ 2644 ][ 8122 ] } { [ 5761 ][ 5200 ] } { [ 3356 ] } { [ 3326 ][ 430 ][ 9034 ] } { [ 6768 ] } { [ 2543 ] } { [ 5974 ][ 9932 ] } { [ 7048 ][ 8182 ] } { [ 3895 ][ 3208 ] } { [ 1634 ] } { [ 1820 ] } { [ 2491 ] } { [ 1831 ] } { [ 948 ] } { [ 1485 ] } { [ 1767 ] } { [ 8279 ] }
despues de colapsar { [ 5791 ][ 9727 ] } { [ 6675 ][ 2086 ][ 2644 ][ 8122 ] } { [ 5761 ][ 5200 ] } { [ 3356 ] } { [ 3326 ][ 430 ][ 9034 ] } { [ 6768 ] } { [ 2543 ] } { [ 5974 ][ 9932 ] } { [ 7593 ] } { [ 3895 ][ 3208 ] } { [ 1634 ] } { [ 1820 ] } { [ 2491 ] } { [ 1831 ] } { [ 948 ] } { [ 1485 ] } { [ 1767 ] } { [ 8279 ] }
antes   de colapsar { [ 5791 ][ 9727 ] } { [ 6675 ][ 2086 ][ 2644 ][ 8122 ] } { [ 5761 ][ 5200 ] } { [ 3356 ] } { [ 3326 ][ 430 ][ 9034 ] } { [ 6768 ] } { [ 2543 ] } { [ 5974 ][ 9932 ] } { [ 7593 ] } { [ 3895 ][ 3208 ] } { [ 1634 ] } { [ 1820 ] } { [ 2491 ] } { [ 1831 ] } { [ 948 ][ 5177 ] } { [ 1485 ] } { [ 1767 ] } { [ 8279 ] } { [ 5824 ] } { [ 9952 ] } { [ 114 ] } { [ 3297 ] }
despues de colapsar { [ 5791 ][ 9727 ] } { [ 6675 ][ 2086 ][ 2644 ][ 8122 ] } { [ 5761 ][ 5200 ] } { [ 3356 ] } { [ 3326 ][ 430 ][ 9034 ] } { [ 6768 ] } { [ 2543 ] } { [ 5974 ][ 9932 ] } { [ 7593 ] } { [ 3895 ][ 3208 ] } { [ 1634 ] } { [ 1820 ] } { [ 2491 ] } { [ 1831 ] } { [ 948 ][ 5177 ] } { [ 1485 ] } { [ 1767 ] } { [ 8279 ] } { [ 5824 ] } { [ 9952 ] } { [ 114 ] } { [ 3297 ] }
antes   de filtrar: { [ 5791 ][ 9727 ] } { [ 6675 ][ 2086 ][ 2644 ][ 8122 ] } { [ 5761 ][ 5200 ] } { [ 3356 ] } { [ 3326 ][ 430 ][ 9034 ][ 8165 ] } { [ 6768 ] } { [ 2543 ] } { [ 5974 ][ 9932 ] } { [ 7593 ] } { [ 3895 ][ 3208 ] } { [ 1634 ] } { [ 1820 ] } { [ 2491 ] } { [ 1831 ] } { [ 948 ][ 5177 ] } { [ 1485 ] } { [ 1767 ] } { [ 8279 ] } { [ 5824 ] } { [ 9952 ] } { [ 114 ] } { [ 3297 ] } { [ 9247 ][ 6934 ] } { [ 3521 ] } { [ 9027 ] } { [ 4 ] } { [ 1922 ] } { [ 2045 ] }
despues de filtrar: { [ 5791 ][ 9727 ] } { [ 6675 ][ 2086 ][ 2644 ][ 8122 ] } { [ 5761 ][ 5200 ] } { [ 3356 ] } { [ 3326 ][ 430 ][ 9034 ][ 8165 ] } { [ 6768 ] } { [ 2543 ] } { [ 5974 ][ 9932 ] } { [ 7593 ] } { [ 3895 ][ 3208 ] } { [ 1634 ] } { [ 2491 ] } { [ 1831 ] } { [ 948 ][ 5177 ] } { [ 1485 ] } { [ 1767 ] } { [ 8279 ] } { [ 5824 ] } { [ 9952 ] } { [ 114 ] } { [ 3297 ] } { [ 9247 ][ 6934 ] } { [ 3521 ] } { [ 4 ] } { [ 1922 ] }
antes   de filtrar: { [ 5791 ][ 9727 ] } { [ 6675 ][ 2086 ][ 2644 ][ 8122 ] } { [ 5761 ][ 5200 ] } { [ 3356 ] } { [ 3326 ][ 430 ][ 9034 ][ 8165 ] } { [ 6768 ] } { [ 2543 ][ 4107 ] } { [ 5974 ][ 9932 ] } { [ 7593 ] } { [ 3895 ][ 3208 ] } { [ 1634 ] } { [ 2491 ] } { [ 1831 ] } { [ 948 ][ 5177 ] } { [ 1485 ] } { [ 1767 ] } { [ 8279 ] } { [ 5824 ] } { [ 9952 ] } { [ 114 ] } { [ 3297 ] } { [ 9247 ][ 6934 ] } { [ 3521 ] } { [ 4 ] } { [ 1922 ] } { [ 4754 ] } { [ 9668 ] }
despues de filtrar: { [ 5791 ][ 9727 ] } { [ 6675 ][ 2086 ][ 2644 ][ 8122 ] } { [ 5761 ][ 5200 ] } { [ 3356 ] } { [ 3326 ][ 430 ][ 9034 ][ 8165 ] } { [ 6768 ] } { [ 2543 ][ 4107 ] } { [ 5974 ][ 9932 ] } { [ 7593 ] } { [ 3895 ][ 3208 ] } { [ 1634 ] } { [ 2491 ] } { [ 1831 ] } { [ 948 ][ 5177 ] } { [ 1485 ] } { [ 1767 ] } { [ 8279 ] } { [ 5824 ] } { [ 9952 ] } { [ 114 ] } { [ 3297 ] } { [ 9247 ][ 6934 ] } { [ 3521 ] } { [ 4 ] } { [ 1922 ] } { [ 4754 ] } { [ 9668 ] }
antes   de colapsar { [ l1x3ke ][ ky ] } { [ 5a06q5 ][ 8 ] } { [ c25gh ] }
despues de colapsar { [ lk1yx3ke ] } { [ 58a06q5 ] } { [ c25gh ] }
antes   de colapsar { [ lk1yx3ke ] } { [ 58a06q5 ] } { [ c25gh ] } { [ 7eg929n2 ] }
despues de colapsar { [ lk1yx3ke ] } { [ 58a06q5 ] } { [ c25gh ] } { [ 7eg929n2 ] }
antes   de colapsar { [ lk1yx3ke ] } { [ 58a06q5 ] } { [ c25gh ][ t ] } { [ 7eg929n2 ] } { [ gdu698951 ] }
despues de colapsar { [ lk1yx3ke ] } { [ 58a06q5 ] } { [ ct25gh ] } { [ 7eg929n2 ] } { [ gdu698951 ] }
antes   de filtrar: { [ lk1yx3ke ] } { [ 58a06q5 ] } { [ ct25gh ] } { [ 7eg929n2 ] } { [ gdu698951 ] }
despues de filtrar: <vacia>
antes   de filtrar: { [ cwe33vk ][ 092f1jr4p7 ] } { [ 22wltg ] }
despues de filtrar: <vacia>
antes   de colapsar { [ 23vp6yi8t ] } { [ 0rajqtwj6k ] } { [ mm ][ y9 ] } { [ twtn ] } { [ f ] } { [ sn5uqyu0f ] } { [ qqdlw ] } { [ 1ypuq ] }
despues de colapsar { [ 23vp6yi8t ] } { [ 0rajqtwj6k ] } { [ mm ][ y9 ] } { [ twtn ] } { [ f ] } { [ sn5uqyu0f ] } { [ qqdlw ] } { [ 1ypuq ] }
antes   de filtrar: { [ 23vp6yi8t ] } { [ 0rajqtwj6k ][ qos3ia ] } { [ mm ][ y9 ] } { [ twtn ] } { [ f ] } { [ sn5uqyu0f ] } { [ qqdlw ] } { [ 1ypuq ] } { [ blbc7t4 ] } { [ sojrnc ] }
despues de filtrar: { [ mm ][ y9 ] } { [ twtn ] } { [ f ] } { [ qqdlw ] } { [ sojrnc ] }
antes   de colapsar { [ mm ][ y9 ] } { [ twtn ][ xfgd ] } { [ f ] } { [ qqdlw ] } { [ sojrnc ] } { [ 6ydg ] } { [ q27nj7tvw3 ][ 9rjn2wjqd3 ] } { [ 3t9d71ctif ] } { [ pdtq ] }
despues de colapsar { [ mm ][ y9 ] } { [ twtn ][ xfgd ] } { [ f ] } { [ qqdlw ] } { [ sojrnc ] } { [ 6ydg ] } { [ q92r7jnnj2 ] } { [ 3t9d71ctif ] } { [ pdtq ] }
antes   de filtrar: { [ mm ][ y9 ] } { [ twtn ][ xfgd ][ 9eq9vbsiw ] } { [ f ] } { [ qqdlw ] } { [ sojrnc ] } { [ 6ydg ] } { [ q92r7jnnj2 ] } { [ 3t9d71ctif ] } { [ pdtq ] } { [ ro6fj2vdhj ] }
despues de filtrar: { [ mm ][ y9 ] } { [ twtn ][ xfgd ][ 9eq9vbsiw ] } { [ f ] } { [ qqdlw ] } { [ sojrnc ] } { [ pdtq ] }
antes   de filtrar: { [ mm ][ y9 ] } { [ twtn ][ xfgd ][ 9eq9vbsiw ] } { [ f ] } { [ qqdlw ] } { [ sojrnc ] } { [ pdtq ][ 16cbw ] } { [ ld ] }
despues de filtrar: { [ mm ][ y9 ] } { [ twtn ][ xfgd ][ 9eq9vbsiw ] } { [ f ] } { [ qqdlw ] } { [ sojrnc ] } { [ pdtq ][ 16cbw ] } { [ ld ] }
antes   de filtrar: { [ a ] } { [ 2rnsy9w ][ o ] } { [ 7ik7 ] } { [ smqdjyn ] } { [ l ] } { [ uexkndbpn ] }
despues de filtrar: { [ a ] } { [ smqdjyn ] } { [ l ] } { [ uexkndbpn ] }
antes   de filtrar: { [ a ] } { [ smqdjyn ] } { [ l ] } { [ uexkndbpn ] }
despues de filtrar: { [ a ] } { [ smqdjyn ] } { [ l ] } { [ uexkndbpn ] }
antes   de colapsar { [ a ][ b2byyrml6 ] } { [ smqdjyn ] } { [ l ] } { [ uexkndbpn ][ hl8 ] } { [ 30oypr0x ] } { [ g69t551 ] }
despues de colapsar { [ a ][ b2byyrml6 ] } { [ smqdjyn ] } { [ l ] } { [ uexkndbpn ][ hl8 ] } { [ 30oypr0x ] } { [ g69t551 ] }
antes   de filtrar: { [ a ][ b2byyrml6 ][ p88f ] } { [ smqdjyn ] } { [ l ] } { [ uexkndbpn ][ hl8 ] } { [ 30oypr0x ] } { [ g69t551 ] } { [ pmif57qd0 ] } { [ bf ] } { [ utwawjud ] }
despues de filtrar: { [ a ][ b2byyrml6 ][ p88f ] } { [ smqdjyn ] } { [ l ] } { [ uexkndbpn ][ hl8 ] } { [ bf ] } { [ utwawjud ] }
antes   de colapsar { [ a ][ b2byyrml6 ][ p88f ] } { [ smqdjyn ] } { [ l ] } { [ uexkndbpn ][ hl8 ] } { [ bf ] } { [ utwawjud ] } { [ djp ] } { [ g ] } { [ p8t5q3d ] }
despues de colapsar { [ a ][ b2byyrml6 ][ p88f ] } { [ smqdjyn ] } { [ l ] } { [ uexkndbpn ][ hl8 ] } { [ bf ] } { [ utwawjud ] } { [ djp ] } { [ g ] } { [ p8t5q3d ] }
antes   de filtrar: { [ a ][ b2byyrml6 ][ p88f ] } { [ smqdjyn ] } { [ l ] } { [ uexkndbpn ][ hl8 ] } { [ bf ] } { [ utwawjud ] } { [ djp ] } { [ g ] } { [ p8t5q3d ] }
despues de filtrar: { [ a ][ b2byyrml6 ][ p88f ] } { [ smqdjyn ] } { [ l ] } { [ uexkndbpn ][ hl8 ] } { [ bf ] } { [ utwawjud ] } { [ djp ] } { [ g ] }
antes   de colapsar { [ a ][ b2byyrml6 ][ p88f ] } { [ smqdjyn ] } { [ l ] } { [ uexkndbpn ][ hl8 ] } { [ bf ] } { [ utwawjud ] } { [ djp ] } { [ g ][ it ] } { [ kxn3pleu4 ] } { [ jl9u ] } { [ mbu ] } { [ fgb5 ] } { [ hmb9xru ] } { [ 2b ] } { [ ewwjg ] } { [ y41dbcama6 ] }
despues de colapsar { [ a ][ b2byyrml6 ][ p88f ] } { [ smqdjyn ] } { [ l ] } { [ uexkndbpn ][ hl8 ] } { [ bf ] } { [ utwawjud ] } { [ djp ] } { [ g ][ it ] } { [ kxn3pleu4 ] } { [ jl9u ] } { [ mbu ] } { [ fgb5 ] } { [ hmb9xru ] } { [ 2b ] } { [ ewwjg ] } { [ y41dbcama6 ] }
antes   de colapsar { [ a ][ b2byyrml6 ][ p88f ] } { [ smqdjyn ] } { [ l ] } { [ uexkndbpn ][ hl8 ] } { [ bf ] } { [ utwawjud ] } { [ djp ][ 0rsxaqdpj ] } { [ g ][ it ] } { [ kxn3pleu4 ] } { [ jl9u ] } { [ mbu ][ k57 ] } { [ fgb5 ] } { [ hmb9xru ] } { [ 2b ] } { [ ewwjg ] } { [ y41dbcama6 ] } { [ w7si61 ] } { [ s ] } { [ us8d ][ vucge ] } { [ 5384srw0n ] } { [ aadu1u ] } { [ x6c ] }
despues de colapsar { [ a ][ b2byyrml6 ][ p88f ] } { [ smqdjyn ] } { [ l ] } { [ uexkndbpn ][ hl8 ] } { [ bf ] } { [ utwawjud ] } { [ djp ][ 0rsxaqdpj ] } { [ g ][ it ] } { [ kxn3pleu4 ] } { [ jl9u ] } { [ mbu ][ k57 ] } { [ fgb5 ] } { [ hmb9xru ] } { [ 2b ] } { [ ewwjg ] } { [ y41dbcama6 ] } { [ w7si61 ] } { [ s ] } { [ uvsu8cdge ] } { [ 5384srw0n ] } { [ aadu1u ] } { [ x6c ] }
antes   de filtrar: { [ a ][ b2byyrml6 ][ p88f ][ g1v0n ][ 6 ] } { [ smqdjyn ] } { [ l ] } { [ uexkndbpn ][ hl8 ] } { [ bf ] } { [ utwawjud ] } { [ djp ][ 0rsxaqdpj ] } { [ g ][ it ] } { [ kxn3pleu4 ] } { [ jl9u ] } { [ mbu ][ k57 ] } { [ fgb5 ] } { [ hmb9xru ] } { [ 2b ] } { [ ewwjg ] } { [ y41dbcama6 ] } { [ w7si61 ] } { [ s ] } { [ uvsu8cdge ][ 079ae44 ] } { [ 5384srw0n ] } { [ aadu1u ] } { [ x6c ] } { [ et6ikf3eh ] } { [ 5t0 ][ 2ayv4t979 ] } { [ jal ] } { [ hhmwftwn17 ] }
despues de filtrar: { [ a ][ b2byyrml6 ][ p88f ][ g1v0n ][ 6 ] } { [ smqdjyn ] } { [ l ] } { [ uexkndbpn ][ hl8 ] } { [ bf ] } { [ utwawjud ] } { [ djp ][ 0rsxaqdpj ] } { [ g ][ it ] } { [ mbu ][ k57 ] } { [ ewwjg ] } { [ s ] } { [ jal ] }
antes   de colapsar { [ a ][ b2byyrml6 ][ p88f ][ g1v0n ][ 6 ] } { [ smqdjyn ] } { [ l ] } { [ uexkndbpn ][ hl8 ] } { [ bf ] } { [ utwawjud ] } { [ djp ][ 0rsxaqdpj ] } { [ g ][ it ] } { [ mbu ][ k57 ] } { [ ewwjg ] } { [ s ] } { [ jal ] } { [ sr2 ] }
despues de colapsar { [ a ][ b2byyrml6 ][ p88f ][ g1v0n ][ 6 ] } { [ smqdjyn ] } { [ l ] } { [ uexkndbpn ][ hl8 ] } { [ bf ] } { [ utwawjud ] } { [ djp ][ 0rsxaqdpj ] } { [ g ][ it ] } { [ mbu ][ k57 ] } { [ ewwjg ] } { [ s ] } { [ jal ] } { [ sr2 ] }
