antes   de colapsar { [ j5ct ][ 00coxvbptb ] } { [ bij ] } { [ lfmar1l ] } { [ duu9 ] } { [ 8 ] }
despues de colapsar { [ j050cctoxv ] } { [ bij ] } { [ lfmar1l ] } { [ duu9 ] } { [ 8 ] }
antes   de filtrar: { [ j050cctoxv ] } { [ bij ][ ys97h5adly ] } { [ lfmar1l ][ d5gw ] } { [ duu9 ] } { [ 8 ][ 67 ] } { [ m ] } { [ 1px4 ] } { [ okqk6mt ] } { [ j00wc ] } { [ p7n49d5ro ] } { [ v8jb3d ] } { [ 2j0pan ] } { [ m81 ] } { [ pmvcn2ffc ] } { [ bsv28w8ew ] } { [ y ] }
despues de filtrar: { [ bij ][ ys97h5adly ] } { [ m ] } { [ y ] }
antes   de filtrar: { [ bij ][ ys97h5adly ] } { [ m ] } { [ y ] } { [ cw ] } { [ m ][ qprlomi ] } { [ 7c ] } { [ h ] } { [ rem8t4j ] } { [ 1so ] } { [ mwcrbnch ] }
despues de filtrar: { [ bij ][ ys97h5adly ] } { [ m ] } { [ y ] } { [ cw ] } { [ m ][ qprlomi ] } { [ h ] } { [ mwcrbnch ] }
antes   de colapsar { [ bij ][ ys97h5adly ] } { [ m ] } { [ y ] } { [ cw ] } { [ m ][ qprlomi ] } { [ h ] } { [ mwcrbnch ] }
despues de colapsar { [ bij ][ ys97h5adly ] } { [ m ] } { [ y ] } { [ cw ] } { [ m ][ qprlomi ] } { [ h ] } { [ mwcrbnch ] }
antes   de filtrar: { [ bij ][ ys97h5adly ] } { [ m ][ yi51 ] } { [ y ] } { [ cw ] } { [ m ][ qprlomi ] } { [ h ] } { [ mwcrbnch ] } { [ xxap5 ] } { [ 7rnbgxu ] }
despues de filtrar: { [ bij ][ ys97h5adly ] } { [ m ][ yi51 ] } { [ y ] } { [ cw ] } { [ m ][ qprlomi ] } { [ h ] } { [ mwcrbnch ] }
antes   de colapsar { [ bij ][ ys97h5adly ] } { [ m ][ yi51 ] } { [ y ] } { [ cw ] } { [ m ][ qprlomi ] } { [ h ] } { [ mwcrbnch ] } { [ udi59o52t ] } { [ k9jdu ] } { [ mecvl ] }
despues de colapsar { [ bij ][ ys97h5adly ] } { [ m ][ yi51 ] } { [ y ] } { [ cw ] } { [ m ][ qprlomi ] } { [ h ] } { [ mwcrbnch ] } { [ udi59o52t ] } { [ k9jdu ] } { [ mecvl ] }
antes   de filtrar: { [ bij ][ ys97h5adly ] } { [ m ][ yi51 ] } { [ y ] } { [ cw ][ dj ] } { [ m ][ qprlomi ] } { [ h ] } { [ mwcrbnch ] } { [ udi59o52t ] } { [ k9jdu ] } { [ mecvl ] }
despues de filtrar: { [ bij ][ ys97h5adly ] } { [ m ][ yi51 ] } { [ y ] } { [ cw ][ dj ] } { [ m ][ qprlomi ] } { [ h ] } { [ mwcrbnch ] } { [ mecvl ] }
antes   de colapsar { [ bij ][ ys97h5adly ] } { [ m ][ yi51 ] } { [ y ] } { [ cw ][ dj ] } { [ m ][ qprlomi ] } { [ h ] } { [ mwcrbnch ] } { [ mecvl ] }
despues de colapsar { [ bij ][ ys97h5adly ] } { [ m ][ yi51 ] } { [ y ] } { [ cw ][ dj ] } { [ m ][ qprlomi ] } { [ h ] } { [ mwcrbnch ] } { [ mecvl ] }
antes   de filtrar: { [ bij ][ ys97h5adly ] } { [ m ][ yi51 ] } { [ y ] } { [ cw ][ dj ] } { [ m ][ qprlomi ] } { [ h ] } { [ mwcrbnch ] } { [ mecvl ] } { [ erknu6n6ci ] } { [ mh ] }
despues de filtrar: { [ bij ][ ys97h5adly ] } { [ m ][ yi51 ] } { [ y ] } { [ cw ][ dj ] } { [ m ][ qprlomi ] } { [ h ] } { [ mwcrbnch ] } { [ mecvl ] } { [ mh ] }
antes   de colapsar { [ bij ][ ys97h5adly ] } { [ m ][ yi51 ] } { [ y ] } { [ cw ][ dj ] } { [ m ][ qprlomi ] } { [ h ] } { [ mwcrbnch ] } { [ mecvl ] } { [ mh ] } { [ 4pgs10d8 ] } { [ 2yfn561 ] } { [ wmlwbi ][ luy ] } { [ wtrj41 ] }
despues de colapsar { [ bij ][ ys97h5adly ] } { [ m ][ yi51 ] } { [ y ] } { [ cw ][ dj ] } { [ m ][ qprlomi ] } { [ h ] } { [ mwcrbnch ] } { [ mecvl ] } { [ mh ] } { [ 4pgs10d8 ] } { [ 2yfn561 ] } { [ wmlwbi ][ luy ] } { [ wtrj41 ] }
antes   de filtrar: { [ 9c ][ 5gqie ] } { [ 1v66mc5j2f ] }
despues de filtrar: <vacia>
antes   de colapsar <vacia>
despues de colapsar <vacia>
antes   de colapsar <vacia>
despues de colapsar <vacia>
antes   de filtrar: { [ sqhfu8d3hp ][ mt8nn ][ ou29lk262y ][ nkd2lpyj3 ] } { [ t186o ][ pxiwouo ][ pqf8 ] } { [ fdy1id ] } { [ 86uvi0bjrj ][ 7p378l ][ 129f7t ] } { [ m2rkx65lhh ] } { [ m0rhu5 ] } { [ j3oo7rci82 ] } { [ 39duwxi ] } { [ vxt ][ vx ] } { [ k26ytmiug ] } { [ np ] } { [ 0o62a ] } { [ ug ] } { [ agsgi0l8e ] } { [ lm ][ lsu ] } { [ f4rbo ][ 7oetj ] } { [ i ] } { [ v ] }
despues de filtrar: { [ vxt ][ vx ] } { [ np ] } { [ ug ] } { [ lm ][ lsu ] } { [ i ] } { [ v ] }
antes   de filtrar: { [ vxt ][ vx ] } { [ np ] } { [ ug ] } { [ lm ][ lsu ] } { [ i ] } { [ v ] } { [ l812re6lwt ] }
despues de filtrar: { [ vxt ][ vx ] } { [ np ] } { [ ug ] } { [ lm ][ lsu ] } { [ i ] } { [ v ] }
antes   de colapsar { [ vxt ][ vx ] } { [ np ] } { [ ug ] } { [ lm ][ lsu ] } { [ i ] } { [ v ] } { [ ctxvroluh ] } { [ xlni6 ] }
despues de colapsar { [ vxt ][ vx ] } { [ np ] } { [ ug ] } { [ lm ][ lsu ] } { [ i ] } { [ v ] } { [ ctxvroluh ] } { [ xlni6 ] }
antes   de filtrar: { [ vxt ][ vx ] } { [ np ] } { [ ug ] } { [ lm ][ lsu ] } { [ i ] } { [ v ] } { [ ctxvroluh ][ 2rrl7w1 ] } { [ xlni6 ] }
despues de filtrar: { [ vxt ][ vx ] } { [ np ] } { [ ug ] } { [ lm ][ lsu ] } { [ i ] } { [ v ] } { [ ctxvroluh ][ 2rrl7w1 ] }
antes   de colapsar { [ vxt ][ vx ] } { [ np ] } { [ ug ] } { [ lm ][ lsu ] } { [ i ] } { [ v ] } { [ ctxvroluh ][ 2rrl7w1 ] }
despues de colapsar { [ vxt ][ vx ] } { [ np ] } { [ ug ] } { [ lm ][ lsu ] } { [ i ] } { [ v ] } { [ ctxvroluh ][ 2rrl7w1 ] }
antes   de colapsar { [ vxt ][ vx ] } { [ np ] } { [ ug ] } { [ lm ][ lsu ] } { [ i ] } { [ v ] } { [ ctxvroluh ][ 2rrl7w1 ] } { [ plhdoxkj2 ] } { [ xs ] }
despues de colapsar { [ vxt ][ vx ] } { [ np ] } { [ ug ] } { [ lm ][ lsu ] } { [ i ] } { [ v ] } { [ ctxvroluh ][ 2rrl7w1 ] } { [ plhdoxkj2 ] } { [ xs ] }
antes   de filtrar: { [ vxt ][ vx ] } { [ np ] } { [ ug ] } { [ lm ][ lsu ] } { [ i ] } { [ v ] } { [ ctxvroluh ][ 2rrl7w1 ] } { [ plhdoxkj2 ] } { [ xs ] } { [ g2epdauf6i ] } { [ dan9urb ][ t9m2uwsb ] } { [ ik1qyk ] }
despues de filtrar: { [ vxt ][ vx ] } { [ np ] } { [ ug ] } { [ lm ][ lsu ] } { [ i ] } { [ v ] } { [ ctxvroluh ][ 2rrl7w1 ] } { [ xs ] }
antes   de filtrar: <vacia>
despues de filtrar: <vacia>
antes   de colapsar { [ -22.696485 ][ -5.871494 ] } { [ 54.347805 ] } { [ 3.963419 ] } { [ 1.861971 ] } { [ 68.775046 ] } { [ 73.889456 ] }
despues de colapsar { [ -22.696485 ][ -5.871494 ] } { [ 54.347805 ] } { [ 3.963419 ] } { [ 1.861971 ] } { [ 68.775046 ] } { [ 73.889456 ] }
antes   de filtrar: { [ -22.696485 ][ -5.871494 ] } { [ 54.347805 ] } { [ 3.963419 ] } { [ 1.861971 ] } { [ 68.775046 ] } { [ 73.889456 ] }
despues de filtrar: { [ -22.696485 ][ -5.871494 ] } { [ 54.347805 ] }
antes   de filtrar: { [ -22.696485 ][ -5.871494 ] } { [ 54.347805 ] } { [ 74.398115 ] }
despues de filtrar: { [ -22.696485 ][ -5.871494 ] } { [ 54.347805 ] } { [ 74.398115 ] }
antes   de filtrar: { [ -22.696485 ][ -5.871494 ] } { [ 54.347805 ] } { [ 74.398115 ] }
despues de filtrar: { [ -22.696485 ][ -5.871494 ] } { [ 54.347805 ] } { [ 74.398115 ] }
antes   de colapsar { [ -22.696485 ][ -5.871494 ][ -10.896827 ] } { [ 54.347805 ] } { [ 74.398115 ] } { [ 50.974093 ][ 36.376436 ] } { [ 49.377408 ] } { [ -11.076042 ] } { [ 26.899195 ][ 50.325660 ] } { [ 1.985613 ] }
despues de colapsar { [ -22.696485 ][ -5.871494 ][ -10.896827 ] } { [ 54.347805 ] } { [ 74.398115 ] } { [ 9.346150 ] } { [ 49.377408 ] } { [ -11.076042 ] } { [ 8.787767 ] } { [ 1.985613 ] }
antes   de colapsar { [ -22.696485 ][ -5.871494 ][ -10.896827 ] } { [ 54.347805 ][ 68.655168 ] } { [ 74.398115 ] } { [ 9.346150 ] } { [ 49.377408 ] } { [ -11.076042 ] } { [ 8.787767 ] } { [ 1.985613 ] } { [ 34.044688 ] }
despues de colapsar { [ -22.696485 ][ -5.871494 ][ -10.896827 ] } { [ 54.347805 ][ 68.655168 ] } { [ 74.398115 ] } { [ 9.346150 ] } { [ 49.377408 ] } { [ -11.076042 ] } { [ 8.787767 ] } { [ 1.985613 ] } { [ 34.044688 ] }
antes   de filtrar: { [ -22.696485 ][ -5.871494 ][ -10.896827 ] } { [ 54.347805 ][ 68.655168 ] } { [ 74.398115 ][ -13.219663 ] } { [ 9.346150 ] } { [ 49.377408 ] } { [ -11.076042 ] } { [ 8.787767 ] } { [ 1.985613 ] } { [ 34.044688 ] } { [ 24.982200 ] }
despues de filtrar: { [ -22.696485 ][ -5.871494 ][ -10.896827 ] } { [ 54.347805 ][ 68.655168 ] } { [ 74.398115 ][ -13.219663 ] } { [ 9.346150 ] } { [ 49.377408 ] } { [ -11.076042 ] } { [ 34.044688 ] }
antes   de colapsar { [ -22.696485 ][ -5.871494 ][ -10.896827 ] } { [ 54.347805 ][ 68.655168 ] } { [ 74.398115 ][ -13.219663 ][ 29.359493 ] } { [ 9.346150 ] } { [ 49.377408 ] } { [ -11.076042 ] } { [ 34.044688 ] } { [ 39.540647 ] } { [ 34.915898 ] } { [ 38.017247 ] } { [ 47.436483 ] } { [ 30.115445 ] } { [ 32.258437 ] } { [ -20.519128 ] } { [ 5.745447 ] } { [ 2.462422 ] } { [ 35.518977 ] } { [ -15.200170 ] }
despues de colapsar { [ -22.696485 ][ -5.871494 ][ -10.896827 ] } { [ 54.347805 ][ 68.655168 ] } { [ 74.398115 ][ -13.219663 ][ 29.359493 ] } { [ 9.346150 ] } { [ 49.377408 ] } { [ -11.076042 ] } { [ 34.044688 ] } { [ 39.540647 ] } { [ 34.915898 ] } { [ 38.017247 ] } { [ 47.436483 ] } { [ 30.115445 ] } { [ 32.258437 ] } { [ -20.519128 ] } { [ 5.745447 ] } { [ 2.462422 ] } { [ 35.518977 ] } { [ -15.200170 ] }
antes   de colapsar { [ -22.696485 ][ -5.871494 ][ -10.896827 ] } { [ 54.347805 ][ 68.655168 ] } { [ 74.398115 ][ -13.219663 ][ 29.359493 ] } { [ 9.346150 ] } { [ 49.377408 ] } { [ -11.076042 ][ 17.242371 ] } { [ 34.044688 ] } { [ 39.540647 ] } { [ 34.915898 ] } { [ 38.017247 ] } { [ 47.436483 ][ 2.805043 ] } { [ 30.115445 ] } { [ 32.258437 ] } { [ -20.519128 ] } { [ 5.745447 ] } { [ 2.462422 ] } { [ 35.518977 ] } { [ -15.200170 ] } { [ 37.435245 ] } { [ 49.392913 ] }
despues de colapsar { [ -22.696485 ][ -5.871494 ][ -10.896827 ] } { [ 54.347805 ][ 68.655168 ] } { [ 74.398115 ][ -13.219663 ][ 29.359493 ] } { [ 9.346150 ] } { [ 49.377408 ] } { [ -11.076042 ][ 17.242371 ] } { [ 34.044688 ] } { [ 39.540647 ] } { [ 34.915898 ] } { [ 38.017247 ] } { [ 47.436483 ][ 2.805043 ] } { [ 30.115445 ] } { [ 32.258437 ] } { [ -20.519128 ] } { [ 5.745447 ] } { [ 2.462422 ] } { [ 35.518977 ] } { [ -15.200170 ] } { [ 37.435245 ] } { [ 49.392913 ] }
antes   de colapsar { [ 39.589855 ][ 12.908719 ] }
despues de colapsar { [ 7.245590 ] }
antes   de filtrar: { [ 7.245590 ] } { [ 74.142200 ] }
despues de filtrar: { [ 7.245590 ] } { [ 74.142200 ] }
antes   de colapsar { [ 7.245590 ] } { [ 74.142200 ] } { [ -12.709330 ][ 15.962517 ] } { [ 71.565238 ] } { [ 55.276210 ] } { [ 5.518643 ] }
despues de colapsar { [ 7.245590 ] } { [ 74.142200 ] } { [ -12.709330 ][ 15.962517 ] } { [ 71.565238 ] } { [ 55.276210 ] } { [ 5.518643 ] }
antes   de filtrar: { [ 7.245590 ] } { [ 74.142200 ][ 68.127053 ] } { [ -12.709330 ][ 15.962517 ] } { [ 71.565238 ] } { [ 55.276210 ] } { [ 5.518643 ] } { [ 49.098436 ] } { [ -7.463807 ] } { [ 28.785356 ] }
despues de filtrar: { [ 7.245590 ] } { [ 74.142200 ][ 68.127053 ] } { [ -12.709330 ][ 15.962517 ] } { [ 55.276210 ] } { [ 49.098436 ] } { [ -7.463807 ] }
antes   de filtrar: { [ 7.245590 ] } { [ 74.142200 ][ 68.127053 ] } { [ -12.709330 ][ 15.962517 ] } { [ 55.276210 ] } { [ 49.098436 ] } { [ -7.463807 ] }
despues de filtrar: { [ 7.245590 ] } { [ 74.142200 ][ 68.127053 ] } { [ -12.709330 ][ 15.962517 ] } { [ 55.276210 ] } { [ 49.098436 ] } { [ -7.463807 ] }
antes   de filtrar: { [ 7.245590 ] } { [ 74.142200 ][ 68.127053 ] } { [ -12.709330 ][ 15.962517 ] } { [ 55.276210 ] } { [ 49.098436 ] } { [ -7.463807 ] } { [ 71.419439 ] }
despues de filtrar: { [ 7.245590 ] } { [ 74.142200 ][ 68.127053 ] } { [ -12.709330 ][ 15.962517 ] } { [ 55.276210 ] } { [ 49.098436 ] } { [ -7.463807 ] } { [ 71.419439 ] }
antes   de colapsar { [ 7.245590 ] } { [ 74.142200 ][ 68.127053 ] } { [ -12.709330 ][ 15.962517 ] } { [ 55.276210 ] } { [ 49.098436 ] } { [ -7.463807 ] } { [ 71.419439 ] } { [ 40.508432 ] } { [ -6.914254 ] } { [ 57.381131 ] } { [ -21.961552 ] } { [ -17.155390 ] }
despues de colapsar { [ 7.245590 ] } { [ 74.142200 ][ 68.127053 ] } { [ -12.709330 ][ 15.962517 ] } { [ 55.276210 ] } { [ 49.098436 ] } { [ -7.463807 ] } { [ 71.419439 ] } { [ 40.508432 ] } { [ -6.914254 ] } { [ 57.381131 ] } { [ -21.961552 ] } { [ -17.155390 ] }
antes   de colapsar { [ 7.245590 ] } { [ 74.142200 ][ 68.127053 ] } { [ -12.709330 ][ 15.962517 ] } { [ 55.276210 ] } { [ 49.098436 ][ 63.822789 ] } { [ -7.463807 ] } { [ 71.419439 ] } { [ 40.508432 ] } { [ -6.914254 ] } { [ 57.381131 ][ 59.113360 ] } { [ -21.961552 ][ 8.599595 ] } { [ -17.155390 ] } { [ -14.092794 ] } { [ -23.209218 ] } { [ 68.434444 ] } { [ -12.769088 ] } { [ 74.507285 ] } { [ 5.090242 ] } { [ 5.571045 ] } { [ 61.456101 ] }
despues de colapsar { [ 7.245590 ] } { [ 74.142200 ][ 68.127053 ] } { [ -12.709330 ][ 15.962517 ] } { [ 55.276210 ] } { [ 49.098436 ][ 63.822789 ] } { [ -7.463807 ] } { [ 71.419439 ] } { [ 40.508432 ] } { [ -6.914254 ] } { [ 57.381131 ][ 59.113360 ] } { [ -21.961552 ][ 8.599595 ] } { [ -17.155390 ] } { [ -14.092794 ] } { [ -23.209218 ] } { [ 68.434444 ] } { [ -12.769088 ] } { [ 74.507285 ] } { [ 5.090242 ] } { [ 5.571045 ] } { [ 61.456101 ] }
antes   de filtrar: { [ 7.245590 ] } { [ 74.142200 ][ 68.127053 ] } { [ -12.709330 ][ 15.962517 ] } { [ 55.276210 ] } { [ 49.098436 ][ 63.822789 ] } { [ -7.463807 ] } { [ 71.419439 ] } { [ 40.508432 ] } { [ -6.914254 ][ -18.853519 ] } { [ 57.381131 ][ 59.113360 ][ 62.364876 ] } { [ -21.961552 ][ 8.599595 ] } { [ -17.155390 ] } { [ -14.092794 ] } { [ -23.209218 ][ -23.750250 ] } { [ 68.434444 ] } { [ -12.769088 ] } { [ 74.507285 ] } { [ 5.090242 ] } { [ 5.571045 ] } { [ 61.456101 ] } { [ 31.873175 ] }
despues de filtrar: { [ 7.245590 ] } { [ 74.142200 ][ 68.127053 ] } { [ -12.709330 ][ 15.962517 ] } { [ 55.276210 ] } { [ 49.098436 ][ 63.822789 ] } { [ -7.463807 ] } { [ 71.419439 ] } { [ -6.914254 ][ -18.853519 ] } { [ 57.381131 ][ 59.113360 ][ 62.364876 ] } { [ -21.961552 ][ 8.599595 ] } { [ -17.155390 ] } { [ -14.092794 ] } { [ -23.209218 ][ -23.750250 ] } { [ 68.434444 ] } { [ -12.769088 ] } { [ 5.090242 ] } { [ 61.456101 ] }
antes   de colapsar { [ 7.245590 ] } { [ 74.142200 ][ 68.127053 ] } { [ -12.709330 ][ 15.962517 ] } { [ 55.276210 ] } { [ 49.098436 ][ 63.822789 ] } { [ -7.463807 ] } { [ 71.419439 ] } { [ -6.914254 ][ -18.853519 ] } { [ 57.381131 ][ 59.113360 ][ 62.364876 ] } { [ -21.961552 ][ 8.599595 ] } { [ -17.155390 ] } { [ -14.092794 ] } { [ -23.209218 ][ -23.750250 ] } { [ 68.434444 ] } { [ -12.769088 ] } { [ 5.090242 ] } { [ 61.456101 ] } { [ 22.192806 ] } { [ 47.481365 ] }
despues de colapsar { [ 7.245590 ] } { [ 74.142200 ][ 68.127053 ] } { [ -12.709330 ][ 15.962517 ] } { [ 55.276210 ] } { [ 49.098436 ][ 63.822789 ] } { [ -7.463807 ] } { [ 71.419439 ] } { [ -6.914254 ][ -18.853519 ] } { [ 57.381131 ][ 59.113360 ][ 62.364876 ] } { [ -21.961552 ][ 8.599595 ] } { [ -17.155390 ] } { [ -14.092794 ] } { [ -23.209218 ][ -23.750250 ] } { [ 68.434444 ] } { [ -12.769088 ] } { [ 5.090242 ] } { [ 61.456101 ] } { [ 22.192806 ] } { [ 47.481365 ] }
antes   de filtrar: { [ kaceip203m ] }
despues de filtrar: <vacia>
antes   de filtrar: <vacia>
despues de filtrar: <vacia>
antes   de filtrar: { [ 4k5vsmb ] } { [ p ][ n9ni3m48y ] } { [ 79c8 ][ w20uq72ctm ] } { [ 29 ] } { [ n ] }
despues de filtrar: { [ p ][ n9ni3m48y ] } { [ n ] }
antes   de colapsar { [ p ][ n9ni3m48y ] } { [ n ] } { [ 4s5 ] } { [ 68kxyhf8l ] } { [ 7tm1e4 ] } { [ r2dn8dkr ] } { [ dswyblcq ] }
despues de colapsar { [ p ][ n9ni3m48y ] } { [ n ] } { [ 4s5 ] } { [ 68kxyhf8l ] } { [ 7tm1e4 ] } { [ r2dn8dkr ] } { [ dswyblcq ] }
antes   de colapsar { [ p ][ n9ni3m48y ] } { [ n ] } { [ 4s5 ] } { [ 68kxyhf8l ] } { [ 7tm1e4 ] } { [ r2dn8dkr ] } { [ dswyblcq ] }
despues de colapsar { [ p ][ n9ni3m48y ] } { [ n ] } { [ 4s5 ] } { [ 68kxyhf8l ] } { [ 7tm1e4 ] } { [ r2dn8dkr ] } { [ dswyblcq ] }
antes   de colapsar { [ p ][ n9ni3m48y ] } { [ n ] } { [ 4s5 ] } { [ 68kxyhf8l ] } { [ 7tm1e4 ] } { [ r2dn8dkr ] } { [ dswyblcq ] } { [ 5vqut65 ] }
despues de colapsar { [ p ][ n9ni3m48y ] } { [ n ] } { [ 4s5 ] } { [ 68kxyhf8l ] } { [ 7tm1e4 ] } { [ r2dn8dkr ] } { [ dswyblcq ] } { [ 5vqut65 ] }
antes   de filtrar: { [ p ][ n9ni3m48y ] } { [ n ] } { [ 4s5 ] } { [ 68kxyhf8l ] } { [ 7tm1e4 ] } { [ r2dn8dkr ] } { [ dswyblcq ] } { [ 5vqut65 ] } { [ 10o ][ ik2ee3x ] } { [ 4b1dn ] } { [ p ] } { [ t ] } { [ u5p7s ] } { [ d3 ] }
despues de filtrar: { [ p ][ n9ni3m48y ] } { [ n ] } { [ dswyblcq ] } { [ p ] } { [ t ] }
antes   de colapsar { [ p ][ n9ni3m48y ] } { [ n ] } { [ dswyblcq ][ px93 ] } { [ p ] } { [ t ] } { [ suxgp ][ 4ur ] } { [ b7k ] } { [ 89gq ][ xpeys7xs ] } { [ pylsajvy04 ] }
despues de colapsar { [ p ][ n9ni3m48y ] } { [ n ] } { [ dswyblcq ][ px93 ] } { [ p ] } { [ t ] } { [ suxgp ][ 4ur ] } { [ b7k ] } { [ 8x9pgeqys7 ] } { [ pylsajvy04 ] }
antes   de colapsar { [ p ][ n9ni3m48y ] } { [ n ] } { [ dswyblcq ][ px93 ] } { [ p ] } { [ t ] } { [ suxgp ][ 4ur ][ s0pqxw3 ] } { [ b7k ] } { [ 8x9pgeqys7 ] } { [ pylsajvy04 ] } { [ yidwef ] } { [ 608fy2s0f ] } { [ m ] } { [ mu9cjhrj ] }
despues de colapsar { [ p ][ n9ni3m48y ] } { [ n ] } { [ dswyblcq ][ px93 ] } { [ p ] } { [ t ] } { [ suxgp ][ 4ur ][ s0pqxw3 ] } { [ b7k ] } { [ 8x9pgeqys7 ] } { [ pylsajvy04 ] } { [ yidwef ] } { [ 608fy2s0f ] } { [ m ] } { [ mu9cjhrj ] }
antes   de filtrar: { [ p ][ n9ni3m48y ] } { [ n ] } { [ dswyblcq ][ px93 ] } { [ p ] } { [ t ] } { [ suxgp ][ 4ur ][ s0pqxw3 ] } { [ b7k ] } { [ 8x9pgeqys7 ] } { [ pylsajvy04 ] } { [ yidwef ] } { [ 608fy2s0f ] } { [ m ] } { [ mu9cjhrj ] } { [ 0e65icy3h5 ] }
despues de filtrar: { [ p ][ n9ni3m48y ] } { [ n ] } { [ dswyblcq ][ px93 ] } { [ p ] } { [ t ] } { [ suxgp ][ 4ur ][ s0pqxw3 ] } { [ yidwef ] } { [ m ] }
