antes   de filtrar: { [ u ] } { [ u ] } { [ bd ] } { [ 9lcfgwmu0 ] }
despues de filtrar: { [ u ] } { [ u ] } { [ bd ] }
antes   de colapsar { [ u ] } { [ u ] } { [ bd ] } { [ o17oo9t ] }
despues de colapsar { [ u ] } { [ u ] } { [ bd ] } { [ o17oo9t ] }
antes   de filtrar: { [ u ] } { [ u ] } { [ bd ] } { [ o17oo9t ] } { [ 1lj ][ l ] } { [ y ][ 8qt ] } { [ fbeom ] } { [ 8j3 ] }
despues de filtrar: { [ u ] } { [ u ] } { [ bd ] } { [ y ][ 8qt ] } { [ fbeom ] }
antes   de filtrar: { [ u ] } { [ u ] } { [ bd ] } { [ y ][ 8qt ] } { [ fbeom ] } { [ k18py3at ] } { [ 4jk92 ] }
despues de filtrar: { [ u ] } { [ u ] } { [ bd ] } { [ y ][ 8qt ] } { [ fbeom ] }
antes   de filtrar: { [ u ] } { [ u ] } { [ bd ] } { [ y ][ 8qt ] } { [ fbeom ] } { [ thmk0u39 ] } { [ lxcnsncy ] } { [ 4jv9x ] }
despues de filtrar: { [ u ] } { [ u ] } { [ bd ] } { [ y ][ 8qt ] } { [ fbeom ] } { [ lxcnsncy ] }
antes   de colapsar { [ u ][ 65cugi ] } { [ u ] } { [ bd ] } { [ y ][ 8qt ] } { [ fbeom ] } { [ lxcnsncy ][ nbnwk2 ] } { [ 3i ] } { [ 04 ] } { [ 2scfd ] }
despues de colapsar { [ u ][ 65cugi ] } { [ u ] } { [ bd ] } { [ y ][ 8qt ] } { [ fbeom ] } { [ lxcnsncy ][ nbnwk2 ] } { [ 3i ] } { [ 04 ] } { [ 2scfd ] }
antes   de colapsar { [ u ][ 65cugi ] } { [ u ] } { [ bd ] } { [ y ][ 8qt ] } { [ fbeom ] } { [ lxcnsncy ][ nbnwk2 ] } { [ 3i ] } { [ 04 ] } { [ 2scfd ] }
despues de colapsar { [ u ][ 65cugi ] } { [ u ] } { [ bd ] } { [ y ][ 8qt ] } { [ fbeom ] } { [ lxcnsncy ][ nbnwk2 ] } { [ 3i ] } { [ 04 ] } { [ 2scfd ] }
antes   de colapsar { [ u ][ 65cugi ] } { [ u ] } { [ bd ] } { [ y ][ 8qt ] } { [ fbeom ] } { [ lxcnsncy ][ nbnwk2 ] } { [ 3i ] } { [ 04 ] } { [ 2scfd ] } { [ 34 ] }
despues de colapsar { [ u ][ 65cugi ] } { [ u ] } { [ bd ] } { [ y ][ 8qt ] } { [ fbeom ] } { [ lxcnsncy ][ nbnwk2 ] } { [ 3i ] } { [ 04 ] } { [ 2scfd ] } { [ 34 ] }
antes   de colapsar { [ u ][ 65cugi ] } { [ u ][ adyl4 ] } { [ bd ][ 4r ] } { [ y ][ 8qt ][ 81tbn19 ] } { [ fbeom ] } { [ lxcnsncy ][ nbnwk2 ][ wx ] } { [ 3i ][ 6n6lotf ] } { [ 04 ] } { [ 2scfd ] } { [ 34 ][ kl ] } { [ lfh0g8y4 ] } { [ w2 ] } { [ m4km8t20og ] } { [ wvkk14aje ] } { [ qt84kcgux1 ] } { [ kh8tsv8 ] } { [ 8vv ] } { [ vq38euk26q ] } { [ o1e ] } { [ w84f1i8x ] } { [ fhud ] }
despues de colapsar { [ u ][ 65cugi ] } { [ u ][ adyl4 ] } { [ bd ][ 4r ] } { [ y ][ 8qt ][ 81tbn19 ] } { [ fbeom ] } { [ lxcnsncy ][ nbnwk2 ][ wx ] } { [ 36in6lotf ] } { [ 04 ] } { [ 2scfd ] } { [ 3k4l ] } { [ lfh0g8y4 ] } { [ w2 ] } { [ m4km8t20og ] } { [ wvkk14aje ] } { [ qt84kcgux1 ] } { [ kh8tsv8 ] } { [ 8vv ] } { [ vq38euk26q ] } { [ o1e ] } { [ w84f1i8x ] } { [ fhud ] }
antes   de filtrar: { [ u ][ 65cugi ] } { [ u ][ adyl4 ] } { [ bd ][ 4r ] } { [ y ][ 8qt ][ 81tbn19 ] } { [ fbeom ] } { [ lxcnsncy ][ nbnwk2 ][ wx ] } { [ 36in6lotf ] } { [ 04 ] } { [ 2scfd ] } { [ 3k4l ] } { [ lfh0g8y4 ] } { [ w2 ] } { [ m4km8t20og ] } { [ wvkk14aje ] } { [ qt84kcgux1 ] } { [ kh8tsv8 ] } { [ 8vv ] } { [ vq38euk26q ] } { [ o1e ] } { [ w84f1i8x ] } { [ fhud ] }
despues de filtrar: { [ u ][ 65cugi ] } { [ u ][ adyl4 ] } { [ bd ][ 4r ] } { [ y ][ 8qt ][ 81tbn19 ] } { [ fbeom ] } { [ lxcnsncy ][ nbnwk2 ][ wx ] } { [ fhud ] }
antes   de colapsar <vacia>
despues de colapsar <vacia>
antes   de filtrar: { [ nka7vxn7pk ] } { [ 2145qhrs ][ rkplfn3ud ][ lbn6k22hb ] } { [ s77 ][ 0b0kyg ] } { [ dg ] } { [ ea462n7s1o ] } { [ 733ds8xv ] } { [ 0uwt0 ] } { [ ytj5pbiy7m ] }
despues de filtrar: { [ dg ] }
antes   de colapsar { [ dg ] }
despues de colapsar { [ dg ] }
antes   de filtrar: { [ dg ][ axmp ] } { [ vrps4 ] } { [ b ] }
despues de filtrar: { [ dg ][ axmp ] } { [ b ] }
antes   de colapsar { [ dg ][ axmp ] } { [ b ] } { [ 1bw3ahc1 ] }
despues de colapsar { [ dg ][ axmp ] } { [ b ] } { [ 1bw3ahc1 ] }
antes   de filtrar: { [ dg ][ axmp ] } { [ b ] } { [ 1bw3ahc1 ] } { [ 4tjm ] } { [ nk918e1rg ] } { [ aooqb2iaj ] } { [ r6fm ] } { [ 4k7 ] } { [ gj3 ] }
despues de filtrar: { [ dg ][ axmp ] } { [ b ] }
antes   de filtrar: { [ dg ][ axmp ][ gedhrmh0gx ] } { [ b ] } { [ bn79 ] } { [ hgvvqe5j ] }
despues de filtrar: { [ dg ][ axmp ][ gedhrmh0gx ] } { [ b ] }
antes   de colapsar { [ dg ][ axmp ][ gedhrmh0gx ] } { [ b ] }
despues de colapsar { [ dg ][ axmp ][ gedhrmh0gx ] } { [ b ] }
antes   de colapsar { [ dg ][ axmp ][ gedhrmh0gx ] } { [ b ] }
despues de colapsar { [ dg ][ axmp ][ gedhrmh0gx ] } { [ b ] }
antes   de filtrar: { [ dg ][ axmp ][ gedhrmh0gx ][ we4 ][ uayws13faj ] } { [ b ] } { [ 45n3pg8lej ] } { [ d ] } { [ by955o6oq ] } { [ fl174cill ] } { [ ohw33 ] } { [ x9ce7y ] }
despues de filtrar: { [ dg ][ axmp ][ gedhrmh0gx ][ we4 ][ uayws13faj ] } { [ b ] } { [ d ] }
antes   de colapsar { [ 2ic ] } { [ da ] } { [ i2k0rt62h ][ iwg3 ] } { [ 88w ] }
despues de colapsar { [ 2ic ] } { [ da ] } { [ ii2wkg03rt ] } { [ 88w ] }
antes   de filtrar: { [ 2ic ] } { [ da ] } { [ ii2wkg03rt ][ llw4g ] } { [ 88w ] } { [ yvwx2qq03s ] } { [ s ] }
despues de filtrar: { [ da ] } { [ s ] }
antes   de filtrar: { [ da ] } { [ s ][ xyiv ] } { [ 99e8wi1q9 ][ va ][ kiqdw80fr ] } { [ y2he81 ][ fbu ] } { [ n8wa ] } { [ kh ][ dyuhlky6 ] } { [ xntxvua41 ] } { [ sh5kwcji ] }
despues de filtrar: { [ da ] } { [ s ][ xyiv ] } { [ kh ][ dyuhlky6 ] }
antes   de colapsar { [ da ] } { [ s ][ xyiv ][ gpl7mq8ji6 ][ o0emot ] } { [ kh ][ dyuhlky6 ] } { [ 6k0 ] } { [ x ] } { [ 5bvvi ] } { [ 4qn9r ] } { [ oj9sly ] } { [ cecqbygked ] } { [ sbntj411t0 ] } { [ ykesc ] } { [ wf ] } { [ xqtg65evx ] } { [ nre ] } { [ du03ggau ] }
despues de colapsar { [ da ] } { [ s ][ xyiv ][ gpl7mq8ji6 ][ o0emot ] } { [ kh ][ dyuhlky6 ] } { [ 6k0 ] } { [ x ] } { [ 5bvvi ] } { [ 4qn9r ] } { [ oj9sly ] } { [ cecqbygked ] } { [ sbntj411t0 ] } { [ ykesc ] } { [ wf ] } { [ xqtg65evx ] } { [ nre ] } { [ du03ggau ] }
antes   de colapsar { [ da ] } { [ s ][ xyiv ][ gpl7mq8ji6 ][ o0emot ] } { [ kh ][ dyuhlky6 ] } { [ 6k0 ] } { [ x ] } { [ 5bvvi ] } { [ 4qn9r ] } { [ oj9sly ] } { [ cecqbygked ] } { [ sbntj411t0 ] } { [ ykesc ] } { [ wf ] } { [ xqtg65evx ] } { [ nre ][ yvk ] } { [ du03ggau ] } { [ d ] }
despues de colapsar { [ da ] } { [ s ][ xyiv ][ gpl7mq8ji6 ][ o0emot ] } { [ kh ][ dyuhlky6 ] } { [ 6k0 ] } { [ x ] } { [ 5bvvi ] } { [ 4qn9r ] } { [ oj9sly ] } { [ cecqbygked ] } { [ sbntj411t0 ] } { [ ykesc ] } { [ wf ] } { [ xqtg65evx ] } { [ nre ][ yvk ] } { [ du03ggau ] } { [ d ] }
antes   de colapsar { [ da ] } { [ s ][ xyiv ][ gpl7mq8ji6 ][ o0emot ] } { [ kh ][ dyuhlky6 ] } { [ 6k0 ] } { [ x ] } { [ 5bvvi ] } { [ 4qn9r ] } { [ oj9sly ] } { [ cecqbygked ] } { [ sbntj411t0 ] } { [ ykesc ][ a17s ] } { [ wf ] } { [ xqtg65evx ] } { [ nre ][ yvk ] } { [ du03ggau ] } { [ d ] } { [ rbn ] } { [ b0vmv21hd ] }
despues de colapsar { [ da ] } { [ s ][ xyiv ][ gpl7mq8ji6 ][ o0emot ] } { [ kh ][ dyuhlky6 ] } { [ 6k0 ] } { [ x ] } { [ 5bvvi ] } { [ 4qn9r ] } { [ oj9sly ] } { [ cecqbygked ] } { [ sbntj411t0 ] } { [ ykesc ][ a17s ] } { [ wf ] } { [ xqtg65evx ] } { [ nre ][ yvk ] } { [ du03ggau ] } { [ d ] } { [ rbn ] } { [ b0vmv21hd ] }
antes   de colapsar { [ da ] } { [ s ][ xyiv ][ gpl7mq8ji6 ][ o0emot ] } { [ kh ][ dyuhlky6 ] } { [ 6k0 ] } { [ x ] } { [ 5bvvi ] } { [ 4qn9r ] } { [ oj9sly ] } { [ cecqbygked ] } { [ sbntj411t0 ] } { [ ykesc ][ a17s ] } { [ wf ] } { [ xqtg65evx ] } { [ nre ][ yvk ] } { [ du03ggau ] } { [ d ] } { [ rbn ] } { [ b0vmv21hd ] }
despues de colapsar { [ da ] } { [ s ][ xyiv ][ gpl7mq8ji6 ][ o0emot ] } { [ kh ][ dyuhlky6 ] } { [ 6k0 ] } { [ x ] } { [ 5bvvi ] } { [ 4qn9r ] } { [ oj9sly ] } { [ cecqbygked ] } { [ sbntj411t0 ] } { [ ykesc ][ a17s ] } { [ wf ] } { [ xqtg65evx ] } { [ nre ][ yvk ] } { [ du03ggau ] } { [ d ] } { [ rbn ] } { [ b0vmv21hd ] }
antes   de filtrar: { [ da ] } { [ s ][ xyiv ][ gpl7mq8ji6 ][ o0emot ] } { [ kh ][ dyuhlky6 ] } { [ 6k0 ] } { [ x ] } { [ 5bvvi ] } { [ 4qn9r ] } { [ oj9sly ] } { [ cecqbygked ][ yd ] } { [ sbntj411t0 ] } { [ ykesc ][ a17s ] } { [ wf ] } { [ xqtg65evx ] } { [ nre ][ yvk ] } { [ du03ggau ] } { [ d ] } { [ rbn ] } { [ b0vmv21hd ] } { [ 6u6s5wxmt ] }
despues de filtrar: { [ da ] } { [ s ][ xyiv ][ gpl7mq8ji6 ][ o0emot ] } { [ kh ][ dyuhlky6 ] } { [ x ] } { [ cecqbygked ][ yd ] } { [ ykesc ][ a17s ] } { [ wf ] } { [ nre ][ yvk ] } { [ d ] } { [ rbn ] }
antes   de filtrar: { [ da ] } { [ s ][ xyiv ][ gpl7mq8ji6 ][ o0emot ] } { [ kh ][ dyuhlky6 ] } { [ x ] } { [ cecqbygked ][ yd ] } { [ ykesc ][ a17s ] } { [ wf ] } { [ nre ][ yvk ] } { [ d ] } { [ rbn ] } { [ jt ] } { [ url04cv ] }
despues de filtrar: { [ da ] } { [ s ][ xyiv ][ gpl7mq8ji6 ][ o0emot ] } { [ kh ][ dyuhlky6 ] } { [ x ] } { [ cecqbygked ][ yd ] } { [ ykesc ][ a17s ] } { [ wf ] } { [ nre ][ yvk ] } { [ d ] } { [ rbn ] } { [ jt ] }
antes   de filtrar: { [ da ] } { [ s ][ xyiv ][ gpl7mq8ji6 ][ o0emot ] } { [ kh ][ dyuhlky6 ][ o4o2y5v ] } { [ x ] } { [ cecqbygked ][ yd ] } { [ ykesc ][ a17s ] } { [ wf ] } { [ nre ][ yvk ] } { [ d ] } { [ rbn ] } { [ jt ] }
despues de filtrar: { [ da ] } { [ s ][ xyiv ][ gpl7mq8ji6 ][ o0emot ] } { [ kh ][ dyuhlky6 ][ o4o2y5v ] } { [ x ] } { [ cecqbygked ][ yd ] } { [ ykesc ][ a17s ] } { [ wf ] } { [ nre ][ yvk ] } { [ d ] } { [ rbn ] } { [ jt ] }
antes   de filtrar: { [ 8619 ][ 6026 ] } { [ 1976 ][ 896 ] } { [ 5500 ][ 9003 ] } { [ 5624 ] } { [ 6837 ] } { [ 7466 ] } { [ 5505 ] } { [ 8917 ] } { [ 8228 ] } { [ 9151 ] } { [ 7324 ] } { [ 5077 ] }
despues de filtrar: { [ 8619 ][ 6026 ] } { [ 1976 ][ 896 ] } { [ 5624 ] } { [ 6837 ] } { [ 7466 ] } { [ 8917 ] } { [ 8228 ] } { [ 9151 ] } { [ 7324 ] }
antes   de colapsar { [ 8619 ][ 6026 ] } { [ 1976 ][ 896 ] } { [ 5624 ][ 7874 ] } { [ 6837 ] } { [ 7466 ] } { [ 8917 ] } { [ 8228 ] } { [ 9151 ] } { [ 7324 ] } { [ 4290 ] }
despues de colapsar { [ 8619 ][ 6026 ] } { [ 1976 ][ 896 ] } { [ 5624 ][ 7874 ] } { [ 6837 ] } { [ 7466 ] } { [ 8917 ] } { [ 8228 ] } { [ 9151 ] } { [ 7324 ] } { [ 4290 ] }
antes   de colapsar { [ 8619 ][ 6026 ][ 3837 ] } { [ 1976 ][ 896 ] } { [ 5624 ][ 7874 ] } { [ 6837 ] } { [ 7466 ] } { [ 8917 ] } { [ 8228 ] } { [ 9151 ] } { [ 7324 ][ 5414 ] } { [ 4290 ] } { [ 7207 ] }
despues de colapsar { [ 8619 ][ 6026 ][ 3837 ] } { [ 1976 ][ 896 ] } { [ 5624 ][ 7874 ] } { [ 6837 ] } { [ 7466 ] } { [ 8917 ] } { [ 8228 ] } { [ 9151 ] } { [ 7324 ][ 5414 ] } { [ 4290 ] } { [ 7207 ] }
antes   de colapsar { [ 8619 ][ 6026 ][ 3837 ] } { [ 1976 ][ 896 ] } { [ 5624 ][ 7874 ] } { [ 6837 ] } { [ 7466 ] } { [ 8917 ] } { [ 8228 ] } { [ 9151 ] } { [ 7324 ][ 5414 ] } { [ 4290 ] } { [ 7207 ] } { [ 2305 ] } { [ 5364 ] }
despues de colapsar { [ 8619 ][ 6026 ][ 3837 ] } { [ 1976 ][ 896 ] } { [ 5624 ][ 7874 ] } { [ 6837 ] } { [ 7466 ] } { [ 8917 ] } { [ 8228 ] } { [ 9151 ] } { [ 7324 ][ 5414 ] } { [ 4290 ] } { [ 7207 ] } { [ 2305 ] } { [ 5364 ] }
antes   de filtrar: { [ 8619 ][ 6026 ][ 3837 ] } { [ 1976 ][ 896 ] } { [ 5624 ][ 7874 ] } { [ 6837 ] } { [ 7466 ] } { [ 8917 ] } { [ 8228 ] } { [ 9151 ][ 3441 ] } { [ 7324 ][ 5414 ][ 853 ] } { [ 4290 ] } { [ 7207 ] } { [ 2305 ] } { [ 5364 ] }
despues de filtrar: { [ 8619 ][ 6026 ][ 3837 ] } { [ 1976 ][ 896 ] } { [ 5624 ][ 7874 ] } { [ 6837 ] } { [ 7466 ] } { [ 8917 ] } { [ 8228 ] } { [ 9151 ][ 3441 ] } { [ 7324 ][ 5414 ][ 853 ] } { [ 5364 ] }
antes   de colapsar { [ 8619 ][ 6026 ][ 3837 ] } { [ 1976 ][ 896 ] } { [ 5624 ][ 7874 ] } { [ 6837 ] } { [ 7466 ] } { [ 8917 ] } { [ 8228 ] } { [ 9151 ][ 3441 ] } { [ 7324 ][ 5414 ][ 853 ] } { [ 5364 ] }
despues de colapsar { [ 8619 ][ 6026 ][ 3837 ] } { [ 1976 ][ 896 ] } { [ 5624 ][ 7874 ] } { [ 6837 ] } { [ 7466 ] } { [ 8917 ] } { [ 8228 ] } { [ 9151 ][ 3441 ] } { [ 7324 ][ 5414 ][ 853 ] } { [ 5364 ] }
antes   de filtrar: { [ 8619 ][ 6026 ][ 3837 ] } { [ 1976 ][ 896 ][ 1059 ] } { [ 5624 ][ 7874 ][ 5544 ] } { [ 6837 ][ 5049 ] } { [ 7466 ] } { [ 8917 ] } { [ 8228 ] } { [ 9151 ][ 3441 ] } { [ 7324 ][ 5414 ][ 853 ] } { [ 5364 ] } { [ 3927 ] } { [ 3419 ] } { [ 9352 ] } { [ 9357 ] } { [ 7372 ] } { [ 275 ] } { [ 2825 ] }
despues de filtrar: { [ 8619 ][ 6026 ][ 3837 ] } { [ 1976 ][ 896 ][ 1059 ] } { [ 5624 ][ 7874 ][ 5544 ] } { [ 6837 ][ 5049 ] } { [ 7466 ] } { [ 8917 ] } { [ 8228 ] } { [ 9151 ][ 3441 ] } { [ 7324 ][ 5414 ][ 853 ] } { [ 5364 ] } { [ 3927 ] } { [ 3419 ] } { [ 9352 ] } { [ 9357 ] } { [ 7372 ] } { [ 275 ] } { [ 2825 ] }
antes   de filtrar: { [ 8619 ][ 6026 ][ 3837 ] } { [ 1976 ][ 896 ][ 1059 ] } { [ 5624 ][ 7874 ][ 5544 ] } { [ 6837 ][ 5049 ] } { [ 7466 ] } { [ 8917 ] } { [ 8228 ] } { [ 9151 ][ 3441 ] } { [ 7324 ][ 5414 ][ 853 ] } { [ 5364 ] } { [ 3927 ] } { [ 3419 ] } { [ 9352 ] } { [ 9357 ] } { [ 7372 ] } { [ 275 ] } { [ 2825 ] }
despues de filtrar: { [ 8619 ][ 6026 ][ 3837 ] } { [ 1976 ][ 896 ][ 1059 ] } { [ 5624 ][ 7874 ][ 5544 ] } { [ 6837 ][ 5049 ] } { [ 7466 ] } { [ 8917 ] } { [ 8228 ] } { [ 9151 ][ 3441 ] } { [ 7324 ][ 5414 ][ 853 ] } { [ 5364 ] } { [ 3927 ] } { [ 3419 ] } { [ 9352 ] } { [ 9357 ] } { [ 7372 ] } { [ 275 ] } { [ 2825 ] }
antes   de filtrar: { [ 8619 ][ 6026 ][ 3837 ] } { [ 1976 ][ 896 ][ 1059 ] } { [ 5624 ][ 7874 ][ 5544 ] } { [ 6837 ][ 5049 ][ 6536 ] } { [ 7466 ] } { [ 8917 ][ 3158 ] } { [ 8228 ] } { [ 9151 ][ 3441 ] } { [ 7324 ][ 5414 ][ 853 ] } { [ 5364 ] } { [ 3927 ] } { [ 3419 ] } { [ 9352 ][ 3848 ] } { [ 9357 ] } { [ 7372 ] } { [ 275 ] } { [ 2825 ] } { [ 795 ] } { [ 7888 ] } { [ 2305 ] } { [ 466 ] }
despues de filtrar: { [ 8619 ][ 6026 ][ 3837 ] } { [ 1976 ][ 896 ][ 1059 ] } { [ 5624 ][ 7874 ][ 5544 ] } { [ 6837 ][ 5049 ][ 6536 ] } { [ 7466 ] } { [ 8917 ][ 3158 ] } { [ 8228 ] } { [ 9151 ][ 3441 ] } { [ 7324 ][ 5414 ][ 853 ] } { [ 5364 ] } { [ 3927 ] } { [ 3419 ] } { [ 9352 ][ 3848 ] } { [ 9357 ] } { [ 7372 ] } { [ 275 ] } { [ 2825 ] } { [ 795 ] } { [ 7888 ] } { [ 466 ] }
antes   de colapsar { [ 8619 ][ 6026 ][ 3837 ] } { [ 1976 ][ 896 ][ 1059 ] } { [ 5624 ][ 7874 ][ 5544 ] } { [ 6837 ][ 5049 ][ 6536 ] } { [ 7466 ] } { [ 8917 ][ 3158 ] } { [ 8228 ] } { [ 9151 ][ 3441 ] } { [ 7324 ][ 5414 ][ 853 ] } { [ 5364 ] } { [ 3927 ] } { [ 3419 ] } { [ 9352 ][ 3848 ] } { [ 9357 ] } { [ 7372 ] } { [ 275 ] } { [ 2825 ] } { [ 795 ] } { [ 7888 ] } { [ 466 ] } { [ 9117 ] }
despues de colapsar { [ 8619 ][ 6026 ][ 3837 ] } { [ 1976 ][ 896 ][ 1059 ] } { [ 5624 ][ 7874 ][ 5544 ] } { [ 6837 ][ 5049 ][ 6536 ] } { [ 7466 ] } { [ 8917 ][ 3158 ] } { [ 8228 ] } { [ 9151 ][ 3441 ] } { [ 7324 ][ 5414 ][ 853 ] } { [ 5364 ] } { [ 3927 ] } { [ 3419 ] } { [ 9352 ][ 3848 ] } { [ 9357 ] } { [ 7372 ] } { [ 275 ] } { [ 2825 ] } { [ 795 ] } { [ 7888 ] } { [ 466 ] } { [ 9117 ] }
antes   de filtrar: <vacia>
despues de filtrar: <vacia>
antes   de colapsar { [ 37.405491 ][ 2.724908 ] } { [ 12.570062 ] } { [ 62.500254 ][ 28.722136 ] } { [ 48.260719 ] }
despues de colapsar { [ 37.405491 ][ 2.724908 ] } { [ 12.570062 ] } { [ 9.551041 ] } { [ 48.260719 ] }
antes   de filtrar: { [ 37.405491 ][ 2.724908 ] } { [ 12.570062 ] } { [ 9.551041 ] } { [ 48.260719 ] } { [ 0.856336 ] } { [ 63.848109 ] } { [ 39.753203 ] } { [ 47.808223 ] } { [ 26.805204 ] }
despues de filtrar: { [ 37.405491 ][ 2.724908 ] } { [ 48.260719 ] }
antes   de colapsar { [ 37.405491 ][ 2.724908 ] } { [ 48.260719 ] } { [ 66.551409 ] } { [ 11.178362 ] } { [ 57.776454 ] } { [ -4.900559 ] } { [ 12.127688 ][ 29.475353 ] } { [ 11.194554 ] } { [ 59.600348 ] } { [ 37.766897 ] } { [ -10.048523 ] }
despues de colapsar { [ 37.405491 ][ 2.724908 ] } { [ 48.260719 ] } { [ 66.551409 ] } { [ 11.178362 ] } { [ 57.776454 ] } { [ -4.900559 ] } { [ 12.127688 ][ 29.475353 ] } { [ 11.194554 ] } { [ 59.600348 ] } { [ 37.766897 ] } { [ -10.048523 ] }
antes   de colapsar { [ 37.405491 ][ 2.724908 ][ 53.493935 ] } { [ 48.260719 ] } { [ 66.551409 ] } { [ 11.178362 ] } { [ 57.776454 ] } { [ -4.900559 ] } { [ 12.127688 ][ 29.475353 ] } { [ 11.194554 ] } { [ 59.600348 ] } { [ 37.766897 ] } { [ -10.048523 ] } { [ -14.458520 ] }
despues de colapsar { [ 37.405491 ][ 2.724908 ][ 53.493935 ] } { [ 48.260719 ] } { [ 66.551409 ] } { [ 11.178362 ] } { [ 57.776454 ] } { [ -4.900559 ] } { [ 12.127688 ][ 29.475353 ] } { [ 11.194554 ] } { [ 59.600348 ] } { [ 37.766897 ] } { [ -10.048523 ] } { [ -14.458520 ] }
antes   de colapsar { [ 37.405491 ][ 2.724908 ][ 53.493935 ] } { [ 48.260719 ] } { [ 66.551409 ] } { [ 11.178362 ] } { [ 57.776454 ] } { [ -4.900559 ] } { [ 12.127688 ][ 29.475353 ] } { [ 11.194554 ] } { [ 59.600348 ] } { [ 37.766897 ] } { [ -10.048523 ] } { [ -14.458520 ] } { [ -14.919155 ] }
despues de colapsar { [ 37.405491 ][ 2.724908 ][ 53.493935 ] } { [ 48.260719 ] } { [ 66.551409 ] } { [ 11.178362 ] } { [ 57.776454 ] } { [ -4.900559 ] } { [ 12.127688 ][ 29.475353 ] } { [ 11.194554 ] } { [ 59.600348 ] } { [ 37.766897 ] } { [ -10.048523 ] } { [ -14.458520 ] } { [ -14.919155 ] }
antes   de filtrar: { [ 37.405491 ][ 2.724908 ][ 53.493935 ] } { [ 48.260719 ] } { [ 66.551409 ] } { [ 11.178362 ] } { [ 57.776454 ] } { [ -4.900559 ] } { [ 12.127688 ][ 29.475353 ] } { [ 11.194554 ][ 17.792485 ] } { [ 59.600348 ] } { [ 37.766897 ] } { [ -10.048523 ][ 7.645513 ] } { [ -14.458520 ] } { [ -14.919155 ] } { [ 10.294274 ] } { [ 36.349209 ] }
despues de filtrar: { [ 37.405491 ][ 2.724908 ][ 53.493935 ] } { [ 48.260719 ] } { [ 11.178362 ] } { [ -4.900559 ] } { [ 12.127688 ][ 29.475353 ] } { [ 11.194554 ][ 17.792485 ] } { [ -10.048523 ][ 7.645513 ] } { [ -14.458520 ] } { [ -14.919155 ] } { [ 10.294274 ] } { [ 36.349209 ] }
antes   de filtrar: { [ 37.405491 ][ 2.724908 ][ 53.493935 ] } { [ 48.260719 ] } { [ 11.178362 ] } { [ -4.900559 ][ 24.047578 ] } { [ 12.127688 ][ 29.475353 ] } { [ 11.194554 ][ 17.792485 ] } { [ -10.048523 ][ 7.645513 ] } { [ -14.458520 ] } { [ -14.919155 ] } { [ 10.294274 ][ 70.456372 ] } { [ 36.349209 ] } { [ -4.294858 ] } { [ 63.652408 ] } { [ 13.698875 ] } { [ -7.461331 ] }
despues de filtrar: { [ 37.405491 ][ 2.724908 ][ 53.493935 ] } { [ 48.260719 ] } { [ 11.178362 ] } { [ -4.900559 ][ 24.047578 ] } { [ 12.127688 ][ 29.475353 ] } { [ 11.194554 ][ 17.792485 ] } { [ -10.048523 ][ 7.645513 ] } { [ -14.458520 ] } { [ -14.919155 ] } { [ 10.294274 ][ 70.456372 ] } { [ 36.349209 ] } { [ -4.294858 ] } { [ -7.461331 ] }
antes   de colapsar { [ 37.405491 ][ 2.724908 ][ 53.493935 ] } { [ 48.260719 ] } { [ 11.178362 ] } { [ -4.900559 ][ 24.047578 ] } { [ 12.127688 ][ 29.475353 ] } { [ 11.194554 ][ 17.792485 ][ -6.169753 ][ 44.793781 ] } { [ -10.048523 ][ 7.645513 ] } { [ -14.458520 ] } { [ -14.919155 ] } { [ 10.294274 ][ 70.456372 ] } { [ 36.349209 ] } { [ -4.294858 ] } { [ -7.461331 ] } { [ -18.086288 ] } { [ 49.308982 ] } { [ 47.584404 ] } { [ 45.740212 ] } { [ 39.780909 ] }
despues de colapsar { [ 37.405491 ][ 2.724908 ][ 53.493935 ] } { [ 48.260719 ] } { [ 11.178362 ] } { [ -4.900559 ][ 24.047578 ] } { [ 12.127688 ][ 29.475353 ] } { [ 11.194554 ][ 17.792485 ][ -6.169753 ][ 44.793781 ] } { [ -10.048523 ][ 7.645513 ] } { [ -14.458520 ] } { [ -14.919155 ] } { [ 10.294274 ][ 70.456372 ] } { [ 36.349209 ] } { [ -4.294858 ] } { [ -7.461331 ] } { [ -18.086288 ] } { [ 49.308982 ] } { [ 47.584404 ] } { [ 45.740212 ] } { [ 39.780909 ] }
antes   de filtrar: { [ 37.405491 ][ 2.724908 ][ 53.493935 ] } { [ 48.260719 ] } { [ 11.178362 ][ 73.368277 ] } { [ -4.900559 ][ 24.047578 ] } { [ 12.127688 ][ 29.475353 ] } { [ 11.194554 ][ 17.792485 ][ -6.169753 ][ 44.793781 ] } { [ -10.048523 ][ 7.645513 ] } { [ -14.458520 ] } { [ -14.919155 ] } { [ 10.294274 ][ 70.456372 ] } { [ 36.349209 ] } { [ -4.294858 ] } { [ -7.461331 ][ 24.625741 ] } { [ -18.086288 ] } { [ 49.308982 ] } { [ 47.584404 ] } { [ 45.740212 ] } { [ 39.780909 ][ 6.166517 ] } { [ -11.453437 ] } { [ 36.469561 ] } { [ 69.796002 ] } { [ 9.440822 ] }
despues de filtrar: { [ 37.405491 ][ 2.724908 ][ 53.493935 ] } { [ 48.260719 ] } { [ 11.178362 ][ 73.368277 ] } { [ -4.900559 ][ 24.047578 ] } { [ 12.127688 ][ 29.475353 ] } { [ 11.194554 ][ 17.792485 ][ -6.169753 ][ 44.793781 ] } { [ -10.048523 ][ 7.645513 ] } { [ -14.458520 ] } { [ -14.919155 ] } { [ 10.294274 ][ 70.456372 ] } { [ 36.349209 ] } { [ -4.294858 ] } { [ -7.461331 ][ 24.625741 ] } { [ -18.086288 ] } { [ 49.308982 ] } { [ -11.453437 ] } { [ 36.469561 ] } { [ 9.440822 ] }
