antes   de colapsar <vacia>
despues de colapsar <vacia>
antes   de colapsar { [ 6292 ] }
despues de colapsar { [ 6292 ] }
antes   de filtrar: { [ 6292 ][ 8161 ][ 9852 ] } { [ 6878 ] } { [ 9738 ] } { [ 4578 ][ 2443 ] }
despues de filtrar: { [ 6292 ][ 8161 ][ 9852 ] } { [ 6878 ] } { [ 9738 ] } { [ 4578 ][ 2443 ] }
antes   de filtrar: { [ 6292 ][ 8161 ][ 9852 ] } { [ 6878 ] } { [ 9738 ] } { [ 4578 ][ 2443 ] }
despues de filtrar: { [ 6292 ][ 8161 ][ 9852 ] } { [ 6878 ] } { [ 9738 ] } { [ 4578 ][ 2443 ] }
antes   de colapsar { [ 6292 ][ 8161 ][ 9852 ] } { [ 6878 ] } { [ 9738 ] } { [ 4578 ][ 2443 ] }
despues de colapsar { [ 6292 ][ 8161 ][ 9852 ] } { [ 6878 ] } { [ 9738 ] } { [ 4578 ][ 2443 ] }
antes   de colapsar { [ 6292 ][ 8161 ][ 9852 ] } { [ 6878 ] } { [ 9738 ] } { [ 4578 ][ 2443 ] } { [ 2161 ] } { [ 4178 ] } { [ 2875 ] } { [ 6251 ] } { [ 1389 ] } { [ 7112 ] } { [ 7043 ] } { [ 2364 ] } { [ 6538 ] } { [ 3273 ] } { [ 7349 ] }
despues de colapsar { [ 6292 ][ 8161 ][ 9852 ] } { [ 6878 ] } { [ 9738 ] } { [ 4578 ][ 2443 ] } { [ 2161 ] } { [ 4178 ] } { [ 2875 ] } { [ 6251 ] } { [ 1389 ] } { [ 7112 ] } { [ 7043 ] } { [ 2364 ] } { [ 6538 ] } { [ 3273 ] } { [ 7349 ] }
antes   de filtrar: { [ 6292 ][ 8161 ][ 9852 ] } { [ 6878 ][ 7518 ] } { [ 9738 ] } { [ 4578 ][ 2443 ][ 5243 ][ 5240 ] } { [ 2161 ] } { [ 4178 ][ 6358 ] } { [ 2875 ] } { [ 6251 ] } { [ 1389 ] } { [ 7112 ] } { [ 7043 ] } { [ 2364 ][ 4955 ] } { [ 6538 ][ 5115 ][ 5064 ] } { [ 3273 ][ 4039 ] } { [ 7349 ] } { [ 3937 ] } { [ 7026 ] } { [ 1992 ] } { [ 9936 ][ 2239 ] } { [ 2837 ] } { [ 1656 ] } { [ 9330 ] }
despues de filtrar: { [ 6292 ][ 8161 ][ 9852 ] } { [ 6878 ][ 7518 ] } { [ 9738 ] } { [ 4578 ][ 2443 ][ 5243 ][ 5240 ] } { [ 2161 ] } { [ 4178 ][ 6358 ] } { [ 2875 ] } { [ 6251 ] } { [ 1389 ] } { [ 7112 ] } { [ 2364 ][ 4955 ] } { [ 6538 ][ 5115 ][ 5064 ] } { [ 3273 ][ 4039 ] } { [ 7349 ] } { [ 3937 ] } { [ 1992 ] } { [ 9936 ][ 2239 ] } { [ 2837 ] } { [ 1656 ] }
antes   de colapsar { [ 6292 ][ 8161 ][ 9852 ] } { [ 6878 ][ 7518 ] } { [ 9738 ] } { [ 4578 ][ 2443 ][ 5243 ][ 5240 ] } { [ 2161 ] } { [ 4178 ][ 6358 ] } { [ 2875 ][ 8755 ] } { [ 6251 ] } { [ 1389 ] } { [ 7112 ] } { [ 2364 ][ 4955 ] } { [ 6538 ][ 5115 ][ 5064 ] } { [ 3273 ][ 4039 ] } { [ 7349 ] } { [ 3937 ] } { [ 1992 ] } { [ 9936 ][ 2239 ] } { [ 2837 ] } { [ 1656 ] } { [ 228 ] } { [ 1016 ] } { [ 1208 ] }
despues de colapsar { [ 6292 ][ 8161 ][ 9852 ] } { [ 6878 ][ 7518 ] } { [ 9738 ] } { [ 4578 ][ 2443 ][ 5243 ][ 5240 ] } { [ 2161 ] } { [ 4178 ][ 6358 ] } { [ 2875 ][ 8755 ] } { [ 6251 ] } { [ 1389 ] } { [ 7112 ] } { [ 2364 ][ 4955 ] } { [ 6538 ][ 5115 ][ 5064 ] } { [ 3273 ][ 4039 ] } { [ 7349 ] } { [ 3937 ] } { [ 1992 ] } { [ 9936 ][ 2239 ] } { [ 2837 ] } { [ 1656 ] } { [ 228 ] } { [ 1016 ] } { [ 1208 ] }
antes   de filtrar: { [ 6292 ][ 8161 ][ 9852 ] } { [ 6878 ][ 7518 ] } { [ 9738 ] } { [ 4578 ][ 2443 ][ 5243 ][ 5240 ] } { [ 2161 ] } { [ 4178 ][ 6358 ] } { [ 2875 ][ 8755 ] } { [ 6251 ] } { [ 1389 ] } { [ 7112 ] } { [ 2364 ][ 4955 ] } { [ 6538 ][ 5115 ][ 5064 ] } { [ 3273 ][ 4039 ] } { [ 7349 ] } { [ 3937 ] } { [ 1992 ] } { [ 9936 ][ 2239 ] } { [ 2837 ] } { [ 1656 ] } { [ 228 ] } { [ 1016 ] } { [ 1208 ] } { [ 9835 ] } { [ 5126 ] } { [ 6516 ] } { [ 1129 ] } { [ 8682 ] } { [ 7074 ] }
despues de filtrar: { [ 6292 ][ 8161 ][ 9852 ] } { [ 6878 ][ 7518 ] } { [ 9738 ] } { [ 4578 ][ 2443 ][ 5243 ][ 5240 ] } { [ 2161 ] } { [ 4178 ][ 6358 ] } { [ 2875 ][ 8755 ] } { [ 6251 ] } { [ 1389 ] } { [ 7112 ] } { [ 2364 ][ 4955 ] } { [ 6538 ][ 5115 ][ 5064 ] } { [ 3273 ][ 4039 ] } { [ 7349 ] } { [ 3937 ] } { [ 1992 ] } { [ 9936 ][ 2239 ] } { [ 2837 ] } { [ 1656 ] } { [ 228 ] } { [ 9835 ] } { [ 5126 ] } { [ 6516 ] } { [ 1129 ] } { [ 8682 ] }
antes   de filtrar: { [ 6292 ][ 8161 ][ 9852 ] } { [ 6878 ][ 7518 ] } { [ 9738 ] } { [ 4578 ][ 2443 ][ 5243 ][ 5240 ] } { [ 2161 ] } { [ 4178 ][ 6358 ] } { [ 2875 ][ 8755 ] } { [ 6251 ] } { [ 1389 ][ 9028 ] } { [ 7112 ] } { [ 2364 ][ 4955 ] } { [ 6538 ][ 5115 ][ 5064 ] } { [ 3273 ][ 4039 ] } { [ 7349 ] } { [ 3937 ] } { [ 1992 ] } { [ 9936 ][ 2239 ] } { [ 2837 ] } { [ 1656 ] } { [ 228 ] } { [ 9835 ] } { [ 5126 ] } { [ 6516 ] } { [ 1129 ] } { [ 8682 ] } { [ 7724 ] } { [ 5932 ] } { [ 2819 ] } { [ 995 ] }
despues de filtrar: { [ 6292 ][ 8161 ][ 9852 ] } { [ 6878 ][ 7518 ] } { [ 9738 ] } { [ 4578 ][ 2443 ][ 5243 ][ 5240 ] } { [ 2161 ] } { [ 4178 ][ 6358 ] } { [ 2875 ][ 8755 ] } { [ 6251 ] } { [ 1389 ][ 9028 ] } { [ 7112 ] } { [ 2364 ][ 4955 ] } { [ 6538 ][ 5115 ][ 5064 ] } { [ 3273 ][ 4039 ] } { [ 7349 ] } { [ 3937 ] } { [ 1992 ] } { [ 9936 ][ 2239 ] } { [ 2837 ] } { [ 1656 ] } { [ 228 ] } { [ 9835 ] } { [ 5126 ] } { [ 6516 ] } { [ 1129 ] } { [ 8682 ] } { [ 7724 ] } { [ 5932 ] } { [ 2819 ] } { [ 995 ] }
antes   de colapsar { [ 8546 ] }
despues de colapsar { [ 8546 ] }
antes   de filtrar: { [ 8546 ][ 2195 ][ 441 ] }
despues de filtrar: { [ 8546 ][ 2195 ][ 441 ] }
antes   de filtrar: { [ 8546 ][ 2195 ][ 441 ] } { [ 8087 ] }
despues de filtrar: { [ 8546 ][ 2195 ][ 441 ] }
antes   de colapsar { [ 8546 ][ 2195 ][ 441 ] } { [ 3579 ] } { [ 4665 ] } { [ 4466 ] } { [ 5870 ] }
despues de colapsar { [ 8546 ][ 2195 ][ 441 ] } { [ 3579 ] } { [ 4665 ] } { [ 4466 ] } { [ 5870 ] }
antes   de filtrar: { [ 8546 ][ 2195 ][ 441 ] } { [ 3579 ] } { [ 4665 ] } { [ 4466 ] } { [ 5870 ] } { [ 4056 ] }
despues de filtrar: { [ 8546 ][ 2195 ][ 441 ] } { [ 3579 ] } { [ 4665 ] } { [ 4466 ] }
antes   de filtrar: { [ 8546 ][ 2195 ][ 441 ][ 1349 ] } { [ 3579 ] } { [ 4665 ] } { [ 4466 ] } { [ 8390 ] }
despues de filtrar: { [ 8546 ][ 2195 ][ 441 ][ 1349 ] } { [ 3579 ] } { [ 4665 ] } { [ 4466 ] }
antes   de colapsar { [ 8546 ][ 2195 ][ 441 ][ 1349 ] } { [ 3579 ] } { [ 4665 ] } { [ 4466 ] }
despues de colapsar { [ 8546 ][ 2195 ][ 441 ][ 1349 ] } { [ 3579 ] } { [ 4665 ] } { [ 4466 ] }
antes   de colapsar { [ 8546 ][ 2195 ][ 441 ][ 1349 ][ 3114 ] } { [ 3579 ] } { [ 4665 ] } { [ 4466 ][ 7270 ][ 3175 ] } { [ 5916 ] } { [ 2095 ] } { [ 7697 ] } { [ 210 ] } { [ 5337 ] } { [ 7136 ] } { [ 6742 ] } { [ 3750 ] } { [ 3200 ] }
despues de colapsar { [ 8546 ][ 2195 ][ 441 ][ 1349 ][ 3114 ] } { [ 3579 ] } { [ 4665 ] } { [ 4466 ][ 7270 ][ 3175 ] } { [ 5916 ] } { [ 2095 ] } { [ 7697 ] } { [ 210 ] } { [ 5337 ] } { [ 7136 ] } { [ 6742 ] } { [ 3750 ] } { [ 3200 ] }
antes   de colapsar { [ 8546 ][ 2195 ][ 441 ][ 1349 ][ 3114 ][ 30 ] } { [ 3579 ] } { [ 4665 ] } { [ 4466 ][ 7270 ][ 3175 ] } { [ 5916 ] } { [ 2095 ] } { [ 7697 ] } { [ 210 ] } { [ 5337 ] } { [ 7136 ] } { [ 6742 ] } { [ 3750 ][ 9105 ] } { [ 3200 ] } { [ 9300 ] } { [ 5206 ] } { [ 8654 ] } { [ 3093 ] } { [ 9051 ] } { [ 7410 ] }
despues de colapsar { [ 8546 ][ 2195 ][ 441 ][ 1349 ][ 3114 ][ 30 ] } { [ 3579 ] } { [ 4665 ] } { [ 4466 ][ 7270 ][ 3175 ] } { [ 5916 ] } { [ 2095 ] } { [ 7697 ] } { [ 210 ] } { [ 5337 ] } { [ 7136 ] } { [ 6742 ] } { [ 5843 ] } { [ 3200 ] } { [ 9300 ] } { [ 5206 ] } { [ 8654 ] } { [ 3093 ] } { [ 9051 ] } { [ 7410 ] }
antes   de filtrar: { [ 8546 ][ 2195 ][ 441 ][ 1349 ][ 3114 ][ 30 ] } { [ 3579 ] } { [ 4665 ] } { [ 4466 ][ 7270 ][ 3175 ] } { [ 5916 ] } { [ 2095 ] } { [ 7697 ] } { [ 210 ] } { [ 5337 ] } { [ 7136 ][ 7759 ] } { [ 6742 ] } { [ 5843 ][ 7960 ] } { [ 3200 ] } { [ 9300 ] } { [ 5206 ] } { [ 8654 ] } { [ 3093 ] } { [ 9051 ] } { [ 7410 ] } { [ 1392 ] }
despues de filtrar: { [ 8546 ][ 2195 ][ 441 ][ 1349 ][ 3114 ][ 30 ] } { [ 3579 ] } { [ 4665 ] } { [ 4466 ][ 7270 ][ 3175 ] } { [ 5916 ] } { [ 7697 ] } { [ 5337 ] } { [ 7136 ][ 7759 ] } { [ 6742 ] } { [ 5843 ][ 7960 ] } { [ 8654 ] } { [ 1392 ] }
antes   de filtrar: { [ 6890 ][ 4259 ][ 9200 ] } { [ 7605 ] } { [ 2189 ] }
despues de filtrar: { [ 2189 ] }
antes   de colapsar { [ 2189 ] }
despues de colapsar { [ 2189 ] }
antes   de filtrar: { [ 2189 ] } { [ 7150 ] }
despues de filtrar: { [ 2189 ] }
antes   de filtrar: { [ 2189 ] } { [ 8379 ] } { [ 1386 ] } { [ 9899 ] }
despues de filtrar: { [ 2189 ] } { [ 8379 ] } { [ 1386 ] } { [ 9899 ] }
antes   de colapsar { [ 2189 ][ 738 ] } { [ 8379 ] } { [ 1386 ] } { [ 9899 ] }
despues de colapsar { [ 2189 ][ 738 ] } { [ 8379 ] } { [ 1386 ] } { [ 9899 ] }
antes   de colapsar { [ 2189 ][ 738 ][ 3826 ] } { [ 8379 ] } { [ 1386 ] } { [ 9899 ] } { [ 4238 ] } { [ 3644 ] } { [ 7725 ] }
despues de colapsar { [ 2189 ][ 738 ][ 3826 ] } { [ 8379 ] } { [ 1386 ] } { [ 9899 ] } { [ 4238 ] } { [ 3644 ] } { [ 7725 ] }
antes   de colapsar { [ 2189 ][ 738 ][ 3826 ] } { [ 8379 ] } { [ 1386 ] } { [ 9899 ] } { [ 4238 ] } { [ 3644 ] } { [ 7725 ][ 7646 ] } { [ 1187 ] } { [ 2152 ] } { [ 9367 ] } { [ 406 ] } { [ 65 ] } { [ 2897 ] } { [ 5499 ] }
despues de colapsar { [ 2189 ][ 738 ][ 3826 ] } { [ 8379 ] } { [ 1386 ] } { [ 9899 ] } { [ 4238 ] } { [ 3644 ] } { [ 7725 ][ 7646 ] } { [ 1187 ] } { [ 2152 ] } { [ 9367 ] } { [ 406 ] } { [ 65 ] } { [ 2897 ] } { [ 5499 ] }
antes   de colapsar { [ 2189 ][ 738 ][ 3826 ][ 1671 ] } { [ 8379 ] } { [ 1386 ] } { [ 9899 ] } { [ 4238 ] } { [ 3644 ] } { [ 7725 ][ 7646 ] } { [ 1187 ] } { [ 2152 ] } { [ 9367 ] } { [ 406 ] } { [ 65 ] } { [ 2897 ] } { [ 5499 ] } { [ 5220 ] } { [ 3692 ] } { [ 1264 ] } { [ 4811 ] } { [ 8628 ] } { [ 8495 ] } { [ 9881 ] } { [ 4535 ] } { [ 5952 ] } { [ 3150 ] }
despues de colapsar { [ 2189 ][ 738 ][ 3826 ][ 1671 ] } { [ 8379 ] } { [ 1386 ] } { [ 9899 ] } { [ 4238 ] } { [ 3644 ] } { [ 7725 ][ 7646 ] } { [ 1187 ] } { [ 2152 ] } { [ 9367 ] } { [ 406 ] } { [ 65 ] } { [ 2897 ] } { [ 5499 ] } { [ 5220 ] } { [ 3692 ] } { [ 1264 ] } { [ 4811 ] } { [ 8628 ] } { [ 8495 ] } { [ 9881 ] } { [ 4535 ] } { [ 5952 ] } { [ 3150 ] }
antes   de filtrar: { [ 2189 ][ 738 ][ 3826 ][ 1671 ] } { [ 8379 ] } { [ 1386 ] } { [ 9899 ][ 1814 ] } { [ 4238 ] } { [ 3644 ] } { [ 7725 ][ 7646 ] } { [ 1187 ] } { [ 2152 ] } { [ 9367 ] } { [ 406 ] } { [ 65 ] } { [ 2897 ] } { [ 5499 ] } { [ 5220 ] } { [ 3692 ] } { [ 1264 ] } { [ 4811 ] } { [ 8628 ] } { [ 8495 ] } { [ 9881 ] } { [ 4535 ] } { [ 5952 ] } { [ 3150 ][ 6121 ] } { [ 8511 ] }
despues de filtrar: { [ 2189 ][ 738 ][ 3826 ][ 1671 ] } { [ 8379 ] } { [ 1386 ] } { [ 9899 ][ 1814 ] } { [ 4238 ] } { [ 3644 ] } { [ 7725 ][ 7646 ] } { [ 1187 ] } { [ 2152 ] } { [ 9367 ] } { [ 65 ] } { [ 2897 ] } { [ 5499 ] } { [ 3692 ] } { [ 1264 ] } { [ 4811 ] } { [ 8628 ] } { [ 8495 ] } { [ 9881 ] } { [ 4535 ] } { [ 5952 ] } { [ 8511 ] }
antes   de filtrar: { [ 2189 ][ 738 ][ 3826 ][ 1671 ] } { [ 8379 ] } { [ 1386 ] } { [ 9899 ][ 1814 ][ 8443 ] } { [ 4238 ] } { [ 3644 ] } { [ 7725 ][ 7646 ] } { [ 1187 ] } { [ 2152 ][ 1768 ] } { [ 9367 ] } { [ 65 ] } { [ 2897 ] } { [ 5499 ][ 9946 ] } { [ 3692 ] } { [ 1264 ] } { [ 4811 ] } { [ 8628 ] } { [ 8495 ] } { [ 9881 ] } { [ 4535 ] } { [ 5952 ] } { [ 8511 ] } { [ 6670 ][ 1660 ] } { [ 2009 ] } { [ 4250 ] } { [ 278 ] } { [ 1047 ] } { [ 4138 ] } { [ 9717 ] }
despues de filtrar: { [ 2189 ][ 738 ][ 3826 ][ 1671 ] } { [ 8379 ] } { [ 1386 ] } { [ 9899 ][ 1814 ][ 8443 ] } { [ 4238 ] } { [ 3644 ] } { [ 7725 ][ 7646 ] } { [ 1187 ] } { [ 2152 ][ 1768 ] } { [ 9367 ] } { [ 65 ] } { [ 2897 ] } { [ 5499 ][ 9946 ] } { [ 3692 ] } { [ 1264 ] } { [ 4811 ] } { [ 8628 ] } { [ 8495 ] } { [ 9881 ] } { [ 4535 ] } { [ 5952 ] } { [ 8511 ] } { [ 278 ] } { [ 4138 ] } { [ 9717 ] }
antes   de filtrar: { [ 7.400019 ] }
despues de filtrar: { [ 7.400019 ] }
antes   de filtrar: { [ 7.400019 ] } { [ 25.776746 ][ 31.095691 ] }
despues de filtrar: { [ 7.400019 ] }
antes   de filtrar: { [ 7.400019 ][ 4.761747 ] } { [ -9.226866 ][ -1.109157 ] } { [ 12.013049 ] } { [ 27.008299 ] } { [ 25.560620 ] } { [ -7.723355 ] } { [ 13.777134 ] }
despues de filtrar: { [ 7.400019 ][ 4.761747 ] } { [ -9.226866 ][ -1.109157 ] } { [ 12.013049 ] } { [ 27.008299 ] } { [ -7.723355 ] }
antes   de colapsar { [ 7.400019 ][ 4.761747 ][ 31.975312 ] } { [ -9.226866 ][ -1.109157 ] } { [ 12.013049 ] } { [ 27.008299 ] } { [ -7.723355 ] } { [ 56.163230 ] }
despues de colapsar { [ 7.400019 ][ 4.761747 ][ 31.975312 ] } { [ -9.226866 ][ -1.109157 ] } { [ 12.013049 ] } { [ 27.008299 ] } { [ -7.723355 ] } { [ 56.163230 ] }
antes   de colapsar { [ 7.400019 ][ 4.761747 ][ 31.975312 ] } { [ -9.226866 ][ -1.109157 ] } { [ 12.013049 ][ 33.092621 ] } { [ 27.008299 ] } { [ -7.723355 ] } { [ 56.163230 ] } { [ 46.461382 ] } { [ 49.684686 ] } { [ 2.865721 ][ 3.643414 ] } { [ 47.743589 ] } { [ 32.186178 ] } { [ -19.599247 ] }
despues de colapsar { [ 7.400019 ][ 4.761747 ][ 31.975312 ] } { [ -9.226866 ][ -1.109157 ] } { [ 12.013049 ][ 33.092621 ] } { [ 27.008299 ] } { [ -7.723355 ] } { [ 56.163230 ] } { [ 46.461382 ] } { [ 49.684686 ] } { [ 2.551301 ] } { [ 47.743589 ] } { [ 32.186178 ] } { [ -19.599247 ] }
antes   de filtrar: { [ 7.400019 ][ 4.761747 ][ 31.975312 ] } { [ -9.226866 ][ -1.109157 ][ 32.847525 ] } { [ 12.013049 ][ 33.092621 ] } { [ 27.008299 ] } { [ -7.723355 ] } { [ 56.163230 ] } { [ 46.461382 ] } { [ 49.684686 ] } { [ 2.551301 ] } { [ 47.743589 ] } { [ 32.186178 ] } { [ -19.599247 ] }
despues de filtrar: { [ 7.400019 ][ 4.761747 ][ 31.975312 ] } { [ -9.226866 ][ -1.109157 ][ 32.847525 ] } { [ 12.013049 ][ 33.092621 ] } { [ 27.008299 ] } { [ -7.723355 ] } { [ 56.163230 ] } { [ 46.461382 ] } { [ 32.186178 ] } { [ -19.599247 ] }
antes   de filtrar: { [ 7.400019 ][ 4.761747 ][ 31.975312 ] } { [ -9.226866 ][ -1.109157 ][ 32.847525 ] } { [ 12.013049 ][ 33.092621 ] } { [ 27.008299 ] } { [ -7.723355 ] } { [ 56.163230 ][ 62.593667 ] } { [ 46.461382 ] } { [ 32.186178 ] } { [ -19.599247 ] } { [ 28.574410 ] }
despues de filtrar: { [ 7.400019 ][ 4.761747 ][ 31.975312 ] } { [ -9.226866 ][ -1.109157 ][ 32.847525 ] } { [ 12.013049 ][ 33.092621 ] } { [ 27.008299 ] } { [ -7.723355 ] } { [ 56.163230 ][ 62.593667 ] } { [ 46.461382 ] } { [ 32.186178 ] } { [ -19.599247 ] }
antes   de colapsar { [ 7.400019 ][ 4.761747 ][ 31.975312 ] } { [ -9.226866 ][ -1.109157 ][ 32.847525 ] } { [ 12.013049 ][ 33.092621 ] } { [ 27.008299 ] } { [ -7.723355 ] } { [ 56.163230 ][ 62.593667 ] } { [ 46.461382 ] } { [ 32.186178 ] } { [ -19.599247 ] }
despues de colapsar { [ 7.400019 ][ 4.761747 ][ 31.975312 ] } { [ -9.226866 ][ -1.109157 ][ 32.847525 ] } { [ 12.013049 ][ 33.092621 ] } { [ 27.008299 ] } { [ -7.723355 ] } { [ 56.163230 ][ 62.593667 ] } { [ 46.461382 ] } { [ 32.186178 ] } { [ -19.599247 ] }
antes   de colapsar { [ 7.400019 ][ 4.761747 ][ 31.975312 ] } { [ -9.226866 ][ -1.109157 ][ 32.847525 ] } { [ 12.013049 ][ 33.092621 ] } { [ 27.008299 ] } { [ -7.723355 ] } { [ 56.163230 ][ 62.593667 ] } { [ 46.461382 ] } { [ 32.186178 ] } { [ -19.599247 ] } { [ -4.521616 ] } { [ 22.748294 ] } { [ 26.679504 ] } { [ 51.064514 ] } { [ 38.482347 ] } { [ 8.013169 ] }
despues de colapsar { [ 7.400019 ][ 4.761747 ][ 31.975312 ] } { [ -9.226866 ][ -1.109157 ][ 32.847525 ] } { [ 12.013049 ][ 33.092621 ] } { [ 27.008299 ] } { [ -7.723355 ] } { [ 56.163230 ][ 62.593667 ] } { [ 46.461382 ] } { [ 32.186178 ] } { [ -19.599247 ] } { [ -4.521616 ] } { [ 22.748294 ] } { [ 26.679504 ] } { [ 51.064514 ] } { [ 38.482347 ] } { [ 8.013169 ] }
antes   de colapsar { [ 7.400019 ][ 4.761747 ][ 31.975312 ] } { [ -9.226866 ][ -1.109157 ][ 32.847525 ] } { [ 12.013049 ][ 33.092621 ] } { [ 27.008299 ][ -5.559893 ] } { [ -7.723355 ] } { [ 56.163230 ][ 62.593667 ] } { [ 46.461382 ][ 50.403373 ] } { [ 32.186178 ][ 21.949442 ] } { [ -19.599247 ] } { [ -4.521616 ] } { [ 22.748294 ] } { [ 26.679504 ] } { [ 51.064514 ] } { [ 38.482347 ] } { [ 8.013169 ] } { [ -7.992360 ][ 0.933924 ] } { [ 52.369396 ] } { [ 50.543231 ] } { [ 63.506382 ] } { [ 9.603901 ] } { [ -11.825146 ] } { [ -16.320033 ] } { [ 18.419625 ] } { [ 60.486312 ] } { [ 12.751675 ] }
despues de colapsar { [ 7.400019 ][ 4.761747 ][ 31.975312 ] } { [ -9.226866 ][ -1.109157 ][ 32.847525 ] } { [ 12.013049 ][ 33.092621 ] } { [ 27.008299 ][ -5.559893 ] } { [ -7.723355 ] } { [ 56.163230 ][ 62.593667 ] } { [ 46.461382 ][ 50.403373 ] } { [ 32.186178 ][ 21.949442 ] } { [ -19.599247 ] } { [ -4.521616 ] } { [ 22.748294 ] } { [ 26.679504 ] } { [ 51.064514 ] } { [ 38.482347 ] } { [ 8.013169 ] } { [ -7.992360 ][ 0.933924 ] } { [ 52.369396 ] } { [ 50.543231 ] } { [ 63.506382 ] } { [ 9.603901 ] } { [ -11.825146 ] } { [ -16.320033 ] } { [ 18.419625 ] } { [ 60.486312 ] } { [ 12.751675 ] }
antes   de filtrar: <vacia>
despues de filtrar: <vacia>
antes   de colapsar { [ m3p5tbl ] } { [ v ][ cmcxgcv6 ] } { [ hporos ][ 3gb ][ w ][ ae2e ] } { [ avr9v0 ] }
despues de colapsar { [ m3p5tbl ] } { [ v ][ cmcxgcv6 ] } { [ hporos ][ 3gb ][ w ][ ae2e ] } { [ avr9v0 ] }
antes   de colapsar { [ m3p5tbl ] } { [ v ][ cmcxgcv6 ] } { [ hporos ][ 3gb ][ w ][ ae2e ] } { [ avr9v0 ] } { [ 58fwmwbh ] }
despues de colapsar { [ m3p5tbl ] } { [ v ][ cmcxgcv6 ] } { [ hporos ][ 3gb ][ w ][ ae2e ] } { [ avr9v0 ] } { [ 58fwmwbh ] }
antes   de filtrar: { [ m3p5tbl ] } { [ v ][ cmcxgcv6 ] } { [ hporos ][ 3gb ][ w ][ ae2e ][ xvcj6uvvgn ] } { [ avr9v0 ] } { [ 58fwmwbh ] } { [ xphcbpp ][ adrk9c ] } { [ 45j ] } { [ nk9lpvbpau ] } { [ 86ia1c4u ] } { [ jr7d9y ] } { [ fx1vo4b ] } { [ 6au757btt ] } { [ 8f ] } { [ 4 ] }
despues de filtrar: { [ v ][ cmcxgcv6 ] } { [ hporos ][ 3gb ][ w ][ ae2e ][ xvcj6uvvgn ] } { [ xphcbpp ][ adrk9c ] }
antes   de colapsar { [ v ][ cmcxgcv6 ][ 18 ] } { [ hporos ][ 3gb ][ w ][ ae2e ][ xvcj6uvvgn ] } { [ xphcbpp ][ adrk9c ][ 44 ][ df ] } { [ xnu4oo0wu ] } { [ 4x8pwtvm53 ][ rgqnc7a76 ] }
despues de colapsar { [ v ][ cmcxgcv6 ][ 18 ] } { [ hporos ][ 3gb ][ w ][ ae2e ][ xvcj6uvvgn ] } { [ xphcbpp ][ adrk9c ][ 44 ][ df ] } { [ xnu4oo0wu ] } { [ 4rxg8qpnwc ] }
antes   de filtrar: { [ v ][ cmcxgcv6 ][ 18 ] } { [ hporos ][ 3gb ][ w ][ ae2e ][ xvcj6uvvgn ] } { [ xphcbpp ][ adrk9c ][ 44 ][ df ] } { [ xnu4oo0wu ] } { [ 4rxg8qpnwc ][ iwtmjwc2 ] } { [ 80mgnnbn2 ] } { [ 1n ][ 0c ][ wvqdpwt3 ] } { [ m1tx8gw1j ] } { [ hukfigu7 ] } { [ m1eu7y4h ] }
despues de filtrar: { [ v ][ cmcxgcv6 ][ 18 ] } { [ hporos ][ 3gb ][ w ][ ae2e ][ xvcj6uvvgn ] } { [ xphcbpp ][ adrk9c ][ 44 ][ df ] }
antes   de filtrar: { [ v ][ cmcxgcv6 ][ 18 ][ qitp8ktsu ] } { [ hporos ][ 3gb ][ w ][ ae2e ][ xvcj6uvvgn ] } { [ xphcbpp ][ adrk9c ][ 44 ][ df ] } { [ r0ktrro8d ] } { [ rw7ohwtk ] } { [ 0tq ] }
despues de filtrar: { [ v ][ cmcxgcv6 ][ 18 ][ qitp8ktsu ] } { [ hporos ][ 3gb ][ w ][ ae2e ][ xvcj6uvvgn ] } { [ xphcbpp ][ adrk9c ][ 44 ][ df ] }
antes   de colapsar { [ v ][ cmcxgcv6 ][ 18 ][ qitp8ktsu ] } { [ hporos ][ 3gb ][ w ][ ae2e ][ xvcj6uvvgn ] } { [ xphcbpp ][ adrk9c ][ 44 ][ df ] }
despues de colapsar { [ v ][ cmcxgcv6 ][ 18 ][ qitp8ktsu ] } { [ hporos ][ 3gb ][ w ][ ae2e ][ xvcj6uvvgn ] } { [ xphcbpp ][ adrk9c ][ 44 ][ df ] }
antes   de filtrar: { [ v ][ cmcxgcv6 ][ 18 ][ qitp8ktsu ] } { [ hporos ][ 3gb ][ w ][ ae2e ][ xvcj6uvvgn ] } { [ xphcbpp ][ adrk9c ][ 44 ][ df ] } { [ hr1 ] }
despues de filtrar: { [ v ][ cmcxgcv6 ][ 18 ][ qitp8ktsu ] } { [ hporos ][ 3gb ][ w ][ ae2e ][ xvcj6uvvgn ] } { [ xphcbpp ][ adrk9c ][ 44 ][ df ] }
antes   de colapsar { [ v ][ cmcxgcv6 ][ 18 ][ qitp8ktsu ] } { [ hporos ][ 3gb ][ w ][ ae2e ][ xvcj6uvvgn ] } { [ xphcbpp ][ adrk9c ][ 44 ][ df ] } { [ jsk3few ] } { [ e ] } { [ eqj1 ] }
despues de colapsar { [ v ][ cmcxgcv6 ][ 18 ][ qitp8ktsu ] } { [ hporos ][ 3gb ][ w ][ ae2e ][ xvcj6uvvgn ] } { [ xphcbpp ][ adrk9c ][ 44 ][ df ] } { [ jsk3few ] } { [ e ] } { [ eqj1 ] }
