antes   de filtrar: { [ 3434 ] } { [ 584 ][ 1202 ] } { [ 5749 ] } { [ 5972 ] } { [ 6085 ] } { [ 4855 ] } { [ 7433 ] } { [ 4697 ] } { [ 1537 ] } { [ 3836 ] }
despues de filtrar: { [ 3434 ] } { [ 584 ][ 1202 ] } { [ 5749 ] } { [ 5972 ] } { [ 4855 ] } { [ 7433 ] } { [ 4697 ] } { [ 1537 ] } { [ 3836 ] }
antes   de colapsar { [ 3434 ] } { [ 584 ][ 1202 ] } { [ 5749 ] } { [ 5972 ] } { [ 4855 ] } { [ 7433 ] } { [ 4697 ] } { [ 1537 ][ 3412 ] } { [ 3836 ] } { [ 9800 ] } { [ 5593 ] } { [ 7305 ] } { [ 6401 ] }
despues de colapsar { [ 3434 ] } { [ 584 ][ 1202 ] } { [ 5749 ] } { [ 5972 ] } { [ 4855 ] } { [ 7433 ] } { [ 4697 ] } { [ 1537 ][ 3412 ] } { [ 3836 ] } { [ 9800 ] } { [ 5593 ] } { [ 7305 ] } { [ 6401 ] }
antes   de colapsar { [ 3434 ][ 3847 ] } { [ 584 ][ 1202 ] } { [ 5749 ][ 1563 ] } { [ 5972 ] } { [ 4855 ] } { [ 7433 ] } { [ 4697 ] } { [ 1537 ][ 3412 ] } { [ 3836 ] } { [ 9800 ] } { [ 5593 ] } { [ 7305 ] } { [ 6401 ] } { [ 7121 ] }
despues de colapsar { [ 3434 ][ 3847 ] } { [ 584 ][ 1202 ] } { [ 5749 ][ 1563 ] } { [ 5972 ] } { [ 4855 ] } { [ 7433 ] } { [ 4697 ] } { [ 1537 ][ 3412 ] } { [ 3836 ] } { [ 9800 ] } { [ 5593 ] } { [ 7305 ] } { [ 6401 ] } { [ 7121 ] }
antes   de colapsar { [ 3434 ][ 3847 ] } { [ 584 ][ 1202 ] } { [ 5749 ][ 1563 ] } { [ 5972 ] } { [ 4855 ] } { [ 7433 ] } { [ 4697 ] } { [ 1537 ][ 3412 ] } { [ 3836 ] } { [ 9800 ] } { [ 5593 ] } { [ 7305 ] } { [ 6401 ] } { [ 7121 ] }
despues de colapsar { [ 3434 ][ 3847 ] } { [ 584 ][ 1202 ] } { [ 5749 ][ 1563 ] } { [ 5972 ] } { [ 4855 ] } { [ 7433 ] } { [ 4697 ] } { [ 1537 ][ 3412 ] } { [ 3836 ] } { [ 9800 ] } { [ 5593 ] } { [ 7305 ] } { [ 6401 ] } { [ 7121 ] }
antes   de colapsar { [ 3434 ][ 3847 ] } { [ 584 ][ 1202 ] } { [ 5749 ][ 1563 ] } { [ 5972 ] } { [ 4855 ][ 9523 ] } { [ 7433 ][ 7040 ] } { [ 4697 ] } { [ 1537 ][ 3412 ] } { [ 3836 ] } { [ 9800 ][ 1203 ] } { [ 5593 ] } { [ 7305 ] } { [ 6401 ] } { [ 7121 ] } { [ 2035 ] } { [ 3962 ] }
despues de colapsar { [ 3434 ][ 3847 ] } { [ 584 ][ 1202 ] } { [ 5749 ][ 1563 ] } { [ 5972 ] } { [ 4855 ][ 9523 ] } { [ 7433 ][ 7040 ] } { [ 4697 ] } { [ 1537 ][ 3412 ] } { [ 3836 ] } { [ 3433 ] } { [ 5593 ] } { [ 7305 ] } { [ 6401 ] } { [ 7121 ] } { [ 2035 ] } { [ 3962 ] }
antes   de filtrar: { [ 3434 ][ 3847 ] } { [ 584 ][ 1202 ] } { [ 5749 ][ 1563 ] } { [ 5972 ] } { [ 4855 ][ 9523 ][ 4199 ] } { [ 7433 ][ 7040 ] } { [ 4697 ] } { [ 1537 ][ 3412 ] } { [ 3836 ] } { [ 3433 ] } { [ 5593 ] } { [ 7305 ] } { [ 6401 ] } { [ 7121 ] } { [ 2035 ] } { [ 3962 ] } { [ 5716 ] } { [ 7808 ] }
despues de filtrar: { [ 3434 ][ 3847 ] } { [ 584 ][ 1202 ] } { [ 5749 ][ 1563 ] } { [ 5972 ] } { [ 4855 ][ 9523 ][ 4199 ] } { [ 7433 ][ 7040 ] } { [ 4697 ] } { [ 1537 ][ 3412 ] } { [ 3836 ] } { [ 3433 ] } { [ 5593 ] } { [ 7121 ] } { [ 3962 ] } { [ 5716 ] }
antes   de filtrar: { [ 3434 ][ 3847 ] } { [ 584 ][ 1202 ] } { [ 5749 ][ 1563 ] } { [ 5972 ] } { [ 4855 ][ 9523 ][ 4199 ] } { [ 7433 ][ 7040 ] } { [ 4697 ] } { [ 1537 ][ 3412 ] } { [ 3836 ] } { [ 3433 ] } { [ 5593 ] } { [ 7121 ] } { [ 3962 ] } { [ 5716 ] } { [ 3660 ] } { [ 5206 ] } { [ 7670 ] }
despues de filtrar: { [ 3434 ][ 3847 ] } { [ 584 ][ 1202 ] } { [ 5749 ][ 1563 ] } { [ 5972 ] } { [ 4855 ][ 9523 ][ 4199 ] } { [ 7433 ][ 7040 ] } { [ 4697 ] } { [ 1537 ][ 3412 ] } { [ 3836 ] } { [ 3433 ] } { [ 5593 ] } { [ 7121 ] } { [ 3962 ] } { [ 5716 ] }
antes   de colapsar { [ 3434 ][ 3847 ] } { [ 584 ][ 1202 ] } { [ 5749 ][ 1563 ] } { [ 5972 ] } { [ 4855 ][ 9523 ][ 4199 ] } { [ 7433 ][ 7040 ] } { [ 4697 ] } { [ 1537 ][ 3412 ] } { [ 3836 ][ 7333 ] } { [ 3433 ] } { [ 5593 ] } { [ 7121 ] } { [ 3962 ] } { [ 5716 ] } { [ 1737 ] }
despues de colapsar { [ 3434 ][ 3847 ] } { [ 584 ][ 1202 ] } { [ 5749 ][ 1563 ] } { [ 5972 ] } { [ 4855 ][ 9523 ][ 4199 ] } { [ 7433 ][ 7040 ] } { [ 4697 ] } { [ 1537 ][ 3412 ] } { [ 3836 ][ 7333 ] } { [ 3433 ] } { [ 5593 ] } { [ 7121 ] } { [ 3962 ] } { [ 5716 ] } { [ 1737 ] }
antes   de filtrar: { [ 3434 ][ 3847 ] } { [ 584 ][ 1202 ] } { [ 5749 ][ 1563 ] } { [ 5972 ] } { [ 4855 ][ 9523 ][ 4199 ] } { [ 7433 ][ 7040 ] } { [ 4697 ] } { [ 1537 ][ 3412 ] } { [ 3836 ][ 7333 ] } { [ 3433 ] } { [ 5593 ] } { [ 7121 ] } { [ 3962 ] } { [ 5716 ] } { [ 1737 ] } { [ 1603 ] } { [ 4399 ] } { [ 8940 ] } { [ 445 ] } { [ 3500 ] } { [ 9946 ] }
despues de filtrar: { [ 3434 ][ 3847 ] } { [ 584 ][ 1202 ] } { [ 5749 ][ 1563 ] } { [ 5972 ] } { [ 4855 ][ 9523 ][ 4199 ] } { [ 7433 ][ 7040 ] } { [ 4697 ] } { [ 1537 ][ 3412 ] } { [ 3836 ][ 7333 ] } { [ 3433 ] } { [ 5593 ] } { [ 7121 ] } { [ 3962 ] } { [ 5716 ] } { [ 1737 ] } { [ 4399 ] } { [ 445 ] } { [ 9946 ] }
antes   de filtrar: { [ 3434 ][ 3847 ] } { [ 584 ][ 1202 ] } { [ 5749 ][ 1563 ] } { [ 5972 ] } { [ 4855 ][ 9523 ][ 4199 ][ 3647 ] } { [ 7433 ][ 7040 ] } { [ 4697 ] } { [ 1537 ][ 3412 ] } { [ 3836 ][ 7333 ] } { [ 3433 ] } { [ 5593 ] } { [ 7121 ] } { [ 3962 ] } { [ 5716 ] } { [ 1737 ] } { [ 4399 ] } { [ 445 ] } { [ 9946 ] } { [ 2009 ] } { [ 1945 ] } { [ 6767 ] } { [ 1874 ] } { [ 2664 ] } { [ 6973 ] }
despues de filtrar: { [ 3434 ][ 3847 ] } { [ 584 ][ 1202 ] } { [ 5749 ][ 1563 ] } { [ 5972 ] } { [ 4855 ][ 9523 ][ 4199 ][ 3647 ] } { [ 7433 ][ 7040 ] } { [ 4697 ] } { [ 1537 ][ 3412 ] } { [ 3836 ][ 7333 ] } { [ 3433 ] } { [ 5593 ] } { [ 7121 ] } { [ 3962 ] } { [ 5716 ] } { [ 1737 ] } { [ 4399 ] } { [ 445 ] } { [ 9946 ] } { [ 1945 ] } { [ 6767 ] } { [ 1874 ] } { [ 2664 ] } { [ 6973 ] }
antes   de filtrar: <vacia>
despues de filtrar: <vacia>
antes   de filtrar: <vacia>
despues de filtrar: <vacia>
antes   de colapsar { [ 5u546v ][ ptyjp ] } { [ s8d9 ][ e ] } { [ bfa7xk ] } { [ eic6nq ] }
despues de colapsar { [ 5put5y4j6p ] } { [ se8d9 ] } { [ bfa7xk ] } { [ eic6nq ] }
antes   de colapsar { [ 5put5y4j6p ] } { [ se8d9 ] } { [ bfa7xk ] } { [ eic6nq ] } { [ 7sxqi7jh5 ] }
despues de colapsar { [ 5put5y4j6p ] } { [ se8d9 ] } { [ bfa7xk ] } { [ eic6nq ] } { [ 7sxqi7jh5 ] }
antes   de colapsar { [ 5put5y4j6p ] } { [ se8d9 ] } { [ bfa7xk ] } { [ eic6nq ][ 24f2l0cu ] } { [ 7sxqi7jh5 ] } { [ qscu1f ][ tglv ] } { [ nkb ] } { [ 46xdx1ip4 ] }
despues de colapsar { [ 5put5y4j6p ] } { [ se8d9 ] } { [ bfa7xk ] } { [ e2i4cf62nl ] } { [ 7sxqi7jh5 ] } { [ qtsgcluv1f ] } { [ nkb ] } { [ 46xdx1ip4 ] }
antes   de filtrar: { [ 5put5y4j6p ] } { [ se8d9 ] } { [ bfa7xk ] } { [ e2i4cf62nl ] } { [ 7sxqi7jh5 ] } { [ qtsgcluv1f ] } { [ nkb ] } { [ 46xdx1ip4 ] } { [ s5qfwxk ] } { [ 7djr ] }
despues de filtrar: { [ nkb ] }
antes   de filtrar: { [ nkb ] } { [ srgxq4kif ] } { [ xsc214v ] } { [ diy8c5vtcj ] }
despues de filtrar: { [ nkb ] }
antes   de colapsar { [ nkb ] } { [ ap1upeot10 ][ 8xrci2j ][ r ] }
despues de colapsar { [ nkb ] } { [ ar8px1rucp ] }
antes   de colapsar { [ nkb ] } { [ ar8px1rucp ][ y ] } { [ hvk0a ] } { [ 0pb ][ p ] } { [ 4i8igygo ] } { [ 3dbn ] } { [ 1a ] } { [ hm5clud ] } { [ rbo32gi57i ] } { [ 1 ] }
despues de colapsar { [ nkb ] } { [ ayr8px1ruc ] } { [ hvk0a ] } { [ 0ppb ] } { [ 4i8igygo ] } { [ 3dbn ] } { [ 1a ] } { [ hm5clud ] } { [ rbo32gi57i ] } { [ 1 ] }
antes   de filtrar: { [ nkb ] } { [ ayr8px1ruc ] } { [ hvk0a ] } { [ 0ppb ] } { [ 4i8igygo ] } { [ 3dbn ] } { [ 1a ] } { [ hm5clud ] } { [ rbo32gi57i ] } { [ 1 ] } { [ uw5l4h ] } { [ xk ] } { [ ey0cowdix ] } { [ qn ] }
despues de filtrar: { [ nkb ] } { [ xk ] } { [ qn ] }
antes   de filtrar: { [ 1215 ] } { [ 9853 ] } { [ 6008 ] }
despues de filtrar: { [ 1215 ] } { [ 9853 ] }
antes   de colapsar { [ 1215 ] } { [ 9853 ][ 6094 ] } { [ 2400 ] }
despues de colapsar { [ 1215 ] } { [ 9853 ][ 6094 ] } { [ 2400 ] }
antes   de filtrar: { [ 1215 ][ 2911 ] } { [ 9853 ][ 6094 ][ 8974 ][ 3603 ] } { [ 2400 ] } { [ 7123 ][ 3221 ] } { [ 9859 ][ 1478 ][ 7532 ][ 9346 ] } { [ 4256 ] } { [ 6134 ] } { [ 9775 ] } { [ 539 ] } { [ 2978 ] } { [ 3407 ] } { [ 8579 ][ 7104 ] } { [ 4833 ] } { [ 5954 ] } { [ 6629 ] }
despues de filtrar: { [ 1215 ][ 2911 ] } { [ 9853 ][ 6094 ][ 8974 ][ 3603 ] } { [ 7123 ][ 3221 ] } { [ 9859 ][ 1478 ][ 7532 ][ 9346 ] } { [ 4256 ] } { [ 6134 ] } { [ 9775 ] } { [ 539 ] } { [ 2978 ] } { [ 8579 ][ 7104 ] } { [ 4833 ] } { [ 5954 ] } { [ 6629 ] }
antes   de filtrar: { [ 1215 ][ 2911 ] } { [ 9853 ][ 6094 ][ 8974 ][ 3603 ] } { [ 7123 ][ 3221 ] } { [ 9859 ][ 1478 ][ 7532 ][ 9346 ] } { [ 4256 ] } { [ 6134 ] } { [ 9775 ] } { [ 539 ][ 2028 ] } { [ 2978 ] } { [ 8579 ][ 7104 ] } { [ 4833 ] } { [ 5954 ] } { [ 6629 ] } { [ 3305 ] } { [ 8573 ] } { [ 9983 ] } { [ 2177 ] } { [ 9399 ] }
despues de filtrar: { [ 1215 ][ 2911 ] } { [ 9853 ][ 6094 ][ 8974 ][ 3603 ] } { [ 7123 ][ 3221 ] } { [ 9859 ][ 1478 ][ 7532 ][ 9346 ] } { [ 4256 ] } { [ 6134 ] } { [ 9775 ] } { [ 539 ][ 2028 ] } { [ 2978 ] } { [ 8579 ][ 7104 ] } { [ 4833 ] } { [ 5954 ] } { [ 6629 ] } { [ 8573 ] } { [ 9983 ] } { [ 2177 ] } { [ 9399 ] }
antes   de colapsar { [ 1215 ][ 2911 ] } { [ 9853 ][ 6094 ][ 8974 ][ 3603 ] } { [ 7123 ][ 3221 ] } { [ 9859 ][ 1478 ][ 7532 ][ 9346 ] } { [ 4256 ] } { [ 6134 ] } { [ 9775 ] } { [ 539 ][ 2028 ] } { [ 2978 ] } { [ 8579 ][ 7104 ] } { [ 4833 ] } { [ 5954 ] } { [ 6629 ] } { [ 8573 ] } { [ 9983 ] } { [ 2177 ] } { [ 9399 ] }
despues de colapsar { [ 1215 ][ 2911 ] } { [ 9853 ][ 6094 ][ 8974 ][ 3603 ] } { [ 7123 ][ 3221 ] } { [ 9859 ][ 1478 ][ 7532 ][ 9346 ] } { [ 4256 ] } { [ 6134 ] } { [ 9775 ] } { [ 539 ][ 2028 ] } { [ 2978 ] } { [ 8579 ][ 7104 ] } { [ 4833 ] } { [ 5954 ] } { [ 6629 ] } { [ 8573 ] } { [ 9983 ] } { [ 2177 ] } { [ 9399 ] }
antes   de colapsar { [ 1215 ][ 2911 ] } { [ 9853 ][ 6094 ][ 8974 ][ 3603 ] } { [ 7123 ][ 3221 ] } { [ 9859 ][ 1478 ][ 7532 ][ 9346 ] } { [ 4256 ] } { [ 6134 ] } { [ 9775 ] } { [ 539 ][ 2028 ] } { [ 2978 ] } { [ 8579 ][ 7104 ] } { [ 4833 ] } { [ 5954 ] } { [ 6629 ] } { [ 8573 ] } { [ 9983 ] } { [ 2177 ] } { [ 9399 ] } { [ 7138 ] } { [ 8739 ] } { [ 9705 ] }
despues de colapsar { [ 1215 ][ 2911 ] } { [ 9853 ][ 6094 ][ 8974 ][ 3603 ] } { [ 7123 ][ 3221 ] } { [ 9859 ][ 1478 ][ 7532 ][ 9346 ] } { [ 4256 ] } { [ 6134 ] } { [ 9775 ] } { [ 539 ][ 2028 ] } { [ 2978 ] } { [ 8579 ][ 7104 ] } { [ 4833 ] } { [ 5954 ] } { [ 6629 ] } { [ 8573 ] } { [ 9983 ] } { [ 2177 ] } { [ 9399 ] } { [ 7138 ] } { [ 8739 ] } { [ 9705 ] }
antes   de filtrar: { [ 1215 ][ 2911 ] } { [ 9853 ][ 6094 ][ 8974 ][ 3603 ] } { [ 7123 ][ 3221 ] } { [ 9859 ][ 1478 ][ 7532 ][ 9346 ] } { [ 4256 ] } { [ 6134 ] } { [ 9775 ] } { [ 539 ][ 2028 ] } { [ 2978 ] } { [ 8579 ][ 7104 ] } { [ 4833 ] } { [ 5954 ] } { [ 6629 ] } { [ 8573 ] } { [ 9983 ] } { [ 2177 ] } { [ 9399 ] } { [ 7138 ] } { [ 8739 ] } { [ 9705 ] } { [ 1147 ] } { [ 5316 ] } { [ 7528 ] }
despues de filtrar: { [ 1215 ][ 2911 ] } { [ 9853 ][ 6094 ][ 8974 ][ 3603 ] } { [ 7123 ][ 3221 ] } { [ 9859 ][ 1478 ][ 7532 ][ 9346 ] } { [ 4256 ] } { [ 6134 ] } { [ 9775 ] } { [ 539 ][ 2028 ] } { [ 2978 ] } { [ 8579 ][ 7104 ] } { [ 4833 ] } { [ 5954 ] } { [ 6629 ] } { [ 8573 ] } { [ 9983 ] } { [ 2177 ] } { [ 9399 ] } { [ 7138 ] } { [ 8739 ] } { [ 1147 ] } { [ 5316 ] } { [ 7528 ] }
antes   de colapsar { [ 1215 ][ 2911 ] } { [ 9853 ][ 6094 ][ 8974 ][ 3603 ] } { [ 7123 ][ 3221 ] } { [ 9859 ][ 1478 ][ 7532 ][ 9346 ] } { [ 4256 ] } { [ 6134 ] } { [ 9775 ] } { [ 539 ][ 2028 ] } { [ 2978 ] } { [ 8579 ][ 7104 ] } { [ 4833 ] } { [ 5954 ] } { [ 6629 ] } { [ 8573 ] } { [ 9983 ] } { [ 2177 ] } { [ 9399 ] } { [ 7138 ] } { [ 8739 ] } { [ 1147 ] } { [ 5316 ] } { [ 7528 ] } { [ 2923 ] } { [ 1782 ] }
despues de colapsar { [ 1215 ][ 2911 ] } { [ 9853 ][ 6094 ][ 8974 ][ 3603 ] } { [ 7123 ][ 3221 ] } { [ 9859 ][ 1478 ][ 7532 ][ 9346 ] } { [ 4256 ] } { [ 6134 ] } { [ 9775 ] } { [ 539 ][ 2028 ] } { [ 2978 ] } { [ 8579 ][ 7104 ] } { [ 4833 ] } { [ 5954 ] } { [ 6629 ] } { [ 8573 ] } { [ 9983 ] } { [ 2177 ] } { [ 9399 ] } { [ 7138 ] } { [ 8739 ] } { [ 1147 ] } { [ 5316 ] } { [ 7528 ] } { [ 2923 ] } { [ 1782 ] }
antes   de colapsar { [ 1215 ][ 2911 ] } { [ 9853 ][ 6094 ][ 8974 ][ 3603 ] } { [ 7123 ][ 3221 ][ 7666 ] } { [ 9859 ][ 1478 ][ 7532 ][ 9346 ] } { [ 4256 ] } { [ 6134 ] } { [ 9775 ] } { [ 539 ][ 2028 ] } { [ 2978 ] } { [ 8579 ][ 7104 ][ 4395 ] } { [ 4833 ] } { [ 5954 ] } { [ 6629 ] } { [ 8573 ] } { [ 9983 ] } { [ 2177 ] } { [ 9399 ] } { [ 7138 ] } { [ 8739 ] } { [ 1147 ] } { [ 5316 ] } { [ 7528 ] } { [ 2923 ] } { [ 1782 ] } { [ 2410 ] } { [ 712 ] } { [ 9520 ] } { [ 7668 ] } { [ 794 ] }
despues de colapsar { [ 1215 ][ 2911 ] } { [ 9853 ][ 6094 ][ 8974 ][ 3603 ] } { [ 7123 ][ 3221 ][ 7666 ] } { [ 9859 ][ 1478 ][ 7532 ][ 9346 ] } { [ 4256 ] } { [ 6134 ] } { [ 9775 ] } { [ 539 ][ 2028 ] } { [ 2978 ] } { [ 8579 ][ 7104 ][ 4395 ] } { [ 4833 ] } { [ 5954 ] } { [ 6629 ] } { [ 8573 ] } { [ 9983 ] } { [ 2177 ] } { [ 9399 ] } { [ 7138 ] } { [ 8739 ] } { [ 1147 ] } { [ 5316 ] } { [ 7528 ] } { [ 2923 ] } { [ 1782 ] } { [ 2410 ] } { [ 712 ] } { [ 9520 ] } { [ 7668 ] } { [ 794 ] }
antes   de filtrar: { [ 1215 ][ 2911 ] } { [ 9853 ][ 6094 ][ 8974 ][ 3603 ] } { [ 7123 ][ 3221 ][ 7666 ][ 3022 ] } { [ 9859 ][ 1478 ][ 7532 ][ 9346 ] } { [ 4256 ] } { [ 6134 ] } { [ 9775 ] } { [ 539 ][ 2028 ] } { [ 2978 ] } { [ 8579 ][ 7104 ][ 4395 ] } { [ 4833 ] } { [ 5954 ] } { [ 6629 ] } { [ 8573 ] } { [ 9983 ] } { [ 2177 ] } { [ 9399 ] } { [ 7138 ] } { [ 8739 ] } { [ 1147 ] } { [ 5316 ][ 711 ] } { [ 7528 ] } { [ 2923 ] } { [ 1782 ] } { [ 2410 ] } { [ 712 ] } { [ 9520 ] } { [ 7668 ] } { [ 794 ] }
despues de filtrar: { [ 1215 ][ 2911 ] } { [ 9853 ][ 6094 ][ 8974 ][ 3603 ] } { [ 7123 ][ 3221 ][ 7666 ][ 3022 ] } { [ 9859 ][ 1478 ][ 7532 ][ 9346 ] } { [ 4256 ] } { [ 6134 ] } { [ 9775 ] } { [ 539 ][ 2028 ] } { [ 2978 ] } { [ 8579 ][ 7104 ][ 4395 ] } { [ 4833 ] } { [ 5954 ] } { [ 6629 ] } { [ 8573 ] } { [ 9983 ] } { [ 2177 ] } { [ 9399 ] } { [ 7138 ] } { [ 8739 ] } { [ 1147 ] } { [ 5316 ][ 711 ] } { [ 7528 ] } { [ 2923 ] } { [ 1782 ] } { [ 712 ] } { [ 7668 ] } { [ 794 ] }
antes   de colapsar { [ 16.956073 ][ 36.138316 ] } { [ -8.076210 ] } { [ 21.884156 ] }
despues de colapsar { [ 7.286590 ] } { [ -8.076210 ] } { [ 21.884156 ] }
antes   de filtrar: { [ 7.286590 ] } { [ -8.076210 ] } { [ 21.884156 ] }
despues de filtrar: { [ 7.286590 ] } { [ -8.076210 ] }
antes   de colapsar { [ 7.286590 ][ 36.132947 ] } { [ -8.076210 ] } { [ -21.733026 ] } { [ 65.360533 ] } { [ 7.262447 ][ 8.295033 ] } { [ 41.875634 ] }
despues de colapsar { [ 7.286590 ][ 36.132947 ] } { [ -8.076210 ] } { [ -21.733026 ] } { [ 65.360533 ] } { [ 7.262447 ][ 8.295033 ] } { [ 41.875634 ] }
antes   de filtrar: { [ 7.286590 ][ 36.132947 ] } { [ -8.076210 ][ -2.953902 ] } { [ -21.733026 ] } { [ 65.360533 ] } { [ 7.262447 ][ 8.295033 ][ 10.717020 ] } { [ 41.875634 ][ 72.529569 ] } { [ 27.998576 ] } { [ 3.832819 ] } { [ 7.440064 ] } { [ -8.714254 ][ -7.468344 ] } { [ 9.138585 ] } { [ 9.923916 ] } { [ 50.288358 ] } { [ 48.525771 ] } { [ 13.274284 ] }
despues de filtrar: { [ 7.286590 ][ 36.132947 ] } { [ -8.076210 ][ -2.953902 ] } { [ -21.733026 ] } { [ 65.360533 ] } { [ 7.262447 ][ 8.295033 ][ 10.717020 ] } { [ 7.440064 ] } { [ -8.714254 ][ -7.468344 ] } { [ 9.138585 ] } { [ 50.288358 ] } { [ 13.274284 ] }
antes   de colapsar { [ 7.286590 ][ 36.132947 ] } { [ -8.076210 ][ -2.953902 ] } { [ -21.733026 ] } { [ 65.360533 ] } { [ 7.262447 ][ 8.295033 ][ 10.717020 ] } { [ 7.440064 ] } { [ -8.714254 ][ -7.468344 ] } { [ 9.138585 ] } { [ 50.288358 ] } { [ 13.274284 ] } { [ 70.526155 ][ -18.411639 ] } { [ 47.516041 ] } { [ 4.153414 ] } { [ -3.295128 ] }
despues de colapsar { [ 7.286590 ][ 36.132947 ] } { [ -8.076210 ][ -2.953902 ] } { [ -21.733026 ] } { [ 65.360533 ] } { [ 7.262447 ][ 8.295033 ][ 10.717020 ] } { [ 7.440064 ] } { [ -8.714254 ][ -7.468344 ] } { [ 9.138585 ] } { [ 50.288358 ] } { [ 13.274284 ] } { [ 7.219038 ] } { [ 47.516041 ] } { [ 4.153414 ] } { [ -3.295128 ] }
antes   de filtrar: { [ 7.286590 ][ 36.132947 ] } { [ -8.076210 ][ -2.953902 ] } { [ -21.733026 ] } { [ 65.360533 ][ -0.124827 ] } { [ 7.262447 ][ 8.295033 ][ 10.717020 ] } { [ 7.440064 ] } { [ -8.714254 ][ -7.468344 ] } { [ 9.138585 ] } { [ 50.288358 ] } { [ 13.274284 ] } { [ 7.219038 ] } { [ 47.516041 ] } { [ 4.153414 ] } { [ -3.295128 ] } { [ 52.027610 ] }
despues de filtrar: { [ 7.286590 ][ 36.132947 ] } { [ -8.076210 ][ -2.953902 ] } { [ -21.733026 ] } { [ 65.360533 ][ -0.124827 ] } { [ 7.262447 ][ 8.295033 ][ 10.717020 ] } { [ 7.440064 ] } { [ -8.714254 ][ -7.468344 ] } { [ 9.138585 ] } { [ 50.288358 ] } { [ 13.274284 ] } { [ 7.219038 ] } { [ 4.153414 ] } { [ -3.295128 ] } { [ 52.027610 ] }
antes   de colapsar { [ 7.286590 ][ 36.132947 ] } { [ -8.076210 ][ -2.953902 ] } { [ -21.733026 ] } { [ 65.360533 ][ -0.124827 ] } { [ 7.262447 ][ 8.295033 ][ 10.717020 ] } { [ 7.440064 ] } { [ -8.714254 ][ -7.468344 ] } { [ 9.138585 ] } { [ 50.288358 ] } { [ 13.274284 ] } { [ 7.219038 ][ -1.547381 ] } { [ 4.153414 ] } { [ -3.295128 ] } { [ 52.027610 ] } { [ 15.025218 ] } { [ 7.241310 ] } { [ 8.724461 ] }
despues de colapsar { [ 7.286590 ][ 36.132947 ] } { [ -8.076210 ][ -2.953902 ] } { [ -21.733026 ] } { [ 65.360533 ][ -0.124827 ] } { [ 7.262447 ][ 8.295033 ][ 10.717020 ] } { [ 7.440064 ] } { [ -8.714254 ][ -7.468344 ] } { [ 9.138585 ] } { [ 50.288358 ] } { [ 13.274284 ] } { [ 7.219038 ][ -1.547381 ] } { [ 4.153414 ] } { [ -3.295128 ] } { [ 52.027610 ] } { [ 15.025218 ] } { [ 7.241310 ] } { [ 8.724461 ] }
antes   de filtrar: { [ 7.286590 ][ 36.132947 ] } { [ -8.076210 ][ -2.953902 ] } { [ -21.733026 ] } { [ 65.360533 ][ -0.124827 ] } { [ 7.262447 ][ 8.295033 ][ 10.717020 ] } { [ 7.440064 ] } { [ -8.714254 ][ -7.468344 ] } { [ 9.138585 ] } { [ 50.288358 ] } { [ 13.274284 ] } { [ 7.219038 ][ -1.547381 ] } { [ 4.153414 ] } { [ -3.295128 ] } { [ 52.027610 ] } { [ 15.025218 ] } { [ 7.241310 ][ 38.824350 ] } { [ 8.724461 ] }
despues de filtrar: { [ 7.286590 ][ 36.132947 ] } { [ -8.076210 ][ -2.953902 ] } { [ -21.733026 ] } { [ 65.360533 ][ -0.124827 ] } { [ 7.262447 ][ 8.295033 ][ 10.717020 ] } { [ 7.440064 ] } { [ -8.714254 ][ -7.468344 ] } { [ 9.138585 ] } { [ 50.288358 ] } { [ 13.274284 ] } { [ 7.219038 ][ -1.547381 ] } { [ 4.153414 ] } { [ -3.295128 ] } { [ 52.027610 ] } { [ 15.025218 ] } { [ 7.241310 ][ 38.824350 ] }
antes   de colapsar { [ 7.286590 ][ 36.132947 ] } { [ -8.076210 ][ -2.953902 ] } { [ -21.733026 ] } { [ 65.360533 ][ -0.124827 ] } { [ 7.262447 ][ 8.295033 ][ 10.717020 ] } { [ 7.440064 ] } { [ -8.714254 ][ -7.468344 ] } { [ 9.138585 ] } { [ 50.288358 ] } { [ 13.274284 ] } { [ 7.219038 ][ -1.547381 ] } { [ 4.153414 ] } { [ -3.295128 ] } { [ 52.027610 ] } { [ 15.025218 ] } { [ 7.241310 ][ 38.824350 ] } { [ -10.347656 ] } { [ 7.244877 ] } { [ 73.895208 ] } { [ 15.154065 ] } { [ 8.075780 ] } { [ 56.420964 ] }
despues de colapsar { [ 7.286590 ][ 36.132947 ] } { [ -8.076210 ][ -2.953902 ] } { [ -21.733026 ] } { [ 65.360533 ][ -0.124827 ] } { [ 7.262447 ][ 8.295033 ][ 10.717020 ] } { [ 7.440064 ] } { [ -8.714254 ][ -7.468344 ] } { [ 9.138585 ] } { [ 50.288358 ] } { [ 13.274284 ] } { [ 7.219038 ][ -1.547381 ] } { [ 4.153414 ] } { [ -3.295128 ] } { [ 52.027610 ] } { [ 15.025218 ] } { [ 7.241310 ][ 38.824350 ] } { [ -10.347656 ] } { [ 7.244877 ] } { [ 73.895208 ] } { [ 15.154065 ] } { [ 8.075780 ] } { [ 56.420964 ] }
antes   de filtrar: { [ 7.286590 ][ 36.132947 ] } { [ -8.076210 ][ -2.953902 ] } { [ -21.733026 ] } { [ 65.360533 ][ -0.124827 ] } { [ 7.262447 ][ 8.295033 ][ 10.717020 ] } { [ 7.440064 ] } { [ -8.714254 ][ -7.468344 ] } { [ 9.138585 ] } { [ 50.288358 ] } { [ 13.274284 ] } { [ 7.219038 ][ -1.547381 ] } { [ 4.153414 ] } { [ -3.295128 ][ 47.579293 ] } { [ 52.027610 ] } { [ 15.025218 ] } { [ 7.241310 ][ 38.824350 ] } { [ -10.347656 ] } { [ 7.244877 ] } { [ 73.895208 ] } { [ 15.154065 ] } { [ 8.075780 ] } { [ 56.420964 ] } { [ 3.785027 ] } { [ 24.811277 ] } { [ 6.266912 ] }
despues de filtrar: { [ 7.286590 ][ 36.132947 ] } { [ -8.076210 ][ -2.953902 ] } { [ -21.733026 ] } { [ 65.360533 ][ -0.124827 ] } { [ 7.262447 ][ 8.295033 ][ 10.717020 ] } { [ 7.440064 ] } { [ -8.714254 ][ -7.468344 ] } { [ 9.138585 ] } { [ 50.288358 ] } { [ 13.274284 ] } { [ 7.219038 ][ -1.547381 ] } { [ 4.153414 ] } { [ -3.295128 ][ 47.579293 ] } { [ 52.027610 ] } { [ 15.025218 ] } { [ 7.241310 ][ 38.824350 ] } { [ -10.347656 ] } { [ 7.244877 ] } { [ 15.154065 ] } { [ 8.075780 ] } { [ 56.420964 ] } { [ 6.266912 ] }
antes   de filtrar: { [ og ] } { [ 6hec ][ e0v7fn5el ] }
despues de filtrar: { [ og ] }
antes   de filtrar: { [ og ][ 4jj ] } { [ glgem7i ] } { [ tvyoe7 ] } { [ ec933dcr9 ] } { [ 3k37b ] }
despues de filtrar: { [ og ][ 4jj ] }
antes   de filtrar: { [ og ][ 4jj ] } { [ lpa ] }
despues de filtrar: { [ og ][ 4jj ] } { [ lpa ] }
antes   de filtrar: { [ og ][ 4jj ] } { [ lpa ][ 00c5t14ddj ] } { [ 2baim9 ][ tx107 ] } { [ 15uqv9 ] }
despues de filtrar: { [ og ][ 4jj ] } { [ lpa ][ 00c5t14ddj ] }
antes   de colapsar { [ og ][ 4jj ] } { [ lpa ][ 00c5t14ddj ] }
despues de colapsar { [ og ][ 4jj ] } { [ lpa ][ 00c5t14ddj ] }
antes   de colapsar { [ og ][ 4jj ] } { [ lpa ][ 00c5t14ddj ][ 8avdf9 ] } { [ b ] } { [ 2ob ] } { [ k09bu64s ] } { [ kek6d78d ] } { [ 6 ] } { [ lyvg7 ] } { [ eohvp ] }
despues de colapsar { [ og ][ 4jj ] } { [ lpa ][ 00c5t14ddj ][ 8avdf9 ] } { [ b ] } { [ 2ob ] } { [ k09bu64s ] } { [ kek6d78d ] } { [ 6 ] } { [ lyvg7 ] } { [ eohvp ] }
antes   de colapsar { [ og ][ 4jj ][ 9ywkfc4 ] } { [ lpa ][ 00c5t14ddj ][ 8avdf9 ] } { [ b ] } { [ 2ob ] } { [ k09bu64s ] } { [ kek6d78d ] } { [ 6 ] } { [ lyvg7 ] } { [ eohvp ] }
despues de colapsar { [ og ][ 4jj ][ 9ywkfc4 ] } { [ lpa ][ 00c5t14ddj ][ 8avdf9 ] } { [ b ] } { [ 2ob ] } { [ k09bu64s ] } { [ kek6d78d ] } { [ 6 ] } { [ lyvg7 ] } { [ eohvp ] }
antes   de colapsar { [ og ][ 4jj ][ 9ywkfc4 ][ 6xcf7mcd ] } { [ lpa ][ 00c5t14ddj ][ 8avdf9 ] } { [ b ] } { [ 2ob ] } { [ k09bu64s ] } { [ kek6d78d ] } { [ 6 ][ rhrniodcg ] } { [ lyvg7 ] } { [ eohvp ] } { [ 98qa ] } { [ 031 ] } { [ vv0 ][ s9w ] } { [ 40l5r2y ] } { [ rm ] } { [ ridjx5t2r3 ][ 50 ][ w8xi ] }
despues de colapsar { [ og ][ 4jj ][ 9ywkfc4 ][ 6xcf7mcd ] } { [ lpa ][ 00c5t14ddj ][ 8avdf9 ] } { [ b ] } { [ 2ob ] } { [ k09bu64s ] } { [ kek6d78d ] } { [ 6rhrniodcg ] } { [ lyvg7 ] } { [ eohvp ] } { [ 98qa ] } { [ 031 ] } { [ vsv90w ] } { [ 40l5r2y ] } { [ rm ] } { [ rw58ix0idj ] }
antes   de colapsar { [ og ][ 4jj ][ 9ywkfc4 ][ 6xcf7mcd ] } { [ lpa ][ 00c5t14ddj ][ 8avdf9 ] } { [ b ] } { [ 2ob ] } { [ k09bu64s ] } { [ kek6d78d ] } { [ 6rhrniodcg ] } { [ lyvg7 ] } { [ eohvp ] } { [ 98qa ] } { [ 031 ] } { [ vsv90w ] } { [ 40l5r2y ] } { [ rm ] } { [ rw58ix0idj ] } { [ 8v5bx ] } { [ 2ur66ts ] } { [ v707624s ] } { [ uq3ib9kv ] } { [ m6 ] } { [ w8gpyja ] } { [ qjv6k5jx ] } { [ r43p ] } { [ 5bg4khleae ] }
despues de colapsar { [ og ][ 4jj ][ 9ywkfc4 ][ 6xcf7mcd ] } { [ lpa ][ 00c5t14ddj ][ 8avdf9 ] } { [ b ] } { [ 2ob ] } { [ k09bu64s ] } { [ kek6d78d ] } { [ 6rhrniodcg ] } { [ lyvg7 ] } { [ eohvp ] } { [ 98qa ] } { [ 031 ] } { [ vsv90w ] } { [ 40l5r2y ] } { [ rm ] } { [ rw58ix0idj ] } { [ 8v5bx ] } { [ 2ur66ts ] } { [ v707624s ] } { [ uq3ib9kv ] } { [ m6 ] } { [ w8gpyja ] } { [ qjv6k5jx ] } { [ r43p ] } { [ 5bg4khleae ] }
antes   de filtrar: { [ og ][ 4jj ][ 9ywkfc4 ][ 6xcf7mcd ] } { [ lpa ][ 00c5t14ddj ][ 8avdf9 ] } { [ b ] } { [ 2ob ] } { [ k09bu64s ] } { [ kek6d78d ] } { [ 6rhrniodcg ] } { [ lyvg7 ] } { [ eohvp ] } { [ 98qa ] } { [ 031 ] } { [ vsv90w ] } { [ 40l5r2y ] } { [ rm ] } { [ rw58ix0idj ] } { [ 8v5bx ] } { [ 2ur66ts ] } { [ v707624s ][ 5cxxkc ] } { [ uq3ib9kv ] } { [ m6 ] } { [ w8gpyja ] } { [ qjv6k5jx ] } { [ r43p ] } { [ 5bg4khleae ] }
despues de filtrar: { [ og ][ 4jj ][ 9ywkfc4 ][ 6xcf7mcd ] } { [ lpa ][ 00c5t14ddj ][ 8avdf9 ] } { [ b ] } { [ eohvp ] } { [ rm ] }
