antes   de colapsar { [ 1075 ] } { [ 5944 ] }
despues de colapsar { [ 1075 ] } { [ 5944 ] }
antes   de colapsar { [ 1075 ][ 3628 ] } { [ 5944 ] } { [ 6710 ] } { [ 1461 ] } { [ 7371 ] } { [ 4952 ] }
despues de colapsar { [ 1974 ] } { [ 5944 ] } { [ 6710 ] } { [ 1461 ] } { [ 7371 ] } { [ 4952 ] }
antes   de filtrar: { [ 1974 ] } { [ 5944 ] } { [ 6710 ][ 3221 ] } { [ 1461 ] } { [ 7371 ] } { [ 4952 ] } { [ 3492 ] } { [ 9127 ] } { [ 1781 ] }
despues de filtrar: { [ 1974 ] } { [ 5944 ] } { [ 1461 ] } { [ 7371 ] } { [ 4952 ] } { [ 3492 ] } { [ 9127 ] } { [ 1781 ] }
antes   de colapsar { [ 1974 ] } { [ 5944 ] } { [ 1461 ] } { [ 7371 ] } { [ 4952 ] } { [ 3492 ] } { [ 9127 ] } { [ 1781 ] }
despues de colapsar { [ 1974 ] } { [ 5944 ] } { [ 1461 ] } { [ 7371 ] } { [ 4952 ] } { [ 3492 ] } { [ 9127 ] } { [ 1781 ] }
antes   de filtrar: { [ 1974 ] } { [ 5944 ] } { [ 1461 ] } { [ 7371 ] } { [ 4952 ] } { [ 3492 ][ 9094 ] } { [ 9127 ] } { [ 1781 ][ 335 ] } { [ 3334 ] } { [ 7720 ] } { [ 869 ] } { [ 790 ][ 3351 ] } { [ 3607 ] } { [ 1589 ] } { [ 3582 ] } { [ 7977 ] }
despues de filtrar: { [ 1974 ] } { [ 5944 ] } { [ 1461 ] } { [ 7371 ] } { [ 4952 ] } { [ 3492 ][ 9094 ] } { [ 9127 ] } { [ 1781 ][ 335 ] } { [ 3334 ] } { [ 869 ] } { [ 1589 ] } { [ 3582 ] } { [ 7977 ] }
antes   de colapsar { [ 1974 ] } { [ 5944 ] } { [ 1461 ] } { [ 7371 ] } { [ 4952 ] } { [ 3492 ][ 9094 ] } { [ 9127 ] } { [ 1781 ][ 335 ] } { [ 3334 ] } { [ 869 ] } { [ 1589 ] } { [ 3582 ] } { [ 7977 ] } { [ 3344 ] }
despues de colapsar { [ 1974 ] } { [ 5944 ] } { [ 1461 ] } { [ 7371 ] } { [ 4952 ] } { [ 3492 ][ 9094 ] } { [ 9127 ] } { [ 1781 ][ 335 ] } { [ 3334 ] } { [ 869 ] } { [ 1589 ] } { [ 3582 ] } { [ 7977 ] } { [ 3344 ] }
antes   de colapsar { [ 1974 ] } { [ 5944 ] } { [ 1461 ] } { [ 7371 ] } { [ 4952 ] } { [ 3492 ][ 9094 ] } { [ 9127 ][ 1936 ] } { [ 1781 ][ 335 ] } { [ 3334 ] } { [ 869 ] } { [ 1589 ] } { [ 3582 ] } { [ 7977 ] } { [ 3344 ] } { [ 2672 ] } { [ 7172 ] }
despues de colapsar { [ 1974 ] } { [ 5944 ] } { [ 1461 ] } { [ 7371 ] } { [ 4952 ] } { [ 3492 ][ 9094 ] } { [ 9127 ][ 1936 ] } { [ 1781 ][ 335 ] } { [ 3334 ] } { [ 869 ] } { [ 1589 ] } { [ 3582 ] } { [ 7977 ] } { [ 3344 ] } { [ 2672 ] } { [ 7172 ] }
antes   de filtrar: { [ 1974 ] } { [ 5944 ] } { [ 1461 ] } { [ 7371 ] } { [ 4952 ] } { [ 3492 ][ 9094 ] } { [ 9127 ][ 1936 ] } { [ 1781 ][ 335 ] } { [ 3334 ] } { [ 869 ] } { [ 1589 ] } { [ 3582 ] } { [ 7977 ] } { [ 3344 ][ 7071 ] } { [ 2672 ] } { [ 7172 ] }
despues de filtrar: { [ 1974 ] } { [ 5944 ] } { [ 1461 ] } { [ 7371 ] } { [ 4952 ] } { [ 3492 ][ 9094 ] } { [ 9127 ][ 1936 ] } { [ 1781 ][ 335 ] } { [ 3334 ] } { [ 869 ] } { [ 1589 ] } { [ 3582 ] } { [ 7977 ] } { [ 3344 ][ 7071 ] } { [ 2672 ] } { [ 7172 ] }
antes   de filtrar: { [ 1974 ] } { [ 5944 ][ 5651 ] } { [ 1461 ] } { [ 7371 ] } { [ 4952 ] } { [ 3492 ][ 9094 ] } { [ 9127 ][ 1936 ] } { [ 1781 ][ 335 ][ 7982 ] } { [ 3334 ][ 8409 ] } { [ 869 ] } { [ 1589 ] } { [ 3582 ] } { [ 7977 ][ 4187 ] } { [ 3344 ][ 7071 ] } { [ 2672 ] } { [ 7172 ] } { [ 9371 ][ 1997 ] } { [ 5043 ] } { [ 2459 ] } { [ 3512 ] } { [ 8444 ] } { [ 586 ] } { [ 7839 ] } { [ 6619 ] } { [ 2492 ] } { [ 5898 ] } { [ 1834 ] } { [ 97 ] }
despues de filtrar: { [ 1974 ] } { [ 5944 ][ 5651 ] } { [ 1461 ] } { [ 7371 ] } { [ 4952 ] } { [ 3492 ][ 9094 ] } { [ 9127 ][ 1936 ] } { [ 1781 ][ 335 ][ 7982 ] } { [ 3334 ][ 8409 ] } { [ 869 ] } { [ 1589 ] } { [ 3582 ] } { [ 7977 ][ 4187 ] } { [ 3344 ][ 7071 ] } { [ 2672 ] } { [ 7172 ] } { [ 9371 ][ 1997 ] } { [ 2459 ] } { [ 3512 ] } { [ 8444 ] } { [ 586 ] } { [ 7839 ] } { [ 6619 ] } { [ 2492 ] } { [ 5898 ] } { [ 1834 ] } { [ 97 ] }
antes   de filtrar: { [ 1974 ] } { [ 5944 ][ 5651 ] } { [ 1461 ] } { [ 7371 ] } { [ 4952 ] } { [ 3492 ][ 9094 ] } { [ 9127 ][ 1936 ] } { [ 1781 ][ 335 ][ 7982 ] } { [ 3334 ][ 8409 ] } { [ 869 ][ 2022 ] } { [ 1589 ] } { [ 3582 ] } { [ 7977 ][ 4187 ] } { [ 3344 ][ 7071 ] } { [ 2672 ] } { [ 7172 ] } { [ 9371 ][ 1997 ] } { [ 2459 ] } { [ 3512 ] } { [ 8444 ] } { [ 586 ] } { [ 7839 ] } { [ 6619 ] } { [ 2492 ] } { [ 5898 ] } { [ 1834 ] } { [ 97 ] } { [ 2018 ] } { [ 1071 ] }
despues de filtrar: { [ 1974 ] } { [ 5944 ][ 5651 ] } { [ 1461 ] } { [ 7371 ] } { [ 4952 ] } { [ 3492 ][ 9094 ] } { [ 9127 ][ 1936 ] } { [ 1781 ][ 335 ][ 7982 ] } { [ 3334 ][ 8409 ] } { [ 869 ][ 2022 ] } { [ 1589 ] } { [ 3582 ] } { [ 7977 ][ 4187 ] } { [ 3344 ][ 7071 ] } { [ 2672 ] } { [ 7172 ] } { [ 9371 ][ 1997 ] } { [ 2459 ] } { [ 3512 ] } { [ 8444 ] } { [ 586 ] } { [ 7839 ] } { [ 6619 ] } { [ 2492 ] } { [ 5898 ] } { [ 1834 ] } { [ 97 ] }
antes   de colapsar { [ 9105 ] } { [ 1612 ][ 6251 ] } { [ 3332 ][ 8199 ] } { [ 9737 ] } { [ 7964 ] } { [ 3502 ][ 7366 ][ 3943 ][ 632 ] } { [ 2126 ] } { [ 2905 ] } { [ 9588 ] } { [ 7180 ] } { [ 4046 ] } { [ 6671 ] } { [ 7083 ] } { [ 6126 ] } { [ 9756 ] } { [ 7126 ] }
despues de colapsar { [ 9105 ] } { [ 1612 ][ 6251 ] } { [ 3332 ][ 8199 ] } { [ 9737 ] } { [ 7964 ] } { [ 1681 ] } { [ 2126 ] } { [ 2905 ] } { [ 9588 ] } { [ 7180 ] } { [ 4046 ] } { [ 6671 ] } { [ 7083 ] } { [ 6126 ] } { [ 9756 ] } { [ 7126 ] }
antes   de filtrar: { [ 9105 ] } { [ 1612 ][ 6251 ] } { [ 3332 ][ 8199 ] } { [ 9737 ] } { [ 7964 ] } { [ 1681 ] } { [ 2126 ] } { [ 2905 ] } { [ 9588 ] } { [ 7180 ] } { [ 4046 ] } { [ 6671 ] } { [ 7083 ] } { [ 6126 ] } { [ 9756 ] } { [ 7126 ] }
despues de filtrar: { [ 1612 ][ 6251 ] } { [ 3332 ][ 8199 ] } { [ 9737 ] } { [ 7964 ] } { [ 1681 ] } { [ 2126 ] } { [ 9588 ] } { [ 6671 ] } { [ 6126 ] } { [ 9756 ] } { [ 7126 ] }
antes   de filtrar: { [ 1612 ][ 6251 ] } { [ 3332 ][ 8199 ] } { [ 9737 ] } { [ 7964 ] } { [ 1681 ] } { [ 2126 ][ 9202 ] } { [ 9588 ] } { [ 6671 ] } { [ 6126 ] } { [ 9756 ][ 1583 ] } { [ 7126 ] } { [ 7696 ] } { [ 4110 ] } { [ 6305 ][ 539 ] } { [ 2794 ] } { [ 8638 ] }
despues de filtrar: { [ 1612 ][ 6251 ] } { [ 3332 ][ 8199 ] } { [ 9737 ] } { [ 7964 ] } { [ 1681 ] } { [ 2126 ][ 9202 ] } { [ 9588 ] } { [ 6671 ] } { [ 6126 ] } { [ 9756 ][ 1583 ] } { [ 7126 ] } { [ 7696 ] } { [ 2794 ] } { [ 8638 ] }
antes   de colapsar { [ 1612 ][ 6251 ] } { [ 3332 ][ 8199 ] } { [ 9737 ] } { [ 7964 ] } { [ 1681 ] } { [ 2126 ][ 9202 ] } { [ 9588 ] } { [ 6671 ] } { [ 6126 ] } { [ 9756 ][ 1583 ][ 6092 ] } { [ 7126 ] } { [ 7696 ] } { [ 2794 ] } { [ 8638 ] } { [ 1923 ] } { [ 3162 ] }
despues de colapsar { [ 1612 ][ 6251 ] } { [ 3332 ][ 8199 ] } { [ 9737 ] } { [ 7964 ] } { [ 1681 ] } { [ 2126 ][ 9202 ] } { [ 9588 ] } { [ 6671 ] } { [ 6126 ] } { [ 9756 ][ 1583 ][ 6092 ] } { [ 7126 ] } { [ 7696 ] } { [ 2794 ] } { [ 8638 ] } { [ 1923 ] } { [ 3162 ] }
antes   de colapsar { [ 1612 ][ 6251 ] } { [ 3332 ][ 8199 ] } { [ 9737 ] } { [ 7964 ] } { [ 1681 ] } { [ 2126 ][ 9202 ] } { [ 9588 ] } { [ 6671 ] } { [ 6126 ] } { [ 9756 ][ 1583 ][ 6092 ] } { [ 7126 ] } { [ 7696 ] } { [ 2794 ] } { [ 8638 ] } { [ 1923 ] } { [ 3162 ] } { [ 9694 ] } { [ 1365 ] } { [ 961 ] } { [ 122 ] }
despues de colapsar { [ 1612 ][ 6251 ] } { [ 3332 ][ 8199 ] } { [ 9737 ] } { [ 7964 ] } { [ 1681 ] } { [ 2126 ][ 9202 ] } { [ 9588 ] } { [ 6671 ] } { [ 6126 ] } { [ 9756 ][ 1583 ][ 6092 ] } { [ 7126 ] } { [ 7696 ] } { [ 2794 ] } { [ 8638 ] } { [ 1923 ] } { [ 3162 ] } { [ 9694 ] } { [ 1365 ] } { [ 961 ] } { [ 122 ] }
antes   de filtrar: { [ 1612 ][ 6251 ] } { [ 3332 ][ 8199 ] } { [ 9737 ] } { [ 7964 ] } { [ 1681 ] } { [ 2126 ][ 9202 ] } { [ 9588 ] } { [ 6671 ] } { [ 6126 ] } { [ 9756 ][ 1583 ][ 6092 ] } { [ 7126 ] } { [ 7696 ] } { [ 2794 ] } { [ 8638 ] } { [ 1923 ] } { [ 3162 ] } { [ 9694 ] } { [ 1365 ] } { [ 961 ] } { [ 122 ] } { [ 8963 ] }
despues de filtrar: { [ 1612 ][ 6251 ] } { [ 3332 ][ 8199 ] } { [ 9737 ] } { [ 7964 ] } { [ 1681 ] } { [ 2126 ][ 9202 ] } { [ 9588 ] } { [ 6671 ] } { [ 6126 ] } { [ 9756 ][ 1583 ][ 6092 ] } { [ 7126 ] } { [ 7696 ] } { [ 2794 ] } { [ 8638 ] } { [ 1923 ] } { [ 3162 ] } { [ 9694 ] } { [ 1365 ] } { [ 961 ] } { [ 122 ] } { [ 8963 ] }
antes   de filtrar: { [ 1612 ][ 6251 ] } { [ 3332 ][ 8199 ] } { [ 9737 ] } { [ 7964 ] } { [ 1681 ] } { [ 2126 ][ 9202 ] } { [ 9588 ] } { [ 6671 ] } { [ 6126 ] } { [ 9756 ][ 1583 ][ 6092 ] } { [ 7126 ] } { [ 7696 ] } { [ 2794 ] } { [ 8638 ] } { [ 1923 ] } { [ 3162 ] } { [ 9694 ] } { [ 1365 ] } { [ 961 ] } { [ 122 ] } { [ 8963 ] } { [ 2103 ] } { [ 3428 ] } { [ 9669 ] } { [ 2645 ] } { [ 2694 ] }
despues de filtrar: { [ 1612 ][ 6251 ] } { [ 3332 ][ 8199 ] } { [ 9737 ] } { [ 7964 ] } { [ 1681 ] } { [ 2126 ][ 9202 ] } { [ 9588 ] } { [ 6671 ] } { [ 6126 ] } { [ 9756 ][ 1583 ][ 6092 ] } { [ 7126 ] } { [ 7696 ] } { [ 2794 ] } { [ 8638 ] } { [ 1923 ] } { [ 3162 ] } { [ 9694 ] } { [ 1365 ] } { [ 961 ] } { [ 122 ] } { [ 8963 ] } { [ 3428 ] } { [ 9669 ] } { [ 2645 ] } { [ 2694 ] }
antes   de colapsar { [ 1612 ][ 6251 ] } { [ 3332 ][ 8199 ] } { [ 9737 ] } { [ 7964 ] } { [ 1681 ] } { [ 2126 ][ 9202 ] } { [ 9588 ] } { [ 6671 ] } { [ 6126 ] } { [ 9756 ][ 1583 ][ 6092 ] } { [ 7126 ] } { [ 7696 ] } { [ 2794 ] } { [ 8638 ] } { [ 1923 ] } { [ 3162 ] } { [ 9694 ] } { [ 1365 ] } { [ 961 ] } { [ 122 ] } { [ 8963 ] } { [ 3428 ] } { [ 9669 ] } { [ 2645 ] } { [ 2694 ] } { [ 3285 ] }
despues de colapsar { [ 1612 ][ 6251 ] } { [ 3332 ][ 8199 ] } { [ 9737 ] } { [ 7964 ] } { [ 1681 ] } { [ 2126 ][ 9202 ] } { [ 9588 ] } { [ 6671 ] } { [ 6126 ] } { [ 9756 ][ 1583 ][ 6092 ] } { [ 7126 ] } { [ 7696 ] } { [ 2794 ] } { [ 8638 ] } { [ 1923 ] } { [ 3162 ] } { [ 9694 ] } { [ 1365 ] } { [ 961 ] } { [ 122 ] } { [ 8963 ] } { [ 3428 ] } { [ 9669 ] } { [ 2645 ] } { [ 2694 ] } { [ 3285 ] }
antes   de colapsar { [ 1612 ][ 6251 ] } { [ 3332 ][ 8199 ] } { [ 9737 ] } { [ 7964 ] } { [ 1681 ] } { [ 2126 ][ 9202 ] } { [ 9588 ] } { [ 6671 ] } { [ 6126 ] } { [ 9756 ][ 1583 ][ 6092 ] } { [ 7126 ] } { [ 7696 ] } { [ 2794 ] } { [ 8638 ] } { [ 1923 ] } { [ 3162 ] } { [ 9694 ] } { [ 1365 ] } { [ 961 ] } { [ 122 ] } { [ 8963 ] } { [ 3428 ] } { [ 9669 ] } { [ 2645 ] } { [ 2694 ] } { [ 3285 ] }
despues de colapsar { [ 1612 ][ 6251 ] } { [ 3332 ][ 8199 ] } { [ 9737 ] } { [ 7964 ] } { [ 1681 ] } { [ 2126 ][ 9202 ] } { [ 9588 ] } { [ 6671 ] } { [ 6126 ] } { [ 9756 ][ 1583 ][ 6092 ] } { [ 7126 ] } { [ 7696 ] } { [ 2794 ] } { [ 8638 ] } { [ 1923 ] } { [ 3162 ] } { [ 9694 ] } { [ 1365 ] } { [ 961 ] } { [ 122 ] } { [ 8963 ] } { [ 3428 ] } { [ 9669 ] } { [ 2645 ] } { [ 2694 ] } { [ 3285 ] }
antes   de filtrar: { [ 1612 ][ 6251 ] } { [ 3332 ][ 8199 ] } { [ 9737 ] } { [ 7964 ] } { [ 1681 ] } { [ 2126 ][ 9202 ] } { [ 9588 ] } { [ 6671 ] } { [ 6126 ] } { [ 9756 ][ 1583 ][ 6092 ] } { [ 7126 ] } { [ 7696 ][ 673 ] } { [ 2794 ] } { [ 8638 ] } { [ 1923 ] } { [ 3162 ] } { [ 9694 ] } { [ 1365 ] } { [ 961 ] } { [ 122 ] } { [ 8963 ] } { [ 3428 ] } { [ 9669 ][ 3879 ] } { [ 2645 ] } { [ 2694 ] } { [ 3285 ] } { [ 2637 ] } { [ 4563 ] }
despues de filtrar: { [ 1612 ][ 6251 ] } { [ 3332 ][ 8199 ] } { [ 9737 ] } { [ 7964 ] } { [ 1681 ] } { [ 2126 ][ 9202 ] } { [ 9588 ] } { [ 6671 ] } { [ 6126 ] } { [ 9756 ][ 1583 ][ 6092 ] } { [ 7126 ] } { [ 7696 ][ 673 ] } { [ 2794 ] } { [ 8638 ] } { [ 1923 ] } { [ 3162 ] } { [ 9694 ] } { [ 1365 ] } { [ 961 ] } { [ 122 ] } { [ 8963 ] } { [ 3428 ] } { [ 9669 ][ 3879 ] } { [ 2645 ] } { [ 2694 ] } { [ 3285 ] } { [ 2637 ] } { [ 4563 ] }
antes   de colapsar { [ 32p2 ] }
despues de colapsar { [ 32p2 ] }
antes   de filtrar: { [ 32p2 ][ 2tpwg4nbt ] } { [ fyxhvot3lo ] }
despues de filtrar: <vacia>
antes   de filtrar: <vacia>
despues de filtrar: <vacia>
antes   de colapsar <vacia>
despues de colapsar <vacia>
antes   de filtrar: { [ jthvl ][ unmg7 ] } { [ 060l2533 ][ oxlr ] } { [ les1 ][ b9hgw7 ] } { [ 9fu2f1 ] } { [ jutd ] } { [ 2wlpwlf66 ] } { [ u81y7dq ] }
despues de filtrar: { [ jthvl ][ unmg7 ] } { [ jutd ] }
antes   de filtrar: { [ jthvl ][ unmg7 ][ nueaax8u56 ] } { [ jutd ] } { [ 8 ] } { [ m45pwphv ][ eeakpgh ] } { [ 0npl ] } { [ uuf ][ 7jouhhsi0 ] } { [ bbs65l2 ] } { [ feg94t1g ] } { [ qbl3na ] }
despues de filtrar: { [ jthvl ][ unmg7 ][ nueaax8u56 ] } { [ jutd ] } { [ uuf ][ 7jouhhsi0 ] }
antes   de colapsar { [ jthvl ][ unmg7 ][ nueaax8u56 ] } { [ jutd ] } { [ uuf ][ 7jouhhsi0 ] } { [ a ] } { [ q ] } { [ pum1 ] } { [ 6yus ] }
despues de colapsar { [ jthvl ][ unmg7 ][ nueaax8u56 ] } { [ jutd ] } { [ uuf ][ 7jouhhsi0 ] } { [ a ] } { [ q ] } { [ pum1 ] } { [ 6yus ] }
antes   de filtrar: { [ jthvl ][ unmg7 ][ nueaax8u56 ] } { [ jutd ] } { [ uuf ][ 7jouhhsi0 ] } { [ a ] } { [ q ] } { [ pum1 ] } { [ 6yus ] }
despues de filtrar: { [ jthvl ][ unmg7 ][ nueaax8u56 ] } { [ jutd ] } { [ uuf ][ 7jouhhsi0 ] } { [ a ] } { [ q ] }
antes   de colapsar { [ jthvl ][ unmg7 ][ nueaax8u56 ] } { [ jutd ][ mkwfg ] } { [ uuf ][ 7jouhhsi0 ] } { [ a ] } { [ q ] } { [ lgihj ] } { [ jad9kd5nrd ] } { [ c22 ] } { [ gevh ] } { [ ha ] } { [ i ] }
despues de colapsar { [ jthvl ][ unmg7 ][ nueaax8u56 ] } { [ jutd ][ mkwfg ] } { [ uuf ][ 7jouhhsi0 ] } { [ a ] } { [ q ] } { [ lgihj ] } { [ jad9kd5nrd ] } { [ c22 ] } { [ gevh ] } { [ ha ] } { [ i ] }
antes   de colapsar { [ jthvl ][ unmg7 ][ nueaax8u56 ] } { [ jutd ][ mkwfg ] } { [ uuf ][ 7jouhhsi0 ] } { [ a ][ ihi7ge1w5 ] } { [ q ] } { [ lgihj ] } { [ jad9kd5nrd ] } { [ c22 ] } { [ gevh ] } { [ ha ] } { [ i ] } { [ 4qojq56 ] } { [ xx ] } { [ lbqb ] } { [ w44cn ] }
despues de colapsar { [ jthvl ][ unmg7 ][ nueaax8u56 ] } { [ jutd ][ mkwfg ] } { [ uuf ][ 7jouhhsi0 ] } { [ a ][ ihi7ge1w5 ] } { [ q ] } { [ lgihj ] } { [ jad9kd5nrd ] } { [ c22 ] } { [ gevh ] } { [ ha ] } { [ i ] } { [ 4qojq56 ] } { [ xx ] } { [ lbqb ] } { [ w44cn ] }
antes   de colapsar <vacia>
despues de colapsar <vacia>
antes   de filtrar: <vacia>
despues de filtrar: <vacia>
antes   de filtrar: <vacia>
despues de filtrar: <vacia>
antes   de filtrar: { [ 2005 ] } { [ 30 ] }
despues de filtrar: <vacia>
antes   de colapsar <vacia>
despues de colapsar <vacia>
antes   de colapsar { [ 2339 ] } { [ 4433 ][ 1646 ] } { [ 8777 ] }
despues de colapsar { [ 2339 ] } { [ 4433 ][ 1646 ] } { [ 8777 ] }
antes   de colapsar { [ 2339 ] } { [ 4433 ][ 1646 ] } { [ 8777 ] } { [ 5868 ] } { [ 6810 ] } { [ 796 ] } { [ 4528 ] } { [ 2473 ] } { [ 5723 ][ 9992 ] }
despues de colapsar { [ 2339 ] } { [ 4433 ][ 1646 ] } { [ 8777 ] } { [ 5868 ] } { [ 6810 ] } { [ 796 ] } { [ 4528 ] } { [ 2473 ] } { [ 5723 ][ 9992 ] }
antes   de filtrar: { [ 2339 ] } { [ 4433 ][ 1646 ] } { [ 8777 ] } { [ 5868 ] } { [ 6810 ] } { [ 796 ] } { [ 4528 ] } { [ 2473 ] } { [ 5723 ][ 9992 ] } { [ 1010 ] }
despues de filtrar: { [ 2339 ] } { [ 4433 ][ 1646 ] } { [ 8777 ] } { [ 5868 ] } { [ 796 ] } { [ 4528 ] } { [ 2473 ] } { [ 5723 ][ 9992 ] }
antes   de filtrar: { [ 2339 ] } { [ 4433 ][ 1646 ][ 4294 ][ 5469 ] } { [ 8777 ][ 7335 ] } { [ 5868 ] } { [ 796 ] } { [ 4528 ] } { [ 2473 ][ 7885 ][ 74 ] } { [ 5723 ][ 9992 ][ 899 ] } { [ 4889 ] } { [ 7714 ][ 3009 ] } { [ 1050 ] } { [ 7254 ] } { [ 6518 ] } { [ 1923 ] } { [ 6562 ][ 9972 ] } { [ 5776 ] } { [ 3374 ] } { [ 6996 ] } { [ 9913 ] } { [ 2171 ] } { [ 1874 ] } { [ 1650 ] }
despues de filtrar: { [ 2339 ] } { [ 4433 ][ 1646 ][ 4294 ][ 5469 ] } { [ 8777 ][ 7335 ] } { [ 5868 ] } { [ 796 ] } { [ 4528 ] } { [ 2473 ][ 7885 ][ 74 ] } { [ 5723 ][ 9992 ][ 899 ] } { [ 4889 ] } { [ 7714 ][ 3009 ] } { [ 7254 ] } { [ 6518 ] } { [ 1923 ] } { [ 6562 ][ 9972 ] } { [ 5776 ] } { [ 3374 ] } { [ 6996 ] } { [ 9913 ] } { [ 2171 ] } { [ 1874 ] }
antes   de colapsar { [ 2339 ] } { [ 4433 ][ 1646 ][ 4294 ][ 5469 ] } { [ 8777 ][ 7335 ] } { [ 5868 ] } { [ 796 ] } { [ 4528 ] } { [ 2473 ][ 7885 ][ 74 ][ 2801 ] } { [ 5723 ][ 9992 ][ 899 ] } { [ 4889 ] } { [ 7714 ][ 3009 ] } { [ 7254 ] } { [ 6518 ][ 4841 ] } { [ 1923 ] } { [ 6562 ][ 9972 ] } { [ 5776 ] } { [ 3374 ] } { [ 6996 ] } { [ 9913 ] } { [ 2171 ] } { [ 1874 ] } { [ 1544 ] } { [ 6146 ] } { [ 3051 ] } { [ 4192 ] }
despues de colapsar { [ 2339 ] } { [ 4433 ][ 1646 ][ 4294 ][ 5469 ] } { [ 8777 ][ 7335 ] } { [ 5868 ] } { [ 796 ] } { [ 4528 ] } { [ 2473 ][ 7885 ][ 74 ][ 2801 ] } { [ 5723 ][ 9992 ][ 899 ] } { [ 4889 ] } { [ 7714 ][ 3009 ] } { [ 7254 ] } { [ 6518 ][ 4841 ] } { [ 1923 ] } { [ 6562 ][ 9972 ] } { [ 5776 ] } { [ 3374 ] } { [ 6996 ] } { [ 9913 ] } { [ 2171 ] } { [ 1874 ] } { [ 1544 ] } { [ 6146 ] } { [ 3051 ] } { [ 4192 ] }
antes   de colapsar { [ bsswj8p ] } { [ 1cmj ] } { [ jyxdd8m7ax ] } { [ 6odo71 ] } { [ rqb ] }
despues de colapsar { [ bsswj8p ] } { [ 1cmj ] } { [ jyxdd8m7ax ] } { [ 6odo71 ] } { [ rqb ] }
antes   de colapsar { [ bsswj8p ] } { [ 1cmj ] } { [ jyxdd8m7ax ] } { [ 6odo71 ] } { [ rqb ] } { [ d ] }
despues de colapsar { [ bsswj8p ] } { [ 1cmj ] } { [ jyxdd8m7ax ] } { [ 6odo71 ] } { [ rqb ] } { [ d ] }
antes   de colapsar { [ bsswj8p ] } { [ 1cmj ] } { [ jyxdd8m7ax ] } { [ 6odo71 ] } { [ rqb ] } { [ d ] } { [ dj4q5tmk ] }
despues de colapsar { [ bsswj8p ] } { [ 1cmj ] } { [ jyxdd8m7ax ] } { [ 6odo71 ] } { [ rqb ] } { [ d ] } { [ dj4q5tmk ] }
antes   de filtrar: { [ bsswj8p ] } { [ 1cmj ] } { [ jyxdd8m7ax ][ ufht ] } { [ 6odo71 ] } { [ rqb ] } { [ d ] } { [ dj4q5tmk ][ gyxo791ms7 ] } { [ 1d2j55exi9 ] } { [ l88osyswl ] } { [ 14hgec ] } { [ o0ot8l ] } { [ dx54r ] } { [ 19ij44jn7j ] }
despues de filtrar: { [ rqb ] } { [ d ] }
antes   de colapsar { [ rqb ] } { [ d ] } { [ nh1vq ] }
despues de colapsar { [ rqb ] } { [ d ] } { [ nh1vq ] }
antes   de filtrar: { [ rqb ][ 5kqvtqm69 ] } { [ d ] } { [ nh1vq ] }
despues de filtrar: { [ rqb ][ 5kqvtqm69 ] } { [ d ] }
antes   de colapsar { [ rqb ][ 5kqvtqm69 ][ y5f3c4rw ] } { [ d ] } { [ 3b2k4g ] }
despues de colapsar { [ rqb ][ 5kqvtqm69 ][ y5f3c4rw ] } { [ d ] } { [ 3b2k4g ] }
antes   de filtrar: { [ rqb ][ 5kqvtqm69 ][ y5f3c4rw ] } { [ d ] } { [ 3b2k4g ] } { [ p5mjdnl ] } { [ hws ] } { [ n86k ] }
despues de filtrar: { [ rqb ][ 5kqvtqm69 ][ y5f3c4rw ] } { [ d ] } { [ hws ] }
antes   de filtrar: { [ rqb ][ 5kqvtqm69 ][ y5f3c4rw ] } { [ d ][ a5xlhhv ][ nw ] } { [ hws ] } { [ 8mk ][ w4038ck0q0 ] } { [ ytt ] } { [ u8 ][ qqu ] } { [ 7f ] } { [ l ] } { [ 871i ] }
despues de filtrar: { [ rqb ][ 5kqvtqm69 ][ y5f3c4rw ] } { [ d ][ a5xlhhv ][ nw ] } { [ hws ] } { [ ytt ] } { [ l ] }
antes   de filtrar: { [ rqb ][ 5kqvtqm69 ][ y5f3c4rw ] } { [ d ][ a5xlhhv ][ nw ] } { [ hws ] } { [ ytt ][ l ] } { [ l ][ nyi0mf00v ][ ej1mo8ga9h ] } { [ 2hts263h ] } { [ f5rfyl ] } { [ xwrvvo ] } { [ ooeb74c ][ 9770r ] } { [ uwx ][ xnuoo ] } { [ waq9 ] } { [ 557310d ] } { [ 6s4sgbr9b4 ] } { [ g75o2cmug ] } { [ l43hyx0 ] }
despues de filtrar: { [ rqb ][ 5kqvtqm69 ][ y5f3c4rw ] } { [ d ][ a5xlhhv ][ nw ] } { [ hws ] } { [ ytt ][ l ] } { [ l ][ nyi0mf00v ][ ej1mo8ga9h ] } { [ xwrvvo ] } { [ uwx ][ xnuoo ] }
