antes   de filtrar: { [ 6324 ] } { [ 8509 ] } { [ 4 ] }
despues de filtrar: { [ 6324 ] } { [ 4 ] }
antes   de colapsar { [ 6324 ] } { [ 4 ] }
despues de colapsar { [ 6324 ] } { [ 4 ] }
antes   de colapsar { [ 6324 ][ 6127 ] } { [ 4 ] } { [ 1279 ] } { [ 7488 ] }
despues de colapsar { [ 6324 ][ 6127 ] } { [ 4 ] } { [ 1279 ] } { [ 7488 ] }
antes   de colapsar { [ 6324 ][ 6127 ] } { [ 4 ][ 8990 ] } { [ 1279 ][ 5585 ] } { [ 7488 ][ 1565 ] } { [ 5635 ] } { [ 3983 ] }
despues de colapsar { [ 6324 ][ 6127 ] } { [ 4 ][ 8990 ] } { [ 1279 ][ 5585 ] } { [ 7488 ][ 1565 ] } { [ 5635 ] } { [ 3983 ] }
antes   de filtrar: { [ 6324 ][ 6127 ] } { [ 4 ][ 8990 ][ 6303 ] } { [ 1279 ][ 5585 ][ 2730 ] } { [ 7488 ][ 1565 ] } { [ 5635 ] } { [ 3983 ] } { [ 5429 ][ 1221 ] } { [ 8705 ][ 7023 ] } { [ 5338 ] } { [ 3827 ] } { [ 267 ] } { [ 5026 ] } { [ 5021 ] } { [ 1937 ] } { [ 6569 ] } { [ 9973 ] } { [ 5506 ][ 7855 ] } { [ 767 ] } { [ 9789 ] } { [ 9732 ] } { [ 2958 ] } { [ 6833 ] } { [ 5328 ] } { [ 3307 ] }
despues de filtrar: { [ 6324 ][ 6127 ] } { [ 4 ][ 8990 ][ 6303 ] } { [ 1279 ][ 5585 ][ 2730 ] } { [ 7488 ][ 1565 ] } { [ 5635 ] } { [ 3983 ] } { [ 5429 ][ 1221 ] } { [ 5338 ] } { [ 3827 ] } { [ 267 ] } { [ 1937 ] } { [ 6569 ] } { [ 9973 ] } { [ 767 ] } { [ 9789 ] } { [ 9732 ] } { [ 2958 ] } { [ 6833 ] } { [ 5328 ] }
antes   de filtrar: { [ 6324 ][ 6127 ] } { [ 4 ][ 8990 ][ 6303 ] } { [ 1279 ][ 5585 ][ 2730 ] } { [ 7488 ][ 1565 ] } { [ 5635 ] } { [ 3983 ] } { [ 5429 ][ 1221 ] } { [ 5338 ] } { [ 3827 ] } { [ 267 ] } { [ 1937 ] } { [ 6569 ] } { [ 9973 ] } { [ 767 ] } { [ 9789 ] } { [ 9732 ] } { [ 2958 ] } { [ 6833 ] } { [ 5328 ][ 4692 ] }
despues de filtrar: { [ 6324 ][ 6127 ] } { [ 4 ][ 8990 ][ 6303 ] } { [ 1279 ][ 5585 ][ 2730 ] } { [ 7488 ][ 1565 ] } { [ 5635 ] } { [ 3983 ] } { [ 5429 ][ 1221 ] } { [ 5338 ] } { [ 3827 ] } { [ 267 ] } { [ 1937 ] } { [ 6569 ] } { [ 9973 ] } { [ 767 ] } { [ 9789 ] } { [ 9732 ] } { [ 2958 ] } { [ 6833 ] } { [ 5328 ][ 4692 ] }
antes   de filtrar: { [ 6324 ][ 6127 ] } { [ 4 ][ 8990 ][ 6303 ] } { [ 1279 ][ 5585 ][ 2730 ] } { [ 7488 ][ 1565 ] } { [ 5635 ] } { [ 3983 ] } { [ 5429 ][ 1221 ][ 2084 ][ 4057 ] } { [ 5338 ] } { [ 3827 ] } { [ 267 ][ 2934 ] } { [ 1937 ] } { [ 6569 ] } { [ 9973 ] } { [ 767 ] } { [ 9789 ] } { [ 9732 ] } { [ 2958 ] } { [ 6833 ] } { [ 5328 ][ 4692 ] } { [ 561 ] } { [ 1402 ] }
despues de filtrar: { [ 6324 ][ 6127 ] } { [ 4 ][ 8990 ][ 6303 ] } { [ 1279 ][ 5585 ][ 2730 ] } { [ 7488 ][ 1565 ] } { [ 5635 ] } { [ 3983 ] } { [ 5429 ][ 1221 ][ 2084 ][ 4057 ] } { [ 5338 ] } { [ 3827 ] } { [ 267 ][ 2934 ] } { [ 1937 ] } { [ 6569 ] } { [ 9973 ] } { [ 767 ] } { [ 9789 ] } { [ 9732 ] } { [ 2958 ] } { [ 6833 ] } { [ 5328 ][ 4692 ] } { [ 561 ] }
antes   de filtrar: { [ 6324 ][ 6127 ] } { [ 4 ][ 8990 ][ 6303 ] } { [ 1279 ][ 5585 ][ 2730 ] } { [ 7488 ][ 1565 ] } { [ 5635 ] } { [ 3983 ] } { [ 5429 ][ 1221 ][ 2084 ][ 4057 ] } { [ 5338 ] } { [ 3827 ] } { [ 267 ][ 2934 ] } { [ 1937 ] } { [ 6569 ] } { [ 9973 ] } { [ 767 ] } { [ 9789 ] } { [ 9732 ] } { [ 2958 ] } { [ 6833 ] } { [ 5328 ][ 4692 ] } { [ 561 ] } { [ 7246 ] }
despues de filtrar: { [ 6324 ][ 6127 ] } { [ 4 ][ 8990 ][ 6303 ] } { [ 1279 ][ 5585 ][ 2730 ] } { [ 7488 ][ 1565 ] } { [ 5635 ] } { [ 3983 ] } { [ 5429 ][ 1221 ][ 2084 ][ 4057 ] } { [ 5338 ] } { [ 3827 ] } { [ 267 ][ 2934 ] } { [ 1937 ] } { [ 6569 ] } { [ 9973 ] } { [ 767 ] } { [ 9789 ] } { [ 9732 ] } { [ 2958 ] } { [ 6833 ] } { [ 5328 ][ 4692 ] } { [ 561 ] } { [ 7246 ] }
antes   de colapsar { [ 6324 ][ 6127 ] } { [ 4 ][ 8990 ][ 6303 ] } { [ 1279 ][ 5585 ][ 2730 ] } { [ 7488 ][ 1565 ] } { [ 5635 ] } { [ 3983 ] } { [ 5429 ][ 1221 ][ 2084 ][ 4057 ] } { [ 5338 ] } { [ 3827 ] } { [ 267 ][ 2934 ] } { [ 1937 ] } { [ 6569 ] } { [ 9973 ] } { [ 767 ] } { [ 9789 ] } { [ 9732 ] } { [ 2958 ] } { [ 6833 ] } { [ 5328 ][ 4692 ] } { [ 561 ] } { [ 7246 ] } { [ 2019 ] } { [ 2204 ] } { [ 7378 ] } { [ 1376 ] } { [ 1918 ] }
despues de colapsar { [ 6324 ][ 6127 ] } { [ 4 ][ 8990 ][ 6303 ] } { [ 1279 ][ 5585 ][ 2730 ] } { [ 7488 ][ 1565 ] } { [ 5635 ] } { [ 3983 ] } { [ 5429 ][ 1221 ][ 2084 ][ 4057 ] } { [ 5338 ] } { [ 3827 ] } { [ 267 ][ 2934 ] } { [ 1937 ] } { [ 6569 ] } { [ 9973 ] } { [ 767 ] } { [ 9789 ] } { [ 9732 ] } { [ 2958 ] } { [ 6833 ] } { [ 5328 ][ 4692 ] } { [ 561 ] } { [ 7246 ] } { [ 2019 ] } { [ 2204 ] } { [ 7378 ] } { [ 1376 ] } { [ 1918 ] }
antes   de colapsar { [ 6324 ][ 6127 ] } { [ 4 ][ 8990 ][ 6303 ] } { [ 1279 ][ 5585 ][ 2730 ] } { [ 7488 ][ 1565 ] } { [ 5635 ] } { [ 3983 ] } { [ 5429 ][ 1221 ][ 2084 ][ 4057 ] } { [ 5338 ] } { [ 3827 ] } { [ 267 ][ 2934 ] } { [ 1937 ] } { [ 6569 ] } { [ 9973 ] } { [ 767 ] } { [ 9789 ] } { [ 9732 ] } { [ 2958 ] } { [ 6833 ] } { [ 5328 ][ 4692 ] } { [ 561 ] } { [ 7246 ] } { [ 2019 ] } { [ 2204 ] } { [ 7378 ] } { [ 1376 ] } { [ 1918 ] }
despues de colapsar { [ 6324 ][ 6127 ] } { [ 4 ][ 8990 ][ 6303 ] } { [ 1279 ][ 5585 ][ 2730 ] } { [ 7488 ][ 1565 ] } { [ 5635 ] } { [ 3983 ] } { [ 5429 ][ 1221 ][ 2084 ][ 4057 ] } { [ 5338 ] } { [ 3827 ] } { [ 267 ][ 2934 ] } { [ 1937 ] } { [ 6569 ] } { [ 9973 ] } { [ 767 ] } { [ 9789 ] } { [ 9732 ] } { [ 2958 ] } { [ 6833 ] } { [ 5328 ][ 4692 ] } { [ 561 ] } { [ 7246 ] } { [ 2019 ] } { [ 2204 ] } { [ 7378 ] } { [ 1376 ] } { [ 1918 ] }
antes   de filtrar: { [ 8447 ] }
despues de filtrar: { [ 8447 ] }
antes   de filtrar: { [ 8447 ][ 1546 ] } { [ 9923 ] }
despues de filtrar: { [ 8447 ][ 1546 ] } { [ 9923 ] }
antes   de colapsar { [ 8447 ][ 1546 ] } { [ 9923 ] } { [ 1075 ][ 6167 ] } { [ 5819 ] }
despues de colapsar { [ 8447 ][ 1546 ] } { [ 9923 ] } { [ 2574 ] } { [ 5819 ] }
antes   de colapsar { [ 8447 ][ 1546 ] } { [ 9923 ] } { [ 2574 ] } { [ 5819 ][ 6830 ] } { [ 9947 ] } { [ 104 ] } { [ 4166 ] }
despues de colapsar { [ 8447 ][ 1546 ] } { [ 9923 ] } { [ 2574 ] } { [ 5819 ][ 6830 ] } { [ 9947 ] } { [ 104 ] } { [ 4166 ] }
antes   de colapsar { [ 8447 ][ 1546 ] } { [ 9923 ] } { [ 2574 ][ 1244 ] } { [ 5819 ][ 6830 ][ 3696 ] } { [ 9947 ] } { [ 104 ] } { [ 4166 ] } { [ 2993 ] } { [ 6772 ] } { [ 689 ] }
despues de colapsar { [ 8447 ][ 1546 ] } { [ 9923 ] } { [ 2574 ][ 1244 ] } { [ 5819 ][ 6830 ][ 3696 ] } { [ 9947 ] } { [ 104 ] } { [ 4166 ] } { [ 2993 ] } { [ 6772 ] } { [ 689 ] }
antes   de colapsar { [ 8447 ][ 1546 ] } { [ 9923 ] } { [ 2574 ][ 1244 ] } { [ 5819 ][ 6830 ][ 3696 ] } { [ 9947 ] } { [ 104 ] } { [ 4166 ] } { [ 2993 ] } { [ 6772 ] } { [ 689 ] } { [ 160 ] } { [ 856 ][ 7476 ] } { [ 2680 ] } { [ 1882 ] }
despues de colapsar { [ 8447 ][ 1546 ] } { [ 9923 ] } { [ 2574 ][ 1244 ] } { [ 5819 ][ 6830 ][ 3696 ] } { [ 9947 ] } { [ 104 ] } { [ 4166 ] } { [ 2993 ] } { [ 6772 ] } { [ 689 ] } { [ 160 ] } { [ 856 ][ 7476 ] } { [ 2680 ] } { [ 1882 ] }
antes   de filtrar: { [ 8447 ][ 1546 ] } { [ 9923 ] } { [ 2574 ][ 1244 ] } { [ 5819 ][ 6830 ][ 3696 ] } { [ 9947 ] } { [ 104 ] } { [ 4166 ] } { [ 2993 ] } { [ 6772 ] } { [ 689 ] } { [ 160 ] } { [ 856 ][ 7476 ] } { [ 2680 ] } { [ 1882 ] }
despues de filtrar: { [ 8447 ][ 1546 ] } { [ 9923 ] } { [ 2574 ][ 1244 ] } { [ 5819 ][ 6830 ][ 3696 ] } { [ 9947 ] } { [ 4166 ] } { [ 2993 ] } { [ 6772 ] } { [ 689 ] } { [ 856 ][ 7476 ] } { [ 1882 ] }
antes   de filtrar: { [ 8447 ][ 1546 ] } { [ 9923 ] } { [ 2574 ][ 1244 ] } { [ 5819 ][ 6830 ][ 3696 ] } { [ 9947 ] } { [ 4166 ] } { [ 2993 ] } { [ 6772 ] } { [ 689 ] } { [ 856 ][ 7476 ] } { [ 1882 ] }
despues de filtrar: { [ 8447 ][ 1546 ] } { [ 9923 ] } { [ 2574 ][ 1244 ] } { [ 5819 ][ 6830 ][ 3696 ] } { [ 9947 ] } { [ 4166 ] } { [ 2993 ] } { [ 6772 ] } { [ 689 ] } { [ 856 ][ 7476 ] } { [ 1882 ] }
antes   de colapsar { [ 8447 ][ 1546 ][ 6491 ] } { [ 9923 ][ 8483 ] } { [ 2574 ][ 1244 ] } { [ 5819 ][ 6830 ][ 3696 ] } { [ 9947 ] } { [ 4166 ] } { [ 2993 ] } { [ 6772 ] } { [ 689 ][ 7568 ] } { [ 856 ][ 7476 ] } { [ 1882 ] } { [ 783 ] } { [ 5596 ][ 660 ] } { [ 538 ] } { [ 5709 ] } { [ 9109 ] } { [ 9931 ] } { [ 5270 ] } { [ 8391 ] } { [ 1907 ] } { [ 5692 ] } { [ 6456 ][ 6457 ] } { [ 1826 ] } { [ 6412 ] } { [ 2289 ] } { [ 2958 ] }
despues de colapsar { [ 8447 ][ 1546 ][ 6491 ] } { [ 9923 ][ 8483 ] } { [ 2574 ][ 1244 ] } { [ 5819 ][ 6830 ][ 3696 ] } { [ 9947 ] } { [ 4166 ] } { [ 2993 ] } { [ 6772 ] } { [ 689 ][ 7568 ] } { [ 856 ][ 7476 ] } { [ 1882 ] } { [ 783 ] } { [ 5596 ][ 660 ] } { [ 538 ] } { [ 5709 ] } { [ 9109 ] } { [ 9931 ] } { [ 5270 ] } { [ 8391 ] } { [ 1907 ] } { [ 5692 ] } { [ 6456 ][ 6457 ] } { [ 1826 ] } { [ 6412 ] } { [ 2289 ] } { [ 2958 ] }
antes   de filtrar: { [ 8447 ][ 1546 ][ 6491 ] } { [ 9923 ][ 8483 ] } { [ 2574 ][ 1244 ] } { [ 5819 ][ 6830 ][ 3696 ] } { [ 9947 ] } { [ 4166 ] } { [ 2993 ] } { [ 6772 ] } { [ 689 ][ 7568 ] } { [ 856 ][ 7476 ] } { [ 1882 ][ 40 ][ 531 ] } { [ 783 ] } { [ 5596 ][ 660 ] } { [ 538 ] } { [ 5709 ] } { [ 9109 ] } { [ 9931 ] } { [ 5270 ][ 8366 ] } { [ 8391 ] } { [ 1907 ] } { [ 5692 ] } { [ 6456 ][ 6457 ] } { [ 1826 ] } { [ 6412 ] } { [ 2289 ] } { [ 2958 ] } { [ 3274 ] } { [ 3236 ] } { [ 2977 ] } { [ 2366 ] } { [ 451 ] }
despues de filtrar: { [ 8447 ][ 1546 ][ 6491 ] } { [ 9923 ][ 8483 ] } { [ 2574 ][ 1244 ] } { [ 5819 ][ 6830 ][ 3696 ] } { [ 9947 ] } { [ 4166 ] } { [ 2993 ] } { [ 6772 ] } { [ 689 ][ 7568 ] } { [ 856 ][ 7476 ] } { [ 1882 ][ 40 ][ 531 ] } { [ 783 ] } { [ 5596 ][ 660 ] } { [ 538 ] } { [ 9931 ] } { [ 8391 ] } { [ 5692 ] } { [ 6456 ][ 6457 ] } { [ 1826 ] } { [ 6412 ] } { [ 2289 ] } { [ 2958 ] } { [ 3274 ] } { [ 3236 ] } { [ 2977 ] } { [ 2366 ] } { [ 451 ] }
antes   de filtrar: { [ 13.512743 ] } { [ 2.515640 ] } { [ 74.790033 ] } { [ 2.910438 ] }
despues de filtrar: <vacia>
antes   de filtrar: <vacia>
despues de filtrar: <vacia>
antes   de colapsar { [ 44.553842 ] }
despues de colapsar { [ 44.553842 ] }
antes   de filtrar: { [ 44.553842 ] }
despues de filtrar: <vacia>
antes   de colapsar { [ 71.564917 ][ 6.242612 ] } { [ 63.973459 ] } { [ 63.020499 ] } { [ 1.634203 ] }
despues de colapsar { [ 8.820858 ] } { [ 63.973459 ] } { [ 63.020499 ] } { [ 1.634203 ] }
antes   de colapsar { [ 8.820858 ] } { [ 63.973459 ] } { [ 63.020499 ] } { [ 1.634203 ] } { [ 56.354149 ] }
despues de colapsar { [ 8.820858 ] } { [ 63.973459 ] } { [ 63.020499 ] } { [ 1.634203 ] } { [ 56.354149 ] }
antes   de colapsar { [ 8.820858 ] } { [ 63.973459 ] } { [ 63.020499 ] } { [ 1.634203 ] } { [ 56.354149 ] } { [ -3.511757 ] } { [ 28.465644 ] } { [ -10.242530 ] }
despues de colapsar { [ 8.820858 ] } { [ 63.973459 ] } { [ 63.020499 ] } { [ 1.634203 ] } { [ 56.354149 ] } { [ -3.511757 ] } { [ 28.465644 ] } { [ -10.242530 ] }
antes   de filtrar: { [ 8.820858 ] } { [ 63.973459 ] } { [ 63.020499 ][ 30.339887 ] } { [ 1.634203 ][ -2.714213 ] } { [ 56.354149 ] } { [ -3.511757 ] } { [ 28.465644 ] } { [ -10.242530 ] } { [ 23.022733 ] } { [ -7.365820 ] } { [ -1.371125 ] } { [ 26.772559 ] }
despues de filtrar: { [ 63.020499 ][ 30.339887 ] } { [ 56.354149 ] } { [ -3.511757 ] } { [ 28.465644 ] } { [ -10.242530 ] } { [ 23.022733 ] } { [ -7.365820 ] } { [ -1.371125 ] }
antes   de colapsar { [ 63.020499 ][ 30.339887 ] } { [ 56.354149 ] } { [ -3.511757 ] } { [ 28.465644 ] } { [ -10.242530 ][ 16.220708 ] } { [ 23.022733 ][ -16.373471 ] } { [ -7.365820 ] } { [ -1.371125 ][ 50.150962 ] } { [ -17.078298 ] } { [ 3.020276 ] } { [ 43.717829 ][ 37.043578 ] } { [ -3.026028 ] } { [ 70.072983 ] } { [ -19.022544 ] } { [ 66.052612 ] } { [ 5.019026 ] } { [ 27.347012 ] } { [ 64.242151 ] }
despues de colapsar { [ 63.020499 ][ 30.339887 ] } { [ 56.354149 ] } { [ -3.511757 ] } { [ 28.465644 ] } { [ -10.242530 ][ 16.220708 ] } { [ 23.022733 ][ -16.373471 ] } { [ -7.365820 ] } { [ -1.371125 ][ 50.150962 ] } { [ -17.078298 ] } { [ 3.020276 ] } { [ 8.986735 ] } { [ -3.026028 ] } { [ 70.072983 ] } { [ -19.022544 ] } { [ 66.052612 ] } { [ 5.019026 ] } { [ 27.347012 ] } { [ 64.242151 ] }
antes   de filtrar: { [ 63.020499 ][ 30.339887 ] } { [ 56.354149 ] } { [ -3.511757 ][ 59.461479 ] } { [ 28.465644 ] } { [ -10.242530 ][ 16.220708 ] } { [ 23.022733 ][ -16.373471 ] } { [ -7.365820 ] } { [ -1.371125 ][ 50.150962 ] } { [ -17.078298 ][ 21.811578 ] } { [ 3.020276 ] } { [ 8.986735 ] } { [ -3.026028 ] } { [ 70.072983 ] } { [ -19.022544 ][ -1.415548 ] } { [ 66.052612 ] } { [ 5.019026 ] } { [ 27.347012 ][ -21.682113 ] } { [ 64.242151 ] } { [ 26.116863 ] } { [ 1.314349 ] } { [ 7.018416 ] } { [ -18.821184 ] } { [ 68.487699 ] } { [ 44.816477 ] }
despues de filtrar: { [ 63.020499 ][ 30.339887 ] } { [ 56.354149 ] } { [ -3.511757 ][ 59.461479 ] } { [ 28.465644 ] } { [ -10.242530 ][ 16.220708 ] } { [ 23.022733 ][ -16.373471 ] } { [ -7.365820 ] } { [ -1.371125 ][ 50.150962 ] } { [ -17.078298 ][ 21.811578 ] } { [ 3.020276 ] } { [ -3.026028 ] } { [ 70.072983 ] } { [ -19.022544 ][ -1.415548 ] } { [ 66.052612 ] } { [ 5.019026 ] } { [ 27.347012 ][ -21.682113 ] } { [ 64.242151 ] } { [ 26.116863 ] } { [ 1.314349 ] } { [ 7.018416 ] } { [ -18.821184 ] } { [ 68.487699 ] }
antes   de filtrar: { [ 8297 ] } { [ 7763 ][ 6971 ] } { [ 60 ] } { [ 7696 ] }
despues de filtrar: { [ 8297 ] } { [ 7763 ][ 6971 ] } { [ 7696 ] }
antes   de filtrar: { [ 8297 ] } { [ 7763 ][ 6971 ][ 8385 ][ 988 ] } { [ 7696 ][ 2975 ] } { [ 3453 ] } { [ 596 ] } { [ 5078 ] } { [ 551 ] } { [ 9508 ] }
despues de filtrar: { [ 8297 ] } { [ 7763 ][ 6971 ][ 8385 ][ 988 ] } { [ 7696 ][ 2975 ] } { [ 3453 ] } { [ 596 ] } { [ 551 ] }
antes   de filtrar: { [ 8297 ] } { [ 7763 ][ 6971 ][ 8385 ][ 988 ] } { [ 7696 ][ 2975 ] } { [ 3453 ] } { [ 596 ] } { [ 551 ] }
despues de filtrar: { [ 8297 ] } { [ 7763 ][ 6971 ][ 8385 ][ 988 ] } { [ 7696 ][ 2975 ] } { [ 3453 ] } { [ 596 ] } { [ 551 ] }
antes   de colapsar { [ 8297 ] } { [ 7763 ][ 6971 ][ 8385 ][ 988 ] } { [ 7696 ][ 2975 ] } { [ 3453 ] } { [ 596 ] } { [ 551 ] } { [ 3799 ] } { [ 7234 ] } { [ 6168 ] } { [ 6314 ] } { [ 422 ] } { [ 6045 ] } { [ 8315 ] } { [ 9492 ] }
despues de colapsar { [ 8297 ] } { [ 7763 ][ 6971 ][ 8385 ][ 988 ] } { [ 7696 ][ 2975 ] } { [ 3453 ] } { [ 596 ] } { [ 551 ] } { [ 3799 ] } { [ 7234 ] } { [ 6168 ] } { [ 6314 ] } { [ 422 ] } { [ 6045 ] } { [ 8315 ] } { [ 9492 ] }
antes   de colapsar { [ 8297 ] } { [ 7763 ][ 6971 ][ 8385 ][ 988 ] } { [ 7696 ][ 2975 ] } { [ 3453 ] } { [ 596 ] } { [ 551 ] } { [ 3799 ] } { [ 7234 ] } { [ 6168 ] } { [ 6314 ] } { [ 422 ] } { [ 6045 ] } { [ 8315 ] } { [ 9492 ] } { [ 4561 ] } { [ 4815 ] }
despues de colapsar { [ 8297 ] } { [ 7763 ][ 6971 ][ 8385 ][ 988 ] } { [ 7696 ][ 2975 ] } { [ 3453 ] } { [ 596 ] } { [ 551 ] } { [ 3799 ] } { [ 7234 ] } { [ 6168 ] } { [ 6314 ] } { [ 422 ] } { [ 6045 ] } { [ 8315 ] } { [ 9492 ] } { [ 4561 ] } { [ 4815 ] }
antes   de filtrar: { [ 8297 ] } { [ 7763 ][ 6971 ][ 8385 ][ 988 ] } { [ 7696 ][ 2975 ] } { [ 3453 ] } { [ 596 ] } { [ 551 ] } { [ 3799 ] } { [ 7234 ] } { [ 6168 ] } { [ 6314 ] } { [ 422 ] } { [ 6045 ] } { [ 8315 ] } { [ 9492 ] } { [ 4561 ] } { [ 4815 ] } { [ 2171 ] } { [ 5298 ] } { [ 6937 ] } { [ 7774 ] }
despues de filtrar: { [ 8297 ] } { [ 7763 ][ 6971 ][ 8385 ][ 988 ] } { [ 7696 ][ 2975 ] } { [ 3453 ] } { [ 596 ] } { [ 551 ] } { [ 3799 ] } { [ 7234 ] } { [ 6168 ] } { [ 6314 ] } { [ 422 ] } { [ 8315 ] } { [ 9492 ] } { [ 4561 ] } { [ 4815 ] } { [ 2171 ] } { [ 5298 ] } { [ 6937 ] } { [ 7774 ] }
antes   de filtrar: { [ 8297 ] } { [ 7763 ][ 6971 ][ 8385 ][ 988 ] } { [ 7696 ][ 2975 ] } { [ 3453 ][ 5292 ] } { [ 596 ] } { [ 551 ][ 2779 ][ 8780 ] } { [ 3799 ] } { [ 7234 ] } { [ 6168 ] } { [ 6314 ] } { [ 422 ] } { [ 8315 ] } { [ 9492 ] } { [ 4561 ] } { [ 4815 ] } { [ 2171 ] } { [ 5298 ] } { [ 6937 ] } { [ 7774 ] } { [ 288 ][ 273 ][ 6536 ] } { [ 8598 ] } { [ 3716 ] } { [ 6115 ][ 8765 ] } { [ 5470 ] }
despues de filtrar: { [ 8297 ] } { [ 7763 ][ 6971 ][ 8385 ][ 988 ] } { [ 7696 ][ 2975 ] } { [ 3453 ][ 5292 ] } { [ 596 ] } { [ 551 ][ 2779 ][ 8780 ] } { [ 3799 ] } { [ 7234 ] } { [ 6168 ] } { [ 6314 ] } { [ 422 ] } { [ 8315 ] } { [ 9492 ] } { [ 4561 ] } { [ 4815 ] } { [ 2171 ] } { [ 5298 ] } { [ 6937 ] } { [ 7774 ] } { [ 288 ][ 273 ][ 6536 ] } { [ 8598 ] } { [ 3716 ] } { [ 6115 ][ 8765 ] }
antes   de colapsar { [ 8297 ] } { [ 7763 ][ 6971 ][ 8385 ][ 988 ] } { [ 7696 ][ 2975 ] } { [ 3453 ][ 5292 ] } { [ 596 ] } { [ 551 ][ 2779 ][ 8780 ] } { [ 3799 ] } { [ 7234 ] } { [ 6168 ] } { [ 6314 ] } { [ 422 ] } { [ 8315 ] } { [ 9492 ] } { [ 4561 ] } { [ 4815 ] } { [ 2171 ] } { [ 5298 ] } { [ 6937 ] } { [ 7774 ] } { [ 288 ][ 273 ][ 6536 ] } { [ 8598 ] } { [ 3716 ] } { [ 6115 ][ 8765 ] }
despues de colapsar { [ 8297 ] } { [ 7763 ][ 6971 ][ 8385 ][ 988 ] } { [ 7696 ][ 2975 ] } { [ 3453 ][ 5292 ] } { [ 596 ] } { [ 551 ][ 2779 ][ 8780 ] } { [ 3799 ] } { [ 7234 ] } { [ 6168 ] } { [ 6314 ] } { [ 422 ] } { [ 8315 ] } { [ 9492 ] } { [ 4561 ] } { [ 4815 ] } { [ 2171 ] } { [ 5298 ] } { [ 6937 ] } { [ 7774 ] } { [ 288 ][ 273 ][ 6536 ] } { [ 8598 ] } { [ 3716 ] } { [ 6115 ][ 8765 ] }
antes   de colapsar { [ 8297 ][ 4350 ] } { [ 7763 ][ 6971 ][ 8385 ][ 988 ] } { [ 7696 ][ 2975 ] } { [ 3453 ][ 5292 ] } { [ 596 ] } { [ 551 ][ 2779 ][ 8780 ] } { [ 3799 ] } { [ 7234 ] } { [ 6168 ] } { [ 6314 ] } { [ 422 ] } { [ 8315 ] } { [ 9492 ] } { [ 4561 ] } { [ 4815 ] } { [ 2171 ] } { [ 5298 ] } { [ 6937 ] } { [ 7774 ] } { [ 288 ][ 273 ][ 6536 ] } { [ 8598 ] } { [ 3716 ] } { [ 6115 ][ 8765 ] } { [ 2360 ] } { [ 3867 ] } { [ 1829 ] } { [ 5728 ] }
despues de colapsar { [ 8297 ][ 4350 ] } { [ 7763 ][ 6971 ][ 8385 ][ 988 ] } { [ 7696 ][ 2975 ] } { [ 3453 ][ 5292 ] } { [ 596 ] } { [ 551 ][ 2779 ][ 8780 ] } { [ 3799 ] } { [ 7234 ] } { [ 6168 ] } { [ 6314 ] } { [ 422 ] } { [ 8315 ] } { [ 9492 ] } { [ 4561 ] } { [ 4815 ] } { [ 2171 ] } { [ 5298 ] } { [ 6937 ] } { [ 7774 ] } { [ 288 ][ 273 ][ 6536 ] } { [ 8598 ] } { [ 3716 ] } { [ 6115 ][ 8765 ] } { [ 2360 ] } { [ 3867 ] } { [ 1829 ] } { [ 5728 ] }
antes   de colapsar { [ 8297 ][ 4350 ] } { [ 7763 ][ 6971 ][ 8385 ][ 988 ] } { [ 7696 ][ 2975 ] } { [ 3453 ][ 5292 ] } { [ 596 ] } { [ 551 ][ 2779 ][ 8780 ] } { [ 3799 ] } { [ 7234 ] } { [ 6168 ] } { [ 6314 ] } { [ 422 ][ 2621 ] } { [ 8315 ] } { [ 9492 ] } { [ 4561 ] } { [ 4815 ][ 9401 ][ 4646 ] } { [ 2171 ] } { [ 5298 ] } { [ 6937 ] } { [ 7774 ] } { [ 288 ][ 273 ][ 6536 ][ 4246 ] } { [ 8598 ] } { [ 3716 ] } { [ 6115 ][ 8765 ] } { [ 2360 ] } { [ 3867 ] } { [ 1829 ] } { [ 5728 ] } { [ 4390 ] } { [ 5471 ] } { [ 5847 ] }
despues de colapsar { [ 8297 ][ 4350 ] } { [ 7763 ][ 6971 ][ 8385 ][ 988 ] } { [ 7696 ][ 2975 ] } { [ 3453 ][ 5292 ] } { [ 596 ] } { [ 551 ][ 2779 ][ 8780 ] } { [ 3799 ] } { [ 7234 ] } { [ 6168 ] } { [ 6314 ] } { [ 422 ][ 2621 ] } { [ 8315 ] } { [ 9492 ] } { [ 4561 ] } { [ 4815 ][ 9401 ][ 4646 ] } { [ 2171 ] } { [ 5298 ] } { [ 6937 ] } { [ 7774 ] } { [ 288 ][ 273 ][ 6536 ][ 4246 ] } { [ 8598 ] } { [ 3716 ] } { [ 6115 ][ 8765 ] } { [ 2360 ] } { [ 3867 ] } { [ 1829 ] } { [ 5728 ] } { [ 4390 ] } { [ 5471 ] } { [ 5847 ] }
antes   de filtrar: { [ 46.439050 ] }
despues de filtrar: { [ 46.439050 ] }
antes   de colapsar { [ 46.439050 ] } { [ -6.026182 ] }
despues de colapsar { [ 46.439050 ] } { [ -6.026182 ] }
antes   de colapsar { [ 46.439050 ][ 63.410029 ][ -22.676170 ] } { [ -6.026182 ][ 46.752974 ] }
despues de colapsar { [ 46.439050 ][ 63.410029 ][ -22.676170 ] } { [ -6.026182 ][ 46.752974 ] }
antes   de colapsar { [ 46.439050 ][ 63.410029 ][ -22.676170 ] } { [ -6.026182 ][ 46.752974 ] }
despues de colapsar { [ 46.439050 ][ 63.410029 ][ -22.676170 ] } { [ -6.026182 ][ 46.752974 ] }
antes   de filtrar: { [ 46.439050 ][ 63.410029 ][ -22.676170 ] } { [ -6.026182 ][ 46.752974 ] } { [ 61.600378 ] }
despues de filtrar: { [ 46.439050 ][ 63.410029 ][ -22.676170 ] } { [ -6.026182 ][ 46.752974 ] }
antes   de filtrar: { [ 46.439050 ][ 63.410029 ][ -22.676170 ][ 36.498153 ] } { [ -6.026182 ][ 46.752974 ][ 19.136538 ] } { [ 39.650633 ][ 12.072476 ] } { [ 26.337563 ][ -14.034408 ] } { [ 43.002543 ][ 31.276648 ] } { [ 31.944661 ] } { [ -5.593027 ] } { [ 6.971724 ] } { [ 11.473925 ] } { [ -14.584916 ][ 15.348311 ] } { [ 18.321309 ] } { [ -7.398284 ] } { [ -1.894337 ] } { [ -18.468806 ][ 67.782659 ] } { [ 70.778827 ] } { [ -18.376905 ] } { [ 39.957661 ] } { [ 31.843385 ] } { [ 10.058201 ] } { [ 18.742340 ] }
despues de filtrar: { [ 46.439050 ][ 63.410029 ][ -22.676170 ][ 36.498153 ] } { [ -6.026182 ][ 46.752974 ][ 19.136538 ] } { [ 26.337563 ][ -14.034408 ] } { [ 43.002543 ][ 31.276648 ] } { [ -5.593027 ] } { [ 11.473925 ] } { [ -14.584916 ][ 15.348311 ] } { [ 18.321309 ] } { [ -7.398284 ] } { [ -1.894337 ] } { [ -18.468806 ][ 67.782659 ] } { [ -18.376905 ] } { [ 10.058201 ] }
antes   de filtrar: { [ 46.439050 ][ 63.410029 ][ -22.676170 ][ 36.498153 ] } { [ -6.026182 ][ 46.752974 ][ 19.136538 ] } { [ 26.337563 ][ -14.034408 ][ 33.597561 ] } { [ 43.002543 ][ 31.276648 ] } { [ -5.593027 ] } { [ 11.473925 ] } { [ -14.584916 ][ 15.348311 ] } { [ 18.321309 ] } { [ -7.398284 ] } { [ -1.894337 ] } { [ -18.468806 ][ 67.782659 ] } { [ -18.376905 ] } { [ 10.058201 ] } { [ 49.904330 ] } { [ 28.977454 ] } { [ 37.936174 ] } { [ 1.940387 ] } { [ 66.046893 ] }
despues de filtrar: { [ 46.439050 ][ 63.410029 ][ -22.676170 ][ 36.498153 ] } { [ -6.026182 ][ 46.752974 ][ 19.136538 ] } { [ 26.337563 ][ -14.034408 ][ 33.597561 ] } { [ 43.002543 ][ 31.276648 ] } { [ -5.593027 ] } { [ 11.473925 ] } { [ -14.584916 ][ 15.348311 ] } { [ 18.321309 ] } { [ -7.398284 ] } { [ -1.894337 ] } { [ -18.468806 ][ 67.782659 ] } { [ -18.376905 ] } { [ 10.058201 ] } { [ 66.046893 ] }
antes   de colapsar { [ 46.439050 ][ 63.410029 ][ -22.676170 ][ 36.498153 ] } { [ -6.026182 ][ 46.752974 ][ 19.136538 ] } { [ 26.337563 ][ -14.034408 ][ 33.597561 ] } { [ 43.002543 ][ 31.276648 ] } { [ -5.593027 ] } { [ 11.473925 ][ 50.407916 ] } { [ -14.584916 ][ 15.348311 ] } { [ 18.321309 ] } { [ -7.398284 ] } { [ -1.894337 ] } { [ -18.468806 ][ 67.782659 ] } { [ -18.376905 ] } { [ 10.058201 ] } { [ 66.046893 ] } { [ 0.600398 ] } { [ 39.137828 ] }
despues de colapsar { [ 46.439050 ][ 63.410029 ][ -22.676170 ][ 36.498153 ] } { [ -6.026182 ][ 46.752974 ][ 19.136538 ] } { [ 26.337563 ][ -14.034408 ][ 33.597561 ] } { [ 43.002543 ][ 31.276648 ] } { [ -5.593027 ] } { [ 11.473925 ][ 50.407916 ] } { [ -14.584916 ][ 15.348311 ] } { [ 18.321309 ] } { [ -7.398284 ] } { [ -1.894337 ] } { [ -18.468806 ][ 67.782659 ] } { [ -18.376905 ] } { [ 10.058201 ] } { [ 66.046893 ] } { [ 0.600398 ] } { [ 39.137828 ] }
antes   de colapsar { [ 46.439050 ][ 63.410029 ][ -22.676170 ][ 36.498153 ] } { [ -6.026182 ][ 46.752974 ][ 19.136538 ] } { [ 26.337563 ][ -14.034408 ][ 33.597561 ] } { [ 43.002543 ][ 31.276648 ] } { [ -5.593027 ] } { [ 11.473925 ][ 50.407916 ] } { [ -14.584916 ][ 15.348311 ] } { [ 18.321309 ] } { [ -7.398284 ] } { [ -1.894337 ] } { [ -18.468806 ][ 67.782659 ] } { [ -18.376905 ] } { [ 10.058201 ] } { [ 66.046893 ] } { [ 0.600398 ] } { [ 39.137828 ] }
despues de colapsar { [ 46.439050 ][ 63.410029 ][ -22.676170 ][ 36.498153 ] } { [ -6.026182 ][ 46.752974 ][ 19.136538 ] } { [ 26.337563 ][ -14.034408 ][ 33.597561 ] } { [ 43.002543 ][ 31.276648 ] } { [ -5.593027 ] } { [ 11.473925 ][ 50.407916 ] } { [ -14.584916 ][ 15.348311 ] } { [ 18.321309 ] } { [ -7.398284 ] } { [ -1.894337 ] } { [ -18.468806 ][ 67.782659 ] } { [ -18.376905 ] } { [ 10.058201 ] } { [ 66.046893 ] } { [ 0.600398 ] } { [ 39.137828 ] }
antes   de filtrar: { [ 46.439050 ][ 63.410029 ][ -22.676170 ][ 36.498153 ] } { [ -6.026182 ][ 46.752974 ][ 19.136538 ] } { [ 26.337563 ][ -14.034408 ][ 33.597561 ] } { [ 43.002543 ][ 31.276648 ] } { [ -5.593027 ] } { [ 11.473925 ][ 50.407916 ] } { [ -14.584916 ][ 15.348311 ] } { [ 18.321309 ] } { [ -7.398284 ] } { [ -1.894337 ] } { [ -18.468806 ][ 67.782659 ] } { [ -18.376905 ] } { [ 10.058201 ] } { [ 66.046893 ] } { [ 0.600398 ] } { [ 39.137828 ] } { [ -20.492879 ] } { [ 34.461059 ] } { [ 49.214098 ] } { [ 68.639235 ] }
despues de filtrar: { [ 46.439050 ][ 63.410029 ][ -22.676170 ][ 36.498153 ] } { [ -6.026182 ][ 46.752974 ][ 19.136538 ] } { [ 26.337563 ][ -14.034408 ][ 33.597561 ] } { [ 43.002543 ][ 31.276648 ] } { [ -5.593027 ] } { [ 11.473925 ][ 50.407916 ] } { [ -14.584916 ][ 15.348311 ] } { [ 18.321309 ] } { [ -7.398284 ] } { [ -1.894337 ] } { [ -18.468806 ][ 67.782659 ] } { [ -18.376905 ] } { [ 10.058201 ] } { [ 66.046893 ] } { [ 39.137828 ] } { [ -20.492879 ] } { [ 34.461059 ] } { [ 49.214098 ] }
