antes   de filtrar: <vacia>
despues de filtrar: <vacia>
antes   de colapsar <vacia>
despues de colapsar <vacia>
antes   de colapsar <vacia>
despues de colapsar <vacia>
antes   de colapsar { [ jfq6q4g ] } { [ 68pbgheq7t ] } { [ x ][ 4 ] } { [ gcwcs3i ][ 3dj2uxl ] } { [ 7d4 ] } { [ g6vb0gu ] }
despues de colapsar { [ jfq6q4g ] } { [ 68pbgheq7t ] } { [ x ][ 4 ] } { [ g3cdwjc2su ] } { [ 7d4 ] } { [ g6vb0gu ] }
antes   de colapsar { [ jfq6q4g ] } { [ 68pbgheq7t ][ g07xwrc ] } { [ x ][ 4 ] } { [ g3cdwjc2su ] } { [ 7d4 ][ n4c989ajv1 ] } { [ g6vb0gu ] } { [ 0aj7sf57hb ][ p ] } { [ 4 ] } { [ ftwq ] }
despues de colapsar { [ jfq6q4g ] } { [ 6g80p7bxgw ] } { [ x ][ 4 ] } { [ g3cdwjc2su ] } { [ 7nd44c989a ] } { [ g6vb0gu ] } { [ 0paj7sf57h ] } { [ 4 ] } { [ ftwq ] }
antes   de filtrar: { [ jfq6q4g ] } { [ 6g80p7bxgw ] } { [ x ][ 4 ] } { [ g3cdwjc2su ] } { [ 7nd44c989a ] } { [ g6vb0gu ] } { [ 0paj7sf57h ] } { [ 4 ] } { [ ftwq ] } { [ f6wdvgb7c ] } { [ y3vw ] }
despues de filtrar: { [ x ][ 4 ] } { [ ftwq ] }
antes   de colapsar { [ x ][ 4 ][ fo8iaqv8s ] } { [ ftwq ] } { [ vnt7l ] } { [ 98w0crp ] } { [ llxx ] }
despues de colapsar { [ x ][ 4 ][ fo8iaqv8s ] } { [ ftwq ] } { [ vnt7l ] } { [ 98w0crp ] } { [ llxx ] }
antes   de filtrar: { [ x ][ 4 ][ fo8iaqv8s ] } { [ ftwq ][ ci1a ] } { [ vnt7l ] } { [ 98w0crp ] } { [ llxx ][ paw3j1m7f ] } { [ slcey ][ v01ag ] } { [ o9ef6 ] } { [ s ] } { [ l6b0n3 ] } { [ nw7 ] } { [ uqouo ] } { [ u8vnt ] } { [ xa44c ] } { [ e7n ] }
despues de filtrar: { [ x ][ 4 ][ fo8iaqv8s ] } { [ ftwq ][ ci1a ] } { [ llxx ][ paw3j1m7f ] } { [ slcey ][ v01ag ] } { [ s ] } { [ uqouo ] }
antes   de filtrar: { [ x ][ 4 ][ fo8iaqv8s ] } { [ ftwq ][ ci1a ] } { [ llxx ][ paw3j1m7f ] } { [ slcey ][ v01ag ] } { [ s ] } { [ uqouo ] }
despues de filtrar: { [ x ][ 4 ][ fo8iaqv8s ] } { [ ftwq ][ ci1a ] } { [ llxx ][ paw3j1m7f ] } { [ slcey ][ v01ag ] } { [ s ] } { [ uqouo ] }
antes   de filtrar: { [ x ][ 4 ][ fo8iaqv8s ][ n2 ] } { [ ftwq ][ ci1a ][ we3akxs ] } { [ llxx ][ paw3j1m7f ] } { [ slcey ][ v01ag ] } { [ s ] } { [ uqouo ] } { [ 44kw ][ 5xjkho0wn ] } { [ 3go3np2 ] } { [ yp1uq2bs ] } { [ jtybpc0qo6 ] } { [ 34cwmud6w3 ] } { [ tkj6x5q ] } { [ cfxptw1 ] } { [ oqk7r0act ] }
despues de filtrar: { [ x ][ 4 ][ fo8iaqv8s ][ n2 ] } { [ ftwq ][ ci1a ][ we3akxs ] } { [ llxx ][ paw3j1m7f ] } { [ slcey ][ v01ag ] } { [ s ] } { [ uqouo ] }
antes   de colapsar { [ 419 ] } { [ 4810 ] } { [ 541 ] } { [ 5315 ] } { [ 3630 ] } { [ 1771 ] } { [ 7695 ][ 3603 ] } { [ 3786 ] }
despues de colapsar { [ 419 ] } { [ 4810 ] } { [ 541 ] } { [ 5315 ] } { [ 3630 ] } { [ 1771 ] } { [ 7695 ][ 3603 ] } { [ 3786 ] }
antes   de filtrar: { [ 419 ] } { [ 4810 ] } { [ 541 ] } { [ 5315 ][ 729 ] } { [ 3630 ] } { [ 1771 ] } { [ 7695 ][ 3603 ] } { [ 3786 ] } { [ 4154 ] } { [ 1610 ] }
despues de filtrar: { [ 419 ] } { [ 541 ] } { [ 5315 ][ 729 ] } { [ 1771 ] } { [ 7695 ][ 3603 ] } { [ 3786 ] } { [ 4154 ] }
antes   de colapsar { [ 419 ] } { [ 541 ] } { [ 5315 ][ 729 ] } { [ 1771 ] } { [ 7695 ][ 3603 ] } { [ 3786 ] } { [ 4154 ][ 8468 ] } { [ 533 ] } { [ 6885 ] }
despues de colapsar { [ 419 ] } { [ 541 ] } { [ 5315 ][ 729 ] } { [ 1771 ] } { [ 7695 ][ 3603 ] } { [ 3786 ] } { [ 4154 ][ 8468 ] } { [ 533 ] } { [ 6885 ] }
antes   de filtrar: { [ 419 ] } { [ 541 ] } { [ 5315 ][ 729 ] } { [ 1771 ] } { [ 7695 ][ 3603 ] } { [ 3786 ] } { [ 4154 ][ 8468 ] } { [ 533 ] } { [ 6885 ] } { [ 4820 ] }
despues de filtrar: { [ 419 ] } { [ 541 ] } { [ 5315 ][ 729 ] } { [ 1771 ] } { [ 7695 ][ 3603 ] } { [ 3786 ] } { [ 4154 ][ 8468 ] } { [ 533 ] } { [ 6885 ] }
antes   de filtrar: { [ 419 ] } { [ 541 ] } { [ 5315 ][ 729 ] } { [ 1771 ] } { [ 7695 ][ 3603 ] } { [ 3786 ] } { [ 4154 ][ 8468 ] } { [ 533 ][ 6161 ] } { [ 6885 ] } { [ 738 ] } { [ 6706 ] } { [ 4095 ] }
despues de filtrar: { [ 419 ] } { [ 541 ] } { [ 5315 ][ 729 ] } { [ 1771 ] } { [ 7695 ][ 3603 ] } { [ 3786 ] } { [ 4154 ][ 8468 ] } { [ 533 ][ 6161 ] } { [ 6885 ] } { [ 738 ] }
antes   de colapsar { [ 419 ] } { [ 541 ] } { [ 5315 ][ 729 ] } { [ 1771 ][ 2375 ] } { [ 7695 ][ 3603 ] } { [ 3786 ] } { [ 4154 ][ 8468 ] } { [ 533 ][ 6161 ] } { [ 6885 ] } { [ 738 ] } { [ 7857 ] } { [ 5757 ] }
despues de colapsar { [ 419 ] } { [ 541 ] } { [ 5315 ][ 729 ] } { [ 1771 ][ 2375 ] } { [ 7695 ][ 3603 ] } { [ 3786 ] } { [ 4154 ][ 8468 ] } { [ 533 ][ 6161 ] } { [ 6885 ] } { [ 738 ] } { [ 7857 ] } { [ 5757 ] }
antes   de filtrar: { [ 419 ] } { [ 541 ] } { [ 5315 ][ 729 ] } { [ 1771 ][ 2375 ] } { [ 7695 ][ 3603 ] } { [ 3786 ] } { [ 4154 ][ 8468 ] } { [ 533 ][ 6161 ] } { [ 6885 ] } { [ 738 ] } { [ 7857 ] } { [ 5757 ] } { [ 2514 ] }
despues de filtrar: { [ 419 ] } { [ 541 ] } { [ 5315 ][ 729 ] } { [ 1771 ][ 2375 ] } { [ 7695 ][ 3603 ] } { [ 3786 ] } { [ 4154 ][ 8468 ] } { [ 533 ][ 6161 ] } { [ 6885 ] } { [ 738 ] } { [ 7857 ] } { [ 5757 ] } { [ 2514 ] }
antes   de colapsar { [ 419 ] } { [ 541 ] } { [ 5315 ][ 729 ] } { [ 1771 ][ 2375 ] } { [ 7695 ][ 3603 ] } { [ 3786 ] } { [ 4154 ][ 8468 ] } { [ 533 ][ 6161 ] } { [ 6885 ] } { [ 738 ] } { [ 7857 ] } { [ 5757 ] } { [ 2514 ] } { [ 3350 ] }
despues de colapsar { [ 419 ] } { [ 541 ] } { [ 5315 ][ 729 ] } { [ 1771 ][ 2375 ] } { [ 7695 ][ 3603 ] } { [ 3786 ] } { [ 4154 ][ 8468 ] } { [ 533 ][ 6161 ] } { [ 6885 ] } { [ 738 ] } { [ 7857 ] } { [ 5757 ] } { [ 2514 ] } { [ 3350 ] }
antes   de filtrar: { [ 419 ][ 7203 ] } { [ 541 ] } { [ 5315 ][ 729 ] } { [ 1771 ][ 2375 ] } { [ 7695 ][ 3603 ] } { [ 3786 ] } { [ 4154 ][ 8468 ][ 1667 ] } { [ 533 ][ 6161 ] } { [ 6885 ] } { [ 738 ] } { [ 7857 ][ 8870 ][ 3918 ] } { [ 5757 ] } { [ 2514 ] } { [ 3350 ] } { [ 4560 ] } { [ 4909 ] } { [ 2243 ] } { [ 4859 ] } { [ 4170 ] }
despues de filtrar: { [ 419 ][ 7203 ] } { [ 541 ] } { [ 5315 ][ 729 ] } { [ 1771 ][ 2375 ] } { [ 7695 ][ 3603 ] } { [ 3786 ] } { [ 4154 ][ 8468 ][ 1667 ] } { [ 533 ][ 6161 ] } { [ 6885 ] } { [ 738 ] } { [ 7857 ][ 8870 ][ 3918 ] } { [ 5757 ] } { [ 2514 ] } { [ 2243 ] } { [ 4859 ] }
antes   de colapsar { [ 419 ][ 7203 ] } { [ 541 ] } { [ 5315 ][ 729 ] } { [ 1771 ][ 2375 ] } { [ 7695 ][ 3603 ] } { [ 3786 ][ 6185 ] } { [ 4154 ][ 8468 ][ 1667 ] } { [ 533 ][ 6161 ] } { [ 6885 ] } { [ 738 ][ 1465 ] } { [ 7857 ][ 8870 ][ 3918 ] } { [ 5757 ][ 6247 ] } { [ 2514 ] } { [ 2243 ] } { [ 4859 ] } { [ 1531 ] } { [ 7575 ] } { [ 8029 ] } { [ 824 ][ 1529 ] } { [ 7255 ] } { [ 3289 ] }
despues de colapsar { [ 419 ][ 7203 ] } { [ 541 ] } { [ 5315 ][ 729 ] } { [ 1771 ][ 2375 ] } { [ 7695 ][ 3603 ] } { [ 3786 ][ 6185 ] } { [ 4154 ][ 8468 ][ 1667 ] } { [ 533 ][ 6161 ] } { [ 6885 ] } { [ 738 ][ 1465 ] } { [ 7857 ][ 8870 ][ 3918 ] } { [ 5757 ][ 6247 ] } { [ 2514 ] } { [ 2243 ] } { [ 4859 ] } { [ 1531 ] } { [ 7575 ] } { [ 8029 ] } { [ 824 ][ 1529 ] } { [ 7255 ] } { [ 3289 ] }
antes   de filtrar: { [ 24.531436 ][ -9.107437 ] }
despues de filtrar: <vacia>
antes   de colapsar { [ 24.257381 ][ 8.304953 ] }
despues de colapsar { [ 24.257381 ][ 8.304953 ] }
antes   de filtrar: { [ 24.257381 ][ 8.304953 ][ 12.945561 ] } { [ 59.467837 ][ 38.159279 ] } { [ -24.740167 ] }
despues de filtrar: { [ 24.257381 ][ 8.304953 ][ 12.945561 ] } { [ 59.467837 ][ 38.159279 ] } { [ -24.740167 ] }
antes   de colapsar { [ 24.257381 ][ 8.304953 ][ 12.945561 ] } { [ 59.467837 ][ 38.159279 ] } { [ -24.740167 ] }
despues de colapsar { [ 24.257381 ][ 8.304953 ][ 12.945561 ] } { [ 59.467837 ][ 38.159279 ] } { [ -24.740167 ] }
antes   de filtrar: { [ 24.257381 ][ 8.304953 ][ 12.945561 ][ 1.821592 ] } { [ 59.467837 ][ 38.159279 ] } { [ -24.740167 ] } { [ 31.717578 ] } { [ 47.905300 ][ 14.278640 ] } { [ -2.655502 ] } { [ 70.535611 ] } { [ 43.638116 ] } { [ 36.156560 ] } { [ 51.864047 ] }
despues de filtrar: { [ 24.257381 ][ 8.304953 ][ 12.945561 ][ 1.821592 ] } { [ 59.467837 ][ 38.159279 ] } { [ -24.740167 ] } { [ -2.655502 ] } { [ 36.156560 ] }
antes   de colapsar { [ 24.257381 ][ 8.304953 ][ 12.945561 ][ 1.821592 ] } { [ 59.467837 ][ 38.159279 ] } { [ -24.740167 ] } { [ -2.655502 ] } { [ 36.156560 ][ -14.903411 ] } { [ 20.668023 ] }
despues de colapsar { [ 24.257381 ][ 8.304953 ][ 12.945561 ][ 1.821592 ] } { [ 59.467837 ][ 38.159279 ] } { [ -24.740167 ] } { [ -2.655502 ] } { [ 36.156560 ][ -14.903411 ] } { [ 20.668023 ] }
antes   de filtrar: { [ 24.257381 ][ 8.304953 ][ 12.945561 ][ 1.821592 ] } { [ 59.467837 ][ 38.159279 ] } { [ -24.740167 ] } { [ -2.655502 ] } { [ 36.156560 ][ -14.903411 ][ 59.844695 ] } { [ 20.668023 ] } { [ 73.707646 ] } { [ 25.903507 ] } { [ 58.663030 ] }
despues de filtrar: { [ 24.257381 ][ 8.304953 ][ 12.945561 ][ 1.821592 ] } { [ 59.467837 ][ 38.159279 ] } { [ -24.740167 ] } { [ -2.655502 ] } { [ 36.156560 ][ -14.903411 ][ 59.844695 ] }
antes   de colapsar { [ 24.257381 ][ 8.304953 ][ 12.945561 ][ 1.821592 ] } { [ 59.467837 ][ 38.159279 ] } { [ -24.740167 ] } { [ -2.655502 ] } { [ 36.156560 ][ -14.903411 ][ 59.844695 ] } { [ 9.264816 ] } { [ 48.583723 ] }
despues de colapsar { [ 24.257381 ][ 8.304953 ][ 12.945561 ][ 1.821592 ] } { [ 59.467837 ][ 38.159279 ] } { [ -24.740167 ] } { [ -2.655502 ] } { [ 36.156560 ][ -14.903411 ][ 59.844695 ] } { [ 9.264816 ] } { [ 48.583723 ] }
antes   de filtrar: { [ 24.257381 ][ 8.304953 ][ 12.945561 ][ 1.821592 ] } { [ 59.467837 ][ 38.159279 ] } { [ -24.740167 ] } { [ -2.655502 ] } { [ 36.156560 ][ -14.903411 ][ 59.844695 ] } { [ 9.264816 ] } { [ 48.583723 ] }
despues de filtrar: { [ 24.257381 ][ 8.304953 ][ 12.945561 ][ 1.821592 ] } { [ 59.467837 ][ 38.159279 ] } { [ -24.740167 ] } { [ -2.655502 ] } { [ 36.156560 ][ -14.903411 ][ 59.844695 ] } { [ 9.264816 ] }
antes   de colapsar { [ 24.257381 ][ 8.304953 ][ 12.945561 ][ 1.821592 ] } { [ 59.467837 ][ 38.159279 ] } { [ -24.740167 ] } { [ -2.655502 ] } { [ 36.156560 ][ -14.903411 ][ 59.844695 ] } { [ 9.264816 ] } { [ 5.425776 ] } { [ 61.061670 ] }
despues de colapsar { [ 24.257381 ][ 8.304953 ][ 12.945561 ][ 1.821592 ] } { [ 59.467837 ][ 38.159279 ] } { [ -24.740167 ] } { [ -2.655502 ] } { [ 36.156560 ][ -14.903411 ][ 59.844695 ] } { [ 9.264816 ] } { [ 5.425776 ] } { [ 61.061670 ] }
antes   de filtrar: <vacia>
despues de filtrar: <vacia>
antes   de filtrar: { [ 71 ] } { [ 4564 ] }
despues de filtrar: { [ 71 ] } { [ 4564 ] }
antes   de filtrar: { [ 71 ][ 5978 ] } { [ 4564 ] } { [ 1740 ] } { [ 6049 ][ 8785 ] } { [ 7050 ] } { [ 2608 ] } { [ 9876 ] }
despues de filtrar: { [ 71 ][ 5978 ] } { [ 4564 ] } { [ 9876 ] }
antes   de colapsar { [ 71 ][ 5978 ] } { [ 4564 ] } { [ 9876 ] } { [ 3861 ][ 1582 ] } { [ 8269 ][ 7105 ] } { [ 5770 ] } { [ 5739 ][ 2585 ] } { [ 783 ] } { [ 4662 ] }
despues de colapsar { [ 71 ][ 5978 ] } { [ 4564 ] } { [ 9876 ] } { [ 3861 ][ 1582 ] } { [ 8269 ][ 7105 ] } { [ 5770 ] } { [ 5739 ][ 2585 ] } { [ 783 ] } { [ 4662 ] }
antes   de colapsar { [ 71 ][ 5978 ] } { [ 4564 ] } { [ 9876 ] } { [ 3861 ][ 1582 ] } { [ 8269 ][ 7105 ] } { [ 5770 ] } { [ 5739 ][ 2585 ] } { [ 783 ] } { [ 4662 ] } { [ 3589 ] } { [ 9039 ] }
despues de colapsar { [ 71 ][ 5978 ] } { [ 4564 ] } { [ 9876 ] } { [ 3861 ][ 1582 ] } { [ 8269 ][ 7105 ] } { [ 5770 ] } { [ 5739 ][ 2585 ] } { [ 783 ] } { [ 4662 ] } { [ 3589 ] } { [ 9039 ] }
antes   de colapsar { [ 71 ][ 5978 ] } { [ 4564 ] } { [ 9876 ] } { [ 3861 ][ 1582 ] } { [ 8269 ][ 7105 ] } { [ 5770 ] } { [ 5739 ][ 2585 ] } { [ 783 ] } { [ 4662 ] } { [ 3589 ] } { [ 9039 ] } { [ 947 ] }
despues de colapsar { [ 71 ][ 5978 ] } { [ 4564 ] } { [ 9876 ] } { [ 3861 ][ 1582 ] } { [ 8269 ][ 7105 ] } { [ 5770 ] } { [ 5739 ][ 2585 ] } { [ 783 ] } { [ 4662 ] } { [ 3589 ] } { [ 9039 ] } { [ 947 ] }
antes   de filtrar: { [ 71 ][ 5978 ] } { [ 4564 ][ 2218 ] } { [ 9876 ][ 9179 ] } { [ 3861 ][ 1582 ][ 6887 ] } { [ 8269 ][ 7105 ] } { [ 5770 ][ 3388 ] } { [ 5739 ][ 2585 ] } { [ 783 ][ 2497 ] } { [ 4662 ][ 9003 ] } { [ 3589 ][ 784 ] } { [ 9039 ] } { [ 947 ] } { [ 8454 ] } { [ 7158 ] } { [ 5279 ] } { [ 6234 ] } { [ 3284 ] } { [ 9489 ] } { [ 4338 ] } { [ 6127 ] } { [ 3559 ] } { [ 1724 ] } { [ 7088 ] } { [ 8926 ] } { [ 5233 ] } { [ 4075 ] } { [ 1307 ] }
despues de filtrar: { [ 71 ][ 5978 ] } { [ 4564 ][ 2218 ] } { [ 9876 ][ 9179 ] } { [ 3861 ][ 1582 ][ 6887 ] } { [ 8269 ][ 7105 ] } { [ 5739 ][ 2585 ] } { [ 783 ][ 2497 ] } { [ 4662 ][ 9003 ] } { [ 3589 ][ 784 ] } { [ 947 ] } { [ 8454 ] } { [ 7158 ] } { [ 5279 ] } { [ 6234 ] } { [ 3284 ] } { [ 9489 ] } { [ 4338 ] } { [ 6127 ] } { [ 3559 ] } { [ 1724 ] } { [ 8926 ] } { [ 5233 ] }
antes   de colapsar { [ 71 ][ 5978 ] } { [ 4564 ][ 2218 ] } { [ 9876 ][ 9179 ] } { [ 3861 ][ 1582 ][ 6887 ] } { [ 8269 ][ 7105 ] } { [ 5739 ][ 2585 ] } { [ 783 ][ 2497 ] } { [ 4662 ][ 9003 ] } { [ 3589 ][ 784 ] } { [ 947 ] } { [ 8454 ] } { [ 7158 ][ 9966 ] } { [ 5279 ] } { [ 6234 ] } { [ 3284 ] } { [ 9489 ] } { [ 4338 ] } { [ 6127 ] } { [ 3559 ] } { [ 1724 ] } { [ 8926 ] } { [ 5233 ] } { [ 528 ] }
despues de colapsar { [ 71 ][ 5978 ] } { [ 4564 ][ 2218 ] } { [ 9876 ][ 9179 ] } { [ 3861 ][ 1582 ][ 6887 ] } { [ 8269 ][ 7105 ] } { [ 5739 ][ 2585 ] } { [ 783 ][ 2497 ] } { [ 4662 ][ 9003 ] } { [ 3589 ][ 784 ] } { [ 947 ] } { [ 8454 ] } { [ 7158 ][ 9966 ] } { [ 5279 ] } { [ 6234 ] } { [ 3284 ] } { [ 9489 ] } { [ 4338 ] } { [ 6127 ] } { [ 3559 ] } { [ 1724 ] } { [ 8926 ] } { [ 5233 ] } { [ 528 ] }
antes   de filtrar: { [ 71 ][ 5978 ] } { [ 4564 ][ 2218 ] } { [ 9876 ][ 9179 ] } { [ 3861 ][ 1582 ][ 6887 ] } { [ 8269 ][ 7105 ] } { [ 5739 ][ 2585 ] } { [ 783 ][ 2497 ] } { [ 4662 ][ 9003 ] } { [ 3589 ][ 784 ] } { [ 947 ] } { [ 8454 ] } { [ 7158 ][ 9966 ] } { [ 5279 ] } { [ 6234 ] } { [ 3284 ] } { [ 9489 ] } { [ 4338 ] } { [ 6127 ] } { [ 3559 ] } { [ 1724 ] } { [ 8926 ] } { [ 5233 ] } { [ 528 ] }
despues de filtrar: { [ 71 ][ 5978 ] } { [ 4564 ][ 2218 ] } { [ 9876 ][ 9179 ] } { [ 3861 ][ 1582 ][ 6887 ] } { [ 8269 ][ 7105 ] } { [ 5739 ][ 2585 ] } { [ 783 ][ 2497 ] } { [ 4662 ][ 9003 ] } { [ 3589 ][ 784 ] } { [ 947 ] } { [ 8454 ] } { [ 7158 ][ 9966 ] } { [ 5279 ] } { [ 6234 ] } { [ 3284 ] } { [ 9489 ] } { [ 4338 ] } { [ 6127 ] } { [ 3559 ] } { [ 1724 ] } { [ 8926 ] } { [ 5233 ] } { [ 528 ] }
antes   de colapsar { [ 71 ][ 5978 ] } { [ 4564 ][ 2218 ] } { [ 9876 ][ 9179 ] } { [ 3861 ][ 1582 ][ 6887 ] } { [ 8269 ][ 7105 ] } { [ 5739 ][ 2585 ] } { [ 783 ][ 2497 ] } { [ 4662 ][ 9003 ] } { [ 3589 ][ 784 ] } { [ 947 ] } { [ 8454 ] } { [ 7158 ][ 9966 ] } { [ 5279 ] } { [ 6234 ] } { [ 3284 ] } { [ 9489 ] } { [ 4338 ][ 6641 ] } { [ 6127 ] } { [ 3559 ] } { [ 1724 ] } { [ 8926 ] } { [ 5233 ] } { [ 528 ] }
despues de colapsar { [ 71 ][ 5978 ] } { [ 4564 ][ 2218 ] } { [ 9876 ][ 9179 ] } { [ 3861 ][ 1582 ][ 6887 ] } { [ 8269 ][ 7105 ] } { [ 5739 ][ 2585 ] } { [ 783 ][ 2497 ] } { [ 4662 ][ 9003 ] } { [ 3589 ][ 784 ] } { [ 947 ] } { [ 8454 ] } { [ 7158 ][ 9966 ] } { [ 5279 ] } { [ 6234 ] } { [ 3284 ] } { [ 9489 ] } { [ 4338 ][ 6641 ] } { [ 6127 ] } { [ 3559 ] } { [ 1724 ] } { [ 8926 ] } { [ 5233 ] } { [ 528 ] }
antes   de colapsar { [ 4083 ] } { [ 9938 ] }
despues de colapsar { [ 4083 ] } { [ 9938 ] }
antes   de filtrar: { [ 4083 ] } { [ 9938 ] } { [ 7200 ] }
despues de filtrar: { [ 9938 ] }
antes   de colapsar { [ 9938 ] }
despues de colapsar { [ 9938 ] }
antes   de filtrar: { [ 9938 ][ 1355 ] } { [ 5985 ] } { [ 7313 ] } { [ 808 ] } { [ 6208 ] } { [ 5281 ] }
despues de filtrar: { [ 9938 ][ 1355 ] } { [ 5985 ] } { [ 7313 ] } { [ 5281 ] }
antes   de colapsar { [ 9938 ][ 1355 ] } { [ 5985 ] } { [ 7313 ] } { [ 5281 ] } { [ 1025 ] } { [ 3025 ] } { [ 5693 ] } { [ 6536 ] }
despues de colapsar { [ 9938 ][ 1355 ] } { [ 5985 ] } { [ 7313 ] } { [ 5281 ] } { [ 1025 ] } { [ 3025 ] } { [ 5693 ] } { [ 6536 ] }
antes   de colapsar { [ 9938 ][ 1355 ] } { [ 5985 ][ 7462 ] } { [ 7313 ] } { [ 5281 ] } { [ 1025 ] } { [ 3025 ] } { [ 5693 ] } { [ 6536 ][ 7018 ][ 835 ] } { [ 7974 ] } { [ 890 ] } { [ 7910 ] } { [ 1942 ] }
despues de colapsar { [ 9938 ][ 1355 ] } { [ 5985 ][ 7462 ] } { [ 7313 ] } { [ 5281 ] } { [ 1025 ] } { [ 3025 ] } { [ 5693 ] } { [ 6536 ][ 7018 ][ 835 ] } { [ 7974 ] } { [ 890 ] } { [ 7910 ] } { [ 1942 ] }
antes   de filtrar: { [ 9938 ][ 1355 ] } { [ 5985 ][ 7462 ] } { [ 7313 ] } { [ 5281 ] } { [ 1025 ] } { [ 3025 ] } { [ 5693 ] } { [ 6536 ][ 7018 ][ 835 ] } { [ 7974 ][ 6699 ] } { [ 890 ] } { [ 7910 ] } { [ 1942 ] } { [ 9580 ] } { [ 702 ] } { [ 4238 ] } { [ 9649 ] }
despues de filtrar: { [ 9938 ][ 1355 ] } { [ 5985 ][ 7462 ] } { [ 7313 ] } { [ 5281 ] } { [ 5693 ] } { [ 6536 ][ 7018 ][ 835 ] } { [ 7974 ][ 6699 ] } { [ 1942 ] } { [ 4238 ] } { [ 9649 ] }
antes   de filtrar: { [ 9938 ][ 1355 ] } { [ 5985 ][ 7462 ] } { [ 7313 ] } { [ 5281 ] } { [ 5693 ][ 6109 ] } { [ 6536 ][ 7018 ][ 835 ][ 7257 ] } { [ 7974 ][ 6699 ][ 5354 ] } { [ 1942 ] } { [ 4238 ] } { [ 9649 ][ 7951 ] } { [ 3079 ] } { [ 1319 ] } { [ 8942 ] } { [ 3783 ] } { [ 3875 ] }
despues de filtrar: { [ 9938 ][ 1355 ] } { [ 5985 ][ 7462 ] } { [ 7313 ] } { [ 5281 ] } { [ 5693 ][ 6109 ] } { [ 6536 ][ 7018 ][ 835 ][ 7257 ] } { [ 7974 ][ 6699 ][ 5354 ] } { [ 1942 ] } { [ 4238 ] } { [ 9649 ][ 7951 ] } { [ 1319 ] } { [ 8942 ] } { [ 3783 ] } { [ 3875 ] }
antes   de filtrar: { [ 9938 ][ 1355 ] } { [ 5985 ][ 7462 ] } { [ 7313 ] } { [ 5281 ] } { [ 5693 ][ 6109 ] } { [ 6536 ][ 7018 ][ 835 ][ 7257 ][ 3445 ] } { [ 7974 ][ 6699 ][ 5354 ] } { [ 1942 ][ 1584 ] } { [ 4238 ] } { [ 9649 ][ 7951 ][ 9970 ] } { [ 1319 ] } { [ 8942 ] } { [ 3783 ] } { [ 3875 ] } { [ 3057 ] } { [ 6198 ] } { [ 4834 ] } { [ 9707 ] } { [ 7116 ] } { [ 1274 ] } { [ 8178 ] }
despues de filtrar: { [ 9938 ][ 1355 ] } { [ 5985 ][ 7462 ] } { [ 7313 ] } { [ 5281 ] } { [ 5693 ][ 6109 ] } { [ 6536 ][ 7018 ][ 835 ][ 7257 ][ 3445 ] } { [ 7974 ][ 6699 ][ 5354 ] } { [ 1942 ][ 1584 ] } { [ 4238 ] } { [ 9649 ][ 7951 ][ 9970 ] } { [ 1319 ] } { [ 8942 ] } { [ 3783 ] } { [ 3875 ] } { [ 6198 ] } { [ 4834 ] } { [ 7116 ] } { [ 1274 ] } { [ 8178 ] }
antes   de colapsar { [ 9938 ][ 1355 ] } { [ 5985 ][ 7462 ] } { [ 7313 ] } { [ 5281 ] } { [ 5693 ][ 6109 ] } { [ 6536 ][ 7018 ][ 835 ][ 7257 ][ 3445 ] } { [ 7974 ][ 6699 ][ 5354 ] } { [ 1942 ][ 1584 ] } { [ 4238 ] } { [ 9649 ][ 7951 ][ 9970 ] } { [ 1319 ] } { [ 8942 ] } { [ 3783 ] } { [ 3875 ] } { [ 6198 ] } { [ 4834 ] } { [ 7116 ] } { [ 1274 ] } { [ 8178 ] } { [ 5710 ] } { [ 9374 ][ 1653 ] } { [ 8140 ] }
despues de colapsar { [ 9938 ][ 1355 ] } { [ 5985 ][ 7462 ] } { [ 7313 ] } { [ 5281 ] } { [ 5693 ][ 6109 ] } { [ 6536 ][ 7018 ][ 835 ][ 7257 ][ 3445 ] } { [ 7974 ][ 6699 ][ 5354 ] } { [ 1942 ][ 1584 ] } { [ 4238 ] } { [ 9649 ][ 7951 ][ 9970 ] } { [ 1319 ] } { [ 8942 ] } { [ 3783 ] } { [ 3875 ] } { [ 6198 ] } { [ 4834 ] } { [ 7116 ] } { [ 1274 ] } { [ 8178 ] } { [ 5710 ] } { [ 9374 ][ 1653 ] } { [ 8140 ] }
