antes   de filtrar: { [ 11.581078 ][ 68.184474 ][ -9.140782 ] }
despues de filtrar: <vacia>
antes   de filtrar: { [ 23.045989 ] } { [ -2.439647 ] }
despues de filtrar: { [ 23.045989 ] } { [ -2.439647 ] }
antes   de filtrar: { [ 23.045989 ] } { [ -2.439647 ] } { [ -19.085285 ][ 14.911105 ] } { [ 11.093379 ] } { [ 72.716887 ] } { [ 17.726825 ] } { [ 2.242287 ] } { [ -14.518615 ][ -20.734092 ] }
despues de filtrar: { [ 23.045989 ] } { [ -2.439647 ] } { [ -19.085285 ][ 14.911105 ] } { [ 11.093379 ] } { [ 2.242287 ] } { [ -14.518615 ][ -20.734092 ] }
antes   de filtrar: { [ 23.045989 ] } { [ -2.439647 ] } { [ -19.085285 ][ 14.911105 ] } { [ 11.093379 ] } { [ 2.242287 ] } { [ -14.518615 ][ -20.734092 ] }
despues de filtrar: { [ 23.045989 ] } { [ -2.439647 ] } { [ -19.085285 ][ 14.911105 ] } { [ 11.093379 ] } { [ 2.242287 ] } { [ -14.518615 ][ -20.734092 ] }
antes   de filtrar: { [ 23.045989 ] } { [ -2.439647 ] } { [ -19.085285 ][ 14.911105 ][ 6.734791 ] } { [ 11.093379 ][ -24.566825 ] } { [ 2.242287 ][ 0.180009 ] } { [ -14.518615 ][ -20.734092 ][ -1.092358 ] } { [ 49.588855 ] } { [ 16.551893 ] } { [ 16.447117 ] } { [ 31.409696 ] } { [ -18.136172 ] } { [ -12.831802 ] } { [ 19.316780 ] } { [ -20.314818 ] }
despues de filtrar: { [ 23.045989 ] } { [ -2.439647 ] } { [ -19.085285 ][ 14.911105 ][ 6.734791 ] } { [ 11.093379 ][ -24.566825 ] } { [ 2.242287 ][ 0.180009 ] } { [ -14.518615 ][ -20.734092 ][ -1.092358 ] } { [ 16.447117 ] } { [ 31.409696 ] } { [ -18.136172 ] } { [ -12.831802 ] } { [ 19.316780 ] } { [ -20.314818 ] }
antes   de colapsar { [ 23.045989 ] } { [ -2.439647 ] } { [ -19.085285 ][ 14.911105 ][ 6.734791 ] } { [ 11.093379 ][ -24.566825 ] } { [ 2.242287 ][ 0.180009 ] } { [ -14.518615 ][ -20.734092 ][ -1.092358 ] } { [ 16.447117 ] } { [ 31.409696 ] } { [ -18.136172 ] } { [ -12.831802 ] } { [ 19.316780 ] } { [ -20.314818 ] } { [ 71.154218 ] }
despues de colapsar { [ 23.045989 ] } { [ -2.439647 ] } { [ -19.085285 ][ 14.911105 ][ 6.734791 ] } { [ 11.093379 ][ -24.566825 ] } { [ 2.242287 ][ 0.180009 ] } { [ -14.518615 ][ -20.734092 ][ -1.092358 ] } { [ 16.447117 ] } { [ 31.409696 ] } { [ -18.136172 ] } { [ -12.831802 ] } { [ 19.316780 ] } { [ -20.314818 ] } { [ 71.154218 ] }
antes   de colapsar { [ 23.045989 ] } { [ -2.439647 ][ 56.215798 ] } { [ -19.085285 ][ 14.911105 ][ 6.734791 ][ 5.526532 ] } { [ 11.093379 ][ -24.566825 ] } { [ 2.242287 ][ 0.180009 ] } { [ -14.518615 ][ -20.734092 ][ -1.092358 ] } { [ 16.447117 ] } { [ 31.409696 ] } { [ -18.136172 ] } { [ -12.831802 ] } { [ 19.316780 ] } { [ -20.314818 ] } { [ 71.154218 ] } { [ 72.472137 ] } { [ 47.717201 ] } { [ 55.560144 ] } { [ 69.496720 ] } { [ 45.896386 ] }
despues de colapsar { [ 23.045989 ] } { [ -2.439647 ][ 56.215798 ] } { [ -19.085285 ][ 14.911105 ][ 6.734791 ][ 5.526532 ] } { [ 11.093379 ][ -24.566825 ] } { [ 2.242287 ][ 0.180009 ] } { [ -14.518615 ][ -20.734092 ][ -1.092358 ] } { [ 16.447117 ] } { [ 31.409696 ] } { [ -18.136172 ] } { [ -12.831802 ] } { [ 19.316780 ] } { [ -20.314818 ] } { [ 71.154218 ] } { [ 72.472137 ] } { [ 47.717201 ] } { [ 55.560144 ] } { [ 69.496720 ] } { [ 45.896386 ] }
antes   de colapsar { [ 23.045989 ] } { [ -2.439647 ][ 56.215798 ] } { [ -19.085285 ][ 14.911105 ][ 6.734791 ][ 5.526532 ] } { [ 11.093379 ][ -24.566825 ] } { [ 2.242287 ][ 0.180009 ] } { [ -14.518615 ][ -20.734092 ][ -1.092358 ] } { [ 16.447117 ] } { [ 31.409696 ] } { [ -18.136172 ] } { [ -12.831802 ] } { [ 19.316780 ] } { [ -20.314818 ] } { [ 71.154218 ] } { [ 72.472137 ][ 5.018500 ] } { [ 47.717201 ] } { [ 55.560144 ] } { [ 69.496720 ] } { [ 45.896386 ] } { [ 0.598842 ] } { [ 1.148400 ] } { [ 67.775072 ] }
despues de colapsar { [ 23.045989 ] } { [ -2.439647 ][ 56.215798 ] } { [ -19.085285 ][ 14.911105 ][ 6.734791 ][ 5.526532 ] } { [ 11.093379 ][ -24.566825 ] } { [ 2.242287 ][ 0.180009 ] } { [ -14.518615 ][ -20.734092 ][ -1.092358 ] } { [ 16.447117 ] } { [ 31.409696 ] } { [ -18.136172 ] } { [ -12.831802 ] } { [ 19.316780 ] } { [ -20.314818 ] } { [ 71.154218 ] } { [ 72.472137 ][ 5.018500 ] } { [ 47.717201 ] } { [ 55.560144 ] } { [ 69.496720 ] } { [ 45.896386 ] } { [ 0.598842 ] } { [ 1.148400 ] } { [ 67.775072 ] }
antes   de colapsar { [ 23.045989 ] } { [ -2.439647 ][ 56.215798 ] } { [ -19.085285 ][ 14.911105 ][ 6.734791 ][ 5.526532 ] } { [ 11.093379 ][ -24.566825 ] } { [ 2.242287 ][ 0.180009 ] } { [ -14.518615 ][ -20.734092 ][ -1.092358 ][ 28.116576 ] } { [ 16.447117 ] } { [ 31.409696 ][ -5.125885 ] } { [ -18.136172 ] } { [ -12.831802 ] } { [ 19.316780 ] } { [ -20.314818 ] } { [ 71.154218 ] } { [ 72.472137 ][ 5.018500 ][ -0.727249 ] } { [ 47.717201 ] } { [ 55.560144 ] } { [ 69.496720 ] } { [ 45.896386 ] } { [ 0.598842 ] } { [ 1.148400 ] } { [ 67.775072 ] } { [ -9.667666 ] } { [ 47.332875 ] } { [ 17.678197 ] } { [ 18.164631 ] } { [ 18.921690 ] } { [ 15.971972 ] } { [ 30.775714 ] }
despues de colapsar { [ 23.045989 ] } { [ -2.439647 ][ 56.215798 ] } { [ -19.085285 ][ 14.911105 ][ 6.734791 ][ 5.526532 ] } { [ 11.093379 ][ -24.566825 ] } { [ 2.242287 ][ 0.180009 ] } { [ -14.518615 ][ -20.734092 ][ -1.092358 ][ 28.116576 ] } { [ 16.447117 ] } { [ 31.409696 ][ -5.125885 ] } { [ -18.136172 ] } { [ -12.831802 ] } { [ 19.316780 ] } { [ -20.314818 ] } { [ 71.154218 ] } { [ 72.472137 ][ 5.018500 ][ -0.727249 ] } { [ 47.717201 ] } { [ 55.560144 ] } { [ 69.496720 ] } { [ 45.896386 ] } { [ 0.598842 ] } { [ 1.148400 ] } { [ 67.775072 ] } { [ -9.667666 ] } { [ 47.332875 ] } { [ 17.678197 ] } { [ 18.164631 ] } { [ 18.921690 ] } { [ 15.971972 ] } { [ 30.775714 ] }
antes   de colapsar { [ 23.045989 ] } { [ -2.439647 ][ 56.215798 ] } { [ -19.085285 ][ 14.911105 ][ 6.734791 ][ 5.526532 ] } { [ 11.093379 ][ -24.566825 ] } { [ 2.242287 ][ 0.180009 ] } { [ -14.518615 ][ -20.734092 ][ -1.092358 ][ 28.116576 ] } { [ 16.447117 ] } { [ 31.409696 ][ -5.125885 ] } { [ -18.136172 ] } { [ -12.831802 ] } { [ 19.316780 ] } { [ -20.314818 ] } { [ 71.154218 ] } { [ 72.472137 ][ 5.018500 ][ -0.727249 ] } { [ 47.717201 ] } { [ 55.560144 ] } { [ 69.496720 ] } { [ 45.896386 ] } { [ 0.598842 ][ 18.539378 ] } { [ 1.148400 ] } { [ 67.775072 ] } { [ -9.667666 ] } { [ 47.332875 ] } { [ 17.678197 ] } { [ 18.164631 ] } { [ 18.921690 ] } { [ 15.971972 ] } { [ 30.775714 ] } { [ -20.648212 ] } { [ 8.464286 ] }
despues de colapsar { [ 23.045989 ] } { [ -2.439647 ][ 56.215798 ] } { [ -19.085285 ][ 14.911105 ][ 6.734791 ][ 5.526532 ] } { [ 11.093379 ][ -24.566825 ] } { [ 2.242287 ][ 0.180009 ] } { [ -14.518615 ][ -20.734092 ][ -1.092358 ][ 28.116576 ] } { [ 16.447117 ] } { [ 31.409696 ][ -5.125885 ] } { [ -18.136172 ] } { [ -12.831802 ] } { [ 19.316780 ] } { [ -20.314818 ] } { [ 71.154218 ] } { [ 72.472137 ][ 5.018500 ][ -0.727249 ] } { [ 47.717201 ] } { [ 55.560144 ] } { [ 69.496720 ] } { [ 45.896386 ] } { [ 4.374725 ] } { [ 1.148400 ] } { [ 67.775072 ] } { [ -9.667666 ] } { [ 47.332875 ] } { [ 17.678197 ] } { [ 18.164631 ] } { [ 18.921690 ] } { [ 15.971972 ] } { [ 30.775714 ] } { [ -20.648212 ] } { [ 8.464286 ] }
antes   de colapsar <vacia>
despues de colapsar <vacia>
antes   de colapsar { [ 2624 ][ 2109 ][ 5129 ][ 2394 ] } { [ 6157 ] } { [ 3004 ] } { [ 9906 ] } { [ 6570 ] } { [ 1090 ] } { [ 9903 ][ 1491 ] } { [ 2306 ] } { [ 9150 ] }
despues de colapsar { [ 2624 ][ 2109 ][ 5129 ][ 2394 ] } { [ 6157 ] } { [ 3004 ] } { [ 9906 ] } { [ 6570 ] } { [ 1090 ] } { [ 3842 ] } { [ 2306 ] } { [ 9150 ] }
antes   de colapsar { [ 2624 ][ 2109 ][ 5129 ][ 2394 ] } { [ 6157 ] } { [ 3004 ] } { [ 9906 ] } { [ 6570 ] } { [ 1090 ] } { [ 3842 ] } { [ 2306 ] } { [ 9150 ] }
despues de colapsar { [ 2624 ][ 2109 ][ 5129 ][ 2394 ] } { [ 6157 ] } { [ 3004 ] } { [ 9906 ] } { [ 6570 ] } { [ 1090 ] } { [ 3842 ] } { [ 2306 ] } { [ 9150 ] }
antes   de colapsar { [ 2624 ][ 2109 ][ 5129 ][ 2394 ] } { [ 6157 ] } { [ 3004 ] } { [ 9906 ][ 2048 ] } { [ 6570 ] } { [ 1090 ] } { [ 3842 ] } { [ 2306 ] } { [ 9150 ] } { [ 1176 ] } { [ 9658 ][ 9975 ] } { [ 9575 ] } { [ 6658 ][ 2556 ] } { [ 42 ] } { [ 6568 ] } { [ 1750 ] } { [ 2264 ] }
despues de colapsar { [ 2624 ][ 2109 ][ 5129 ][ 2394 ] } { [ 6157 ] } { [ 3004 ] } { [ 4504 ] } { [ 6570 ] } { [ 1090 ] } { [ 3842 ] } { [ 2306 ] } { [ 9150 ] } { [ 1176 ] } { [ 9658 ][ 9975 ] } { [ 9575 ] } { [ 6658 ][ 2556 ] } { [ 42 ] } { [ 6568 ] } { [ 1750 ] } { [ 2264 ] }
antes   de colapsar { [ 2624 ][ 2109 ][ 5129 ][ 2394 ][ 61 ] } { [ 6157 ] } { [ 3004 ] } { [ 4504 ] } { [ 6570 ] } { [ 1090 ] } { [ 3842 ] } { [ 2306 ] } { [ 9150 ] } { [ 1176 ][ 6952 ] } { [ 9658 ][ 9975 ] } { [ 9575 ] } { [ 6658 ][ 2556 ] } { [ 42 ] } { [ 6568 ] } { [ 1750 ][ 1634 ] } { [ 2264 ] } { [ 664 ] } { [ 4722 ] } { [ 6491 ] } { [ 3717 ] } { [ 338 ] }
despues de colapsar { [ 2624 ][ 2109 ][ 5129 ][ 2394 ][ 61 ] } { [ 6157 ] } { [ 3004 ] } { [ 4504 ] } { [ 6570 ] } { [ 1090 ] } { [ 3842 ] } { [ 2306 ] } { [ 9150 ] } { [ 1176 ][ 6952 ] } { [ 9658 ][ 9975 ] } { [ 9575 ] } { [ 6658 ][ 2556 ] } { [ 42 ] } { [ 6568 ] } { [ 1691 ] } { [ 2264 ] } { [ 664 ] } { [ 4722 ] } { [ 6491 ] } { [ 3717 ] } { [ 338 ] }
antes   de filtrar: { [ 2624 ][ 2109 ][ 5129 ][ 2394 ][ 61 ] } { [ 6157 ] } { [ 3004 ] } { [ 4504 ] } { [ 6570 ] } { [ 1090 ] } { [ 3842 ] } { [ 2306 ] } { [ 9150 ] } { [ 1176 ][ 6952 ] } { [ 9658 ][ 9975 ] } { [ 9575 ] } { [ 6658 ][ 2556 ] } { [ 42 ] } { [ 6568 ] } { [ 1691 ] } { [ 2264 ] } { [ 664 ] } { [ 4722 ] } { [ 6491 ] } { [ 3717 ] } { [ 338 ] }
despues de filtrar: { [ 2624 ][ 2109 ][ 5129 ][ 2394 ][ 61 ] } { [ 6157 ] } { [ 3842 ] } { [ 1176 ][ 6952 ] } { [ 9658 ][ 9975 ] } { [ 9575 ] } { [ 6658 ][ 2556 ] } { [ 42 ] } { [ 6568 ] } { [ 1691 ] } { [ 2264 ] } { [ 664 ] } { [ 4722 ] } { [ 6491 ] } { [ 3717 ] } { [ 338 ] }
antes   de filtrar: { [ 2624 ][ 2109 ][ 5129 ][ 2394 ][ 61 ] } { [ 6157 ] } { [ 3842 ] } { [ 1176 ][ 6952 ] } { [ 9658 ][ 9975 ] } { [ 9575 ] } { [ 6658 ][ 2556 ] } { [ 42 ] } { [ 6568 ] } { [ 1691 ] } { [ 2264 ] } { [ 664 ] } { [ 4722 ] } { [ 6491 ] } { [ 3717 ] } { [ 338 ] }
despues de filtrar: { [ 2624 ][ 2109 ][ 5129 ][ 2394 ][ 61 ] } { [ 6157 ] } { [ 3842 ] } { [ 1176 ][ 6952 ] } { [ 9658 ][ 9975 ] } { [ 9575 ] } { [ 6658 ][ 2556 ] } { [ 42 ] } { [ 6568 ] } { [ 1691 ] } { [ 2264 ] } { [ 664 ] } { [ 4722 ] } { [ 6491 ] } { [ 3717 ] } { [ 338 ] }
antes   de filtrar: { [ 2624 ][ 2109 ][ 5129 ][ 2394 ][ 61 ] } { [ 6157 ] } { [ 3842 ] } { [ 1176 ][ 6952 ] } { [ 9658 ][ 9975 ] } { [ 9575 ] } { [ 6658 ][ 2556 ] } { [ 42 ] } { [ 6568 ] } { [ 1691 ] } { [ 2264 ] } { [ 664 ] } { [ 4722 ] } { [ 6491 ] } { [ 3717 ] } { [ 338 ] } { [ 6576 ] } { [ 7521 ][ 1673 ] }
despues de filtrar: { [ 2624 ][ 2109 ][ 5129 ][ 2394 ][ 61 ] } { [ 6157 ] } { [ 3842 ] } { [ 1176 ][ 6952 ] } { [ 9658 ][ 9975 ] } { [ 9575 ] } { [ 6658 ][ 2556 ] } { [ 42 ] } { [ 6568 ] } { [ 1691 ] } { [ 2264 ] } { [ 664 ] } { [ 4722 ] } { [ 6491 ] } { [ 3717 ] } { [ 338 ] } { [ 6576 ] } { [ 7521 ][ 1673 ] }
antes   de filtrar: { [ 2624 ][ 2109 ][ 5129 ][ 2394 ][ 61 ] } { [ 6157 ] } { [ 3842 ] } { [ 1176 ][ 6952 ][ 4711 ] } { [ 9658 ][ 9975 ] } { [ 9575 ] } { [ 6658 ][ 2556 ] } { [ 42 ] } { [ 6568 ][ 5164 ] } { [ 1691 ] } { [ 2264 ] } { [ 664 ] } { [ 4722 ] } { [ 6491 ][ 8754 ] } { [ 3717 ] } { [ 338 ] } { [ 6576 ] } { [ 7521 ][ 1673 ] } { [ 8699 ] } { [ 9629 ] } { [ 9052 ] } { [ 6812 ] } { [ 9996 ] } { [ 2540 ] } { [ 6456 ] } { [ 84 ] } { [ 5394 ] } { [ 8913 ] }
despues de filtrar: { [ 2624 ][ 2109 ][ 5129 ][ 2394 ][ 61 ] } { [ 6157 ] } { [ 3842 ] } { [ 1176 ][ 6952 ][ 4711 ] } { [ 9658 ][ 9975 ] } { [ 9575 ] } { [ 6658 ][ 2556 ] } { [ 42 ] } { [ 6568 ][ 5164 ] } { [ 1691 ] } { [ 2264 ] } { [ 664 ] } { [ 4722 ] } { [ 6491 ][ 8754 ] } { [ 3717 ] } { [ 338 ] } { [ 6576 ] } { [ 7521 ][ 1673 ] } { [ 8699 ] } { [ 9629 ] } { [ 6812 ] } { [ 9996 ] } { [ 6456 ] } { [ 84 ] } { [ 5394 ] } { [ 8913 ] }
antes   de filtrar: { [ 2624 ][ 2109 ][ 5129 ][ 2394 ][ 61 ] } { [ 6157 ] } { [ 3842 ] } { [ 1176 ][ 6952 ][ 4711 ] } { [ 9658 ][ 9975 ] } { [ 9575 ] } { [ 6658 ][ 2556 ] } { [ 42 ] } { [ 6568 ][ 5164 ] } { [ 1691 ] } { [ 2264 ] } { [ 664 ] } { [ 4722 ] } { [ 6491 ][ 8754 ] } { [ 3717 ] } { [ 338 ] } { [ 6576 ] } { [ 7521 ][ 1673 ] } { [ 8699 ] } { [ 9629 ] } { [ 6812 ] } { [ 9996 ] } { [ 6456 ] } { [ 84 ] } { [ 5394 ] } { [ 8913 ] } { [ 13 ] }
despues de filtrar: { [ 2624 ][ 2109 ][ 5129 ][ 2394 ][ 61 ] } { [ 6157 ] } { [ 3842 ] } { [ 1176 ][ 6952 ][ 4711 ] } { [ 9658 ][ 9975 ] } { [ 9575 ] } { [ 6658 ][ 2556 ] } { [ 42 ] } { [ 6568 ][ 5164 ] } { [ 1691 ] } { [ 2264 ] } { [ 664 ] } { [ 4722 ] } { [ 6491 ][ 8754 ] } { [ 3717 ] } { [ 338 ] } { [ 6576 ] } { [ 7521 ][ 1673 ] } { [ 8699 ] } { [ 9629 ] } { [ 6812 ] } { [ 9996 ] } { [ 6456 ] } { [ 84 ] } { [ 5394 ] } { [ 8913 ] } { [ 13 ] }
antes   de filtrar: { [ 9421 ][ 6094 ] }
despues de filtrar: { [ 9421 ][ 6094 ] }
antes   de colapsar { [ 9421 ][ 6094 ][ 9887 ] } { [ 4762 ] } { [ 7880 ] } { [ 354 ] } { [ 1117 ] } { [ 6329 ] } { [ 7411 ] } { [ 5442 ] }
despues de colapsar { [ 9421 ][ 6094 ][ 9887 ] } { [ 4762 ] } { [ 7880 ] } { [ 354 ] } { [ 1117 ] } { [ 6329 ] } { [ 7411 ] } { [ 5442 ] }
antes   de colapsar { [ 9421 ][ 6094 ][ 9887 ] } { [ 4762 ] } { [ 7880 ] } { [ 354 ][ 2772 ] } { [ 1117 ] } { [ 6329 ] } { [ 7411 ] } { [ 5442 ] } { [ 1593 ][ 7563 ] } { [ 5230 ] } { [ 8329 ] } { [ 5294 ] } { [ 1312 ] } { [ 8126 ] } { [ 3898 ] }
despues de colapsar { [ 9421 ][ 6094 ][ 9887 ] } { [ 4762 ] } { [ 7880 ] } { [ 354 ][ 2772 ] } { [ 1117 ] } { [ 6329 ] } { [ 7411 ] } { [ 5442 ] } { [ 1593 ][ 7563 ] } { [ 5230 ] } { [ 8329 ] } { [ 5294 ] } { [ 1312 ] } { [ 8126 ] } { [ 3898 ] }
antes   de filtrar: { [ 9421 ][ 6094 ][ 9887 ] } { [ 4762 ] } { [ 7880 ] } { [ 354 ][ 2772 ] } { [ 1117 ] } { [ 6329 ] } { [ 7411 ] } { [ 5442 ] } { [ 1593 ][ 7563 ] } { [ 5230 ] } { [ 8329 ] } { [ 5294 ][ 306 ] } { [ 1312 ] } { [ 8126 ] } { [ 3898 ] }
despues de filtrar: { [ 9421 ][ 6094 ][ 9887 ] } { [ 4762 ] } { [ 354 ][ 2772 ] } { [ 1117 ] } { [ 6329 ] } { [ 7411 ] } { [ 5442 ] } { [ 1593 ][ 7563 ] } { [ 8329 ] } { [ 5294 ][ 306 ] } { [ 1312 ] } { [ 8126 ] } { [ 3898 ] }
antes   de filtrar: { [ 9421 ][ 6094 ][ 9887 ] } { [ 4762 ] } { [ 354 ][ 2772 ] } { [ 1117 ] } { [ 6329 ] } { [ 7411 ] } { [ 5442 ] } { [ 1593 ][ 7563 ] } { [ 8329 ] } { [ 5294 ][ 306 ] } { [ 1312 ] } { [ 8126 ] } { [ 3898 ] }
despues de filtrar: { [ 9421 ][ 6094 ][ 9887 ] } { [ 4762 ] } { [ 354 ][ 2772 ] } { [ 1117 ] } { [ 6329 ] } { [ 7411 ] } { [ 5442 ] } { [ 1593 ][ 7563 ] } { [ 8329 ] } { [ 5294 ][ 306 ] } { [ 1312 ] } { [ 8126 ] } { [ 3898 ] }
antes   de filtrar: { [ 9421 ][ 6094 ][ 9887 ] } { [ 4762 ] } { [ 354 ][ 2772 ] } { [ 1117 ] } { [ 6329 ] } { [ 7411 ] } { [ 5442 ] } { [ 1593 ][ 7563 ] } { [ 8329 ] } { [ 5294 ][ 306 ] } { [ 1312 ] } { [ 8126 ] } { [ 3898 ] } { [ 9776 ] }
despues de filtrar: { [ 9421 ][ 6094 ][ 9887 ] } { [ 4762 ] } { [ 354 ][ 2772 ] } { [ 1117 ] } { [ 6329 ] } { [ 7411 ] } { [ 5442 ] } { [ 1593 ][ 7563 ] } { [ 8329 ] } { [ 5294 ][ 306 ] } { [ 1312 ] } { [ 8126 ] } { [ 3898 ] } { [ 9776 ] }
antes   de filtrar: { [ 9421 ][ 6094 ][ 9887 ] } { [ 4762 ] } { [ 354 ][ 2772 ] } { [ 1117 ] } { [ 6329 ] } { [ 7411 ] } { [ 5442 ][ 9143 ] } { [ 1593 ][ 7563 ] } { [ 8329 ] } { [ 5294 ][ 306 ] } { [ 1312 ] } { [ 8126 ] } { [ 3898 ] } { [ 9776 ] } { [ 389 ] } { [ 594 ] } { [ 2209 ] }
despues de filtrar: { [ 9421 ][ 6094 ][ 9887 ] } { [ 4762 ] } { [ 354 ][ 2772 ] } { [ 1117 ] } { [ 6329 ] } { [ 7411 ] } { [ 5442 ][ 9143 ] } { [ 1593 ][ 7563 ] } { [ 8329 ] } { [ 5294 ][ 306 ] } { [ 1312 ] } { [ 8126 ] } { [ 3898 ] } { [ 9776 ] } { [ 389 ] } { [ 594 ] }
antes   de colapsar { [ 9421 ][ 6094 ][ 9887 ] } { [ 4762 ] } { [ 354 ][ 2772 ] } { [ 1117 ] } { [ 6329 ] } { [ 7411 ] } { [ 5442 ][ 9143 ] } { [ 1593 ][ 7563 ][ 4313 ] } { [ 8329 ] } { [ 5294 ][ 306 ] } { [ 1312 ] } { [ 8126 ] } { [ 3898 ][ 1639 ] } { [ 9776 ] } { [ 389 ] } { [ 594 ][ 6835 ] } { [ 8085 ] } { [ 6312 ] }
despues de colapsar { [ 9421 ][ 6094 ][ 9887 ] } { [ 4762 ] } { [ 354 ][ 2772 ] } { [ 1117 ] } { [ 6329 ] } { [ 7411 ] } { [ 5442 ][ 9143 ] } { [ 1593 ][ 7563 ][ 4313 ] } { [ 8329 ] } { [ 5294 ][ 306 ] } { [ 1312 ] } { [ 8126 ] } { [ 3898 ][ 1639 ] } { [ 9776 ] } { [ 389 ] } { [ 594 ][ 6835 ] } { [ 8085 ] } { [ 6312 ] }
antes   de colapsar { [ 9421 ][ 6094 ][ 9887 ] } { [ 4762 ] } { [ 354 ][ 2772 ] } { [ 1117 ] } { [ 6329 ][ 1909 ] } { [ 7411 ] } { [ 5442 ][ 9143 ] } { [ 1593 ][ 7563 ][ 4313 ] } { [ 8329 ][ 4481 ] } { [ 5294 ][ 306 ] } { [ 1312 ] } { [ 8126 ] } { [ 3898 ][ 1639 ] } { [ 9776 ] } { [ 389 ] } { [ 594 ][ 6835 ] } { [ 8085 ] } { [ 6312 ] } { [ 9833 ] } { [ 2060 ] } { [ 9996 ] }
despues de colapsar { [ 9421 ][ 6094 ][ 9887 ] } { [ 4762 ] } { [ 354 ][ 2772 ] } { [ 1117 ] } { [ 6329 ][ 1909 ] } { [ 7411 ] } { [ 5442 ][ 9143 ] } { [ 1593 ][ 7563 ][ 4313 ] } { [ 8329 ][ 4481 ] } { [ 5294 ][ 306 ] } { [ 1312 ] } { [ 8126 ] } { [ 3898 ][ 1639 ] } { [ 9776 ] } { [ 389 ] } { [ 594 ][ 6835 ] } { [ 8085 ] } { [ 6312 ] } { [ 9833 ] } { [ 2060 ] } { [ 9996 ] }
antes   de colapsar { [ 9421 ][ 6094 ][ 9887 ] } { [ 4762 ] } { [ 354 ][ 2772 ] } { [ 1117 ] } { [ 6329 ][ 1909 ] } { [ 7411 ] } { [ 5442 ][ 9143 ][ 2579 ] } { [ 1593 ][ 7563 ][ 4313 ] } { [ 8329 ][ 4481 ] } { [ 5294 ][ 306 ] } { [ 1312 ][ 7661 ] } { [ 8126 ] } { [ 3898 ][ 1639 ] } { [ 9776 ] } { [ 389 ] } { [ 594 ][ 6835 ] } { [ 8085 ] } { [ 6312 ] } { [ 9833 ] } { [ 2060 ] } { [ 9996 ] } { [ 7451 ] }
despues de colapsar { [ 9421 ][ 6094 ][ 9887 ] } { [ 4762 ] } { [ 354 ][ 2772 ] } { [ 1117 ] } { [ 6329 ][ 1909 ] } { [ 7411 ] } { [ 5442 ][ 9143 ][ 2579 ] } { [ 1593 ][ 7563 ][ 4313 ] } { [ 8329 ][ 4481 ] } { [ 5294 ][ 306 ] } { [ 1312 ][ 7661 ] } { [ 8126 ] } { [ 3898 ][ 1639 ] } { [ 9776 ] } { [ 389 ] } { [ 594 ][ 6835 ] } { [ 8085 ] } { [ 6312 ] } { [ 9833 ] } { [ 2060 ] } { [ 9996 ] } { [ 7451 ] }
antes   de colapsar { [ eh ] } { [ 9vimidh ] } { [ 5pie ] } { [ kbp6 ] } { [ qmh ][ jqj ] }
despues de colapsar { [ eh ] } { [ 9vimidh ] } { [ 5pie ] } { [ kbp6 ] } { [ qmh ][ jqj ] }
antes   de colapsar { [ eh ] } { [ 9vimidh ] } { [ 5pie ] } { [ kbp6 ] } { [ qmh ][ jqj ][ b2r ] } { [ kdnftxs9u ] }
despues de colapsar { [ eh ] } { [ 9vimidh ] } { [ 5pie ] } { [ kbp6 ] } { [ qmh ][ jqj ][ b2r ] } { [ kdnftxs9u ] }
antes   de filtrar: { [ eh ] } { [ 9vimidh ] } { [ 5pie ] } { [ kbp6 ] } { [ qmh ][ jqj ][ b2r ] } { [ kdnftxs9u ] } { [ 2yh82u1v ] }
despues de filtrar: { [ eh ] } { [ qmh ][ jqj ][ b2r ] }
antes   de filtrar: { [ eh ] } { [ qmh ][ jqj ][ b2r ] } { [ ef9hdq3o6f ][ bg86 ] } { [ o4p5ny4 ][ q0q4has1 ] } { [ bq4s ] }
despues de filtrar: { [ eh ] } { [ qmh ][ jqj ][ b2r ] }
antes   de filtrar: { [ eh ][ gc36 ] } { [ qmh ][ jqj ][ b2r ][ ii ] } { [ un ][ lvpd2sfuig ] } { [ f5f ] } { [ vp40c ][ uxtdu ] } { [ m6 ] } { [ uekvlv5u ] }
despues de filtrar: { [ eh ][ gc36 ] } { [ qmh ][ jqj ][ b2r ][ ii ] } { [ un ][ lvpd2sfuig ] }
antes   de filtrar: { [ eh ][ gc36 ] } { [ qmh ][ jqj ][ b2r ][ ii ][ j6 ] } { [ un ][ lvpd2sfuig ] }
despues de filtrar: { [ eh ][ gc36 ] } { [ qmh ][ jqj ][ b2r ][ ii ][ j6 ] } { [ un ][ lvpd2sfuig ] }
antes   de filtrar: { [ eh ][ gc36 ] } { [ qmh ][ jqj ][ b2r ][ ii ][ j6 ] } { [ un ][ lvpd2sfuig ][ 1526c829v ] } { [ jxxsc8 ] }
despues de filtrar: { [ eh ][ gc36 ] } { [ qmh ][ jqj ][ b2r ][ ii ][ j6 ] } { [ un ][ lvpd2sfuig ][ 1526c829v ] }
antes   de colapsar { [ eh ][ gc36 ] } { [ qmh ][ jqj ][ b2r ][ ii ][ j6 ][ 7p45x6c7f ][ li4cq ] } { [ un ][ lvpd2sfuig ][ 1526c829v ][ eh32ilhg ] } { [ 5 ] } { [ 3a4mo2o ] } { [ 43n7nrs445 ] } { [ mcrtvve ] } { [ 8ybnpnr0 ] } { [ y726 ] } { [ 0b6p5va24 ] } { [ i ] } { [ d ] } { [ 11kbipadj ] }
despues de colapsar { [ eh ][ gc36 ] } { [ qmh ][ jqj ][ b2r ][ ii ][ j6 ][ 7p45x6c7f ][ li4cq ] } { [ un ][ lvpd2sfuig ][ 1526c829v ][ eh32ilhg ] } { [ 5 ] } { [ 3a4mo2o ] } { [ 43n7nrs445 ] } { [ mcrtvve ] } { [ 8ybnpnr0 ] } { [ y726 ] } { [ 0b6p5va24 ] } { [ i ] } { [ d ] } { [ 11kbipadj ] }
antes   de colapsar { [ eh ][ gc36 ] } { [ qmh ][ jqj ][ b2r ][ ii ][ j6 ][ 7p45x6c7f ][ li4cq ] } { [ un ][ lvpd2sfuig ][ 1526c829v ][ eh32ilhg ] } { [ 5 ] } { [ 3a4mo2o ] } { [ 43n7nrs445 ] } { [ mcrtvve ] } { [ 8ybnpnr0 ] } { [ y726 ] } { [ 0b6p5va24 ] } { [ i ] } { [ d ] } { [ 11kbipadj ] }
despues de colapsar { [ eh ][ gc36 ] } { [ qmh ][ jqj ][ b2r ][ ii ][ j6 ][ 7p45x6c7f ][ li4cq ] } { [ un ][ lvpd2sfuig ][ 1526c829v ][ eh32ilhg ] } { [ 5 ] } { [ 3a4mo2o ] } { [ 43n7nrs445 ] } { [ mcrtvve ] } { [ 8ybnpnr0 ] } { [ y726 ] } { [ 0b6p5va24 ] } { [ i ] } { [ d ] } { [ 11kbipadj ] }
antes   de colapsar { [ eh ][ gc36 ] } { [ qmh ][ jqj ][ b2r ][ ii ][ j6 ][ 7p45x6c7f ][ li4cq ] } { [ un ][ lvpd2sfuig ][ 1526c829v ][ eh32ilhg ] } { [ 5 ] } { [ 3a4mo2o ] } { [ 43n7nrs445 ] } { [ mcrtvve ] } { [ 8ybnpnr0 ] } { [ y726 ] } { [ 0b6p5va24 ] } { [ i ] } { [ d ] } { [ 11kbipadj ] } { [ pal2yc ] } { [ k7gf16d0 ] } { [ q5d ] }
despues de colapsar { [ eh ][ gc36 ] } { [ qmh ][ jqj ][ b2r ][ ii ][ j6 ][ 7p45x6c7f ][ li4cq ] } { [ un ][ lvpd2sfuig ][ 1526c829v ][ eh32ilhg ] } { [ 5 ] } { [ 3a4mo2o ] } { [ 43n7nrs445 ] } { [ mcrtvve ] } { [ 8ybnpnr0 ] } { [ y726 ] } { [ 0b6p5va24 ] } { [ i ] } { [ d ] } { [ 11kbipadj ] } { [ pal2yc ] } { [ k7gf16d0 ] } { [ q5d ] }
antes   de filtrar: { [ 59.097431 ][ 20.209193 ] } { [ -5.940653 ][ -14.101290 ] } { [ 19.042725 ] } { [ 18.886609 ][ 39.165332 ][ -7.634136 ] } { [ 67.297313 ] } { [ 62.218485 ] } { [ 46.318976 ] } { [ -21.731960 ] }
despues de filtrar: { [ 59.097431 ][ 20.209193 ] } { [ -5.940653 ][ -14.101290 ] } { [ 19.042725 ] } { [ 67.297313 ] } { [ 62.218485 ] } { [ 46.318976 ] } { [ -21.731960 ] }
antes   de colapsar { [ 59.097431 ][ 20.209193 ] } { [ -5.940653 ][ -14.101290 ] } { [ 19.042725 ] } { [ 67.297313 ] } { [ 62.218485 ] } { [ 46.318976 ] } { [ -21.731960 ] }
despues de colapsar { [ 59.097431 ][ 20.209193 ] } { [ -5.940653 ][ -14.101290 ] } { [ 19.042725 ] } { [ 67.297313 ] } { [ 62.218485 ] } { [ 46.318976 ] } { [ -21.731960 ] }
antes   de colapsar { [ 59.097431 ][ 20.209193 ] } { [ -5.940653 ][ -14.101290 ] } { [ 19.042725 ] } { [ 67.297313 ] } { [ 62.218485 ] } { [ 46.318976 ] } { [ -21.731960 ] } { [ 59.711636 ] }
despues de colapsar { [ 59.097431 ][ 20.209193 ] } { [ -5.940653 ][ -14.101290 ] } { [ 19.042725 ] } { [ 67.297313 ] } { [ 62.218485 ] } { [ 46.318976 ] } { [ -21.731960 ] } { [ 59.711636 ] }
antes   de colapsar { [ 59.097431 ][ 20.209193 ][ 64.137529 ][ 24.496308 ] } { [ -5.940653 ][ -14.101290 ] } { [ 19.042725 ] } { [ 67.297313 ] } { [ 62.218485 ] } { [ 46.318976 ] } { [ -21.731960 ] } { [ 59.711636 ] } { [ 74.032299 ] } { [ 23.525938 ] } { [ 24.117991 ] } { [ 31.675735 ] } { [ 28.728983 ] } { [ -19.084125 ] } { [ 17.022256 ] }
despues de colapsar { [ 59.097431 ][ 20.209193 ][ 64.137529 ][ 24.496308 ] } { [ -5.940653 ][ -14.101290 ] } { [ 19.042725 ] } { [ 67.297313 ] } { [ 62.218485 ] } { [ 46.318976 ] } { [ -21.731960 ] } { [ 59.711636 ] } { [ 74.032299 ] } { [ 23.525938 ] } { [ 24.117991 ] } { [ 31.675735 ] } { [ 28.728983 ] } { [ -19.084125 ] } { [ 17.022256 ] }
antes   de filtrar: { [ 59.097431 ][ 20.209193 ][ 64.137529 ][ 24.496308 ] } { [ -5.940653 ][ -14.101290 ] } { [ 19.042725 ] } { [ 67.297313 ] } { [ 62.218485 ] } { [ 46.318976 ] } { [ -21.731960 ] } { [ 59.711636 ] } { [ 74.032299 ] } { [ 23.525938 ] } { [ 24.117991 ] } { [ 31.675735 ] } { [ 28.728983 ] } { [ -19.084125 ] } { [ 17.022256 ] } { [ 63.497110 ] }
despues de filtrar: { [ 59.097431 ][ 20.209193 ][ 64.137529 ][ 24.496308 ] } { [ -5.940653 ][ -14.101290 ] } { [ 19.042725 ] } { [ 67.297313 ] } { [ 62.218485 ] } { [ 46.318976 ] } { [ -21.731960 ] } { [ 74.032299 ] } { [ 24.117991 ] } { [ -19.084125 ] } { [ 17.022256 ] } { [ 63.497110 ] }
antes   de colapsar { [ 59.097431 ][ 20.209193 ][ 64.137529 ][ 24.496308 ] } { [ -5.940653 ][ -14.101290 ] } { [ 19.042725 ] } { [ 67.297313 ] } { [ 62.218485 ] } { [ 46.318976 ] } { [ -21.731960 ] } { [ 74.032299 ] } { [ 24.117991 ] } { [ -19.084125 ] } { [ 17.022256 ] } { [ 63.497110 ] } { [ 31.279561 ] } { [ 50.019531 ] }
despues de colapsar { [ 59.097431 ][ 20.209193 ][ 64.137529 ][ 24.496308 ] } { [ -5.940653 ][ -14.101290 ] } { [ 19.042725 ] } { [ 67.297313 ] } { [ 62.218485 ] } { [ 46.318976 ] } { [ -21.731960 ] } { [ 74.032299 ] } { [ 24.117991 ] } { [ -19.084125 ] } { [ 17.022256 ] } { [ 63.497110 ] } { [ 31.279561 ] } { [ 50.019531 ] }
antes   de filtrar: { [ 59.097431 ][ 20.209193 ][ 64.137529 ][ 24.496308 ] } { [ -5.940653 ][ -14.101290 ] } { [ 19.042725 ] } { [ 67.297313 ] } { [ 62.218485 ] } { [ 46.318976 ] } { [ -21.731960 ] } { [ 74.032299 ] } { [ 24.117991 ] } { [ -19.084125 ] } { [ 17.022256 ] } { [ 63.497110 ] } { [ 31.279561 ] } { [ 50.019531 ] } { [ 24.088188 ] } { [ 53.902918 ] } { [ 64.451613 ] }
despues de filtrar: { [ 59.097431 ][ 20.209193 ][ 64.137529 ][ 24.496308 ] } { [ -5.940653 ][ -14.101290 ] } { [ 19.042725 ] } { [ 67.297313 ] } { [ 62.218485 ] } { [ 46.318976 ] } { [ -21.731960 ] } { [ 74.032299 ] } { [ 24.117991 ] } { [ -19.084125 ] } { [ 17.022256 ] } { [ 63.497110 ] } { [ 31.279561 ] } { [ 50.019531 ] } { [ 24.088188 ] } { [ 64.451613 ] }
antes   de filtrar: { [ 59.097431 ][ 20.209193 ][ 64.137529 ][ 24.496308 ] } { [ -5.940653 ][ -14.101290 ] } { [ 19.042725 ] } { [ 67.297313 ] } { [ 62.218485 ] } { [ 46.318976 ] } { [ -21.731960 ] } { [ 74.032299 ] } { [ 24.117991 ] } { [ -19.084125 ] } { [ 17.022256 ] } { [ 63.497110 ] } { [ 31.279561 ] } { [ 50.019531 ] } { [ 24.088188 ] } { [ 64.451613 ] }
despues de filtrar: { [ 59.097431 ][ 20.209193 ][ 64.137529 ][ 24.496308 ] } { [ -5.940653 ][ -14.101290 ] } { [ 19.042725 ] } { [ 67.297313 ] } { [ 62.218485 ] } { [ 46.318976 ] } { [ -21.731960 ] } { [ 74.032299 ] } { [ 24.117991 ] } { [ -19.084125 ] } { [ 17.022256 ] } { [ 63.497110 ] } { [ 31.279561 ] } { [ 50.019531 ] } { [ 24.088188 ] } { [ 64.451613 ] }
antes   de colapsar { [ 59.097431 ][ 20.209193 ][ 64.137529 ][ 24.496308 ] } { [ -5.940653 ][ -14.101290 ] } { [ 19.042725 ] } { [ 67.297313 ] } { [ 62.218485 ] } { [ 46.318976 ] } { [ -21.731960 ] } { [ 74.032299 ] } { [ 24.117991 ] } { [ -19.084125 ] } { [ 17.022256 ] } { [ 63.497110 ] } { [ 31.279561 ] } { [ 50.019531 ] } { [ 24.088188 ] } { [ 64.451613 ] }
despues de colapsar { [ 59.097431 ][ 20.209193 ][ 64.137529 ][ 24.496308 ] } { [ -5.940653 ][ -14.101290 ] } { [ 19.042725 ] } { [ 67.297313 ] } { [ 62.218485 ] } { [ 46.318976 ] } { [ -21.731960 ] } { [ 74.032299 ] } { [ 24.117991 ] } { [ -19.084125 ] } { [ 17.022256 ] } { [ 63.497110 ] } { [ 31.279561 ] } { [ 50.019531 ] } { [ 24.088188 ] } { [ 64.451613 ] }
antes   de filtrar: { [ 59.097431 ][ 20.209193 ][ 64.137529 ][ 24.496308 ][ 28.765472 ] } { [ -5.940653 ][ -14.101290 ] } { [ 19.042725 ] } { [ 67.297313 ] } { [ 62.218485 ] } { [ 46.318976 ] } { [ -21.731960 ] } { [ 74.032299 ] } { [ 24.117991 ] } { [ -19.084125 ] } { [ 17.022256 ] } { [ 63.497110 ] } { [ 31.279561 ] } { [ 50.019531 ] } { [ 24.088188 ] } { [ 64.451613 ] } { [ 27.030607 ] } { [ 30.889446 ][ -14.255558 ][ -12.531678 ] } { [ 60.847543 ] } { [ 2.302817 ][ 38.058555 ] } { [ 41.663159 ] } { [ -5.305564 ] } { [ 11.249234 ][ 72.444993 ] } { [ 12.580515 ] } { [ 40.358364 ] }
despues de filtrar: { [ 59.097431 ][ 20.209193 ][ 64.137529 ][ 24.496308 ][ 28.765472 ] } { [ -5.940653 ][ -14.101290 ] } { [ 19.042725 ] } { [ 67.297313 ] } { [ 62.218485 ] } { [ 46.318976 ] } { [ -21.731960 ] } { [ 74.032299 ] } { [ 24.117991 ] } { [ -19.084125 ] } { [ 17.022256 ] } { [ 63.497110 ] } { [ 31.279561 ] } { [ 50.019531 ] } { [ 24.088188 ] } { [ 64.451613 ] } { [ 27.030607 ] } { [ 2.302817 ][ 38.058555 ] } { [ -5.305564 ] } { [ 11.249234 ][ 72.444993 ] } { [ 40.358364 ] }
