antes   de filtrar: { [ 5s ] } { [ 1jod ][ 8 ] } { [ yln813 ] } { [ di7w6t8r ] }
despues de filtrar: <vacia>
antes   de colapsar { [ b9nl0std ][ 37yx ][ wisk ][ tcs3ds ] }
despues de colapsar { [ btwc3si39d ] }
antes   de colapsar { [ btwc3si39d ][ g ] } { [ 60i3menk ][ fbh1hnx1 ] } { [ 2bw7 ][ j4g6tx ] } { [ k16n ] } { [ vn2lkl8ntm ] } { [ tmc7 ] } { [ o ] } { [ r3 ] }
despues de colapsar { [ bgtwc3si39 ] } { [ 6f0bih31mh ] } { [ 2jb4wg76tx ] } { [ k16n ] } { [ vn2lkl8ntm ] } { [ tmc7 ] } { [ o ] } { [ r3 ] }
antes   de filtrar: { [ bgtwc3si39 ] } { [ 6f0bih31mh ] } { [ 2jb4wg76tx ] } { [ k16n ] } { [ vn2lkl8ntm ] } { [ tmc7 ] } { [ o ] } { [ r3 ] } { [ fc4n ] } { [ 5 ] } { [ k6 ] } { [ syb7vq93c ] } { [ 7hvfb ] } { [ brf98fe ] }
despues de filtrar: { [ o ] }
antes   de filtrar: { [ o ] } { [ bnk8u ] } { [ or4wm ] } { [ jghwamvkr ] } { [ 2x ] }
despues de filtrar: { [ o ] } { [ jghwamvkr ] }
antes   de filtrar: { [ o ] } { [ jghwamvkr ][ 751hm3 ][ dxj ] } { [ x8x7n8g ] } { [ o1qf21fyep ] }
despues de filtrar: { [ o ] } { [ jghwamvkr ][ 751hm3 ][ dxj ] }
antes   de colapsar { [ o ][ 86wck1t2sk ][ 02fxs23a ] } { [ jghwamvkr ][ 751hm3 ][ dxj ] } { [ y85v11 ] } { [ nw3r4rknx ] } { [ oc360l ] }
despues de colapsar { [ o ][ 86wck1t2sk ][ 02fxs23a ] } { [ jghwamvkr ][ 751hm3 ][ dxj ] } { [ y85v11 ] } { [ nw3r4rknx ] } { [ oc360l ] }
antes   de filtrar: { [ o ][ 86wck1t2sk ][ 02fxs23a ] } { [ jghwamvkr ][ 751hm3 ][ dxj ] } { [ y85v11 ] } { [ nw3r4rknx ] } { [ oc360l ] } { [ 89eg8h ] }
despues de filtrar: { [ o ][ 86wck1t2sk ][ 02fxs23a ] } { [ jghwamvkr ][ 751hm3 ][ dxj ] }
antes   de colapsar { [ o ][ 86wck1t2sk ][ 02fxs23a ] } { [ jghwamvkr ][ 751hm3 ][ dxj ][ 6 ] } { [ t41eh ] } { [ 5irn ][ pml ] } { [ tml48l7 ][ avak7jc ] }
despues de colapsar { [ o ][ 86wck1t2sk ][ 02fxs23a ] } { [ jghwamvkr ][ 751hm3 ][ dxj ][ 6 ] } { [ t41eh ] } { [ 5pimrln ] } { [ tamvla4k87 ] }
antes   de colapsar { [ o ][ 86wck1t2sk ][ 02fxs23a ] } { [ jghwamvkr ][ 751hm3 ][ dxj ][ 6 ] } { [ t41eh ] } { [ 5pimrln ] } { [ tamvla4k87 ] } { [ p1bsboh8 ] } { [ b1o1giqbw ] }
despues de colapsar { [ o ][ 86wck1t2sk ][ 02fxs23a ] } { [ jghwamvkr ][ 751hm3 ][ dxj ][ 6 ] } { [ t41eh ] } { [ 5pimrln ] } { [ tamvla4k87 ] } { [ p1bsboh8 ] } { [ b1o1giqbw ] }
antes   de filtrar: <vacia>
despues de filtrar: <vacia>
antes   de filtrar: <vacia>
despues de filtrar: <vacia>
antes   de filtrar: { [ 55.377124 ] } { [ 54.174291 ] }
despues de filtrar: { [ 55.377124 ] } { [ 54.174291 ] }
antes   de filtrar: { [ 55.377124 ][ -12.727619 ] } { [ 54.174291 ] } { [ 10.136881 ][ 2.974629 ][ 40.986426 ] } { [ 9.657465 ] } { [ 32.048246 ] }
despues de filtrar: { [ 55.377124 ][ -12.727619 ] } { [ 54.174291 ] } { [ 10.136881 ][ 2.974629 ][ 40.986426 ] } { [ 32.048246 ] }
antes   de colapsar { [ 55.377124 ][ -12.727619 ] } { [ 54.174291 ] } { [ 10.136881 ][ 2.974629 ][ 40.986426 ] } { [ 32.048246 ] } { [ 39.851489 ] }
despues de colapsar { [ 55.377124 ][ -12.727619 ] } { [ 54.174291 ] } { [ 10.136881 ][ 2.974629 ][ 40.986426 ] } { [ 32.048246 ] } { [ 39.851489 ] }
antes   de filtrar: { [ 55.377124 ][ -12.727619 ] } { [ 54.174291 ][ 57.883396 ] } { [ 10.136881 ][ 2.974629 ][ 40.986426 ] } { [ 32.048246 ] } { [ 39.851489 ][ 10.526650 ] } { [ 50.008092 ][ 57.385596 ] } { [ -2.021810 ] } { [ 10.427616 ] } { [ 16.998081 ] } { [ 9.747594 ] } { [ 36.432835 ] } { [ 63.649914 ] }
despues de filtrar: { [ 55.377124 ][ -12.727619 ] } { [ 54.174291 ][ 57.883396 ] } { [ 10.136881 ][ 2.974629 ][ 40.986426 ] } { [ 32.048246 ] } { [ 50.008092 ][ 57.385596 ] } { [ -2.021810 ] } { [ 10.427616 ] } { [ 36.432835 ] }
antes   de colapsar { [ 55.377124 ][ -12.727619 ] } { [ 54.174291 ][ 57.883396 ] } { [ 10.136881 ][ 2.974629 ][ 40.986426 ] } { [ 32.048246 ] } { [ 50.008092 ][ 57.385596 ] } { [ -2.021810 ] } { [ 10.427616 ] } { [ 36.432835 ] } { [ 27.554515 ] } { [ 25.438532 ] } { [ 39.044753 ] } { [ 23.404169 ] }
despues de colapsar { [ 55.377124 ][ -12.727619 ] } { [ 54.174291 ][ 57.883396 ] } { [ 10.136881 ][ 2.974629 ][ 40.986426 ] } { [ 32.048246 ] } { [ 50.008092 ][ 57.385596 ] } { [ -2.021810 ] } { [ 10.427616 ] } { [ 36.432835 ] } { [ 27.554515 ] } { [ 25.438532 ] } { [ 39.044753 ] } { [ 23.404169 ] }
antes   de colapsar { [ 55.377124 ][ -12.727619 ] } { [ 54.174291 ][ 57.883396 ] } { [ 10.136881 ][ 2.974629 ][ 40.986426 ][ 66.251273 ] } { [ 32.048246 ] } { [ 50.008092 ][ 57.385596 ] } { [ -2.021810 ] } { [ 10.427616 ] } { [ 36.432835 ] } { [ 27.554515 ] } { [ 25.438532 ] } { [ 39.044753 ] } { [ 23.404169 ] } { [ 68.033358 ] } { [ 57.771028 ] } { [ 28.352571 ] } { [ 72.264326 ] } { [ -7.777149 ] } { [ 5.400078 ] } { [ 43.047262 ] }
despues de colapsar { [ 55.377124 ][ -12.727619 ] } { [ 54.174291 ][ 57.883396 ] } { [ 10.136881 ][ 2.974629 ][ 40.986426 ][ 66.251273 ] } { [ 32.048246 ] } { [ 50.008092 ][ 57.385596 ] } { [ -2.021810 ] } { [ 10.427616 ] } { [ 36.432835 ] } { [ 27.554515 ] } { [ 25.438532 ] } { [ 39.044753 ] } { [ 23.404169 ] } { [ 68.033358 ] } { [ 57.771028 ] } { [ 28.352571 ] } { [ 72.264326 ] } { [ -7.777149 ] } { [ 5.400078 ] } { [ 43.047262 ] }
antes   de colapsar { [ 55.377124 ][ -12.727619 ] } { [ 54.174291 ][ 57.883396 ] } { [ 10.136881 ][ 2.974629 ][ 40.986426 ][ 66.251273 ] } { [ 32.048246 ][ -5.287566 ][ 56.882895 ] } { [ 50.008092 ][ 57.385596 ] } { [ -2.021810 ] } { [ 10.427616 ] } { [ 36.432835 ] } { [ 27.554515 ] } { [ 25.438532 ] } { [ 39.044753 ] } { [ 23.404169 ] } { [ 68.033358 ] } { [ 57.771028 ] } { [ 28.352571 ] } { [ 72.264326 ] } { [ -7.777149 ] } { [ 5.400078 ][ -4.388667 ] } { [ 43.047262 ] } { [ -19.640295 ] } { [ 38.277869 ] } { [ 41.226494 ] } { [ 23.773835 ] }
despues de colapsar { [ 55.377124 ][ -12.727619 ] } { [ 54.174291 ][ 57.883396 ] } { [ 10.136881 ][ 2.974629 ][ 40.986426 ][ 66.251273 ] } { [ 32.048246 ][ -5.287566 ][ 56.882895 ] } { [ 50.008092 ][ 57.385596 ] } { [ -2.021810 ] } { [ 10.427616 ] } { [ 36.432835 ] } { [ 27.554515 ] } { [ 25.438532 ] } { [ 39.044753 ] } { [ 23.404169 ] } { [ 68.033358 ] } { [ 57.771028 ] } { [ 28.352571 ] } { [ 72.264326 ] } { [ -7.777149 ] } { [ 5.400078 ][ -4.388667 ] } { [ 43.047262 ] } { [ -19.640295 ] } { [ 38.277869 ] } { [ 41.226494 ] } { [ 23.773835 ] }
antes   de colapsar { [ 55.377124 ][ -12.727619 ] } { [ 54.174291 ][ 57.883396 ] } { [ 10.136881 ][ 2.974629 ][ 40.986426 ][ 66.251273 ] } { [ 32.048246 ][ -5.287566 ][ 56.882895 ] } { [ 50.008092 ][ 57.385596 ] } { [ -2.021810 ] } { [ 10.427616 ] } { [ 36.432835 ] } { [ 27.554515 ] } { [ 25.438532 ] } { [ 39.044753 ] } { [ 23.404169 ] } { [ 68.033358 ] } { [ 57.771028 ] } { [ 28.352571 ] } { [ 72.264326 ] } { [ -7.777149 ] } { [ 5.400078 ][ -4.388667 ] } { [ 43.047262 ] } { [ -19.640295 ] } { [ 38.277869 ] } { [ 41.226494 ] } { [ 23.773835 ] }
despues de colapsar { [ 55.377124 ][ -12.727619 ] } { [ 54.174291 ][ 57.883396 ] } { [ 10.136881 ][ 2.974629 ][ 40.986426 ][ 66.251273 ] } { [ 32.048246 ][ -5.287566 ][ 56.882895 ] } { [ 50.008092 ][ 57.385596 ] } { [ -2.021810 ] } { [ 10.427616 ] } { [ 36.432835 ] } { [ 27.554515 ] } { [ 25.438532 ] } { [ 39.044753 ] } { [ 23.404169 ] } { [ 68.033358 ] } { [ 57.771028 ] } { [ 28.352571 ] } { [ 72.264326 ] } { [ -7.777149 ] } { [ 5.400078 ][ -4.388667 ] } { [ 43.047262 ] } { [ -19.640295 ] } { [ 38.277869 ] } { [ 41.226494 ] } { [ 23.773835 ] }
antes   de colapsar { [ 83btx4uqn4 ] } { [ qknkub ] }
despues de colapsar { [ 83btx4uqn4 ] } { [ qknkub ] }
antes   de colapsar { [ 83btx4uqn4 ][ ma ] } { [ qknkub ][ d77n ][ b3absvq ] } { [ sf ][ 2a ] } { [ t6nv9y ] } { [ pcbld4 ] }
despues de colapsar { [ 8m3abtx4uq ] } { [ qknkub ][ d77n ][ b3absvq ] } { [ sf ][ 2a ] } { [ t6nv9y ] } { [ pcbld4 ] }
antes   de filtrar: { [ 8m3abtx4uq ] } { [ qknkub ][ d77n ][ b3absvq ][ tk4ydmb9i ] } { [ sf ][ 2a ] } { [ t6nv9y ][ d78qqgsp ] } { [ pcbld4 ] } { [ ckh4fee ] } { [ gjve4bg ] } { [ f30q8kr ] } { [ bj90 ] }
despues de filtrar: { [ qknkub ][ d77n ][ b3absvq ][ tk4ydmb9i ] } { [ sf ][ 2a ] }
antes   de filtrar: { [ qknkub ][ d77n ][ b3absvq ][ tk4ydmb9i ][ qxxahd ] } { [ sf ][ 2a ] } { [ 0 ] } { [ dyu6at8xu8 ] } { [ 2fj8 ] }
despues de filtrar: { [ qknkub ][ d77n ][ b3absvq ][ tk4ydmb9i ][ qxxahd ] } { [ sf ][ 2a ] }
antes   de filtrar: { [ qknkub ][ d77n ][ b3absvq ][ tk4ydmb9i ][ qxxahd ] } { [ sf ][ 2a ] } { [ cjh4xl14 ][ cshig5lm18 ] } { [ 3ivos0rd2 ] } { [ v4o19ft ] } { [ cnqpa1mm ] }
despues de filtrar: { [ qknkub ][ d77n ][ b3absvq ][ tk4ydmb9i ][ qxxahd ] } { [ sf ][ 2a ] }
antes   de colapsar { [ qknkub ][ d77n ][ b3absvq ][ tk4ydmb9i ][ qxxahd ] } { [ sf ][ 2a ] }
despues de colapsar { [ qknkub ][ d77n ][ b3absvq ][ tk4ydmb9i ][ qxxahd ] } { [ sf ][ 2a ] }
antes   de colapsar { [ qknkub ][ d77n ][ b3absvq ][ tk4ydmb9i ][ qxxahd ][ od ] } { [ sf ][ 2a ][ 862d21 ] } { [ q8u0i ] } { [ 66l ] } { [ 32ec ] } { [ p3l ] } { [ efmor6 ] } { [ vo3stc1 ] } { [ 6wkkr772vy ] }
despues de colapsar { [ qknkub ][ d77n ][ b3absvq ][ tk4ydmb9i ][ qxxahd ][ od ] } { [ sf ][ 2a ][ 862d21 ] } { [ q8u0i ] } { [ 66l ] } { [ 32ec ] } { [ p3l ] } { [ efmor6 ] } { [ vo3stc1 ] } { [ 6wkkr772vy ] }
antes   de filtrar: { [ qknkub ][ d77n ][ b3absvq ][ tk4ydmb9i ][ qxxahd ][ od ] } { [ sf ][ 2a ][ 862d21 ] } { [ q8u0i ] } { [ 66l ] } { [ 32ec ][ dicv ] } { [ p3l ] } { [ efmor6 ] } { [ vo3stc1 ] } { [ 6wkkr772vy ] } { [ p ] } { [ ur0sg ] } { [ 2 ] }
despues de filtrar: { [ qknkub ][ d77n ][ b3absvq ][ tk4ydmb9i ][ qxxahd ][ od ] } { [ sf ][ 2a ][ 862d21 ] } { [ p ] }
antes   de filtrar: { [ qknkub ][ d77n ][ b3absvq ][ tk4ydmb9i ][ qxxahd ][ od ] } { [ sf ][ 2a ][ 862d21 ] } { [ p ] } { [ jcysoar ] } { [ 4c3tr ] } { [ jl33f7 ] }
despues de filtrar: { [ qknkub ][ d77n ][ b3absvq ][ tk4ydmb9i ][ qxxahd ][ od ] } { [ sf ][ 2a ][ 862d21 ] } { [ p ] } { [ jcysoar ] }
antes   de colapsar { [ qknkub ][ d77n ][ b3absvq ][ tk4ydmb9i ][ qxxahd ][ od ] } { [ sf ][ 2a ][ 862d21 ] } { [ p ] } { [ jcysoar ] } { [ v6w ] } { [ skd8wu13 ] } { [ cqk ][ guk8qdmxu4 ] } { [ md ] }
despues de colapsar { [ qknkub ][ d77n ][ b3absvq ][ tk4ydmb9i ][ qxxahd ][ od ] } { [ sf ][ 2a ][ 862d21 ] } { [ p ] } { [ jcysoar ] } { [ v6w ] } { [ skd8wu13 ] } { [ cqk ][ guk8qdmxu4 ] } { [ md ] }
antes   de filtrar: { [ -3.049329 ][ 43.662583 ] } { [ 20.013203 ] } { [ -14.679325 ][ -17.215649 ] } { [ -15.563517 ] }
despues de filtrar: { [ -3.049329 ][ 43.662583 ] } { [ 20.013203 ] } { [ -14.679325 ][ -17.215649 ] } { [ -15.563517 ] }
antes   de filtrar: { [ -3.049329 ][ 43.662583 ] } { [ 20.013203 ][ -22.840718 ] } { [ -14.679325 ][ -17.215649 ] } { [ -15.563517 ] } { [ 54.457948 ][ 1.387954 ] } { [ -18.417384 ] } { [ 6.589287 ] } { [ 24.204389 ] } { [ 10.810255 ] } { [ -4.961652 ] } { [ 5.515591 ][ 53.907703 ] } { [ 70.112137 ] } { [ -11.761451 ] } { [ 39.077605 ] } { [ -21.762307 ] } { [ 72.048225 ] }
despues de filtrar: { [ -3.049329 ][ 43.662583 ] } { [ 20.013203 ][ -22.840718 ] } { [ -14.679325 ][ -17.215649 ] } { [ -15.563517 ] } { [ 54.457948 ][ 1.387954 ] } { [ -18.417384 ] } { [ 24.204389 ] } { [ -4.961652 ] } { [ 70.112137 ] } { [ -11.761451 ] } { [ 39.077605 ] } { [ -21.762307 ] } { [ 72.048225 ] }
antes   de filtrar: { [ -3.049329 ][ 43.662583 ] } { [ 20.013203 ][ -22.840718 ] } { [ -14.679325 ][ -17.215649 ] } { [ -15.563517 ] } { [ 54.457948 ][ 1.387954 ] } { [ -18.417384 ] } { [ 24.204389 ] } { [ -4.961652 ] } { [ 70.112137 ] } { [ -11.761451 ] } { [ 39.077605 ] } { [ -21.762307 ] } { [ 72.048225 ] }
despues de filtrar: { [ -3.049329 ][ 43.662583 ] } { [ 20.013203 ][ -22.840718 ] } { [ -14.679325 ][ -17.215649 ] } { [ -15.563517 ] } { [ 54.457948 ][ 1.387954 ] } { [ -18.417384 ] } { [ 24.204389 ] } { [ -4.961652 ] } { [ 70.112137 ] } { [ -11.761451 ] } { [ 39.077605 ] } { [ -21.762307 ] } { [ 72.048225 ] }
antes   de colapsar { [ -3.049329 ][ 43.662583 ] } { [ 20.013203 ][ -22.840718 ] } { [ -14.679325 ][ -17.215649 ][ 53.388948 ] } { [ -15.563517 ] } { [ 54.457948 ][ 1.387954 ] } { [ -18.417384 ] } { [ 24.204389 ] } { [ -4.961652 ][ 33.193099 ] } { [ 70.112137 ] } { [ -11.761451 ] } { [ 39.077605 ] } { [ -21.762307 ] } { [ 72.048225 ] } { [ 43.958264 ] } { [ 57.757729 ] } { [ -10.224525 ] }
despues de colapsar { [ -3.049329 ][ 43.662583 ] } { [ 20.013203 ][ -22.840718 ] } { [ -14.679325 ][ -17.215649 ][ 53.388948 ] } { [ -15.563517 ] } { [ 54.457948 ][ 1.387954 ] } { [ -18.417384 ] } { [ 24.204389 ] } { [ -4.961652 ][ 33.193099 ] } { [ 70.112137 ] } { [ -11.761451 ] } { [ 39.077605 ] } { [ -21.762307 ] } { [ 72.048225 ] } { [ 43.958264 ] } { [ 57.757729 ] } { [ -10.224525 ] }
antes   de filtrar: { [ -3.049329 ][ 43.662583 ] } { [ 20.013203 ][ -22.840718 ] } { [ -14.679325 ][ -17.215649 ][ 53.388948 ] } { [ -15.563517 ] } { [ 54.457948 ][ 1.387954 ][ 6.881903 ] } { [ -18.417384 ] } { [ 24.204389 ] } { [ -4.961652 ][ 33.193099 ] } { [ 70.112137 ] } { [ -11.761451 ] } { [ 39.077605 ] } { [ -21.762307 ] } { [ 72.048225 ] } { [ 43.958264 ] } { [ 57.757729 ] } { [ -10.224525 ] } { [ 66.462536 ] }
despues de filtrar: { [ -3.049329 ][ 43.662583 ] } { [ 20.013203 ][ -22.840718 ] } { [ -14.679325 ][ -17.215649 ][ 53.388948 ] } { [ -15.563517 ] } { [ 54.457948 ][ 1.387954 ][ 6.881903 ] } { [ -18.417384 ] } { [ 24.204389 ] } { [ -4.961652 ][ 33.193099 ] } { [ 70.112137 ] } { [ -11.761451 ] } { [ 39.077605 ] } { [ -21.762307 ] } { [ 72.048225 ] } { [ -10.224525 ] } { [ 66.462536 ] }
antes   de filtrar: { [ -3.049329 ][ 43.662583 ] } { [ 20.013203 ][ -22.840718 ] } { [ -14.679325 ][ -17.215649 ][ 53.388948 ] } { [ -15.563517 ] } { [ 54.457948 ][ 1.387954 ][ 6.881903 ] } { [ -18.417384 ] } { [ 24.204389 ] } { [ -4.961652 ][ 33.193099 ] } { [ 70.112137 ] } { [ -11.761451 ] } { [ 39.077605 ] } { [ -21.762307 ] } { [ 72.048225 ] } { [ -10.224525 ] } { [ 66.462536 ] }
despues de filtrar: { [ -3.049329 ][ 43.662583 ] } { [ 20.013203 ][ -22.840718 ] } { [ -14.679325 ][ -17.215649 ][ 53.388948 ] } { [ -15.563517 ] } { [ 54.457948 ][ 1.387954 ][ 6.881903 ] } { [ -18.417384 ] } { [ 24.204389 ] } { [ -4.961652 ][ 33.193099 ] } { [ 70.112137 ] } { [ -11.761451 ] } { [ 39.077605 ] } { [ -21.762307 ] } { [ 72.048225 ] } { [ -10.224525 ] } { [ 66.462536 ] }
antes   de colapsar { [ -3.049329 ][ 43.662583 ] } { [ 20.013203 ][ -22.840718 ] } { [ -14.679325 ][ -17.215649 ][ 53.388948 ] } { [ -15.563517 ] } { [ 54.457948 ][ 1.387954 ][ 6.881903 ] } { [ -18.417384 ] } { [ 24.204389 ] } { [ -4.961652 ][ 33.193099 ] } { [ 70.112137 ] } { [ -11.761451 ] } { [ 39.077605 ] } { [ -21.762307 ] } { [ 72.048225 ] } { [ -10.224525 ] } { [ 66.462536 ] } { [ -19.746324 ] }
despues de colapsar { [ -3.049329 ][ 43.662583 ] } { [ 20.013203 ][ -22.840718 ] } { [ -14.679325 ][ -17.215649 ][ 53.388948 ] } { [ -15.563517 ] } { [ 54.457948 ][ 1.387954 ][ 6.881903 ] } { [ -18.417384 ] } { [ 24.204389 ] } { [ -4.961652 ][ 33.193099 ] } { [ 70.112137 ] } { [ -11.761451 ] } { [ 39.077605 ] } { [ -21.762307 ] } { [ 72.048225 ] } { [ -10.224525 ] } { [ 66.462536 ] } { [ -19.746324 ] }
antes   de colapsar { [ -3.049329 ][ 43.662583 ] } { [ 20.013203 ][ -22.840718 ] } { [ -14.679325 ][ -17.215649 ][ 53.388948 ] } { [ -15.563517 ] } { [ 54.457948 ][ 1.387954 ][ 6.881903 ] } { [ -18.417384 ] } { [ 24.204389 ] } { [ -4.961652 ][ 33.193099 ] } { [ 70.112137 ] } { [ -11.761451 ] } { [ 39.077605 ] } { [ -21.762307 ] } { [ 72.048225 ] } { [ -10.224525 ] } { [ 66.462536 ] } { [ -19.746324 ] } { [ 47.861381 ] }
despues de colapsar { [ -3.049329 ][ 43.662583 ] } { [ 20.013203 ][ -22.840718 ] } { [ -14.679325 ][ -17.215649 ][ 53.388948 ] } { [ -15.563517 ] } { [ 54.457948 ][ 1.387954 ][ 6.881903 ] } { [ -18.417384 ] } { [ 24.204389 ] } { [ -4.961652 ][ 33.193099 ] } { [ 70.112137 ] } { [ -11.761451 ] } { [ 39.077605 ] } { [ -21.762307 ] } { [ 72.048225 ] } { [ -10.224525 ] } { [ 66.462536 ] } { [ -19.746324 ] } { [ 47.861381 ] }
antes   de colapsar { [ -3.049329 ][ 43.662583 ][ 2.867609 ] } { [ 20.013203 ][ -22.840718 ] } { [ -14.679325 ][ -17.215649 ][ 53.388948 ] } { [ -15.563517 ] } { [ 54.457948 ][ 1.387954 ][ 6.881903 ] } { [ -18.417384 ] } { [ 24.204389 ] } { [ -4.961652 ][ 33.193099 ] } { [ 70.112137 ] } { [ -11.761451 ] } { [ 39.077605 ] } { [ -21.762307 ][ 18.799873 ] } { [ 72.048225 ][ -3.352699 ] } { [ -10.224525 ] } { [ 66.462536 ] } { [ -19.746324 ] } { [ 47.861381 ] } { [ 62.920627 ] } { [ 2.054038 ] } { [ -2.255362 ] } { [ -7.327343 ] } { [ -3.169033 ] } { [ -11.176096 ] } { [ 7.924450 ] } { [ 70.169341 ] } { [ 39.907553 ] } { [ 7.530822 ] }
despues de colapsar { [ -3.049329 ][ 43.662583 ][ 2.867609 ] } { [ 20.013203 ][ -22.840718 ] } { [ -14.679325 ][ -17.215649 ][ 53.388948 ] } { [ -15.563517 ] } { [ 54.457948 ][ 1.387954 ][ 6.881903 ] } { [ -18.417384 ] } { [ 24.204389 ] } { [ -4.961652 ][ 33.193099 ] } { [ 70.112137 ] } { [ -11.761451 ] } { [ 39.077605 ] } { [ -21.762307 ][ 18.799873 ] } { [ 72.048225 ][ -3.352699 ] } { [ -10.224525 ] } { [ 66.462536 ] } { [ -19.746324 ] } { [ 47.861381 ] } { [ 62.920627 ] } { [ 2.054038 ] } { [ -2.255362 ] } { [ -7.327343 ] } { [ -3.169033 ] } { [ -11.176096 ] } { [ 7.924450 ] } { [ 70.169341 ] } { [ 39.907553 ] } { [ 7.530822 ] }
antes   de colapsar { [ -3.049329 ][ 43.662583 ][ 2.867609 ] } { [ 20.013203 ][ -22.840718 ] } { [ -14.679325 ][ -17.215649 ][ 53.388948 ] } { [ -15.563517 ] } { [ 54.457948 ][ 1.387954 ][ 6.881903 ] } { [ -18.417384 ] } { [ 24.204389 ] } { [ -4.961652 ][ 33.193099 ] } { [ 70.112137 ] } { [ -11.761451 ] } { [ 39.077605 ] } { [ -21.762307 ][ 18.799873 ] } { [ 72.048225 ][ -3.352699 ] } { [ -10.224525 ] } { [ 66.462536 ] } { [ -19.746324 ] } { [ 47.861381 ] } { [ 62.920627 ] } { [ 2.054038 ] } { [ -2.255362 ] } { [ -7.327343 ] } { [ -3.169033 ] } { [ -11.176096 ] } { [ 7.924450 ] } { [ 70.169341 ] } { [ 39.907553 ] } { [ 7.530822 ] }
despues de colapsar { [ -3.049329 ][ 43.662583 ][ 2.867609 ] } { [ 20.013203 ][ -22.840718 ] } { [ -14.679325 ][ -17.215649 ][ 53.388948 ] } { [ -15.563517 ] } { [ 54.457948 ][ 1.387954 ][ 6.881903 ] } { [ -18.417384 ] } { [ 24.204389 ] } { [ -4.961652 ][ 33.193099 ] } { [ 70.112137 ] } { [ -11.761451 ] } { [ 39.077605 ] } { [ -21.762307 ][ 18.799873 ] } { [ 72.048225 ][ -3.352699 ] } { [ -10.224525 ] } { [ 66.462536 ] } { [ -19.746324 ] } { [ 47.861381 ] } { [ 62.920627 ] } { [ 2.054038 ] } { [ -2.255362 ] } { [ -7.327343 ] } { [ -3.169033 ] } { [ -11.176096 ] } { [ 7.924450 ] } { [ 70.169341 ] } { [ 39.907553 ] } { [ 7.530822 ] }
antes   de filtrar: { [ 9mm6p ][ 74qoqdyuqa ] } { [ egj5svi ] } { [ cm0 ] } { [ 5ba49ypp ] } { [ u7p6xpeq4f ] } { [ n ][ 0x6qnyl ] }
despues de filtrar: { [ n ][ 0x6qnyl ] }
antes   de filtrar: { [ n ][ 0x6qnyl ] }
despues de filtrar: { [ n ][ 0x6qnyl ] }
antes   de colapsar { [ n ][ 0x6qnyl ][ tu3l34yw ] } { [ 9 ] } { [ 22xu ] }
despues de colapsar { [ n ][ 0x6qnyl ][ tu3l34yw ] } { [ 9 ] } { [ 22xu ] }
antes   de filtrar: { [ n ][ 0x6qnyl ][ tu3l34yw ] } { [ 9 ] } { [ 22xu ] }
despues de filtrar: { [ n ][ 0x6qnyl ][ tu3l34yw ] }
antes   de filtrar: { [ n ][ 0x6qnyl ][ tu3l34yw ] }
despues de filtrar: { [ n ][ 0x6qnyl ][ tu3l34yw ] }
antes   de colapsar { [ n ][ 0x6qnyl ][ tu3l34yw ][ 26sx4l9wfa ][ t1t ] } { [ mi14snd ] } { [ hf0qn9c7 ] } { [ qyejwdq237 ] } { [ adp4otdjh ] }
despues de colapsar { [ n ][ 0x6qnyl ][ tu3l34yw ][ 26sx4l9wfa ][ t1t ] } { [ mi14snd ] } { [ hf0qn9c7 ] } { [ qyejwdq237 ] } { [ adp4otdjh ] }
antes   de colapsar { [ n ][ 0x6qnyl ][ tu3l34yw ][ 26sx4l9wfa ][ t1t ] } { [ mi14snd ] } { [ hf0qn9c7 ] } { [ qyejwdq237 ][ 357wxwckcn ][ w0 ] } { [ adp4otdjh ] } { [ o9g6l1 ] } { [ gbt2qo3 ] } { [ al5l4qyp ] } { [ n95hjmxv ][ 6 ] } { [ ijbpqkfq6j ] } { [ jj ] } { [ fv6ahyk5 ] } { [ 2 ] } { [ mhkc ] }
despues de colapsar { [ n ][ 0x6qnyl ][ tu3l34yw ][ 26sx4l9wfa ][ t1t ] } { [ mi14snd ] } { [ hf0qn9c7 ] } { [ qw30y5e7jw ] } { [ adp4otdjh ] } { [ o9g6l1 ] } { [ gbt2qo3 ] } { [ al5l4qyp ] } { [ n695hjmxv ] } { [ ijbpqkfq6j ] } { [ jj ] } { [ fv6ahyk5 ] } { [ 2 ] } { [ mhkc ] }
antes   de filtrar: { [ n ][ 0x6qnyl ][ tu3l34yw ][ 26sx4l9wfa ][ t1t ] } { [ mi14snd ] } { [ hf0qn9c7 ] } { [ qw30y5e7jw ] } { [ adp4otdjh ] } { [ o9g6l1 ] } { [ gbt2qo3 ] } { [ al5l4qyp ] } { [ n695hjmxv ] } { [ ijbpqkfq6j ] } { [ jj ] } { [ fv6ahyk5 ] } { [ 2 ] } { [ mhkc ] } { [ 27tajwmguc ] }
despues de filtrar: { [ n ][ 0x6qnyl ][ tu3l34yw ][ 26sx4l9wfa ][ t1t ] } { [ jj ] } { [ mhkc ] }
antes   de colapsar { [ n ][ 0x6qnyl ][ tu3l34yw ][ 26sx4l9wfa ][ t1t ] } { [ jj ] } { [ mhkc ] } { [ kjck ] } { [ 8w9saa3s59 ] }
despues de colapsar { [ n ][ 0x6qnyl ][ tu3l34yw ][ 26sx4l9wfa ][ t1t ] } { [ jj ] } { [ mhkc ] } { [ kjck ] } { [ 8w9saa3s59 ] }
antes   de colapsar { [ n ][ 0x6qnyl ][ tu3l34yw ][ 26sx4l9wfa ][ t1t ][ 81nxk ] } { [ jj ] } { [ mhkc ] } { [ kjck ][ sw ] } { [ 8w9saa3s59 ][ lsru6 ] } { [ 2p95c ][ ihq97n4 ] } { [ 7ltq05e9q ][ k0qf6a8pm ] } { [ h6s1n7 ] } { [ yapvsg ][ db7o ] } { [ qaalud ] } { [ 6ylh1vqith ] } { [ 9s ] } { [ kol19ilhx ] } { [ xe8sgt ] } { [ pvgro2ggi5 ] } { [ qht7w2 ] } { [ ec00s ] }
despues de colapsar { [ n ][ 0x6qnyl ][ tu3l34yw ][ 26sx4l9wfa ][ t1t ][ 81nxk ] } { [ jj ] } { [ mhkc ] } { [ kjck ][ sw ] } { [ 8lws9rsua6 ] } { [ 2iph9q59c7 ] } { [ 7kl0tqqf06 ] } { [ h6s1n7 ] } { [ yapvsg ][ db7o ] } { [ qaalud ] } { [ 6ylh1vqith ] } { [ 9s ] } { [ kol19ilhx ] } { [ xe8sgt ] } { [ pvgro2ggi5 ] } { [ qht7w2 ] } { [ ec00s ] }
