antes   de filtrar: { [ qljp ] }
despues de filtrar: { [ qljp ] }
antes   de filtrar: { [ qljp ][ x ] } { [ juqykt8xwo ] } { [ 0mj1pa ][ x ] } { [ 8w68 ][ amlsc ] } { [ hp150s ] } { [ tjksfv ] }
despues de filtrar: { [ qljp ][ x ] } { [ tjksfv ] }
antes   de colapsar { [ qljp ][ x ] } { [ tjksfv ] } { [ i0s ] } { [ lu ] } { [ op9 ] } { [ kised ] }
despues de colapsar { [ qljp ][ x ] } { [ tjksfv ] } { [ i0s ] } { [ lu ] } { [ op9 ] } { [ kised ] }
antes   de filtrar: { [ qljp ][ x ] } { [ tjksfv ] } { [ i0s ] } { [ lu ] } { [ op9 ] } { [ kised ] }
despues de filtrar: { [ qljp ][ x ] } { [ tjksfv ] } { [ lu ] } { [ kised ] }
antes   de colapsar { [ qljp ][ x ] } { [ tjksfv ] } { [ lu ] } { [ kised ] } { [ hpalue3kg ] } { [ x563l3ku ] }
despues de colapsar { [ qljp ][ x ] } { [ tjksfv ] } { [ lu ] } { [ kised ] } { [ hpalue3kg ] } { [ x563l3ku ] }
antes   de colapsar { [ qljp ][ x ] } { [ tjksfv ][ r1pu8184b ] } { [ lu ] } { [ kised ] } { [ hpalue3kg ][ mmtjqji75j ] } { [ x563l3ku ] } { [ 870w ] } { [ 2e9ef5 ] } { [ egcae ] }
despues de colapsar { [ qljp ][ x ] } { [ tjksfv ][ r1pu8184b ] } { [ lu ] } { [ kised ] } { [ hmpmatljuq ] } { [ x563l3ku ] } { [ 870w ] } { [ 2e9ef5 ] } { [ egcae ] }
antes   de filtrar: { [ qljp ][ x ][ 6k9py ] } { [ tjksfv ][ r1pu8184b ][ k2pjhkh6 ] } { [ lu ] } { [ kised ] } { [ hmpmatljuq ] } { [ x563l3ku ] } { [ 870w ] } { [ 2e9ef5 ] } { [ egcae ] } { [ exvs2e ] } { [ v ] } { [ ka6 ] } { [ evti ] } { [ eqy089 ] } { [ tjyetan ] }
despues de filtrar: { [ qljp ][ x ][ 6k9py ] } { [ tjksfv ][ r1pu8184b ][ k2pjhkh6 ] } { [ lu ] } { [ kised ] } { [ hmpmatljuq ] } { [ egcae ] } { [ v ] } { [ evti ] } { [ tjyetan ] }
antes   de colapsar { [ qljp ][ x ][ 6k9py ] } { [ tjksfv ][ r1pu8184b ][ k2pjhkh6 ] } { [ lu ] } { [ kised ] } { [ hmpmatljuq ] } { [ egcae ] } { [ v ] } { [ evti ] } { [ tjyetan ] } { [ xqgnimb6b ] }
despues de colapsar { [ qljp ][ x ][ 6k9py ] } { [ tjksfv ][ r1pu8184b ][ k2pjhkh6 ] } { [ lu ] } { [ kised ] } { [ hmpmatljuq ] } { [ egcae ] } { [ v ] } { [ evti ] } { [ tjyetan ] } { [ xqgnimb6b ] }
antes   de filtrar: { [ qljp ][ x ][ 6k9py ][ mlnr8tut ] } { [ tjksfv ][ r1pu8184b ][ k2pjhkh6 ][ q ] } { [ lu ] } { [ kised ] } { [ hmpmatljuq ] } { [ egcae ] } { [ v ][ 7vs9gq9aam ] } { [ evti ] } { [ tjyetan ] } { [ xqgnimb6b ] } { [ iv ] } { [ 5mu ] } { [ kx0 ] } { [ k9d ] }
despues de filtrar: { [ qljp ][ x ][ 6k9py ][ mlnr8tut ] } { [ tjksfv ][ r1pu8184b ][ k2pjhkh6 ][ q ] } { [ lu ] } { [ kised ] } { [ hmpmatljuq ] } { [ egcae ] } { [ v ][ 7vs9gq9aam ] } { [ evti ] } { [ tjyetan ] } { [ iv ] }
antes   de colapsar { [ qljp ][ x ][ 6k9py ][ mlnr8tut ] } { [ tjksfv ][ r1pu8184b ][ k2pjhkh6 ][ q ] } { [ lu ] } { [ kised ] } { [ hmpmatljuq ] } { [ egcae ][ q24p ] } { [ v ][ 7vs9gq9aam ] } { [ evti ] } { [ tjyetan ][ nweuy4cxg9 ] } { [ iv ] } { [ lwl1 ] } { [ 2x ] } { [ vk0h3y0 ] } { [ 7 ] } { [ 9pkdm ][ x5g9w ] } { [ 0wwp1d15i ] } { [ b2adobg ] }
despues de colapsar { [ qljp ][ x ][ 6k9py ][ mlnr8tut ] } { [ tjksfv ][ r1pu8184b ][ k2pjhkh6 ][ q ] } { [ lu ] } { [ kised ] } { [ hmpmatljuq ] } { [ egcae ][ q24p ] } { [ v ][ 7vs9gq9aam ] } { [ evti ] } { [ tjyetan ][ nweuy4cxg9 ] } { [ iv ] } { [ lwl1 ] } { [ 2x ] } { [ vk0h3y0 ] } { [ 7 ] } { [ 9xp5kgd9mw ] } { [ 0wwp1d15i ] } { [ b2adobg ] }
antes   de filtrar: { [ -0.319041 ] } { [ 38.161915 ][ -15.036147 ] }
despues de filtrar: { [ -0.319041 ] } { [ 38.161915 ][ -15.036147 ] }
antes   de filtrar: { [ -0.319041 ] } { [ 38.161915 ][ -15.036147 ][ 40.671880 ] } { [ 18.706066 ] } { [ -11.381926 ] } { [ 47.866982 ] } { [ 4.851021 ] } { [ 32.017066 ] }
despues de filtrar: { [ -0.319041 ] } { [ 38.161915 ][ -15.036147 ][ 40.671880 ] } { [ -11.381926 ] } { [ 32.017066 ] }
antes   de filtrar: { [ -0.319041 ] } { [ 38.161915 ][ -15.036147 ][ 40.671880 ] } { [ -11.381926 ] } { [ 32.017066 ] } { [ 57.460736 ][ 17.289020 ] }
despues de filtrar: { [ -0.319041 ] } { [ 38.161915 ][ -15.036147 ][ 40.671880 ] } { [ -11.381926 ] } { [ 32.017066 ] } { [ 57.460736 ][ 17.289020 ] }
antes   de colapsar { [ -0.319041 ] } { [ 38.161915 ][ -15.036147 ][ 40.671880 ] } { [ -11.381926 ] } { [ 32.017066 ] } { [ 57.460736 ][ 17.289020 ] }
despues de colapsar { [ -0.319041 ] } { [ 38.161915 ][ -15.036147 ][ 40.671880 ] } { [ -11.381926 ] } { [ 32.017066 ] } { [ 57.460736 ][ 17.289020 ] }
antes   de colapsar { [ -0.319041 ][ 36.252304 ] } { [ 38.161915 ][ -15.036147 ][ 40.671880 ][ 1.170859 ] } { [ -11.381926 ] } { [ 32.017066 ] } { [ 57.460736 ][ 17.289020 ] } { [ -22.861337 ] } { [ 67.770343 ] } { [ -0.006497 ] } { [ 35.878669 ] } { [ 43.280854 ] }
despues de colapsar { [ -0.319041 ][ 36.252304 ] } { [ 38.161915 ][ -15.036147 ][ 40.671880 ][ 1.170859 ] } { [ -11.381926 ] } { [ 32.017066 ] } { [ 57.460736 ][ 17.289020 ] } { [ -22.861337 ] } { [ 67.770343 ] } { [ -0.006497 ] } { [ 35.878669 ] } { [ 43.280854 ] }
antes   de colapsar { [ -0.319041 ][ 36.252304 ] } { [ 38.161915 ][ -15.036147 ][ 40.671880 ][ 1.170859 ] } { [ -11.381926 ] } { [ 32.017066 ] } { [ 57.460736 ][ 17.289020 ] } { [ -22.861337 ] } { [ 67.770343 ] } { [ -0.006497 ] } { [ 35.878669 ] } { [ 43.280854 ] }
despues de colapsar { [ -0.319041 ][ 36.252304 ] } { [ 38.161915 ][ -15.036147 ][ 40.671880 ][ 1.170859 ] } { [ -11.381926 ] } { [ 32.017066 ] } { [ 57.460736 ][ 17.289020 ] } { [ -22.861337 ] } { [ 67.770343 ] } { [ -0.006497 ] } { [ 35.878669 ] } { [ 43.280854 ] }
antes   de filtrar: { [ -0.319041 ][ 36.252304 ] } { [ 38.161915 ][ -15.036147 ][ 40.671880 ][ 1.170859 ] } { [ -11.381926 ] } { [ 32.017066 ] } { [ 57.460736 ][ 17.289020 ] } { [ -22.861337 ] } { [ 67.770343 ] } { [ -0.006497 ] } { [ 35.878669 ] } { [ 43.280854 ] } { [ 22.694819 ] } { [ 57.816584 ][ 0.270042 ] } { [ -19.376172 ] } { [ 32.482566 ] } { [ 64.201133 ] }
despues de filtrar: { [ -0.319041 ][ 36.252304 ] } { [ 38.161915 ][ -15.036147 ][ 40.671880 ][ 1.170859 ] } { [ -11.381926 ] } { [ 32.017066 ] } { [ 57.460736 ][ 17.289020 ] } { [ -22.861337 ] } { [ -0.006497 ] } { [ 43.280854 ] } { [ -19.376172 ] } { [ 32.482566 ] } { [ 64.201133 ] }
antes   de colapsar { [ -0.319041 ][ 36.252304 ] } { [ 38.161915 ][ -15.036147 ][ 40.671880 ][ 1.170859 ] } { [ -11.381926 ] } { [ 32.017066 ] } { [ 57.460736 ][ 17.289020 ] } { [ -22.861337 ] } { [ -0.006497 ] } { [ 43.280854 ][ 45.907286 ][ 55.138383 ][ -6.119740 ] } { [ -19.376172 ][ 21.854802 ] } { [ 32.482566 ] } { [ 64.201133 ] } { [ 27.852783 ] } { [ 63.093751 ] } { [ 56.970211 ] } { [ -5.768637 ] } { [ 9.472061 ] } { [ 28.225742 ] } { [ 33.720616 ] }
despues de colapsar { [ -0.319041 ][ 36.252304 ] } { [ 38.161915 ][ -15.036147 ][ 40.671880 ][ 1.170859 ] } { [ -11.381926 ] } { [ 32.017066 ] } { [ 57.460736 ][ 17.289020 ] } { [ -22.861337 ] } { [ -0.006497 ] } { [ 43.280854 ][ 45.907286 ][ 55.138383 ][ -6.119740 ] } { [ -19.376172 ][ 21.854802 ] } { [ 32.482566 ] } { [ 64.201133 ] } { [ 27.852783 ] } { [ 63.093751 ] } { [ 56.970211 ] } { [ -5.768637 ] } { [ 9.472061 ] } { [ 28.225742 ] } { [ 33.720616 ] }
antes   de filtrar: { [ -0.319041 ][ 36.252304 ] } { [ 38.161915 ][ -15.036147 ][ 40.671880 ][ 1.170859 ] } { [ -11.381926 ] } { [ 32.017066 ] } { [ 57.460736 ][ 17.289020 ] } { [ -22.861337 ] } { [ -0.006497 ] } { [ 43.280854 ][ 45.907286 ][ 55.138383 ][ -6.119740 ] } { [ -19.376172 ][ 21.854802 ] } { [ 32.482566 ] } { [ 64.201133 ] } { [ 27.852783 ] } { [ 63.093751 ] } { [ 56.970211 ] } { [ -5.768637 ] } { [ 9.472061 ] } { [ 28.225742 ] } { [ 33.720616 ] } { [ 2.123437 ] }
despues de filtrar: { [ -0.319041 ][ 36.252304 ] } { [ 38.161915 ][ -15.036147 ][ 40.671880 ][ 1.170859 ] } { [ -11.381926 ] } { [ 32.017066 ] } { [ 57.460736 ][ 17.289020 ] } { [ -22.861337 ] } { [ -0.006497 ] } { [ 43.280854 ][ 45.907286 ][ 55.138383 ][ -6.119740 ] } { [ -19.376172 ][ 21.854802 ] } { [ 32.482566 ] } { [ 64.201133 ] } { [ 63.093751 ] } { [ -5.768637 ] } { [ 9.472061 ] } { [ 28.225742 ] } { [ 2.123437 ] }
antes   de colapsar { [ -0.319041 ][ 36.252304 ] } { [ 38.161915 ][ -15.036147 ][ 40.671880 ][ 1.170859 ][ -24.590396 ] } { [ -11.381926 ] } { [ 32.017066 ] } { [ 57.460736 ][ 17.289020 ] } { [ -22.861337 ][ 58.637844 ][ 36.228216 ] } { [ -0.006497 ] } { [ 43.280854 ][ 45.907286 ][ 55.138383 ][ -6.119740 ] } { [ -19.376172 ][ 21.854802 ] } { [ 32.482566 ] } { [ 64.201133 ] } { [ 63.093751 ] } { [ -5.768637 ] } { [ 9.472061 ] } { [ 28.225742 ] } { [ 2.123437 ] } { [ 51.116624 ] } { [ -11.626445 ] } { [ 24.159160 ] } { [ 1.303710 ] } { [ 61.727916 ] } { [ 41.443969 ] } { [ 69.143965 ] } { [ 41.274017 ] }
despues de colapsar { [ -0.319041 ][ 36.252304 ] } { [ 38.161915 ][ -15.036147 ][ 40.671880 ][ 1.170859 ][ -24.590396 ] } { [ -11.381926 ] } { [ 32.017066 ] } { [ 57.460736 ][ 17.289020 ] } { [ -22.861337 ][ 58.637844 ][ 36.228216 ] } { [ -0.006497 ] } { [ 43.280854 ][ 45.907286 ][ 55.138383 ][ -6.119740 ] } { [ -19.376172 ][ 21.854802 ] } { [ 32.482566 ] } { [ 64.201133 ] } { [ 63.093751 ] } { [ -5.768637 ] } { [ 9.472061 ] } { [ 28.225742 ] } { [ 2.123437 ] } { [ 51.116624 ] } { [ -11.626445 ] } { [ 24.159160 ] } { [ 1.303710 ] } { [ 61.727916 ] } { [ 41.443969 ] } { [ 69.143965 ] } { [ 41.274017 ] }
antes   de filtrar: { [ 59.071251 ] } { [ 33.244110 ] }
despues de filtrar: { [ 59.071251 ] } { [ 33.244110 ] }
antes   de colapsar { [ 59.071251 ] } { [ 33.244110 ][ 6.830070 ][ -14.604994 ] } { [ 28.771176 ] } { [ 58.146094 ] } { [ 45.782854 ] } { [ 46.058111 ] }
despues de colapsar { [ 59.071251 ] } { [ 33.244110 ][ 6.830070 ][ -14.604994 ] } { [ 28.771176 ] } { [ 58.146094 ] } { [ 45.782854 ] } { [ 46.058111 ] }
antes   de colapsar { [ 59.071251 ] } { [ 33.244110 ][ 6.830070 ][ -14.604994 ] } { [ 28.771176 ] } { [ 58.146094 ] } { [ 45.782854 ] } { [ 46.058111 ] }
despues de colapsar { [ 59.071251 ] } { [ 33.244110 ][ 6.830070 ][ -14.604994 ] } { [ 28.771176 ] } { [ 58.146094 ] } { [ 45.782854 ] } { [ 46.058111 ] }
antes   de colapsar { [ 59.071251 ] } { [ 33.244110 ][ 6.830070 ][ -14.604994 ] } { [ 28.771176 ] } { [ 58.146094 ][ 35.189024 ] } { [ 45.782854 ] } { [ 46.058111 ] } { [ 23.871148 ] } { [ 2.123767 ] } { [ 59.364368 ] } { [ -17.482578 ] } { [ 43.445044 ] } { [ 53.514684 ] } { [ 48.115746 ] } { [ 48.065161 ] }
despues de colapsar { [ 59.071251 ] } { [ 33.244110 ][ 6.830070 ][ -14.604994 ] } { [ 28.771176 ] } { [ 58.146094 ][ 35.189024 ] } { [ 45.782854 ] } { [ 46.058111 ] } { [ 23.871148 ] } { [ 2.123767 ] } { [ 59.364368 ] } { [ -17.482578 ] } { [ 43.445044 ] } { [ 53.514684 ] } { [ 48.115746 ] } { [ 48.065161 ] }
antes   de filtrar: { [ 59.071251 ] } { [ 33.244110 ][ 6.830070 ][ -14.604994 ][ 21.909773 ] } { [ 28.771176 ][ 41.098625 ] } { [ 58.146094 ][ 35.189024 ][ 43.032172 ][ 14.736830 ][ 25.970771 ] } { [ 45.782854 ] } { [ 46.058111 ] } { [ 23.871148 ] } { [ 2.123767 ] } { [ 59.364368 ] } { [ -17.482578 ] } { [ 43.445044 ] } { [ 53.514684 ] } { [ 48.115746 ] } { [ 48.065161 ] } { [ 44.533903 ][ 26.696288 ] } { [ 62.445813 ] } { [ 41.748103 ] } { [ -17.133522 ] } { [ 70.035389 ][ 17.145296 ] } { [ -17.593744 ] } { [ -19.781911 ] } { [ 62.407852 ] } { [ 48.746832 ] } { [ -3.409954 ] } { [ 69.011130 ] } { [ 6.194498 ] } { [ -5.577903 ] } { [ 32.959247 ] }
despues de filtrar: { [ 59.071251 ] } { [ 33.244110 ][ 6.830070 ][ -14.604994 ][ 21.909773 ] } { [ 58.146094 ][ 35.189024 ][ 43.032172 ][ 14.736830 ][ 25.970771 ] } { [ 46.058111 ] } { [ 2.123767 ] } { [ 59.364368 ] } { [ -17.482578 ] } { [ 43.445044 ] } { [ 48.115746 ] } { [ 48.065161 ] } { [ 62.445813 ] } { [ -17.133522 ] } { [ 70.035389 ][ 17.145296 ] } { [ -17.593744 ] } { [ -19.781911 ] } { [ 62.407852 ] } { [ -3.409954 ] } { [ 69.011130 ] } { [ 6.194498 ] } { [ -5.577903 ] }
antes   de filtrar: { [ 59.071251 ] } { [ 33.244110 ][ 6.830070 ][ -14.604994 ][ 21.909773 ] } { [ 58.146094 ][ 35.189024 ][ 43.032172 ][ 14.736830 ][ 25.970771 ] } { [ 46.058111 ] } { [ 2.123767 ] } { [ 59.364368 ] } { [ -17.482578 ] } { [ 43.445044 ] } { [ 48.115746 ] } { [ 48.065161 ] } { [ 62.445813 ] } { [ -17.133522 ] } { [ 70.035389 ][ 17.145296 ] } { [ -17.593744 ] } { [ -19.781911 ] } { [ 62.407852 ] } { [ -3.409954 ] } { [ 69.011130 ] } { [ 6.194498 ] } { [ -5.577903 ] }
despues de filtrar: { [ 59.071251 ] } { [ 33.244110 ][ 6.830070 ][ -14.604994 ][ 21.909773 ] } { [ 58.146094 ][ 35.189024 ][ 43.032172 ][ 14.736830 ][ 25.970771 ] } { [ 46.058111 ] } { [ 2.123767 ] } { [ 59.364368 ] } { [ -17.482578 ] } { [ 43.445044 ] } { [ 48.115746 ] } { [ 48.065161 ] } { [ 62.445813 ] } { [ -17.133522 ] } { [ 70.035389 ][ 17.145296 ] } { [ -17.593744 ] } { [ -19.781911 ] } { [ 62.407852 ] } { [ -3.409954 ] } { [ 69.011130 ] } { [ 6.194498 ] } { [ -5.577903 ] }
antes   de filtrar: { [ 59.071251 ] } { [ 33.244110 ][ 6.830070 ][ -14.604994 ][ 21.909773 ] } { [ 58.146094 ][ 35.189024 ][ 43.032172 ][ 14.736830 ][ 25.970771 ] } { [ 46.058111 ] } { [ 2.123767 ] } { [ 59.364368 ] } { [ -17.482578 ] } { [ 43.445044 ] } { [ 48.115746 ] } { [ 48.065161 ] } { [ 62.445813 ] } { [ -17.133522 ] } { [ 70.035389 ][ 17.145296 ][ 63.491891 ] } { [ -17.593744 ] } { [ -19.781911 ] } { [ 62.407852 ] } { [ -3.409954 ] } { [ 69.011130 ] } { [ 6.194498 ] } { [ -5.577903 ] } { [ 58.911933 ] }
despues de filtrar: { [ 59.071251 ] } { [ 33.244110 ][ 6.830070 ][ -14.604994 ][ 21.909773 ] } { [ 58.146094 ][ 35.189024 ][ 43.032172 ][ 14.736830 ][ 25.970771 ] } { [ 46.058111 ] } { [ 2.123767 ] } { [ 59.364368 ] } { [ -17.482578 ] } { [ 43.445044 ] } { [ 48.115746 ] } { [ 48.065161 ] } { [ 62.445813 ] } { [ -17.133522 ] } { [ 70.035389 ][ 17.145296 ][ 63.491891 ] } { [ -17.593744 ] } { [ -19.781911 ] } { [ 62.407852 ] } { [ -3.409954 ] } { [ 69.011130 ] } { [ 6.194498 ] } { [ -5.577903 ] }
antes   de filtrar: { [ 59.071251 ] } { [ 33.244110 ][ 6.830070 ][ -14.604994 ][ 21.909773 ] } { [ 58.146094 ][ 35.189024 ][ 43.032172 ][ 14.736830 ][ 25.970771 ] } { [ 46.058111 ] } { [ 2.123767 ] } { [ 59.364368 ] } { [ -17.482578 ] } { [ 43.445044 ] } { [ 48.115746 ] } { [ 48.065161 ] } { [ 62.445813 ] } { [ -17.133522 ] } { [ 70.035389 ][ 17.145296 ][ 63.491891 ] } { [ -17.593744 ] } { [ -19.781911 ] } { [ 62.407852 ] } { [ -3.409954 ] } { [ 69.011130 ] } { [ 6.194498 ] } { [ -5.577903 ] } { [ 17.489917 ] } { [ -15.766714 ] } { [ 13.941891 ] }
despues de filtrar: { [ 59.071251 ] } { [ 33.244110 ][ 6.830070 ][ -14.604994 ][ 21.909773 ] } { [ 58.146094 ][ 35.189024 ][ 43.032172 ][ 14.736830 ][ 25.970771 ] } { [ 46.058111 ] } { [ 2.123767 ] } { [ 59.364368 ] } { [ -17.482578 ] } { [ 43.445044 ] } { [ 48.115746 ] } { [ 48.065161 ] } { [ 62.445813 ] } { [ -17.133522 ] } { [ 70.035389 ][ 17.145296 ][ 63.491891 ] } { [ -17.593744 ] } { [ -19.781911 ] } { [ 62.407852 ] } { [ -3.409954 ] } { [ 69.011130 ] } { [ 6.194498 ] } { [ -5.577903 ] } { [ 17.489917 ] } { [ -15.766714 ] }
antes   de colapsar { [ 59.071251 ] } { [ 33.244110 ][ 6.830070 ][ -14.604994 ][ 21.909773 ][ 65.144737 ] } { [ 58.146094 ][ 35.189024 ][ 43.032172 ][ 14.736830 ][ 25.970771 ] } { [ 46.058111 ] } { [ 2.123767 ] } { [ 59.364368 ] } { [ -17.482578 ] } { [ 43.445044 ] } { [ 48.115746 ] } { [ 48.065161 ] } { [ 62.445813 ] } { [ -17.133522 ] } { [ 70.035389 ][ 17.145296 ][ 63.491891 ] } { [ -17.593744 ] } { [ -19.781911 ] } { [ 62.407852 ] } { [ -3.409954 ] } { [ 69.011130 ] } { [ 6.194498 ] } { [ -5.577903 ] } { [ 17.489917 ] } { [ -15.766714 ] }
despues de colapsar { [ 59.071251 ] } { [ 33.244110 ][ 6.830070 ][ -14.604994 ][ 21.909773 ][ 65.144737 ] } { [ 58.146094 ][ 35.189024 ][ 43.032172 ][ 14.736830 ][ 25.970771 ] } { [ 46.058111 ] } { [ 2.123767 ] } { [ 59.364368 ] } { [ -17.482578 ] } { [ 43.445044 ] } { [ 48.115746 ] } { [ 48.065161 ] } { [ 62.445813 ] } { [ -17.133522 ] } { [ 70.035389 ][ 17.145296 ][ 63.491891 ] } { [ -17.593744 ] } { [ -19.781911 ] } { [ 62.407852 ] } { [ -3.409954 ] } { [ 69.011130 ] } { [ 6.194498 ] } { [ -5.577903 ] } { [ 17.489917 ] } { [ -15.766714 ] }
antes   de colapsar { [ 59.071251 ] } { [ 33.244110 ][ 6.830070 ][ -14.604994 ][ 21.909773 ][ 65.144737 ] } { [ 58.146094 ][ 35.189024 ][ 43.032172 ][ 14.736830 ][ 25.970771 ] } { [ 46.058111 ] } { [ 2.123767 ] } { [ 59.364368 ] } { [ -17.482578 ] } { [ 43.445044 ] } { [ 48.115746 ] } { [ 48.065161 ] } { [ 62.445813 ] } { [ -17.133522 ] } { [ 70.035389 ][ 17.145296 ][ 63.491891 ] } { [ -17.593744 ] } { [ -19.781911 ] } { [ 62.407852 ] } { [ -3.409954 ] } { [ 69.011130 ] } { [ 6.194498 ] } { [ -5.577903 ] } { [ 17.489917 ] } { [ -15.766714 ] } { [ 10.505053 ] } { [ -10.939804 ] } { [ 9.580510 ] }
despues de colapsar { [ 59.071251 ] } { [ 33.244110 ][ 6.830070 ][ -14.604994 ][ 21.909773 ][ 65.144737 ] } { [ 58.146094 ][ 35.189024 ][ 43.032172 ][ 14.736830 ][ 25.970771 ] } { [ 46.058111 ] } { [ 2.123767 ] } { [ 59.364368 ] } { [ -17.482578 ] } { [ 43.445044 ] } { [ 48.115746 ] } { [ 48.065161 ] } { [ 62.445813 ] } { [ -17.133522 ] } { [ 70.035389 ][ 17.145296 ][ 63.491891 ] } { [ -17.593744 ] } { [ -19.781911 ] } { [ 62.407852 ] } { [ -3.409954 ] } { [ 69.011130 ] } { [ 6.194498 ] } { [ -5.577903 ] } { [ 17.489917 ] } { [ -15.766714 ] } { [ 10.505053 ] } { [ -10.939804 ] } { [ 9.580510 ] }
antes   de filtrar: { [ wer ] }
despues de filtrar: { [ wer ] }
antes   de colapsar { [ wer ][ m6q37 ] }
despues de colapsar { [ wer ][ m6q37 ] }
antes   de colapsar { [ wer ][ m6q37 ] } { [ jlj0 ][ ivx5sws4c6 ] } { [ lnh9inbfw ][ 42tdrtvgi ] }
despues de colapsar { [ wer ][ m6q37 ] } { [ jilvjx05sw ] } { [ l4n2ht9dir ] }
antes   de filtrar: { [ wer ][ m6q37 ][ l1sd2ne ] } { [ jilvjx05sw ][ o4 ] } { [ l4n2ht9dir ] } { [ fl8crw4b5x ] } { [ xx0g6nip ] } { [ l4p979oy ] } { [ c8o0x ] } { [ wky3t ] } { [ 0 ] } { [ qqaw7lti ] }
despues de filtrar: { [ wer ][ m6q37 ][ l1sd2ne ] }
antes   de colapsar { [ wer ][ m6q37 ][ l1sd2ne ] } { [ fm95ekrsw ] }
despues de colapsar { [ wer ][ m6q37 ][ l1sd2ne ] } { [ fm95ekrsw ] }
antes   de filtrar: { [ wer ][ m6q37 ][ l1sd2ne ] } { [ fm95ekrsw ] }
despues de filtrar: { [ wer ][ m6q37 ][ l1sd2ne ] }
antes   de colapsar { [ wer ][ m6q37 ][ l1sd2ne ] }
despues de colapsar { [ wer ][ m6q37 ][ l1sd2ne ] }
antes   de colapsar { [ wer ][ m6q37 ][ l1sd2ne ][ pn ] } { [ 9 ] } { [ f ] } { [ 2gi5dlhsbt ][ 0q ] } { [ a ] } { [ g89l ] } { [ b1 ] } { [ yphx0 ] }
despues de colapsar { [ wer ][ m6q37 ][ l1sd2ne ][ pn ] } { [ 9 ] } { [ f ] } { [ 20gqi5dlhs ] } { [ a ] } { [ g89l ] } { [ b1 ] } { [ yphx0 ] }
antes   de filtrar: { [ wer ][ m6q37 ][ l1sd2ne ][ pn ] } { [ 9 ] } { [ f ] } { [ 20gqi5dlhs ] } { [ a ] } { [ g89l ] } { [ b1 ] } { [ yphx0 ] } { [ adnm ] } { [ kv ] } { [ typgk ][ oplouo34l ] } { [ otev7e ] }
despues de filtrar: { [ wer ][ m6q37 ][ l1sd2ne ][ pn ] } { [ f ] } { [ a ] } { [ adnm ] } { [ kv ] } { [ typgk ][ oplouo34l ] }
antes   de filtrar: { [ wer ][ m6q37 ][ l1sd2ne ][ pn ] } { [ f ] } { [ a ] } { [ adnm ] } { [ kv ] } { [ typgk ][ oplouo34l ] } { [ phdd2welj ] } { [ eigiup93 ] } { [ h16xm32nja ] } { [ j ] }
despues de filtrar: { [ wer ][ m6q37 ][ l1sd2ne ][ pn ] } { [ f ] } { [ a ] } { [ adnm ] } { [ kv ] } { [ typgk ][ oplouo34l ] } { [ j ] }
antes   de filtrar: { [ 53.655066 ] } { [ 31.711091 ] } { [ 57.802746 ] }
despues de filtrar: <vacia>
antes   de filtrar: { [ -4.044692 ] } { [ 34.827765 ] } { [ 36.661728 ][ 39.575948 ][ 62.321732 ] } { [ 49.594807 ] }
despues de filtrar: { [ -4.044692 ] }
antes   de colapsar { [ -4.044692 ] }
despues de colapsar { [ -4.044692 ] }
antes   de filtrar: { [ -4.044692 ] } { [ -18.139634 ] } { [ 14.205305 ] } { [ 6.814625 ] }
despues de filtrar: { [ -4.044692 ] } { [ -18.139634 ] } { [ 14.205305 ] }
antes   de filtrar: { [ -4.044692 ] } { [ -18.139634 ] } { [ 14.205305 ] } { [ 18.622893 ] }
despues de filtrar: { [ -4.044692 ] } { [ -18.139634 ] } { [ 14.205305 ] }
antes   de filtrar: { [ -4.044692 ] } { [ -18.139634 ][ -24.096091 ] } { [ 14.205305 ] } { [ 15.356565 ] } { [ 61.934065 ] }
despues de filtrar: { [ -4.044692 ] } { [ -18.139634 ][ -24.096091 ] } { [ 14.205305 ] } { [ 15.356565 ] }
antes   de colapsar { [ -4.044692 ] } { [ -18.139634 ][ -24.096091 ] } { [ 14.205305 ][ 74.910964 ][ 67.726998 ] } { [ 15.356565 ] } { [ 12.709139 ] } { [ 19.394209 ] } { [ 19.360285 ] }
despues de colapsar { [ -4.044692 ] } { [ -18.139634 ][ -24.096091 ] } { [ 14.205305 ][ 74.910964 ][ 67.726998 ] } { [ 15.356565 ] } { [ 12.709139 ] } { [ 19.394209 ] } { [ 19.360285 ] }
antes   de colapsar { [ -4.044692 ] } { [ -18.139634 ][ -24.096091 ] } { [ 14.205305 ][ 74.910964 ][ 67.726998 ] } { [ 15.356565 ] } { [ 12.709139 ] } { [ 19.394209 ] } { [ 19.360285 ] } { [ -4.886125 ] }
despues de colapsar { [ -4.044692 ] } { [ -18.139634 ][ -24.096091 ] } { [ 14.205305 ][ 74.910964 ][ 67.726998 ] } { [ 15.356565 ] } { [ 12.709139 ] } { [ 19.394209 ] } { [ 19.360285 ] } { [ -4.886125 ] }
antes   de colapsar { [ -4.044692 ] } { [ -18.139634 ][ -24.096091 ] } { [ 14.205305 ][ 74.910964 ][ 67.726998 ][ -13.603312 ] } { [ 15.356565 ][ 54.100095 ] } { [ 12.709139 ] } { [ 19.394209 ] } { [ 19.360285 ] } { [ -4.886125 ][ -4.137324 ] } { [ 18.633609 ] } { [ -3.612063 ] } { [ 0.921605 ] } { [ 48.278812 ] }
despues de colapsar { [ -4.044692 ] } { [ -18.139634 ][ -24.096091 ] } { [ 14.205305 ][ 74.910964 ][ 67.726998 ][ -13.603312 ] } { [ 15.356565 ][ 54.100095 ] } { [ 12.709139 ] } { [ 19.394209 ] } { [ 19.360285 ] } { [ -4.886125 ][ -4.137324 ] } { [ 18.633609 ] } { [ -3.612063 ] } { [ 0.921605 ] } { [ 48.278812 ] }
antes   de colapsar { [ -4.044692 ] } { [ -18.139634 ][ -24.096091 ] } { [ 14.205305 ][ 74.910964 ][ 67.726998 ][ -13.603312 ] } { [ 15.356565 ][ 54.100095 ] } { [ 12.709139 ] } { [ 19.394209 ] } { [ 19.360285 ] } { [ -4.886125 ][ -4.137324 ] } { [ 18.633609 ][ -15.310205 ] } { [ -3.612063 ] } { [ 0.921605 ] } { [ 48.278812 ] } { [ -16.097790 ] }
despues de colapsar { [ -4.044692 ] } { [ -18.139634 ][ -24.096091 ] } { [ 14.205305 ][ 74.910964 ][ 67.726998 ][ -13.603312 ] } { [ 15.356565 ][ 54.100095 ] } { [ 12.709139 ] } { [ 19.394209 ] } { [ 19.360285 ] } { [ -4.886125 ][ -4.137324 ] } { [ 1.823021 ] } { [ -3.612063 ] } { [ 0.921605 ] } { [ 48.278812 ] } { [ -16.097790 ] }
