antes   de colapsar { [ 74.288067 ] }
despues de colapsar { [ 74.288067 ] }
antes   de colapsar { [ 74.288067 ] } { [ 27.475700 ] }
despues de colapsar { [ 74.288067 ] } { [ 27.475700 ] }
antes   de filtrar: { [ 74.288067 ] } { [ 27.475700 ][ 57.204484 ] } { [ 16.368018 ] } { [ -18.143080 ] } { [ 58.129028 ] } { [ -22.173031 ][ 44.438492 ] }
despues de filtrar: { [ 74.288067 ] } { [ 27.475700 ][ 57.204484 ] } { [ 16.368018 ] } { [ -18.143080 ] } { [ 58.129028 ] } { [ -22.173031 ][ 44.438492 ] }
antes   de colapsar { [ 74.288067 ] } { [ 27.475700 ][ 57.204484 ] } { [ 16.368018 ][ -11.855048 ] } { [ -18.143080 ] } { [ 58.129028 ] } { [ -22.173031 ][ 44.438492 ] } { [ -21.801056 ] } { [ -13.632984 ] }
despues de colapsar { [ 74.288067 ] } { [ 27.475700 ][ 57.204484 ] } { [ 16.368018 ][ -11.855048 ] } { [ -18.143080 ] } { [ 58.129028 ] } { [ -22.173031 ][ 44.438492 ] } { [ -21.801056 ] } { [ -13.632984 ] }
antes   de filtrar: { [ 74.288067 ] } { [ 27.475700 ][ 57.204484 ] } { [ 16.368018 ][ -11.855048 ] } { [ -18.143080 ] } { [ 58.129028 ] } { [ -22.173031 ][ 44.438492 ] } { [ -21.801056 ] } { [ -13.632984 ] } { [ 36.362830 ] } { [ 22.496774 ] }
despues de filtrar: { [ 74.288067 ] } { [ 27.475700 ][ 57.204484 ] } { [ 16.368018 ][ -11.855048 ] } { [ -18.143080 ] } { [ 58.129028 ] } { [ -22.173031 ][ 44.438492 ] } { [ -21.801056 ] } { [ -13.632984 ] } { [ 36.362830 ] } { [ 22.496774 ] }
antes   de filtrar: { [ 74.288067 ] } { [ 27.475700 ][ 57.204484 ] } { [ 16.368018 ][ -11.855048 ] } { [ -18.143080 ][ 39.025799 ] } { [ 58.129028 ][ 0.774711 ][ 9.434456 ] } { [ -22.173031 ][ 44.438492 ] } { [ -21.801056 ] } { [ -13.632984 ] } { [ 36.362830 ] } { [ 22.496774 ] } { [ 18.081772 ] } { [ 72.213376 ][ 56.759924 ] } { [ 60.903223 ] } { [ 32.443490 ] } { [ 73.610181 ] } { [ 67.053248 ] } { [ 62.124906 ] } { [ 27.293965 ][ 45.329487 ] } { [ 10.622985 ] }
despues de filtrar: { [ 74.288067 ] } { [ 27.475700 ][ 57.204484 ] } { [ 16.368018 ][ -11.855048 ] } { [ -18.143080 ][ 39.025799 ] } { [ 58.129028 ][ 0.774711 ][ 9.434456 ] } { [ -22.173031 ][ 44.438492 ] } { [ -21.801056 ] } { [ -13.632984 ] } { [ 36.362830 ] } { [ 22.496774 ] } { [ 18.081772 ] } { [ 72.213376 ][ 56.759924 ] } { [ 32.443490 ] } { [ 67.053248 ] } { [ 62.124906 ] } { [ 27.293965 ][ 45.329487 ] }
antes   de colapsar { [ 74.288067 ][ 5.290803 ] } { [ 27.475700 ][ 57.204484 ] } { [ 16.368018 ][ -11.855048 ] } { [ -18.143080 ][ 39.025799 ] } { [ 58.129028 ][ 0.774711 ][ 9.434456 ] } { [ -22.173031 ][ 44.438492 ] } { [ -21.801056 ] } { [ -13.632984 ] } { [ 36.362830 ] } { [ 22.496774 ] } { [ 18.081772 ] } { [ 72.213376 ][ 56.759924 ] } { [ 32.443490 ] } { [ 67.053248 ] } { [ 62.124906 ] } { [ 27.293965 ][ 45.329487 ][ 55.046137 ] } { [ -6.683411 ] } { [ 1.247539 ] } { [ 57.546537 ] }
despues de colapsar { [ 74.288067 ][ 5.290803 ] } { [ 27.475700 ][ 57.204484 ] } { [ 16.368018 ][ -11.855048 ] } { [ -18.143080 ][ 39.025799 ] } { [ 58.129028 ][ 0.774711 ][ 9.434456 ] } { [ -22.173031 ][ 44.438492 ] } { [ -21.801056 ] } { [ -13.632984 ] } { [ 36.362830 ] } { [ 22.496774 ] } { [ 18.081772 ] } { [ 72.213376 ][ 56.759924 ] } { [ 32.443490 ] } { [ 67.053248 ] } { [ 62.124906 ] } { [ 27.293965 ][ 45.329487 ][ 55.046137 ] } { [ -6.683411 ] } { [ 1.247539 ] } { [ 57.546537 ] }
antes   de filtrar: { [ 74.288067 ][ 5.290803 ] } { [ 27.475700 ][ 57.204484 ] } { [ 16.368018 ][ -11.855048 ] } { [ -18.143080 ][ 39.025799 ] } { [ 58.129028 ][ 0.774711 ][ 9.434456 ] } { [ -22.173031 ][ 44.438492 ] } { [ -21.801056 ] } { [ -13.632984 ] } { [ 36.362830 ] } { [ 22.496774 ] } { [ 18.081772 ] } { [ 72.213376 ][ 56.759924 ] } { [ 32.443490 ] } { [ 67.053248 ] } { [ 62.124906 ] } { [ 27.293965 ][ 45.329487 ][ 55.046137 ] } { [ -6.683411 ] } { [ 1.247539 ] } { [ 57.546537 ] } { [ 44.133149 ] } { [ 20.560809 ] }
despues de filtrar: { [ 74.288067 ][ 5.290803 ] } { [ 27.475700 ][ 57.204484 ] } { [ 16.368018 ][ -11.855048 ] } { [ -18.143080 ][ 39.025799 ] } { [ 58.129028 ][ 0.774711 ][ 9.434456 ] } { [ -22.173031 ][ 44.438492 ] } { [ -21.801056 ] } { [ -13.632984 ] } { [ 36.362830 ] } { [ 22.496774 ] } { [ 18.081772 ] } { [ 72.213376 ][ 56.759924 ] } { [ 32.443490 ] } { [ 67.053248 ] } { [ 62.124906 ] } { [ 27.293965 ][ 45.329487 ][ 55.046137 ] } { [ -6.683411 ] } { [ 1.247539 ] } { [ 44.133149 ] }
antes   de colapsar { [ 74.288067 ][ 5.290803 ] } { [ 27.475700 ][ 57.204484 ] } { [ 16.368018 ][ -11.855048 ] } { [ -18.143080 ][ 39.025799 ] } { [ 58.129028 ][ 0.774711 ][ 9.434456 ] } { [ -22.173031 ][ 44.438492 ] } { [ -21.801056 ] } { [ -13.632984 ] } { [ 36.362830 ] } { [ 22.496774 ] } { [ 18.081772 ] } { [ 72.213376 ][ 56.759924 ] } { [ 32.443490 ] } { [ 67.053248 ] } { [ 62.124906 ] } { [ 27.293965 ][ 45.329487 ][ 55.046137 ] } { [ -6.683411 ] } { [ 1.247539 ] } { [ 44.133149 ] } { [ 58.868332 ] } { [ 51.757787 ] }
despues de colapsar { [ 74.288067 ][ 5.290803 ] } { [ 27.475700 ][ 57.204484 ] } { [ 16.368018 ][ -11.855048 ] } { [ -18.143080 ][ 39.025799 ] } { [ 58.129028 ][ 0.774711 ][ 9.434456 ] } { [ -22.173031 ][ 44.438492 ] } { [ -21.801056 ] } { [ -13.632984 ] } { [ 36.362830 ] } { [ 22.496774 ] } { [ 18.081772 ] } { [ 72.213376 ][ 56.759924 ] } { [ 32.443490 ] } { [ 67.053248 ] } { [ 62.124906 ] } { [ 27.293965 ][ 45.329487 ][ 55.046137 ] } { [ -6.683411 ] } { [ 1.247539 ] } { [ 44.133149 ] } { [ 58.868332 ] } { [ 51.757787 ] }
antes   de filtrar: { [ 74.288067 ][ 5.290803 ] } { [ 27.475700 ][ 57.204484 ] } { [ 16.368018 ][ -11.855048 ] } { [ -18.143080 ][ 39.025799 ] } { [ 58.129028 ][ 0.774711 ][ 9.434456 ] } { [ -22.173031 ][ 44.438492 ] } { [ -21.801056 ] } { [ -13.632984 ] } { [ 36.362830 ] } { [ 22.496774 ] } { [ 18.081772 ] } { [ 72.213376 ][ 56.759924 ] } { [ 32.443490 ] } { [ 67.053248 ] } { [ 62.124906 ] } { [ 27.293965 ][ 45.329487 ][ 55.046137 ] } { [ -6.683411 ] } { [ 1.247539 ] } { [ 44.133149 ] } { [ 58.868332 ] } { [ 51.757787 ] } { [ 4.074233 ][ -4.316556 ] } { [ 33.352939 ] } { [ 3.134945 ][ -11.872770 ] } { [ 70.106152 ][ 20.436439 ] } { [ 16.417257 ] } { [ -11.646240 ] } { [ -0.609960 ] }
despues de filtrar: { [ 74.288067 ][ 5.290803 ] } { [ 27.475700 ][ 57.204484 ] } { [ 16.368018 ][ -11.855048 ] } { [ -18.143080 ][ 39.025799 ] } { [ 58.129028 ][ 0.774711 ][ 9.434456 ] } { [ -22.173031 ][ 44.438492 ] } { [ -21.801056 ] } { [ -13.632984 ] } { [ 36.362830 ] } { [ 22.496774 ] } { [ 18.081772 ] } { [ 72.213376 ][ 56.759924 ] } { [ 32.443490 ] } { [ 67.053248 ] } { [ 62.124906 ] } { [ 27.293965 ][ 45.329487 ][ 55.046137 ] } { [ -6.683411 ] } { [ 1.247539 ] } { [ 44.133149 ] } { [ 4.074233 ][ -4.316556 ] } { [ 33.352939 ] } { [ 3.134945 ][ -11.872770 ] } { [ 70.106152 ][ 20.436439 ] } { [ 16.417257 ] } { [ -11.646240 ] } { [ -0.609960 ] }
antes   de filtrar: { [ 9262 ][ 1662 ] } { [ 2529 ] }
despues de filtrar: { [ 9262 ][ 1662 ] } { [ 2529 ] }
antes   de filtrar: { [ 9262 ][ 1662 ][ 2014 ] } { [ 2529 ] } { [ 4184 ][ 4610 ] } { [ 8332 ] } { [ 457 ] } { [ 4916 ] }
despues de filtrar: { [ 9262 ][ 1662 ][ 2014 ] } { [ 2529 ] } { [ 4184 ][ 4610 ] } { [ 8332 ] } { [ 457 ] } { [ 4916 ] }
antes   de colapsar { [ 9262 ][ 1662 ][ 2014 ] } { [ 2529 ] } { [ 4184 ][ 4610 ] } { [ 8332 ] } { [ 457 ] } { [ 4916 ] } { [ 6639 ] } { [ 2016 ] } { [ 7041 ] } { [ 7930 ] } { [ 5487 ] } { [ 664 ] }
despues de colapsar { [ 9262 ][ 1662 ][ 2014 ] } { [ 2529 ] } { [ 4184 ][ 4610 ] } { [ 8332 ] } { [ 457 ] } { [ 4916 ] } { [ 6639 ] } { [ 2016 ] } { [ 7041 ] } { [ 7930 ] } { [ 5487 ] } { [ 664 ] }
antes   de colapsar { [ 9262 ][ 1662 ][ 2014 ] } { [ 2529 ] } { [ 4184 ][ 4610 ] } { [ 8332 ] } { [ 457 ] } { [ 4916 ] } { [ 6639 ] } { [ 2016 ] } { [ 7041 ] } { [ 7930 ] } { [ 5487 ] } { [ 664 ] } { [ 735 ] } { [ 3620 ] } { [ 671 ] }
despues de colapsar { [ 9262 ][ 1662 ][ 2014 ] } { [ 2529 ] } { [ 4184 ][ 4610 ] } { [ 8332 ] } { [ 457 ] } { [ 4916 ] } { [ 6639 ] } { [ 2016 ] } { [ 7041 ] } { [ 7930 ] } { [ 5487 ] } { [ 664 ] } { [ 735 ] } { [ 3620 ] } { [ 671 ] }
antes   de colapsar { [ 9262 ][ 1662 ][ 2014 ] } { [ 2529 ] } { [ 4184 ][ 4610 ] } { [ 8332 ] } { [ 457 ] } { [ 4916 ] } { [ 6639 ] } { [ 2016 ] } { [ 7041 ] } { [ 7930 ] } { [ 5487 ] } { [ 664 ] } { [ 735 ] } { [ 3620 ] } { [ 671 ] }
despues de colapsar { [ 9262 ][ 1662 ][ 2014 ] } { [ 2529 ] } { [ 4184 ][ 4610 ] } { [ 8332 ] } { [ 457 ] } { [ 4916 ] } { [ 6639 ] } { [ 2016 ] } { [ 7041 ] } { [ 7930 ] } { [ 5487 ] } { [ 664 ] } { [ 735 ] } { [ 3620 ] } { [ 671 ] }
antes   de filtrar: { [ 9262 ][ 1662 ][ 2014 ] } { [ 2529 ][ 2961 ] } { [ 4184 ][ 4610 ] } { [ 8332 ] } { [ 457 ] } { [ 4916 ] } { [ 6639 ] } { [ 2016 ] } { [ 7041 ] } { [ 7930 ] } { [ 5487 ] } { [ 664 ] } { [ 735 ] } { [ 3620 ] } { [ 671 ] } { [ 2880 ] } { [ 5794 ] } { [ 6965 ] }
despues de filtrar: { [ 9262 ][ 1662 ][ 2014 ] } { [ 2529 ][ 2961 ] } { [ 4184 ][ 4610 ] } { [ 8332 ] } { [ 457 ] } { [ 4916 ] } { [ 6639 ] } { [ 5487 ] } { [ 664 ] } { [ 735 ] } { [ 671 ] } { [ 5794 ] } { [ 6965 ] }
antes   de filtrar: { [ 9262 ][ 1662 ][ 2014 ] } { [ 2529 ][ 2961 ] } { [ 4184 ][ 4610 ] } { [ 8332 ] } { [ 457 ] } { [ 4916 ] } { [ 6639 ] } { [ 5487 ] } { [ 664 ] } { [ 735 ] } { [ 671 ] } { [ 5794 ] } { [ 6965 ] } { [ 8548 ] } { [ 9038 ][ 6428 ] } { [ 5185 ] }
despues de filtrar: { [ 9262 ][ 1662 ][ 2014 ] } { [ 2529 ][ 2961 ] } { [ 4184 ][ 4610 ] } { [ 8332 ] } { [ 457 ] } { [ 4916 ] } { [ 6639 ] } { [ 5487 ] } { [ 664 ] } { [ 735 ] } { [ 671 ] } { [ 5794 ] } { [ 6965 ] } { [ 8548 ] } { [ 5185 ] }
antes   de colapsar { [ 9262 ][ 1662 ][ 2014 ] } { [ 2529 ][ 2961 ][ 7224 ][ 2473 ] } { [ 4184 ][ 4610 ] } { [ 8332 ][ 1420 ] } { [ 457 ] } { [ 4916 ] } { [ 6639 ] } { [ 5487 ][ 5952 ] } { [ 664 ][ 5416 ] } { [ 735 ][ 740 ] } { [ 671 ] } { [ 5794 ] } { [ 6965 ] } { [ 8548 ] } { [ 5185 ] } { [ 9416 ] } { [ 1207 ] } { [ 1244 ] } { [ 6465 ] } { [ 180 ] } { [ 2464 ] } { [ 3878 ] } { [ 7865 ] }
despues de colapsar { [ 9262 ][ 1662 ][ 2014 ] } { [ 2529 ][ 2961 ][ 7224 ][ 2473 ] } { [ 4184 ][ 4610 ] } { [ 8332 ][ 1420 ] } { [ 457 ] } { [ 4916 ] } { [ 6639 ] } { [ 5487 ][ 5952 ] } { [ 664 ][ 5416 ] } { [ 735 ][ 740 ] } { [ 671 ] } { [ 5794 ] } { [ 6965 ] } { [ 8548 ] } { [ 5185 ] } { [ 9416 ] } { [ 1207 ] } { [ 1244 ] } { [ 6465 ] } { [ 180 ] } { [ 2464 ] } { [ 3878 ] } { [ 7865 ] }
antes   de filtrar: { [ 9262 ][ 1662 ][ 2014 ] } { [ 2529 ][ 2961 ][ 7224 ][ 2473 ] } { [ 4184 ][ 4610 ] } { [ 8332 ][ 1420 ] } { [ 457 ] } { [ 4916 ] } { [ 6639 ] } { [ 5487 ][ 5952 ] } { [ 664 ][ 5416 ] } { [ 735 ][ 740 ] } { [ 671 ] } { [ 5794 ] } { [ 6965 ] } { [ 8548 ] } { [ 5185 ][ 8182 ] } { [ 9416 ] } { [ 1207 ] } { [ 1244 ] } { [ 6465 ] } { [ 180 ] } { [ 2464 ] } { [ 3878 ] } { [ 7865 ] } { [ 8160 ] } { [ 4316 ] }
despues de filtrar: { [ 9262 ][ 1662 ][ 2014 ] } { [ 2529 ][ 2961 ][ 7224 ][ 2473 ] } { [ 4184 ][ 4610 ] } { [ 8332 ][ 1420 ] } { [ 457 ] } { [ 4916 ] } { [ 6639 ] } { [ 5487 ][ 5952 ] } { [ 664 ][ 5416 ] } { [ 735 ][ 740 ] } { [ 671 ] } { [ 5794 ] } { [ 6965 ] } { [ 8548 ] } { [ 5185 ][ 8182 ] } { [ 9416 ] } { [ 1244 ] } { [ 6465 ] } { [ 2464 ] } { [ 3878 ] } { [ 7865 ] } { [ 4316 ] }
antes   de colapsar { [ 9262 ][ 1662 ][ 2014 ] } { [ 2529 ][ 2961 ][ 7224 ][ 2473 ] } { [ 4184 ][ 4610 ] } { [ 8332 ][ 1420 ] } { [ 457 ] } { [ 4916 ] } { [ 6639 ] } { [ 5487 ][ 5952 ] } { [ 664 ][ 5416 ] } { [ 735 ][ 740 ] } { [ 671 ] } { [ 5794 ][ 607 ] } { [ 6965 ] } { [ 8548 ] } { [ 5185 ][ 8182 ] } { [ 9416 ] } { [ 1244 ] } { [ 6465 ] } { [ 2464 ] } { [ 3878 ] } { [ 7865 ] } { [ 4316 ] } { [ 6433 ] } { [ 3900 ] } { [ 2703 ] }
despues de colapsar { [ 9262 ][ 1662 ][ 2014 ] } { [ 2529 ][ 2961 ][ 7224 ][ 2473 ] } { [ 4184 ][ 4610 ] } { [ 8332 ][ 1420 ] } { [ 457 ] } { [ 4916 ] } { [ 6639 ] } { [ 5487 ][ 5952 ] } { [ 664 ][ 5416 ] } { [ 735 ][ 740 ] } { [ 671 ] } { [ 5794 ][ 607 ] } { [ 6965 ] } { [ 8548 ] } { [ 5185 ][ 8182 ] } { [ 9416 ] } { [ 1244 ] } { [ 6465 ] } { [ 2464 ] } { [ 3878 ] } { [ 7865 ] } { [ 4316 ] } { [ 6433 ] } { [ 3900 ] } { [ 2703 ] }
antes   de colapsar { [ 53.109618 ] } { [ 60.559203 ][ 8.747376 ] }
despues de colapsar { [ 53.109618 ] } { [ 8.325057 ] }
antes   de colapsar { [ 53.109618 ] } { [ 8.325057 ] } { [ 37.247014 ] } { [ 34.920955 ] }
despues de colapsar { [ 53.109618 ] } { [ 8.325057 ] } { [ 37.247014 ] } { [ 34.920955 ] }
antes   de filtrar: { [ 53.109618 ] } { [ 8.325057 ][ 6.071107 ] } { [ 37.247014 ] } { [ 34.920955 ] } { [ 9.161190 ] } { [ 44.292012 ][ 1.544717 ][ 35.790287 ] } { [ 37.614241 ] } { [ 14.719502 ] } { [ 12.456427 ] } { [ -17.677076 ] } { [ 68.456301 ] }
despues de filtrar: { [ 53.109618 ] } { [ 8.325057 ][ 6.071107 ] } { [ 37.247014 ] } { [ 9.161190 ] } { [ 44.292012 ][ 1.544717 ][ 35.790287 ] } { [ 12.456427 ] } { [ -17.677076 ] } { [ 68.456301 ] }
antes   de colapsar { [ 53.109618 ] } { [ 8.325057 ][ 6.071107 ] } { [ 37.247014 ] } { [ 9.161190 ] } { [ 44.292012 ][ 1.544717 ][ 35.790287 ] } { [ 12.456427 ] } { [ -17.677076 ] } { [ 68.456301 ] }
despues de colapsar { [ 53.109618 ] } { [ 8.325057 ][ 6.071107 ] } { [ 37.247014 ] } { [ 9.161190 ] } { [ 44.292012 ][ 1.544717 ][ 35.790287 ] } { [ 12.456427 ] } { [ -17.677076 ] } { [ 68.456301 ] }
antes   de colapsar { [ 53.109618 ] } { [ 8.325057 ][ 6.071107 ] } { [ 37.247014 ] } { [ 9.161190 ] } { [ 44.292012 ][ 1.544717 ][ 35.790287 ] } { [ 12.456427 ] } { [ -17.677076 ] } { [ 68.456301 ] } { [ 32.055923 ] }
despues de colapsar { [ 53.109618 ] } { [ 8.325057 ][ 6.071107 ] } { [ 37.247014 ] } { [ 9.161190 ] } { [ 44.292012 ][ 1.544717 ][ 35.790287 ] } { [ 12.456427 ] } { [ -17.677076 ] } { [ 68.456301 ] } { [ 32.055923 ] }
antes   de colapsar { [ 53.109618 ] } { [ 8.325057 ][ 6.071107 ] } { [ 37.247014 ] } { [ 9.161190 ] } { [ 44.292012 ][ 1.544717 ][ 35.790287 ] } { [ 12.456427 ] } { [ -17.677076 ] } { [ 68.456301 ] } { [ 32.055923 ] }
despues de colapsar { [ 53.109618 ] } { [ 8.325057 ][ 6.071107 ] } { [ 37.247014 ] } { [ 9.161190 ] } { [ 44.292012 ][ 1.544717 ][ 35.790287 ] } { [ 12.456427 ] } { [ -17.677076 ] } { [ 68.456301 ] } { [ 32.055923 ] }
antes   de filtrar: { [ 53.109618 ] } { [ 8.325057 ][ 6.071107 ] } { [ 37.247014 ] } { [ 9.161190 ] } { [ 44.292012 ][ 1.544717 ][ 35.790287 ] } { [ 12.456427 ] } { [ -17.677076 ] } { [ 68.456301 ] } { [ 32.055923 ] }
despues de filtrar: { [ 53.109618 ] } { [ 8.325057 ][ 6.071107 ] } { [ 37.247014 ] } { [ 9.161190 ] } { [ 44.292012 ][ 1.544717 ][ 35.790287 ] } { [ 12.456427 ] } { [ -17.677076 ] } { [ 68.456301 ] } { [ 32.055923 ] }
antes   de filtrar: { [ 53.109618 ] } { [ 8.325057 ][ 6.071107 ] } { [ 37.247014 ] } { [ 9.161190 ] } { [ 44.292012 ][ 1.544717 ][ 35.790287 ] } { [ 12.456427 ] } { [ -17.677076 ] } { [ 68.456301 ] } { [ 32.055923 ] }
despues de filtrar: { [ 53.109618 ] } { [ 8.325057 ][ 6.071107 ] } { [ 37.247014 ] } { [ 9.161190 ] } { [ 44.292012 ][ 1.544717 ][ 35.790287 ] } { [ 12.456427 ] } { [ -17.677076 ] } { [ 68.456301 ] } { [ 32.055923 ] }
antes   de filtrar: { [ 53.109618 ] } { [ 8.325057 ][ 6.071107 ] } { [ 37.247014 ][ -22.348044 ] } { [ 9.161190 ] } { [ 44.292012 ][ 1.544717 ][ 35.790287 ] } { [ 12.456427 ] } { [ -17.677076 ] } { [ 68.456301 ] } { [ 32.055923 ][ 18.134670 ] } { [ -20.348131 ] } { [ 28.248619 ] } { [ 7.615108 ] } { [ 22.026431 ] } { [ -3.181838 ] } { [ 28.657321 ][ 48.750324 ] } { [ 11.501790 ][ 72.562935 ][ 14.897947 ][ 46.472359 ] } { [ 61.675944 ][ 66.891217 ] } { [ 41.628464 ] } { [ 20.913221 ] } { [ 24.302930 ] } { [ 62.500636 ][ 74.280977 ] } { [ -24.319155 ] } { [ 46.091142 ] } { [ 45.185954 ] } { [ 65.398359 ] } { [ 26.099452 ] } { [ 18.487440 ] }
despues de filtrar: { [ 53.109618 ] } { [ 8.325057 ][ 6.071107 ] } { [ 37.247014 ][ -22.348044 ] } { [ 9.161190 ] } { [ 44.292012 ][ 1.544717 ][ 35.790287 ] } { [ 12.456427 ] } { [ -17.677076 ] } { [ 68.456301 ] } { [ 32.055923 ][ 18.134670 ] } { [ -20.348131 ] } { [ 28.248619 ] } { [ 22.026431 ] } { [ -3.181838 ] } { [ 24.302930 ] } { [ -24.319155 ] } { [ 46.091142 ] } { [ 45.185954 ] } { [ 65.398359 ] } { [ 26.099452 ] } { [ 18.487440 ] }
antes   de filtrar: { [ 53.109618 ] } { [ 8.325057 ][ 6.071107 ] } { [ 37.247014 ][ -22.348044 ] } { [ 9.161190 ] } { [ 44.292012 ][ 1.544717 ][ 35.790287 ] } { [ 12.456427 ] } { [ -17.677076 ] } { [ 68.456301 ] } { [ 32.055923 ][ 18.134670 ] } { [ -20.348131 ] } { [ 28.248619 ] } { [ 22.026431 ] } { [ -3.181838 ] } { [ 24.302930 ] } { [ -24.319155 ] } { [ 46.091142 ] } { [ 45.185954 ] } { [ 65.398359 ] } { [ 26.099452 ] } { [ 18.487440 ] }
despues de filtrar: { [ 53.109618 ] } { [ 8.325057 ][ 6.071107 ] } { [ 37.247014 ][ -22.348044 ] } { [ 9.161190 ] } { [ 44.292012 ][ 1.544717 ][ 35.790287 ] } { [ 12.456427 ] } { [ -17.677076 ] } { [ 68.456301 ] } { [ 32.055923 ][ 18.134670 ] } { [ -20.348131 ] } { [ 28.248619 ] } { [ 22.026431 ] } { [ -3.181838 ] } { [ 24.302930 ] } { [ -24.319155 ] } { [ 46.091142 ] } { [ 45.185954 ] } { [ 65.398359 ] } { [ 26.099452 ] } { [ 18.487440 ] }
antes   de colapsar { [ v59yrp ][ ugva942s ] } { [ lner2ph3c ][ lrh ] } { [ sq0c ] } { [ 76l9a ] } { [ qipt ] } { [ aeji4cj2p9 ] } { [ hg72s9h ] } { [ kv70uyad6 ] } { [ eqdhywt0x ] } { [ 4wfb2bk ] } { [ 1jrb ] } { [ nx0regb4 ] } { [ qg ] } { [ ipx ] }
despues de colapsar { [ vu5g9vyar9 ] } { [ llnrehr2ph ] } { [ sq0c ] } { [ 76l9a ] } { [ qipt ] } { [ aeji4cj2p9 ] } { [ hg72s9h ] } { [ kv70uyad6 ] } { [ eqdhywt0x ] } { [ 4wfb2bk ] } { [ 1jrb ] } { [ nx0regb4 ] } { [ qg ] } { [ ipx ] }
antes   de colapsar { [ vu5g9vyar9 ] } { [ llnrehr2ph ] } { [ sq0c ][ 82 ] } { [ 76l9a ] } { [ qipt ][ bkt4lu0d ] } { [ aeji4cj2p9 ] } { [ hg72s9h ] } { [ kv70uyad6 ] } { [ eqdhywt0x ] } { [ 4wfb2bk ] } { [ 1jrb ][ ylek7 ] } { [ nx0regb4 ] } { [ qg ] } { [ ipx ] } { [ sb88ts ] } { [ r0 ] } { [ e26a3 ] } { [ kyn ] } { [ 548u ] } { [ bder2pvp ] } { [ qwl11 ] } { [ 8m3nc0lt ] } { [ o9g5ym ] } { [ wsyngy8 ] } { [ uwueim1qn ][ 2 ] } { [ vm2j ] }
despues de colapsar { [ vu5g9vyar9 ] } { [ llnrehr2ph ] } { [ s8q20c ] } { [ 76l9a ] } { [ qipt ][ bkt4lu0d ] } { [ aeji4cj2p9 ] } { [ hg72s9h ] } { [ kv70uyad6 ] } { [ eqdhywt0x ] } { [ 4wfb2bk ] } { [ 1yjlrebk7 ] } { [ nx0regb4 ] } { [ qg ] } { [ ipx ] } { [ sb88ts ] } { [ r0 ] } { [ e26a3 ] } { [ kyn ] } { [ 548u ] } { [ bder2pvp ] } { [ qwl11 ] } { [ 8m3nc0lt ] } { [ o9g5ym ] } { [ wsyngy8 ] } { [ u2wueim1qn ] } { [ vm2j ] }
antes   de filtrar: { [ vu5g9vyar9 ] } { [ llnrehr2ph ] } { [ s8q20c ] } { [ 76l9a ] } { [ qipt ][ bkt4lu0d ] } { [ aeji4cj2p9 ] } { [ hg72s9h ] } { [ kv70uyad6 ] } { [ eqdhywt0x ][ qsmddi5 ] } { [ 4wfb2bk ] } { [ 1yjlrebk7 ] } { [ nx0regb4 ] } { [ qg ] } { [ ipx ] } { [ sb88ts ] } { [ r0 ] } { [ e26a3 ] } { [ kyn ] } { [ 548u ] } { [ bder2pvp ] } { [ qwl11 ] } { [ 8m3nc0lt ] } { [ o9g5ym ] } { [ wsyngy8 ] } { [ u2wueim1qn ] } { [ vm2j ] } { [ 3duhmv4 ] } { [ pvflen89 ] }
despues de filtrar: { [ qipt ][ bkt4lu0d ] } { [ qg ] } { [ ipx ] } { [ kyn ] }
antes   de colapsar { [ qipt ][ bkt4lu0d ] } { [ qg ] } { [ ipx ] } { [ kyn ] }
despues de colapsar { [ qipt ][ bkt4lu0d ] } { [ qg ] } { [ ipx ] } { [ kyn ] }
antes   de filtrar: { [ qipt ][ bkt4lu0d ] } { [ qg ] } { [ ipx ] } { [ kyn ] }
despues de filtrar: { [ qipt ][ bkt4lu0d ] } { [ qg ] } { [ ipx ] } { [ kyn ] }
antes   de filtrar: { [ qipt ][ bkt4lu0d ][ p4f4f ][ m9epr ] } { [ qg ] } { [ ipx ] } { [ kyn ][ eywu621 ] }
despues de filtrar: { [ qipt ][ bkt4lu0d ][ p4f4f ][ m9epr ] } { [ qg ] } { [ ipx ] } { [ kyn ][ eywu621 ] }
antes   de colapsar { [ qipt ][ bkt4lu0d ][ p4f4f ][ m9epr ][ b3k9ah2 ][ q ] } { [ qg ][ ls24xbb2 ] } { [ ipx ] } { [ kyn ][ eywu621 ] } { [ jhenw8git ] }
despues de colapsar { [ qipt ][ bkt4lu0d ][ p4f4f ][ m9epr ][ b3k9ah2 ][ q ] } { [ qg ][ ls24xbb2 ] } { [ ipx ] } { [ kyn ][ eywu621 ] } { [ jhenw8git ] }
antes   de colapsar { [ qipt ][ bkt4lu0d ][ p4f4f ][ m9epr ][ b3k9ah2 ][ q ] } { [ qg ][ ls24xbb2 ] } { [ ipx ] } { [ kyn ][ eywu621 ] } { [ jhenw8git ] }
despues de colapsar { [ qipt ][ bkt4lu0d ][ p4f4f ][ m9epr ][ b3k9ah2 ][ q ] } { [ qg ][ ls24xbb2 ] } { [ ipx ] } { [ kyn ][ eywu621 ] } { [ jhenw8git ] }
antes   de filtrar: { [ qipt ][ bkt4lu0d ][ p4f4f ][ m9epr ][ b3k9ah2 ][ q ] } { [ qg ][ ls24xbb2 ] } { [ ipx ] } { [ kyn ][ eywu621 ] } { [ jhenw8git ] } { [ 8mdsvypgfe ] } { [ ogm ] } { [ u ] }
despues de filtrar: { [ qipt ][ bkt4lu0d ][ p4f4f ][ m9epr ][ b3k9ah2 ][ q ] } { [ qg ][ ls24xbb2 ] } { [ ipx ] } { [ kyn ][ eywu621 ] } { [ ogm ] } { [ u ] }
antes   de filtrar: { [ qipt ][ bkt4lu0d ][ p4f4f ][ m9epr ][ b3k9ah2 ][ q ] } { [ qg ][ ls24xbb2 ] } { [ ipx ][ 2yi7vuuey ] } { [ kyn ][ eywu621 ] } { [ ogm ] } { [ u ] } { [ 4mgyp8yb ] }
despues de filtrar: { [ qipt ][ bkt4lu0d ][ p4f4f ][ m9epr ][ b3k9ah2 ][ q ] } { [ qg ][ ls24xbb2 ] } { [ ipx ][ 2yi7vuuey ] } { [ kyn ][ eywu621 ] } { [ ogm ] } { [ u ] }
antes   de colapsar <vacia>
despues de colapsar <vacia>
antes   de filtrar: { [ 23.733835 ][ 33.743683 ] } { [ 0.934241 ] } { [ -23.313905 ] } { [ 10.572365 ] } { [ 27.378568 ][ 55.852169 ] } { [ -19.036402 ] } { [ 17.765489 ] }
despues de filtrar: { [ -23.313905 ] } { [ 27.378568 ][ 55.852169 ] } { [ -19.036402 ] }
antes   de filtrar: { [ -23.313905 ] } { [ 27.378568 ][ 55.852169 ] } { [ -19.036402 ] }
despues de filtrar: { [ -23.313905 ] } { [ 27.378568 ][ 55.852169 ] } { [ -19.036402 ] }
antes   de colapsar { [ -23.313905 ] } { [ 27.378568 ][ 55.852169 ] } { [ -19.036402 ] } { [ 5.967393 ] }
despues de colapsar { [ -23.313905 ] } { [ 27.378568 ][ 55.852169 ] } { [ -19.036402 ] } { [ 5.967393 ] }
antes   de colapsar { [ -23.313905 ] } { [ 27.378568 ][ 55.852169 ][ 45.428767 ] } { [ -19.036402 ][ -4.628447 ] } { [ 5.967393 ] } { [ -13.286029 ] } { [ -7.157100 ][ 40.235393 ][ 40.500404 ] } { [ 63.912321 ][ 46.339044 ] } { [ 22.911177 ] } { [ -13.440961 ] }
despues de colapsar { [ -23.313905 ] } { [ 27.378568 ][ 55.852169 ][ 45.428767 ] } { [ -19.036402 ][ -4.628447 ] } { [ 5.967393 ] } { [ -13.286029 ] } { [ -7.157100 ][ 40.235393 ][ 40.500404 ] } { [ 10.500065 ] } { [ 22.911177 ] } { [ -13.440961 ] }
antes   de filtrar: { [ -23.313905 ] } { [ 27.378568 ][ 55.852169 ][ 45.428767 ] } { [ -19.036402 ][ -4.628447 ] } { [ 5.967393 ] } { [ -13.286029 ] } { [ -7.157100 ][ 40.235393 ][ 40.500404 ] } { [ 10.500065 ][ 0.841340 ] } { [ 22.911177 ] } { [ -13.440961 ] } { [ -8.038566 ] } { [ 39.350866 ] } { [ 3.004424 ] }
despues de filtrar: { [ -23.313905 ] } { [ 27.378568 ][ 55.852169 ][ 45.428767 ] } { [ -19.036402 ][ -4.628447 ] } { [ -13.286029 ] } { [ -7.157100 ][ 40.235393 ][ 40.500404 ] } { [ -13.440961 ] } { [ -8.038566 ] } { [ 39.350866 ] } { [ 3.004424 ] }
antes   de colapsar { [ -23.313905 ] } { [ 27.378568 ][ 55.852169 ][ 45.428767 ] } { [ -19.036402 ][ -4.628447 ][ 4.747052 ] } { [ -13.286029 ][ 41.134496 ][ -3.505066 ] } { [ -7.157100 ][ 40.235393 ][ 40.500404 ] } { [ -13.440961 ][ 68.369394 ] } { [ -8.038566 ] } { [ 39.350866 ] } { [ 3.004424 ] } { [ 33.108772 ] }
despues de colapsar { [ -23.313905 ] } { [ 27.378568 ][ 55.852169 ][ 45.428767 ] } { [ -19.036402 ][ -4.628447 ][ 4.747052 ] } { [ -13.286029 ][ 41.134496 ][ -3.505066 ] } { [ -7.157100 ][ 40.235393 ][ 40.500404 ] } { [ -13.440961 ][ 68.369394 ] } { [ -8.038566 ] } { [ 39.350866 ] } { [ 3.004424 ] } { [ 33.108772 ] }
antes   de colapsar { [ -23.313905 ] } { [ 27.378568 ][ 55.852169 ][ 45.428767 ] } { [ -19.036402 ][ -4.628447 ][ 4.747052 ] } { [ -13.286029 ][ 41.134496 ][ -3.505066 ] } { [ -7.157100 ][ 40.235393 ][ 40.500404 ] } { [ -13.440961 ][ 68.369394 ] } { [ -8.038566 ] } { [ 39.350866 ] } { [ 3.004424 ] } { [ 33.108772 ] } { [ -19.446008 ] } { [ 6.352762 ] } { [ 52.466634 ] } { [ 6.180813 ] } { [ 26.609381 ] } { [ -23.183057 ] } { [ 17.362404 ] } { [ 22.191242 ] }
despues de colapsar { [ -23.313905 ] } { [ 27.378568 ][ 55.852169 ][ 45.428767 ] } { [ -19.036402 ][ -4.628447 ][ 4.747052 ] } { [ -13.286029 ][ 41.134496 ][ -3.505066 ] } { [ -7.157100 ][ 40.235393 ][ 40.500404 ] } { [ -13.440961 ][ 68.369394 ] } { [ -8.038566 ] } { [ 39.350866 ] } { [ 3.004424 ] } { [ 33.108772 ] } { [ -19.446008 ] } { [ 6.352762 ] } { [ 52.466634 ] } { [ 6.180813 ] } { [ 26.609381 ] } { [ -23.183057 ] } { [ 17.362404 ] } { [ 22.191242 ] }
antes   de filtrar: { [ -23.313905 ] } { [ 27.378568 ][ 55.852169 ][ 45.428767 ] } { [ -19.036402 ][ -4.628447 ][ 4.747052 ] } { [ -13.286029 ][ 41.134496 ][ -3.505066 ] } { [ -7.157100 ][ 40.235393 ][ 40.500404 ] } { [ -13.440961 ][ 68.369394 ] } { [ -8.038566 ] } { [ 39.350866 ] } { [ 3.004424 ] } { [ 33.108772 ][ 37.134457 ] } { [ -19.446008 ] } { [ 6.352762 ] } { [ 52.466634 ] } { [ 6.180813 ] } { [ 26.609381 ] } { [ -23.183057 ] } { [ 17.362404 ] } { [ 22.191242 ] } { [ -13.031572 ] } { [ 34.315975 ] }
despues de filtrar: { [ -23.313905 ] } { [ 27.378568 ][ 55.852169 ][ 45.428767 ] } { [ -19.036402 ][ -4.628447 ][ 4.747052 ] } { [ -13.286029 ][ 41.134496 ][ -3.505066 ] } { [ -7.157100 ][ 40.235393 ][ 40.500404 ] } { [ -13.440961 ][ 68.369394 ] } { [ -8.038566 ] } { [ 39.350866 ] } { [ 3.004424 ] } { [ 33.108772 ][ 37.134457 ] } { [ -19.446008 ] } { [ 6.352762 ] } { [ 52.466634 ] } { [ 6.180813 ] } { [ -23.183057 ] } { [ 17.362404 ] } { [ 22.191242 ] } { [ -13.031572 ] } { [ 34.315975 ] }
antes   de filtrar: { [ -23.313905 ] } { [ 27.378568 ][ 55.852169 ][ 45.428767 ] } { [ -19.036402 ][ -4.628447 ][ 4.747052 ] } { [ -13.286029 ][ 41.134496 ][ -3.505066 ][ 59.673365 ] } { [ -7.157100 ][ 40.235393 ][ 40.500404 ] } { [ -13.440961 ][ 68.369394 ] } { [ -8.038566 ] } { [ 39.350866 ] } { [ 3.004424 ] } { [ 33.108772 ][ 37.134457 ] } { [ -19.446008 ] } { [ 6.352762 ] } { [ 52.466634 ] } { [ 6.180813 ] } { [ -23.183057 ] } { [ 17.362404 ] } { [ 22.191242 ] } { [ -13.031572 ] } { [ 34.315975 ] } { [ 25.426192 ] } { [ 2.600476 ] } { [ -0.742426 ] } { [ 42.260927 ] } { [ -2.284167 ] } { [ 60.767003 ] }
despues de filtrar: { [ -23.313905 ] } { [ 27.378568 ][ 55.852169 ][ 45.428767 ] } { [ -19.036402 ][ -4.628447 ][ 4.747052 ] } { [ -13.286029 ][ 41.134496 ][ -3.505066 ][ 59.673365 ] } { [ -7.157100 ][ 40.235393 ][ 40.500404 ] } { [ -13.440961 ][ 68.369394 ] } { [ -8.038566 ] } { [ 39.350866 ] } { [ 3.004424 ] } { [ 33.108772 ][ 37.134457 ] } { [ -19.446008 ] } { [ 6.352762 ] } { [ 52.466634 ] } { [ 6.180813 ] } { [ -23.183057 ] } { [ 17.362404 ] } { [ 22.191242 ] } { [ -13.031572 ] } { [ 34.315975 ] } { [ 25.426192 ] } { [ -0.742426 ] } { [ 42.260927 ] } { [ -2.284167 ] }
