antes   de colapsar { [ 5081 ][ 9272 ] } { [ 2951 ] } { [ 9469 ] } { [ 3687 ] } { [ 469 ] } { [ 5103 ][ 5418 ] } { [ 2317 ] } { [ 6724 ] } { [ 216 ] }
despues de colapsar { [ 6863 ] } { [ 2951 ] } { [ 9469 ] } { [ 3687 ] } { [ 469 ] } { [ 5258 ] } { [ 2317 ] } { [ 6724 ] } { [ 216 ] }
antes   de colapsar { [ 6863 ] } { [ 2951 ] } { [ 9469 ] } { [ 3687 ] } { [ 469 ] } { [ 5258 ] } { [ 2317 ] } { [ 6724 ] } { [ 216 ] } { [ 6275 ] } { [ 5597 ] } { [ 432 ] }
despues de colapsar { [ 6863 ] } { [ 2951 ] } { [ 9469 ] } { [ 3687 ] } { [ 469 ] } { [ 5258 ] } { [ 2317 ] } { [ 6724 ] } { [ 216 ] } { [ 6275 ] } { [ 5597 ] } { [ 432 ] }
antes   de colapsar { [ 6863 ] } { [ 2951 ] } { [ 9469 ] } { [ 3687 ] } { [ 469 ] } { [ 5258 ] } { [ 2317 ] } { [ 6724 ] } { [ 216 ] } { [ 6275 ] } { [ 5597 ] } { [ 432 ] }
despues de colapsar { [ 6863 ] } { [ 2951 ] } { [ 9469 ] } { [ 3687 ] } { [ 469 ] } { [ 5258 ] } { [ 2317 ] } { [ 6724 ] } { [ 216 ] } { [ 6275 ] } { [ 5597 ] } { [ 432 ] }
antes   de filtrar: { [ 6863 ] } { [ 2951 ] } { [ 9469 ] } { [ 3687 ] } { [ 469 ][ 6071 ] } { [ 5258 ] } { [ 2317 ] } { [ 6724 ] } { [ 216 ] } { [ 6275 ] } { [ 5597 ] } { [ 432 ] }
despues de filtrar: { [ 6863 ] } { [ 2951 ] } { [ 9469 ] } { [ 3687 ] } { [ 469 ][ 6071 ] } { [ 5258 ] } { [ 2317 ] } { [ 6724 ] } { [ 216 ] } { [ 6275 ] } { [ 5597 ] } { [ 432 ] }
antes   de filtrar: { [ 6863 ][ 9280 ][ 9737 ] } { [ 2951 ] } { [ 9469 ] } { [ 3687 ][ 2793 ][ 7544 ] } { [ 469 ][ 6071 ] } { [ 5258 ] } { [ 2317 ] } { [ 6724 ] } { [ 216 ][ 4458 ] } { [ 6275 ] } { [ 5597 ] } { [ 432 ][ 4130 ] } { [ 1420 ] } { [ 4812 ] } { [ 5973 ] } { [ 4122 ] } { [ 6166 ] } { [ 264 ] } { [ 6764 ] } { [ 9765 ] } { [ 2799 ] } { [ 8036 ] } { [ 2395 ] }
despues de filtrar: { [ 6863 ][ 9280 ][ 9737 ] } { [ 2951 ] } { [ 9469 ] } { [ 3687 ][ 2793 ][ 7544 ] } { [ 469 ][ 6071 ] } { [ 5258 ] } { [ 2317 ] } { [ 6724 ] } { [ 216 ][ 4458 ] } { [ 6275 ] } { [ 5597 ] } { [ 432 ][ 4130 ] } { [ 4812 ] } { [ 5973 ] } { [ 4122 ] } { [ 6166 ] } { [ 264 ] } { [ 6764 ] } { [ 9765 ] } { [ 2799 ] } { [ 2395 ] }
antes   de filtrar: { [ 6863 ][ 9280 ][ 9737 ] } { [ 2951 ] } { [ 9469 ] } { [ 3687 ][ 2793 ][ 7544 ] } { [ 469 ][ 6071 ] } { [ 5258 ] } { [ 2317 ] } { [ 6724 ] } { [ 216 ][ 4458 ] } { [ 6275 ] } { [ 5597 ] } { [ 432 ][ 4130 ] } { [ 4812 ] } { [ 5973 ] } { [ 4122 ] } { [ 6166 ] } { [ 264 ] } { [ 6764 ] } { [ 9765 ] } { [ 2799 ] } { [ 2395 ] } { [ 2104 ] } { [ 930 ][ 7710 ] } { [ 7515 ] } { [ 5773 ] } { [ 4992 ] }
despues de filtrar: { [ 6863 ][ 9280 ][ 9737 ] } { [ 2951 ] } { [ 9469 ] } { [ 3687 ][ 2793 ][ 7544 ] } { [ 469 ][ 6071 ] } { [ 5258 ] } { [ 2317 ] } { [ 6724 ] } { [ 216 ][ 4458 ] } { [ 6275 ] } { [ 5597 ] } { [ 432 ][ 4130 ] } { [ 4812 ] } { [ 5973 ] } { [ 4122 ] } { [ 6166 ] } { [ 264 ] } { [ 6764 ] } { [ 9765 ] } { [ 2799 ] } { [ 2395 ] } { [ 7515 ] } { [ 5773 ] } { [ 4992 ] }
antes   de colapsar { [ 6863 ][ 9280 ][ 9737 ] } { [ 2951 ] } { [ 9469 ] } { [ 3687 ][ 2793 ][ 7544 ] } { [ 469 ][ 6071 ] } { [ 5258 ] } { [ 2317 ] } { [ 6724 ] } { [ 216 ][ 4458 ] } { [ 6275 ] } { [ 5597 ] } { [ 432 ][ 4130 ] } { [ 4812 ] } { [ 5973 ] } { [ 4122 ] } { [ 6166 ] } { [ 264 ] } { [ 6764 ] } { [ 9765 ] } { [ 2799 ] } { [ 2395 ] } { [ 7515 ] } { [ 5773 ] } { [ 4992 ] } { [ 9896 ] }
despues de colapsar { [ 6863 ][ 9280 ][ 9737 ] } { [ 2951 ] } { [ 9469 ] } { [ 3687 ][ 2793 ][ 7544 ] } { [ 469 ][ 6071 ] } { [ 5258 ] } { [ 2317 ] } { [ 6724 ] } { [ 216 ][ 4458 ] } { [ 6275 ] } { [ 5597 ] } { [ 432 ][ 4130 ] } { [ 4812 ] } { [ 5973 ] } { [ 4122 ] } { [ 6166 ] } { [ 264 ] } { [ 6764 ] } { [ 9765 ] } { [ 2799 ] } { [ 2395 ] } { [ 7515 ] } { [ 5773 ] } { [ 4992 ] } { [ 9896 ] }
antes   de filtrar: { [ 6863 ][ 9280 ][ 9737 ] } { [ 2951 ] } { [ 9469 ] } { [ 3687 ][ 2793 ][ 7544 ] } { [ 469 ][ 6071 ] } { [ 5258 ] } { [ 2317 ] } { [ 6724 ] } { [ 216 ][ 4458 ] } { [ 6275 ] } { [ 5597 ] } { [ 432 ][ 4130 ] } { [ 4812 ] } { [ 5973 ] } { [ 4122 ] } { [ 6166 ] } { [ 264 ] } { [ 6764 ] } { [ 9765 ] } { [ 2799 ] } { [ 2395 ] } { [ 7515 ] } { [ 5773 ] } { [ 4992 ] } { [ 9896 ] }
despues de filtrar: { [ 6863 ][ 9280 ][ 9737 ] } { [ 2951 ] } { [ 9469 ] } { [ 3687 ][ 2793 ][ 7544 ] } { [ 469 ][ 6071 ] } { [ 5258 ] } { [ 2317 ] } { [ 6724 ] } { [ 216 ][ 4458 ] } { [ 6275 ] } { [ 5597 ] } { [ 432 ][ 4130 ] } { [ 4812 ] } { [ 5973 ] } { [ 4122 ] } { [ 6166 ] } { [ 264 ] } { [ 6764 ] } { [ 9765 ] } { [ 2799 ] } { [ 2395 ] } { [ 7515 ] } { [ 5773 ] } { [ 4992 ] } { [ 9896 ] }
antes   de filtrar: { [ 6863 ][ 9280 ][ 9737 ] } { [ 2951 ] } { [ 9469 ] } { [ 3687 ][ 2793 ][ 7544 ][ 6870 ] } { [ 469 ][ 6071 ] } { [ 5258 ] } { [ 2317 ] } { [ 6724 ] } { [ 216 ][ 4458 ] } { [ 6275 ] } { [ 5597 ] } { [ 432 ][ 4130 ] } { [ 4812 ] } { [ 5973 ] } { [ 4122 ] } { [ 6166 ] } { [ 264 ] } { [ 6764 ] } { [ 9765 ] } { [ 2799 ] } { [ 2395 ] } { [ 7515 ] } { [ 5773 ] } { [ 4992 ] } { [ 9896 ] } { [ 3174 ] }
despues de filtrar: { [ 6863 ][ 9280 ][ 9737 ] } { [ 2951 ] } { [ 9469 ] } { [ 3687 ][ 2793 ][ 7544 ][ 6870 ] } { [ 469 ][ 6071 ] } { [ 5258 ] } { [ 2317 ] } { [ 6724 ] } { [ 216 ][ 4458 ] } { [ 6275 ] } { [ 5597 ] } { [ 432 ][ 4130 ] } { [ 4812 ] } { [ 5973 ] } { [ 4122 ] } { [ 6166 ] } { [ 264 ] } { [ 6764 ] } { [ 9765 ] } { [ 2799 ] } { [ 2395 ] } { [ 7515 ] } { [ 5773 ] } { [ 4992 ] } { [ 9896 ] } { [ 3174 ] }
antes   de colapsar { [ 6863 ][ 9280 ][ 9737 ] } { [ 2951 ] } { [ 9469 ] } { [ 3687 ][ 2793 ][ 7544 ][ 6870 ] } { [ 469 ][ 6071 ] } { [ 5258 ] } { [ 2317 ] } { [ 6724 ] } { [ 216 ][ 4458 ] } { [ 6275 ] } { [ 5597 ] } { [ 432 ][ 4130 ] } { [ 4812 ] } { [ 5973 ] } { [ 4122 ] } { [ 6166 ] } { [ 264 ] } { [ 6764 ] } { [ 9765 ] } { [ 2799 ] } { [ 2395 ] } { [ 7515 ] } { [ 5773 ] } { [ 4992 ] } { [ 9896 ] } { [ 3174 ] }
despues de colapsar { [ 6863 ][ 9280 ][ 9737 ] } { [ 2951 ] } { [ 9469 ] } { [ 3687 ][ 2793 ][ 7544 ][ 6870 ] } { [ 469 ][ 6071 ] } { [ 5258 ] } { [ 2317 ] } { [ 6724 ] } { [ 216 ][ 4458 ] } { [ 6275 ] } { [ 5597 ] } { [ 432 ][ 4130 ] } { [ 4812 ] } { [ 5973 ] } { [ 4122 ] } { [ 6166 ] } { [ 264 ] } { [ 6764 ] } { [ 9765 ] } { [ 2799 ] } { [ 2395 ] } { [ 7515 ] } { [ 5773 ] } { [ 4992 ] } { [ 9896 ] } { [ 3174 ] }
antes   de colapsar { [ -20.402485 ] } { [ 44.469018 ] } { [ -12.602280 ][ 23.666574 ] } { [ 39.305302 ] }
despues de colapsar { [ -20.402485 ] } { [ 44.469018 ] } { [ -12.602280 ][ 23.666574 ] } { [ 39.305302 ] }
antes   de filtrar: { [ -20.402485 ] } { [ 44.469018 ] } { [ -12.602280 ][ 23.666574 ][ 4.206099 ] } { [ 39.305302 ][ 69.282108 ] } { [ 5.382478 ] } { [ 14.693899 ] } { [ 73.956226 ] } { [ 4.337457 ][ 51.529640 ] } { [ 64.914671 ] }
despues de filtrar: { [ -20.402485 ] } { [ 44.469018 ] } { [ -12.602280 ][ 23.666574 ][ 4.206099 ] } { [ 39.305302 ][ 69.282108 ] } { [ 5.382478 ] } { [ 4.337457 ][ 51.529640 ] }
antes   de filtrar: { [ -20.402485 ] } { [ 44.469018 ] } { [ -12.602280 ][ 23.666574 ][ 4.206099 ][ -20.657674 ] } { [ 39.305302 ][ 69.282108 ] } { [ 5.382478 ][ 14.381322 ] } { [ 4.337457 ][ 51.529640 ] } { [ 54.318725 ] } { [ 40.499450 ][ 71.522501 ][ 51.728382 ] } { [ -0.402351 ][ -6.391954 ] }
despues de filtrar: { [ -20.402485 ] } { [ 44.469018 ] } { [ -12.602280 ][ 23.666574 ][ 4.206099 ][ -20.657674 ] } { [ 39.305302 ][ 69.282108 ] } { [ 5.382478 ][ 14.381322 ] } { [ 4.337457 ][ 51.529640 ] } { [ 54.318725 ] } { [ 40.499450 ][ 71.522501 ][ 51.728382 ] } { [ -0.402351 ][ -6.391954 ] }
antes   de colapsar { [ -20.402485 ] } { [ 44.469018 ] } { [ -12.602280 ][ 23.666574 ][ 4.206099 ][ -20.657674 ] } { [ 39.305302 ][ 69.282108 ] } { [ 5.382478 ][ 14.381322 ] } { [ 4.337457 ][ 51.529640 ] } { [ 54.318725 ] } { [ 40.499450 ][ 71.522501 ][ 51.728382 ] } { [ -0.402351 ][ -6.391954 ] } { [ 34.915723 ] } { [ 1.549065 ] } { [ 61.619497 ] }
despues de colapsar { [ -20.402485 ] } { [ 44.469018 ] } { [ -12.602280 ][ 23.666574 ][ 4.206099 ][ -20.657674 ] } { [ 39.305302 ][ 69.282108 ] } { [ 5.382478 ][ 14.381322 ] } { [ 4.337457 ][ 51.529640 ] } { [ 54.318725 ] } { [ 40.499450 ][ 71.522501 ][ 51.728382 ] } { [ -0.402351 ][ -6.391954 ] } { [ 34.915723 ] } { [ 1.549065 ] } { [ 61.619497 ] }
antes   de colapsar { [ -20.402485 ] } { [ 44.469018 ] } { [ -12.602280 ][ 23.666574 ][ 4.206099 ][ -20.657674 ] } { [ 39.305302 ][ 69.282108 ] } { [ 5.382478 ][ 14.381322 ] } { [ 4.337457 ][ 51.529640 ] } { [ 54.318725 ] } { [ 40.499450 ][ 71.522501 ][ 51.728382 ] } { [ -0.402351 ][ -6.391954 ] } { [ 34.915723 ] } { [ 1.549065 ] } { [ 61.619497 ] }
despues de colapsar { [ -20.402485 ] } { [ 44.469018 ] } { [ -12.602280 ][ 23.666574 ][ 4.206099 ][ -20.657674 ] } { [ 39.305302 ][ 69.282108 ] } { [ 5.382478 ][ 14.381322 ] } { [ 4.337457 ][ 51.529640 ] } { [ 54.318725 ] } { [ 40.499450 ][ 71.522501 ][ 51.728382 ] } { [ -0.402351 ][ -6.391954 ] } { [ 34.915723 ] } { [ 1.549065 ] } { [ 61.619497 ] }
antes   de filtrar: { [ -20.402485 ] } { [ 44.469018 ] } { [ -12.602280 ][ 23.666574 ][ 4.206099 ][ -20.657674 ] } { [ 39.305302 ][ 69.282108 ] } { [ 5.382478 ][ 14.381322 ] } { [ 4.337457 ][ 51.529640 ] } { [ 54.318725 ] } { [ 40.499450 ][ 71.522501 ][ 51.728382 ] } { [ -0.402351 ][ -6.391954 ] } { [ 34.915723 ] } { [ 1.549065 ] } { [ 61.619497 ] }
despues de filtrar: { [ -20.402485 ] } { [ 44.469018 ] } { [ -12.602280 ][ 23.666574 ][ 4.206099 ][ -20.657674 ] } { [ 39.305302 ][ 69.282108 ] } { [ 5.382478 ][ 14.381322 ] } { [ 4.337457 ][ 51.529640 ] } { [ 54.318725 ] } { [ 40.499450 ][ 71.522501 ][ 51.728382 ] } { [ -0.402351 ][ -6.391954 ] }
antes   de filtrar: { [ -20.402485 ] } { [ 44.469018 ] } { [ -12.602280 ][ 23.666574 ][ 4.206099 ][ -20.657674 ] } { [ 39.305302 ][ 69.282108 ] } { [ 5.382478 ][ 14.381322 ] } { [ 4.337457 ][ 51.529640 ] } { [ 54.318725 ] } { [ 40.499450 ][ 71.522501 ][ 51.728382 ] } { [ -0.402351 ][ -6.391954 ] } { [ 50.790050 ] } { [ 18.933774 ] } { [ 64.287695 ] } { [ -7.327263 ] } { [ 49.682386 ] } { [ -15.327132 ] } { [ 30.628335 ] } { [ 54.506086 ] } { [ 74.859854 ] } { [ 6.801264 ] }
despues de filtrar: { [ -20.402485 ] } { [ 44.469018 ] } { [ -12.602280 ][ 23.666574 ][ 4.206099 ][ -20.657674 ] } { [ 39.305302 ][ 69.282108 ] } { [ 5.382478 ][ 14.381322 ] } { [ 4.337457 ][ 51.529640 ] } { [ 54.318725 ] } { [ 40.499450 ][ 71.522501 ][ 51.728382 ] } { [ -0.402351 ][ -6.391954 ] } { [ 64.287695 ] } { [ -7.327263 ] } { [ -15.327132 ] }
antes   de colapsar { [ -20.402485 ] } { [ 44.469018 ] } { [ -12.602280 ][ 23.666574 ][ 4.206099 ][ -20.657674 ] } { [ 39.305302 ][ 69.282108 ] } { [ 5.382478 ][ 14.381322 ] } { [ 4.337457 ][ 51.529640 ] } { [ 54.318725 ] } { [ 40.499450 ][ 71.522501 ][ 51.728382 ] } { [ -0.402351 ][ -6.391954 ] } { [ 64.287695 ] } { [ -7.327263 ] } { [ -15.327132 ] } { [ 30.236129 ] } { [ 46.966762 ][ 3.639654 ] }
despues de colapsar { [ -20.402485 ] } { [ 44.469018 ] } { [ -12.602280 ][ 23.666574 ][ 4.206099 ][ -20.657674 ] } { [ 39.305302 ][ 69.282108 ] } { [ 5.382478 ][ 14.381322 ] } { [ 4.337457 ][ 51.529640 ] } { [ 54.318725 ] } { [ 40.499450 ][ 71.522501 ][ 51.728382 ] } { [ -0.402351 ][ -6.391954 ] } { [ 64.287695 ] } { [ -7.327263 ] } { [ -15.327132 ] } { [ 30.236129 ] } { [ 7.113819 ] }
antes   de colapsar { [ -20.402485 ][ 19.990459 ] } { [ 44.469018 ] } { [ -12.602280 ][ 23.666574 ][ 4.206099 ][ -20.657674 ][ 38.560533 ] } { [ 39.305302 ][ 69.282108 ] } { [ 5.382478 ][ 14.381322 ] } { [ 4.337457 ][ 51.529640 ] } { [ 54.318725 ] } { [ 40.499450 ][ 71.522501 ][ 51.728382 ] } { [ -0.402351 ][ -6.391954 ] } { [ 64.287695 ] } { [ -7.327263 ] } { [ -15.327132 ][ -4.357246 ] } { [ 30.236129 ] } { [ 7.113819 ] } { [ 19.973079 ] } { [ 69.381308 ] } { [ 71.285219 ] }
despues de colapsar { [ -20.402485 ][ 19.990459 ] } { [ 44.469018 ] } { [ -12.602280 ][ 23.666574 ][ 4.206099 ][ -20.657674 ][ 38.560533 ] } { [ 39.305302 ][ 69.282108 ] } { [ 5.382478 ][ 14.381322 ] } { [ 4.337457 ][ 51.529640 ] } { [ 54.318725 ] } { [ 40.499450 ][ 71.522501 ][ 51.728382 ] } { [ -0.402351 ][ -6.391954 ] } { [ 64.287695 ] } { [ -7.327263 ] } { [ -15.327132 ][ -4.357246 ] } { [ 30.236129 ] } { [ 7.113819 ] } { [ 19.973079 ] } { [ 69.381308 ] } { [ 71.285219 ] }
antes   de filtrar: { [ -20.402485 ][ 19.990459 ] } { [ 44.469018 ] } { [ -12.602280 ][ 23.666574 ][ 4.206099 ][ -20.657674 ][ 38.560533 ] } { [ 39.305302 ][ 69.282108 ][ 43.552449 ] } { [ 5.382478 ][ 14.381322 ] } { [ 4.337457 ][ 51.529640 ] } { [ 54.318725 ] } { [ 40.499450 ][ 71.522501 ][ 51.728382 ] } { [ -0.402351 ][ -6.391954 ] } { [ 64.287695 ] } { [ -7.327263 ] } { [ -15.327132 ][ -4.357246 ] } { [ 30.236129 ] } { [ 7.113819 ] } { [ 19.973079 ] } { [ 69.381308 ] } { [ 71.285219 ] } { [ 0.914247 ] } { [ 41.309851 ] } { [ -0.550430 ] }
despues de filtrar: { [ -20.402485 ][ 19.990459 ] } { [ 44.469018 ] } { [ -12.602280 ][ 23.666574 ][ 4.206099 ][ -20.657674 ][ 38.560533 ] } { [ 39.305302 ][ 69.282108 ][ 43.552449 ] } { [ 5.382478 ][ 14.381322 ] } { [ 4.337457 ][ 51.529640 ] } { [ 54.318725 ] } { [ 40.499450 ][ 71.522501 ][ 51.728382 ] } { [ -0.402351 ][ -6.391954 ] } { [ 64.287695 ] } { [ -7.327263 ] } { [ -15.327132 ][ -4.357246 ] } { [ 30.236129 ] } { [ 7.113819 ] } { [ 69.381308 ] } { [ 71.285219 ] } { [ 41.309851 ] } { [ -0.550430 ] }
antes   de colapsar { [ 73.592138 ][ -24.822930 ] } { [ 70.327098 ] }
despues de colapsar { [ 6.983495 ] } { [ 70.327098 ] }
antes   de filtrar: { [ 6.983495 ] } { [ 70.327098 ] }
despues de filtrar: { [ 70.327098 ] }
antes   de colapsar { [ 70.327098 ][ -16.724864 ][ 13.282803 ] } { [ 26.007988 ] } { [ -5.743521 ] } { [ -21.983544 ] }
despues de colapsar { [ 70.327098 ][ -16.724864 ][ 13.282803 ] } { [ 26.007988 ] } { [ -5.743521 ] } { [ -21.983544 ] }
antes   de colapsar { [ 70.327098 ][ -16.724864 ][ 13.282803 ] } { [ 26.007988 ] } { [ -5.743521 ] } { [ -21.983544 ] } { [ -7.205588 ] } { [ 71.203708 ] } { [ -4.432736 ] }
despues de colapsar { [ 70.327098 ][ -16.724864 ][ 13.282803 ] } { [ 26.007988 ] } { [ -5.743521 ] } { [ -21.983544 ] } { [ -7.205588 ] } { [ 71.203708 ] } { [ -4.432736 ] }
antes   de filtrar: { [ 70.327098 ][ -16.724864 ][ 13.282803 ] } { [ 26.007988 ] } { [ -5.743521 ] } { [ -21.983544 ] } { [ -7.205588 ] } { [ 71.203708 ] } { [ -4.432736 ] } { [ 20.057142 ] } { [ 26.708035 ] } { [ -20.531776 ] }
despues de filtrar: { [ 70.327098 ][ -16.724864 ][ 13.282803 ] } { [ 26.007988 ] } { [ -5.743521 ] } { [ -21.983544 ] } { [ -7.205588 ] } { [ 71.203708 ] } { [ -4.432736 ] } { [ 20.057142 ] } { [ -20.531776 ] }
antes   de filtrar: { [ 70.327098 ][ -16.724864 ][ 13.282803 ] } { [ 26.007988 ] } { [ -5.743521 ] } { [ -21.983544 ][ -21.015977 ] } { [ -7.205588 ] } { [ 71.203708 ] } { [ -4.432736 ] } { [ 20.057142 ] } { [ -20.531776 ] } { [ 56.466290 ] } { [ -16.507491 ] }
despues de filtrar: { [ 70.327098 ][ -16.724864 ][ 13.282803 ] } { [ 26.007988 ] } { [ -5.743521 ] } { [ -21.983544 ][ -21.015977 ] } { [ -7.205588 ] } { [ 71.203708 ] } { [ -4.432736 ] } { [ 20.057142 ] } { [ -20.531776 ] } { [ 56.466290 ] } { [ -16.507491 ] }
antes   de filtrar: { [ 70.327098 ][ -16.724864 ][ 13.282803 ] } { [ 26.007988 ][ 30.918436 ] } { [ -5.743521 ] } { [ -21.983544 ][ -21.015977 ] } { [ -7.205588 ] } { [ 71.203708 ] } { [ -4.432736 ][ 45.838845 ] } { [ 20.057142 ] } { [ -20.531776 ] } { [ 56.466290 ] } { [ -16.507491 ] } { [ -19.332734 ] } { [ 50.316518 ] } { [ 32.383166 ] } { [ 48.540690 ] }
despues de filtrar: { [ 70.327098 ][ -16.724864 ][ 13.282803 ] } { [ 26.007988 ][ 30.918436 ] } { [ -5.743521 ] } { [ -21.983544 ][ -21.015977 ] } { [ -7.205588 ] } { [ 71.203708 ] } { [ -4.432736 ][ 45.838845 ] } { [ 20.057142 ] } { [ -20.531776 ] } { [ 56.466290 ] } { [ -16.507491 ] } { [ -19.332734 ] } { [ 50.316518 ] } { [ 32.383166 ] }
antes   de colapsar { [ 70.327098 ][ -16.724864 ][ 13.282803 ] } { [ 26.007988 ][ 30.918436 ] } { [ -5.743521 ] } { [ -21.983544 ][ -21.015977 ] } { [ -7.205588 ] } { [ 71.203708 ] } { [ -4.432736 ][ 45.838845 ] } { [ 20.057142 ] } { [ -20.531776 ] } { [ 56.466290 ] } { [ -16.507491 ] } { [ -19.332734 ] } { [ 50.316518 ] } { [ 32.383166 ] } { [ -9.493714 ] }
despues de colapsar { [ 70.327098 ][ -16.724864 ][ 13.282803 ] } { [ 26.007988 ][ 30.918436 ] } { [ -5.743521 ] } { [ -21.983544 ][ -21.015977 ] } { [ -7.205588 ] } { [ 71.203708 ] } { [ -4.432736 ][ 45.838845 ] } { [ 20.057142 ] } { [ -20.531776 ] } { [ 56.466290 ] } { [ -16.507491 ] } { [ -19.332734 ] } { [ 50.316518 ] } { [ 32.383166 ] } { [ -9.493714 ] }
antes   de colapsar { [ 70.327098 ][ -16.724864 ][ 13.282803 ] } { [ 26.007988 ][ 30.918436 ] } { [ -5.743521 ] } { [ -21.983544 ][ -21.015977 ] } { [ -7.205588 ] } { [ 71.203708 ] } { [ -4.432736 ][ 45.838845 ] } { [ 20.057142 ] } { [ -20.531776 ] } { [ 56.466290 ] } { [ -16.507491 ] } { [ -19.332734 ] } { [ 50.316518 ] } { [ 32.383166 ] } { [ -9.493714 ] }
despues de colapsar { [ 70.327098 ][ -16.724864 ][ 13.282803 ] } { [ 26.007988 ][ 30.918436 ] } { [ -5.743521 ] } { [ -21.983544 ][ -21.015977 ] } { [ -7.205588 ] } { [ 71.203708 ] } { [ -4.432736 ][ 45.838845 ] } { [ 20.057142 ] } { [ -20.531776 ] } { [ 56.466290 ] } { [ -16.507491 ] } { [ -19.332734 ] } { [ 50.316518 ] } { [ 32.383166 ] } { [ -9.493714 ] }
antes   de filtrar: { [ 70.327098 ][ -16.724864 ][ 13.282803 ] } { [ 26.007988 ][ 30.918436 ] } { [ -5.743521 ] } { [ -21.983544 ][ -21.015977 ] } { [ -7.205588 ] } { [ 71.203708 ] } { [ -4.432736 ][ 45.838845 ][ 63.979541 ] } { [ 20.057142 ] } { [ -20.531776 ] } { [ 56.466290 ] } { [ -16.507491 ] } { [ -19.332734 ] } { [ 50.316518 ] } { [ 32.383166 ] } { [ -9.493714 ][ -12.159419 ] } { [ -21.644572 ] }
despues de filtrar: { [ 70.327098 ][ -16.724864 ][ 13.282803 ] } { [ 26.007988 ][ 30.918436 ] } { [ -5.743521 ] } { [ -21.983544 ][ -21.015977 ] } { [ -7.205588 ] } { [ 71.203708 ] } { [ -4.432736 ][ 45.838845 ][ 63.979541 ] } { [ 20.057142 ] } { [ -20.531776 ] } { [ 56.466290 ] } { [ -16.507491 ] } { [ -19.332734 ] } { [ 50.316518 ] } { [ 32.383166 ] } { [ -9.493714 ][ -12.159419 ] } { [ -21.644572 ] }
antes   de colapsar { [ 7401 ][ 5889 ] } { [ 6478 ][ 2616 ] } { [ 1891 ][ 9169 ] } { [ 4701 ] } { [ 7936 ] } { [ 2763 ] } { [ 1873 ] } { [ 8900 ] } { [ 2379 ] }
despues de colapsar { [ 6601 ] } { [ 6478 ][ 2616 ] } { [ 1891 ][ 9169 ] } { [ 4701 ] } { [ 7936 ] } { [ 2763 ] } { [ 1873 ] } { [ 8900 ] } { [ 2379 ] }
antes   de colapsar { [ 6601 ] } { [ 6478 ][ 2616 ] } { [ 1891 ][ 9169 ] } { [ 4701 ] } { [ 7936 ] } { [ 2763 ] } { [ 1873 ] } { [ 8900 ] } { [ 2379 ][ 6845 ] } { [ 3734 ] } { [ 4956 ] } { [ 2415 ] }
despues de colapsar { [ 6601 ] } { [ 6478 ][ 2616 ] } { [ 1891 ][ 9169 ] } { [ 4701 ] } { [ 7936 ] } { [ 2763 ] } { [ 1873 ] } { [ 8900 ] } { [ 2379 ][ 6845 ] } { [ 3734 ] } { [ 4956 ] } { [ 2415 ] }
antes   de colapsar { [ 6601 ] } { [ 6478 ][ 2616 ] } { [ 1891 ][ 9169 ][ 7504 ] } { [ 4701 ] } { [ 7936 ] } { [ 2763 ] } { [ 1873 ][ 7028 ] } { [ 8900 ] } { [ 2379 ][ 6845 ][ 4867 ] } { [ 3734 ][ 8697 ] } { [ 4956 ] } { [ 2415 ] } { [ 7054 ] } { [ 2822 ] } { [ 1168 ] } { [ 8088 ][ 8549 ] } { [ 4873 ] } { [ 1408 ] } { [ 337 ] } { [ 782 ] } { [ 7580 ] }
despues de colapsar { [ 6601 ] } { [ 6478 ][ 2616 ] } { [ 1891 ][ 9169 ][ 7504 ] } { [ 4701 ] } { [ 7936 ] } { [ 2763 ] } { [ 1873 ][ 7028 ] } { [ 8900 ] } { [ 2379 ][ 6845 ][ 4867 ] } { [ 3734 ][ 8697 ] } { [ 4956 ] } { [ 2415 ] } { [ 7054 ] } { [ 2822 ] } { [ 1168 ] } { [ 8315 ] } { [ 4873 ] } { [ 1408 ] } { [ 337 ] } { [ 782 ] } { [ 7580 ] }
antes   de filtrar: { [ 6601 ] } { [ 6478 ][ 2616 ] } { [ 1891 ][ 9169 ][ 7504 ] } { [ 4701 ] } { [ 7936 ] } { [ 2763 ] } { [ 1873 ][ 7028 ] } { [ 8900 ] } { [ 2379 ][ 6845 ][ 4867 ] } { [ 3734 ][ 8697 ] } { [ 4956 ] } { [ 2415 ] } { [ 7054 ] } { [ 2822 ] } { [ 1168 ] } { [ 8315 ] } { [ 4873 ] } { [ 1408 ] } { [ 337 ] } { [ 782 ] } { [ 7580 ] } { [ 7437 ] } { [ 13 ] } { [ 8286 ] } { [ 2163 ] } { [ 1040 ] } { [ 3407 ] }
despues de filtrar: { [ 6478 ][ 2616 ] } { [ 1891 ][ 9169 ][ 7504 ] } { [ 7936 ] } { [ 2763 ] } { [ 1873 ][ 7028 ] } { [ 2379 ][ 6845 ][ 4867 ] } { [ 3734 ][ 8697 ] } { [ 4956 ] } { [ 2415 ] } { [ 2822 ] } { [ 1168 ] } { [ 8315 ] } { [ 4873 ] } { [ 337 ] } { [ 782 ] } { [ 7437 ] } { [ 13 ] } { [ 8286 ] } { [ 2163 ] }
antes   de filtrar: { [ 6478 ][ 2616 ] } { [ 1891 ][ 9169 ][ 7504 ] } { [ 7936 ] } { [ 2763 ] } { [ 1873 ][ 7028 ] } { [ 2379 ][ 6845 ][ 4867 ] } { [ 3734 ][ 8697 ] } { [ 4956 ] } { [ 2415 ] } { [ 2822 ] } { [ 1168 ] } { [ 8315 ] } { [ 4873 ] } { [ 337 ] } { [ 782 ] } { [ 7437 ] } { [ 13 ] } { [ 8286 ] } { [ 2163 ] }
despues de filtrar: { [ 6478 ][ 2616 ] } { [ 1891 ][ 9169 ][ 7504 ] } { [ 7936 ] } { [ 2763 ] } { [ 1873 ][ 7028 ] } { [ 2379 ][ 6845 ][ 4867 ] } { [ 3734 ][ 8697 ] } { [ 4956 ] } { [ 2415 ] } { [ 2822 ] } { [ 1168 ] } { [ 8315 ] } { [ 4873 ] } { [ 337 ] } { [ 782 ] } { [ 7437 ] } { [ 13 ] } { [ 8286 ] } { [ 2163 ] }
antes   de filtrar: { [ 6478 ][ 2616 ] } { [ 1891 ][ 9169 ][ 7504 ] } { [ 7936 ] } { [ 2763 ] } { [ 1873 ][ 7028 ] } { [ 2379 ][ 6845 ][ 4867 ] } { [ 3734 ][ 8697 ] } { [ 4956 ] } { [ 2415 ] } { [ 2822 ] } { [ 1168 ] } { [ 8315 ][ 2983 ] } { [ 4873 ] } { [ 337 ] } { [ 782 ] } { [ 7437 ] } { [ 13 ][ 219 ] } { [ 8286 ] } { [ 2163 ] } { [ 1001 ] } { [ 1304 ] } { [ 7274 ] } { [ 5166 ] }
despues de filtrar: { [ 6478 ][ 2616 ] } { [ 1891 ][ 9169 ][ 7504 ] } { [ 7936 ] } { [ 2763 ] } { [ 1873 ][ 7028 ] } { [ 2379 ][ 6845 ][ 4867 ] } { [ 3734 ][ 8697 ] } { [ 4956 ] } { [ 2415 ] } { [ 2822 ] } { [ 1168 ] } { [ 8315 ][ 2983 ] } { [ 4873 ] } { [ 337 ] } { [ 782 ] } { [ 7437 ] } { [ 13 ][ 219 ] } { [ 8286 ] } { [ 2163 ] } { [ 7274 ] } { [ 5166 ] }
antes   de colapsar { [ 6478 ][ 2616 ] } { [ 1891 ][ 9169 ][ 7504 ] } { [ 7936 ] } { [ 2763 ] } { [ 1873 ][ 7028 ] } { [ 2379 ][ 6845 ][ 4867 ] } { [ 3734 ][ 8697 ] } { [ 4956 ] } { [ 2415 ] } { [ 2822 ] } { [ 1168 ] } { [ 8315 ][ 2983 ] } { [ 4873 ] } { [ 337 ] } { [ 782 ] } { [ 7437 ] } { [ 13 ][ 219 ] } { [ 8286 ] } { [ 2163 ] } { [ 7274 ] } { [ 5166 ] }
despues de colapsar { [ 6478 ][ 2616 ] } { [ 1891 ][ 9169 ][ 7504 ] } { [ 7936 ] } { [ 2763 ] } { [ 1873 ][ 7028 ] } { [ 2379 ][ 6845 ][ 4867 ] } { [ 3734 ][ 8697 ] } { [ 4956 ] } { [ 2415 ] } { [ 2822 ] } { [ 1168 ] } { [ 8315 ][ 2983 ] } { [ 4873 ] } { [ 337 ] } { [ 782 ] } { [ 7437 ] } { [ 13 ][ 219 ] } { [ 8286 ] } { [ 2163 ] } { [ 7274 ] } { [ 5166 ] }
antes   de filtrar: { [ 6478 ][ 2616 ] } { [ 1891 ][ 9169 ][ 7504 ] } { [ 7936 ] } { [ 2763 ] } { [ 1873 ][ 7028 ] } { [ 2379 ][ 6845 ][ 4867 ] } { [ 3734 ][ 8697 ] } { [ 4956 ][ 1513 ] } { [ 2415 ] } { [ 2822 ] } { [ 1168 ] } { [ 8315 ][ 2983 ] } { [ 4873 ] } { [ 337 ] } { [ 782 ] } { [ 7437 ] } { [ 13 ][ 219 ] } { [ 8286 ] } { [ 2163 ] } { [ 7274 ] } { [ 5166 ] } { [ 3836 ] } { [ 1434 ] }
despues de filtrar: { [ 6478 ][ 2616 ] } { [ 1891 ][ 9169 ][ 7504 ] } { [ 7936 ] } { [ 2763 ] } { [ 1873 ][ 7028 ] } { [ 2379 ][ 6845 ][ 4867 ] } { [ 3734 ][ 8697 ] } { [ 4956 ][ 1513 ] } { [ 2415 ] } { [ 2822 ] } { [ 1168 ] } { [ 8315 ][ 2983 ] } { [ 4873 ] } { [ 337 ] } { [ 782 ] } { [ 7437 ] } { [ 13 ][ 219 ] } { [ 8286 ] } { [ 2163 ] } { [ 7274 ] } { [ 5166 ] } { [ 3836 ] } { [ 1434 ] }
antes   de filtrar: { [ 6478 ][ 2616 ] } { [ 1891 ][ 9169 ][ 7504 ] } { [ 7936 ] } { [ 2763 ] } { [ 1873 ][ 7028 ] } { [ 2379 ][ 6845 ][ 4867 ] } { [ 3734 ][ 8697 ] } { [ 4956 ][ 1513 ] } { [ 2415 ] } { [ 2822 ] } { [ 1168 ] } { [ 8315 ][ 2983 ] } { [ 4873 ] } { [ 337 ] } { [ 782 ] } { [ 7437 ] } { [ 13 ][ 219 ] } { [ 8286 ] } { [ 2163 ] } { [ 7274 ] } { [ 5166 ] } { [ 3836 ] } { [ 1434 ] }
despues de filtrar: { [ 6478 ][ 2616 ] } { [ 1891 ][ 9169 ][ 7504 ] } { [ 7936 ] } { [ 2763 ] } { [ 1873 ][ 7028 ] } { [ 2379 ][ 6845 ][ 4867 ] } { [ 3734 ][ 8697 ] } { [ 4956 ][ 1513 ] } { [ 2415 ] } { [ 2822 ] } { [ 1168 ] } { [ 8315 ][ 2983 ] } { [ 4873 ] } { [ 337 ] } { [ 782 ] } { [ 7437 ] } { [ 13 ][ 219 ] } { [ 8286 ] } { [ 2163 ] } { [ 7274 ] } { [ 5166 ] } { [ 3836 ] } { [ 1434 ] }
antes   de colapsar { [ 6478 ][ 2616 ] } { [ 1891 ][ 9169 ][ 7504 ] } { [ 7936 ] } { [ 2763 ] } { [ 1873 ][ 7028 ] } { [ 2379 ][ 6845 ][ 4867 ] } { [ 3734 ][ 8697 ] } { [ 4956 ][ 1513 ] } { [ 2415 ] } { [ 2822 ] } { [ 1168 ] } { [ 8315 ][ 2983 ] } { [ 4873 ] } { [ 337 ] } { [ 782 ] } { [ 7437 ] } { [ 13 ][ 219 ] } { [ 8286 ] } { [ 2163 ] } { [ 7274 ] } { [ 5166 ] } { [ 3836 ] } { [ 1434 ] } { [ 4329 ] } { [ 5153 ] }
despues de colapsar { [ 6478 ][ 2616 ] } { [ 1891 ][ 9169 ][ 7504 ] } { [ 7936 ] } { [ 2763 ] } { [ 1873 ][ 7028 ] } { [ 2379 ][ 6845 ][ 4867 ] } { [ 3734 ][ 8697 ] } { [ 4956 ][ 1513 ] } { [ 2415 ] } { [ 2822 ] } { [ 1168 ] } { [ 8315 ][ 2983 ] } { [ 4873 ] } { [ 337 ] } { [ 782 ] } { [ 7437 ] } { [ 13 ][ 219 ] } { [ 8286 ] } { [ 2163 ] } { [ 7274 ] } { [ 5166 ] } { [ 3836 ] } { [ 1434 ] } { [ 4329 ] } { [ 5153 ] }
antes   de colapsar { [ 4y ] }
despues de colapsar { [ 4y ] }
antes   de colapsar { [ 4y ][ 19u ] } { [ l ] } { [ 0j5447s ] } { [ ms ] } { [ qx9m1i ] } { [ y2uin ] }
despues de colapsar { [ 41y9u ] } { [ l ] } { [ 0j5447s ] } { [ ms ] } { [ qx9m1i ] } { [ y2uin ] }
antes   de filtrar: { [ 41y9u ] } { [ l ] } { [ 0j5447s ] } { [ ms ] } { [ qx9m1i ][ h ] } { [ y2uin ] } { [ goa5wk3 ] } { [ rs4d ] } { [ lxkaok8h ] }
despues de filtrar: { [ l ] } { [ ms ] }
antes   de filtrar: { [ l ] } { [ ms ][ gmgir ] } { [ i9kt ] } { [ d0ro07baqv ] } { [ 4mpyj8ncxv ] }
despues de filtrar: { [ l ] } { [ ms ][ gmgir ] }
antes   de filtrar: { [ l ] } { [ ms ][ gmgir ] }
despues de filtrar: { [ l ] } { [ ms ][ gmgir ] }
antes   de colapsar { [ l ] } { [ ms ][ gmgir ][ ttnp ] } { [ lo ][ v52hit6v59 ] } { [ 4u ][ wxvva ][ 3x ] } { [ of ] } { [ 2y67 ] } { [ e1avhg ] } { [ xnsxo9fsph ] } { [ geh ] } { [ 1fh ] } { [ 1yjpikv ] } { [ 61hva3om6 ][ q907 ][ dpkej ] } { [ dpgsoh ][ 78y2u0yrss ] } { [ vx05 ] } { [ 2tlx6oqcj ] }
despues de colapsar { [ l ] } { [ ms ][ gmgir ][ ttnp ] } { [ lo ][ v52hit6v59 ] } { [ 43wxuxvva ] } { [ of ] } { [ 2y67 ] } { [ e1avhg ] } { [ xnsxo9fsph ] } { [ geh ] } { [ 1fh ] } { [ 1yjpikv ] } { [ 6dqp1k9ehj ] } { [ dpgsoh ][ 78y2u0yrss ] } { [ vx05 ] } { [ 2tlx6oqcj ] }
antes   de colapsar { [ l ] } { [ ms ][ gmgir ][ ttnp ] } { [ lo ][ v52hit6v59 ] } { [ 43wxuxvva ] } { [ of ] } { [ 2y67 ] } { [ e1avhg ][ h ] } { [ xnsxo9fsph ] } { [ geh ] } { [ 1fh ] } { [ 1yjpikv ] } { [ 6dqp1k9ehj ] } { [ dpgsoh ][ 78y2u0yrss ] } { [ vx05 ] } { [ 2tlx6oqcj ] } { [ eq ] } { [ r0503gjia ] } { [ lwc ] } { [ 7cjlmfv ] } { [ y ] }
despues de colapsar { [ l ] } { [ ms ][ gmgir ][ ttnp ] } { [ lo ][ v52hit6v59 ] } { [ 43wxuxvva ] } { [ of ] } { [ 2y67 ] } { [ eh1avhg ] } { [ xnsxo9fsph ] } { [ geh ] } { [ 1fh ] } { [ 1yjpikv ] } { [ 6dqp1k9ehj ] } { [ dpgsoh ][ 78y2u0yrss ] } { [ vx05 ] } { [ 2tlx6oqcj ] } { [ eq ] } { [ r0503gjia ] } { [ lwc ] } { [ 7cjlmfv ] } { [ y ] }
antes   de filtrar: { [ l ] } { [ ms ][ gmgir ][ ttnp ] } { [ lo ][ v52hit6v59 ] } { [ 43wxuxvva ] } { [ of ] } { [ 2y67 ] } { [ eh1avhg ] } { [ xnsxo9fsph ] } { [ geh ] } { [ 1fh ] } { [ 1yjpikv ] } { [ 6dqp1k9ehj ] } { [ dpgsoh ][ 78y2u0yrss ] } { [ vx05 ] } { [ 2tlx6oqcj ] } { [ eq ] } { [ r0503gjia ] } { [ lwc ] } { [ 7cjlmfv ][ q ] } { [ y ] } { [ lk ] } { [ 7gfql37lp ] } { [ 9cbq0191r ] } { [ wa2mbt ] }
despues de filtrar: { [ l ] } { [ ms ][ gmgir ][ ttnp ] } { [ lo ][ v52hit6v59 ] } { [ of ] } { [ geh ] } { [ dpgsoh ][ 78y2u0yrss ] } { [ eq ] } { [ lwc ] } { [ y ] } { [ lk ] }
antes   de colapsar { [ l ] } { [ ms ][ gmgir ][ ttnp ] } { [ lo ][ v52hit6v59 ] } { [ of ] } { [ geh ] } { [ dpgsoh ][ 78y2u0yrss ] } { [ eq ] } { [ lwc ] } { [ y ] } { [ lk ] } { [ qb672qv ] }
despues de colapsar { [ l ] } { [ ms ][ gmgir ][ ttnp ] } { [ lo ][ v52hit6v59 ] } { [ of ] } { [ geh ] } { [ dpgsoh ][ 78y2u0yrss ] } { [ eq ] } { [ lwc ] } { [ y ] } { [ lk ] } { [ qb672qv ] }
antes   de filtrar: { [ l ] } { [ ms ][ gmgir ][ ttnp ] } { [ lo ][ v52hit6v59 ] } { [ of ] } { [ geh ] } { [ dpgsoh ][ 78y2u0yrss ] } { [ eq ] } { [ lwc ] } { [ y ] } { [ lk ] } { [ qb672qv ] }
despues de filtrar: { [ l ] } { [ ms ][ gmgir ][ ttnp ] } { [ lo ][ v52hit6v59 ] } { [ of ] } { [ geh ] } { [ dpgsoh ][ 78y2u0yrss ] } { [ eq ] } { [ lwc ] } { [ y ] } { [ lk ] }
