antes   de filtrar: { [ 44.246952 ][ 51.194464 ] }
despues de filtrar: { [ 44.246952 ][ 51.194464 ] }
antes   de colapsar { [ 44.246952 ][ 51.194464 ] } { [ 55.133962 ] }
despues de colapsar { [ 44.246952 ][ 51.194464 ] } { [ 55.133962 ] }
antes   de colapsar { [ 44.246952 ][ 51.194464 ] } { [ 55.133962 ] }
despues de colapsar { [ 44.246952 ][ 51.194464 ] } { [ 55.133962 ] }
antes   de colapsar { [ 44.246952 ][ 51.194464 ] } { [ 55.133962 ] } { [ 63.607601 ] }
despues de colapsar { [ 44.246952 ][ 51.194464 ] } { [ 55.133962 ] } { [ 63.607601 ] }
antes   de filtrar: { [ 44.246952 ][ 51.194464 ][ 26.132537 ] } { [ 55.133962 ][ 40.024395 ] } { [ 63.607601 ][ -23.267821 ] } { [ 59.229959 ] } { [ -18.205255 ] } { [ 50.640525 ] } { [ 40.048860 ][ 57.255530 ] } { [ -21.405127 ] } { [ -19.012442 ][ 21.324027 ] } { [ -24.571033 ] } { [ 33.974318 ] } { [ 73.889377 ] } { [ 45.401607 ] } { [ 28.759439 ] } { [ -9.899423 ] } { [ 54.477438 ] }
despues de filtrar: { [ 44.246952 ][ 51.194464 ][ 26.132537 ] } { [ 55.133962 ][ 40.024395 ] } { [ 59.229959 ] } { [ -18.205255 ] } { [ 40.048860 ][ 57.255530 ] } { [ -21.405127 ] } { [ -19.012442 ][ 21.324027 ] } { [ -24.571033 ] } { [ 45.401607 ] } { [ -9.899423 ] } { [ 54.477438 ] }
antes   de filtrar: { [ 44.246952 ][ 51.194464 ][ 26.132537 ] } { [ 55.133962 ][ 40.024395 ] } { [ 59.229959 ] } { [ -18.205255 ] } { [ 40.048860 ][ 57.255530 ] } { [ -21.405127 ] } { [ -19.012442 ][ 21.324027 ] } { [ -24.571033 ] } { [ 45.401607 ] } { [ -9.899423 ] } { [ 54.477438 ] }
despues de filtrar: { [ 44.246952 ][ 51.194464 ][ 26.132537 ] } { [ 55.133962 ][ 40.024395 ] } { [ 59.229959 ] } { [ -18.205255 ] } { [ 40.048860 ][ 57.255530 ] } { [ -21.405127 ] } { [ -19.012442 ][ 21.324027 ] } { [ -24.571033 ] } { [ 45.401607 ] } { [ -9.899423 ] } { [ 54.477438 ] }
antes   de colapsar { [ 44.246952 ][ 51.194464 ][ 26.132537 ] } { [ 55.133962 ][ 40.024395 ] } { [ 59.229959 ] } { [ -18.205255 ] } { [ 40.048860 ][ 57.255530 ] } { [ -21.405127 ] } { [ -19.012442 ][ 21.324027 ] } { [ -24.571033 ] } { [ 45.401607 ] } { [ -9.899423 ] } { [ 54.477438 ][ -0.188880 ] } { [ -17.719969 ] }
despues de colapsar { [ 44.246952 ][ 51.194464 ][ 26.132537 ] } { [ 55.133962 ][ 40.024395 ] } { [ 59.229959 ] } { [ -18.205255 ] } { [ 40.048860 ][ 57.255530 ] } { [ -21.405127 ] } { [ -19.012442 ][ 21.324027 ] } { [ -24.571033 ] } { [ 45.401607 ] } { [ -9.899423 ] } { [ 54.477438 ][ -0.188880 ] } { [ -17.719969 ] }
antes   de colapsar { [ 44.246952 ][ 51.194464 ][ 26.132537 ] } { [ 55.133962 ][ 40.024395 ] } { [ 59.229959 ] } { [ -18.205255 ] } { [ 40.048860 ][ 57.255530 ] } { [ -21.405127 ] } { [ -19.012442 ][ 21.324027 ] } { [ -24.571033 ] } { [ 45.401607 ] } { [ -9.899423 ] } { [ 54.477438 ][ -0.188880 ] } { [ -17.719969 ] } { [ 64.818156 ] } { [ 11.749721 ] } { [ 73.709335 ] } { [ 19.692141 ] }
despues de colapsar { [ 44.246952 ][ 51.194464 ][ 26.132537 ] } { [ 55.133962 ][ 40.024395 ] } { [ 59.229959 ] } { [ -18.205255 ] } { [ 40.048860 ][ 57.255530 ] } { [ -21.405127 ] } { [ -19.012442 ][ 21.324027 ] } { [ -24.571033 ] } { [ 45.401607 ] } { [ -9.899423 ] } { [ 54.477438 ][ -0.188880 ] } { [ -17.719969 ] } { [ 64.818156 ] } { [ 11.749721 ] } { [ 73.709335 ] } { [ 19.692141 ] }
antes   de filtrar: { [ 44.246952 ][ 51.194464 ][ 26.132537 ] } { [ 55.133962 ][ 40.024395 ] } { [ 59.229959 ] } { [ -18.205255 ] } { [ 40.048860 ][ 57.255530 ] } { [ -21.405127 ] } { [ -19.012442 ][ 21.324027 ] } { [ -24.571033 ] } { [ 45.401607 ][ 20.129146 ] } { [ -9.899423 ] } { [ 54.477438 ][ -0.188880 ] } { [ -17.719969 ] } { [ 64.818156 ] } { [ 11.749721 ] } { [ 73.709335 ][ -11.323408 ] } { [ 19.692141 ] } { [ 52.775458 ] } { [ 4.540275 ] } { [ 30.229982 ] } { [ 12.742827 ] }
despues de filtrar: { [ 44.246952 ][ 51.194464 ][ 26.132537 ] } { [ 55.133962 ][ 40.024395 ] } { [ 59.229959 ] } { [ -18.205255 ] } { [ 40.048860 ][ 57.255530 ] } { [ -21.405127 ] } { [ -19.012442 ][ 21.324027 ] } { [ -24.571033 ] } { [ 45.401607 ][ 20.129146 ] } { [ -9.899423 ] } { [ 54.477438 ][ -0.188880 ] } { [ -17.719969 ] } { [ 30.229982 ] }
antes   de filtrar: { [ 44.246952 ][ 51.194464 ][ 26.132537 ] } { [ 55.133962 ][ 40.024395 ] } { [ 59.229959 ] } { [ -18.205255 ] } { [ 40.048860 ][ 57.255530 ] } { [ -21.405127 ] } { [ -19.012442 ][ 21.324027 ] } { [ -24.571033 ] } { [ 45.401607 ][ 20.129146 ] } { [ -9.899423 ] } { [ 54.477438 ][ -0.188880 ] } { [ -17.719969 ] } { [ 30.229982 ] } { [ 32.161224 ] } { [ 49.908858 ] }
despues de filtrar: { [ 44.246952 ][ 51.194464 ][ 26.132537 ] } { [ 55.133962 ][ 40.024395 ] } { [ 59.229959 ] } { [ -18.205255 ] } { [ 40.048860 ][ 57.255530 ] } { [ -21.405127 ] } { [ -19.012442 ][ 21.324027 ] } { [ -24.571033 ] } { [ 45.401607 ][ 20.129146 ] } { [ -9.899423 ] } { [ 54.477438 ][ -0.188880 ] } { [ -17.719969 ] } { [ 30.229982 ] } { [ 32.161224 ] }
antes   de colapsar { [ fi2ae ] } { [ ugyq ] } { [ y7 ][ bdbw3f ][ hcu8k0xp9 ] } { [ sfav096 ] } { [ 3t ] } { [ y ] } { [ 53gsawbf ] }
despues de colapsar { [ fi2ae ] } { [ ugyq ] } { [ yhbc7ud8bk ] } { [ sfav096 ] } { [ 3t ] } { [ y ] } { [ 53gsawbf ] }
antes   de filtrar: { [ fi2ae ] } { [ ugyq ] } { [ yhbc7ud8bk ] } { [ sfav096 ][ 5nf5xo8yq7 ] } { [ 3t ] } { [ y ] } { [ 53gsawbf ] } { [ 98 ] } { [ pno ][ exongylb ] } { [ fb6ngd6gcj ] } { [ 5l50 ] } { [ rsacwvyx ] } { [ b ] } { [ ivbv3e4lse ] } { [ gj2h4vl62 ] }
despues de filtrar: { [ ugyq ] } { [ y ] } { [ pno ][ exongylb ] } { [ rsacwvyx ] } { [ b ] }
antes   de colapsar { [ ugyq ] } { [ y ] } { [ pno ][ exongylb ][ fv6b ][ xt2tl ] } { [ rsacwvyx ] } { [ b ] } { [ g3f6mghn0i ] } { [ vlv2ce7ubv ] }
despues de colapsar { [ ugyq ] } { [ y ] } { [ pno ][ exongylb ][ fv6b ][ xt2tl ] } { [ rsacwvyx ] } { [ b ] } { [ g3f6mghn0i ] } { [ vlv2ce7ubv ] }
antes   de colapsar { [ ugyq ] } { [ y ][ r22f1 ] } { [ pno ][ exongylb ][ fv6b ][ xt2tl ] } { [ rsacwvyx ] } { [ b ] } { [ g3f6mghn0i ] } { [ vlv2ce7ubv ] } { [ fox15lkwi ] } { [ pi4e09jq9 ] } { [ 6vodgu7 ] } { [ ajpfsinymq ] }
despues de colapsar { [ ugyq ] } { [ y ][ r22f1 ] } { [ pno ][ exongylb ][ fv6b ][ xt2tl ] } { [ rsacwvyx ] } { [ b ] } { [ g3f6mghn0i ] } { [ vlv2ce7ubv ] } { [ fox15lkwi ] } { [ pi4e09jq9 ] } { [ 6vodgu7 ] } { [ ajpfsinymq ] }
antes   de colapsar { [ ugyq ][ 0laeua ] } { [ y ][ r22f1 ] } { [ pno ][ exongylb ][ fv6b ][ xt2tl ] } { [ rsacwvyx ] } { [ b ] } { [ g3f6mghn0i ] } { [ vlv2ce7ubv ] } { [ fox15lkwi ] } { [ pi4e09jq9 ] } { [ 6vodgu7 ] } { [ ajpfsinymq ] } { [ 8l7j ] } { [ cpye1 ] } { [ h88xvt8 ] } { [ w ] } { [ 71rq ] }
despues de colapsar { [ ugyq ][ 0laeua ] } { [ y ][ r22f1 ] } { [ pno ][ exongylb ][ fv6b ][ xt2tl ] } { [ rsacwvyx ] } { [ b ] } { [ g3f6mghn0i ] } { [ vlv2ce7ubv ] } { [ fox15lkwi ] } { [ pi4e09jq9 ] } { [ 6vodgu7 ] } { [ ajpfsinymq ] } { [ 8l7j ] } { [ cpye1 ] } { [ h88xvt8 ] } { [ w ] } { [ 71rq ] }
antes   de filtrar: { [ ugyq ][ 0laeua ] } { [ y ][ r22f1 ] } { [ pno ][ exongylb ][ fv6b ][ xt2tl ] } { [ rsacwvyx ] } { [ b ] } { [ g3f6mghn0i ] } { [ vlv2ce7ubv ] } { [ fox15lkwi ] } { [ pi4e09jq9 ] } { [ 6vodgu7 ] } { [ ajpfsinymq ] } { [ 8l7j ] } { [ cpye1 ] } { [ h88xvt8 ] } { [ w ] } { [ 71rq ] }
despues de filtrar: { [ ugyq ][ 0laeua ] } { [ y ][ r22f1 ] } { [ pno ][ exongylb ][ fv6b ][ xt2tl ] } { [ rsacwvyx ] } { [ b ] } { [ ajpfsinymq ] } { [ w ] }
antes   de filtrar: { [ ugyq ][ 0laeua ] } { [ y ][ r22f1 ] } { [ pno ][ exongylb ][ fv6b ][ xt2tl ] } { [ rsacwvyx ] } { [ b ] } { [ ajpfsinymq ] } { [ w ] }
despues de filtrar: { [ ugyq ][ 0laeua ] } { [ y ][ r22f1 ] } { [ pno ][ exongylb ][ fv6b ][ xt2tl ] } { [ rsacwvyx ] } { [ b ] } { [ ajpfsinymq ] } { [ w ] }
antes   de filtrar: { [ ugyq ][ 0laeua ] } { [ y ][ r22f1 ] } { [ pno ][ exongylb ][ fv6b ][ xt2tl ] } { [ rsacwvyx ] } { [ b ] } { [ ajpfsinymq ] } { [ w ] } { [ 0fxdjvp876 ] }
despues de filtrar: { [ ugyq ][ 0laeua ] } { [ y ][ r22f1 ] } { [ pno ][ exongylb ][ fv6b ][ xt2tl ] } { [ rsacwvyx ] } { [ b ] } { [ ajpfsinymq ] } { [ w ] }
antes   de filtrar: { [ ugyq ][ 0laeua ] } { [ y ][ r22f1 ] } { [ pno ][ exongylb ][ fv6b ][ xt2tl ] } { [ rsacwvyx ] } { [ b ] } { [ ajpfsinymq ] } { [ w ] }
despues de filtrar: { [ ugyq ][ 0laeua ] } { [ y ][ r22f1 ] } { [ pno ][ exongylb ][ fv6b ][ xt2tl ] } { [ rsacwvyx ] } { [ b ] } { [ ajpfsinymq ] } { [ w ] }
antes   de colapsar { [ ugyq ][ 0laeua ] } { [ y ][ r22f1 ][ rc567e ] } { [ pno ][ exongylb ][ fv6b ][ xt2tl ] } { [ rsacwvyx ][ 3la6uw ] } { [ b ] } { [ ajpfsinymq ] } { [ w ] } { [ 4b2ajy ] } { [ gmu ][ 4i4o5f ] } { [ kfeloy ] } { [ 5 ] } { [ ff ] } { [ f52ukdq2j ] } { [ 6e4ogbwdg ] }
despues de colapsar { [ ugyq ][ 0laeua ] } { [ y ][ r22f1 ][ rc567e ] } { [ pno ][ exongylb ][ fv6b ][ xt2tl ] } { [ rsacwvyx ][ 3la6uw ] } { [ b ] } { [ ajpfsinymq ] } { [ w ] } { [ 4b2ajy ] } { [ gmu ][ 4i4o5f ] } { [ kfeloy ] } { [ 5 ] } { [ ff ] } { [ f52ukdq2j ] } { [ 6e4ogbwdg ] }
antes   de filtrar: { [ ulqrk4 ] }
despues de filtrar: <vacia>
antes   de colapsar { [ cih ][ goc4uvbpv ][ qgob78 ][ th ] } { [ d3 ][ hnthe09gut ][ 1dg9h ] } { [ 9gif3bg5 ] } { [ wb9acsha9 ] } { [ h ] } { [ bqgf ] } { [ faexlxhxx7 ] }
despues de colapsar { [ cih ][ goc4uvbpv ][ qgob78 ][ th ] } { [ d1hd3gn9th ] } { [ 9gif3bg5 ] } { [ wb9acsha9 ] } { [ h ] } { [ bqgf ] } { [ faexlxhxx7 ] }
antes   de filtrar: { [ cih ][ goc4uvbpv ][ qgob78 ][ th ] } { [ d1hd3gn9th ] } { [ 9gif3bg5 ] } { [ wb9acsha9 ] } { [ h ] } { [ bqgf ] } { [ faexlxhxx7 ] }
despues de filtrar: { [ cih ][ goc4uvbpv ][ qgob78 ][ th ] } { [ h ] } { [ bqgf ] }
antes   de colapsar { [ cih ][ goc4uvbpv ][ qgob78 ][ th ] } { [ h ] } { [ bqgf ] } { [ iphibq ] }
despues de colapsar { [ cih ][ goc4uvbpv ][ qgob78 ][ th ] } { [ h ] } { [ bqgf ] } { [ iphibq ] }
antes   de colapsar { [ cih ][ goc4uvbpv ][ qgob78 ][ th ][ a ] } { [ h ] } { [ bqgf ] } { [ iphibq ] } { [ imf5nw ] } { [ 8 ][ e ] } { [ x ] } { [ s ][ 6or ] } { [ 04s7qsnxh ] } { [ ewuiyod8h ] } { [ 4dpeap5 ] } { [ 8 ] } { [ hl ] } { [ a ] } { [ a0w ] } { [ mi98 ] } { [ h3cq4 ] }
despues de colapsar { [ cih ][ goc4uvbpv ][ qgob78 ][ th ][ a ] } { [ h ] } { [ bqgf ] } { [ iphibq ] } { [ imf5nw ] } { [ 8e ] } { [ x ] } { [ s ][ 6or ] } { [ 04s7qsnxh ] } { [ ewuiyod8h ] } { [ 4dpeap5 ] } { [ 8 ] } { [ hl ] } { [ a ] } { [ a0w ] } { [ mi98 ] } { [ h3cq4 ] }
antes   de filtrar: { [ cih ][ goc4uvbpv ][ qgob78 ][ th ][ a ] } { [ h ] } { [ bqgf ] } { [ iphibq ] } { [ imf5nw ] } { [ 8e ][ c ] } { [ x ][ 3g6yphm2qh ] } { [ s ][ 6or ] } { [ 04s7qsnxh ][ gxhp7v8 ] } { [ ewuiyod8h ] } { [ 4dpeap5 ] } { [ 8 ] } { [ hl ] } { [ a ] } { [ a0w ][ g1y0w ] } { [ mi98 ] } { [ h3cq4 ] } { [ b5f6uf1dq ] } { [ 6 ] } { [ vk7 ] } { [ vk0t ] } { [ qe8jg2d ] } { [ wx4l0qb ] }
despues de filtrar: { [ cih ][ goc4uvbpv ][ qgob78 ][ th ][ a ] } { [ h ] } { [ bqgf ] } { [ iphibq ] } { [ x ][ 3g6yphm2qh ] } { [ s ][ 6or ] } { [ hl ] } { [ a ] }
antes   de filtrar: { [ cih ][ goc4uvbpv ][ qgob78 ][ th ][ a ] } { [ h ] } { [ bqgf ] } { [ iphibq ] } { [ x ][ 3g6yphm2qh ] } { [ s ][ 6or ] } { [ hl ] } { [ a ] } { [ nr ] }
despues de filtrar: { [ cih ][ goc4uvbpv ][ qgob78 ][ th ][ a ] } { [ h ] } { [ bqgf ] } { [ iphibq ] } { [ x ][ 3g6yphm2qh ] } { [ s ][ 6or ] } { [ hl ] } { [ a ] } { [ nr ] }
antes   de colapsar { [ cih ][ goc4uvbpv ][ qgob78 ][ th ][ a ] } { [ h ] } { [ bqgf ] } { [ iphibq ] } { [ x ][ 3g6yphm2qh ] } { [ s ][ 6or ] } { [ hl ] } { [ a ] } { [ nr ] } { [ tjq9 ] } { [ u23dfxbfk ][ s4tmfkfg44 ] } { [ w2sd7qnpu3 ] } { [ rjb ] }
despues de colapsar { [ cih ][ goc4uvbpv ][ qgob78 ][ th ][ a ] } { [ h ] } { [ bqgf ] } { [ iphibq ] } { [ x ][ 3g6yphm2qh ] } { [ s ][ 6or ] } { [ hl ] } { [ a ] } { [ nr ] } { [ tjq9 ] } { [ us243tdmff ] } { [ w2sd7qnpu3 ] } { [ rjb ] }
antes   de colapsar { [ cih ][ goc4uvbpv ][ qgob78 ][ th ][ a ] } { [ h ] } { [ bqgf ] } { [ iphibq ] } { [ x ][ 3g6yphm2qh ] } { [ s ][ 6or ] } { [ hl ] } { [ a ] } { [ nr ] } { [ tjq9 ] } { [ us243tdmff ] } { [ w2sd7qnpu3 ] } { [ rjb ] } { [ w27qm ] } { [ p7 ] }
despues de colapsar { [ cih ][ goc4uvbpv ][ qgob78 ][ th ][ a ] } { [ h ] } { [ bqgf ] } { [ iphibq ] } { [ x ][ 3g6yphm2qh ] } { [ s ][ 6or ] } { [ hl ] } { [ a ] } { [ nr ] } { [ tjq9 ] } { [ us243tdmff ] } { [ w2sd7qnpu3 ] } { [ rjb ] } { [ w27qm ] } { [ p7 ] }
antes   de filtrar: { [ cih ][ goc4uvbpv ][ qgob78 ][ th ][ a ] } { [ h ] } { [ bqgf ] } { [ iphibq ] } { [ x ][ 3g6yphm2qh ] } { [ s ][ 6or ] } { [ hl ] } { [ a ] } { [ nr ] } { [ tjq9 ] } { [ us243tdmff ] } { [ w2sd7qnpu3 ] } { [ rjb ] } { [ w27qm ] } { [ p7 ] } { [ 7kmo98 ] }
despues de filtrar: { [ cih ][ goc4uvbpv ][ qgob78 ][ th ][ a ] } { [ h ] } { [ bqgf ] } { [ iphibq ] } { [ x ][ 3g6yphm2qh ] } { [ s ][ 6or ] } { [ hl ] } { [ a ] } { [ nr ] } { [ rjb ] }
antes   de filtrar: <vacia>
despues de filtrar: <vacia>
antes   de colapsar { [ 5722 ] } { [ 9622 ] } { [ 968 ] } { [ 106 ] }
despues de colapsar { [ 5722 ] } { [ 9622 ] } { [ 968 ] } { [ 106 ] }
antes   de filtrar: { [ 5722 ] } { [ 9622 ][ 8401 ] } { [ 968 ] } { [ 106 ] }
despues de filtrar: { [ 5722 ] } { [ 9622 ][ 8401 ] } { [ 968 ] }
antes   de colapsar { [ 5722 ] } { [ 9622 ][ 8401 ] } { [ 968 ] } { [ 8840 ] }
despues de colapsar { [ 5722 ] } { [ 9622 ][ 8401 ] } { [ 968 ] } { [ 8840 ] }
antes   de colapsar { [ 5722 ] } { [ 9622 ][ 8401 ] } { [ 968 ] } { [ 8840 ][ 3839 ] } { [ 5848 ] }
despues de colapsar { [ 5722 ] } { [ 9622 ][ 8401 ] } { [ 968 ] } { [ 5825 ] } { [ 5848 ] }
antes   de colapsar { [ 5722 ][ 7387 ] } { [ 9622 ][ 8401 ][ 7322 ] } { [ 968 ] } { [ 5825 ][ 2024 ] } { [ 5848 ] } { [ 7176 ] } { [ 5610 ] } { [ 8312 ] }
despues de colapsar { [ 5722 ][ 7387 ] } { [ 9622 ][ 8401 ][ 7322 ] } { [ 968 ] } { [ 5825 ][ 2024 ] } { [ 5848 ] } { [ 7176 ] } { [ 5610 ] } { [ 8312 ] }
antes   de filtrar: { [ 5722 ][ 7387 ] } { [ 9622 ][ 8401 ][ 7322 ] } { [ 968 ] } { [ 5825 ][ 2024 ] } { [ 5848 ] } { [ 7176 ] } { [ 5610 ] } { [ 8312 ] } { [ 6872 ] }
despues de filtrar: { [ 5722 ][ 7387 ] } { [ 9622 ][ 8401 ][ 7322 ] } { [ 968 ] } { [ 5825 ][ 2024 ] } { [ 5848 ] } { [ 7176 ] } { [ 8312 ] } { [ 6872 ] }
antes   de filtrar: { [ 5722 ][ 7387 ] } { [ 9622 ][ 8401 ][ 7322 ] } { [ 968 ] } { [ 5825 ][ 2024 ] } { [ 5848 ] } { [ 7176 ] } { [ 8312 ] } { [ 6872 ] } { [ 249 ] } { [ 2930 ][ 101 ] } { [ 2722 ] } { [ 9515 ] } { [ 1574 ] } { [ 346 ] }
despues de filtrar: { [ 5722 ][ 7387 ] } { [ 9622 ][ 8401 ][ 7322 ] } { [ 968 ] } { [ 5825 ][ 2024 ] } { [ 5848 ] } { [ 7176 ] } { [ 8312 ] } { [ 6872 ] } { [ 249 ] } { [ 2722 ] } { [ 9515 ] } { [ 1574 ] } { [ 346 ] }
antes   de colapsar { [ 5722 ][ 7387 ] } { [ 9622 ][ 8401 ][ 7322 ] } { [ 968 ] } { [ 5825 ][ 2024 ] } { [ 5848 ] } { [ 7176 ] } { [ 8312 ] } { [ 6872 ] } { [ 249 ] } { [ 2722 ] } { [ 9515 ] } { [ 1574 ] } { [ 346 ] }
despues de colapsar { [ 5722 ][ 7387 ] } { [ 9622 ][ 8401 ][ 7322 ] } { [ 968 ] } { [ 5825 ][ 2024 ] } { [ 5848 ] } { [ 7176 ] } { [ 8312 ] } { [ 6872 ] } { [ 249 ] } { [ 2722 ] } { [ 9515 ] } { [ 1574 ] } { [ 346 ] }
antes   de filtrar: { [ 5722 ][ 7387 ] } { [ 9622 ][ 8401 ][ 7322 ] } { [ 968 ] } { [ 5825 ][ 2024 ] } { [ 5848 ] } { [ 7176 ] } { [ 8312 ][ 9084 ] } { [ 6872 ] } { [ 249 ] } { [ 2722 ] } { [ 9515 ] } { [ 1574 ] } { [ 346 ] } { [ 9993 ] } { [ 183 ] }
despues de filtrar: { [ 5722 ][ 7387 ] } { [ 9622 ][ 8401 ][ 7322 ] } { [ 968 ] } { [ 5825 ][ 2024 ] } { [ 5848 ] } { [ 7176 ] } { [ 8312 ][ 9084 ] } { [ 6872 ] } { [ 249 ] } { [ 2722 ] } { [ 9515 ] } { [ 1574 ] } { [ 346 ] } { [ 9993 ] } { [ 183 ] }
antes   de filtrar: { [ 1452 ] } { [ 3068 ] } { [ 6288 ] } { [ 5036 ] }
despues de filtrar: { [ 1452 ] } { [ 6288 ] }
antes   de filtrar: { [ 1452 ] } { [ 6288 ] } { [ 1150 ] }
despues de filtrar: { [ 1452 ] } { [ 6288 ] }
antes   de colapsar { [ 1452 ] } { [ 6288 ] }
despues de colapsar { [ 1452 ] } { [ 6288 ] }
antes   de colapsar { [ 1452 ][ 654 ] } { [ 6288 ] } { [ 9914 ] } { [ 5949 ][ 6227 ] } { [ 9825 ] } { [ 5658 ] } { [ 7455 ] } { [ 3934 ][ 3884 ] } { [ 6836 ][ 3947 ] } { [ 7296 ] } { [ 7015 ] } { [ 9877 ] } { [ 6007 ] } { [ 5886 ] } { [ 9165 ] } { [ 4022 ] }
despues de colapsar { [ 1452 ][ 654 ] } { [ 6288 ] } { [ 9914 ] } { [ 5949 ][ 6227 ] } { [ 9825 ] } { [ 5658 ] } { [ 7455 ] } { [ 3934 ][ 3884 ] } { [ 6836 ][ 3947 ] } { [ 7296 ] } { [ 7015 ] } { [ 9877 ] } { [ 6007 ] } { [ 5886 ] } { [ 9165 ] } { [ 4022 ] }
antes   de colapsar { [ 1452 ][ 654 ] } { [ 6288 ] } { [ 9914 ] } { [ 5949 ][ 6227 ] } { [ 9825 ] } { [ 5658 ] } { [ 7455 ] } { [ 3934 ][ 3884 ] } { [ 6836 ][ 3947 ] } { [ 7296 ] } { [ 7015 ] } { [ 9877 ] } { [ 6007 ] } { [ 5886 ] } { [ 9165 ] } { [ 4022 ] }
despues de colapsar { [ 1452 ][ 654 ] } { [ 6288 ] } { [ 9914 ] } { [ 5949 ][ 6227 ] } { [ 9825 ] } { [ 5658 ] } { [ 7455 ] } { [ 3934 ][ 3884 ] } { [ 6836 ][ 3947 ] } { [ 7296 ] } { [ 7015 ] } { [ 9877 ] } { [ 6007 ] } { [ 5886 ] } { [ 9165 ] } { [ 4022 ] }
antes   de colapsar { [ 1452 ][ 654 ] } { [ 6288 ] } { [ 9914 ] } { [ 5949 ][ 6227 ] } { [ 9825 ] } { [ 5658 ] } { [ 7455 ] } { [ 3934 ][ 3884 ] } { [ 6836 ][ 3947 ] } { [ 7296 ] } { [ 7015 ] } { [ 9877 ] } { [ 6007 ] } { [ 5886 ] } { [ 9165 ] } { [ 4022 ] } { [ 3342 ] } { [ 974 ] }
despues de colapsar { [ 1452 ][ 654 ] } { [ 6288 ] } { [ 9914 ] } { [ 5949 ][ 6227 ] } { [ 9825 ] } { [ 5658 ] } { [ 7455 ] } { [ 3934 ][ 3884 ] } { [ 6836 ][ 3947 ] } { [ 7296 ] } { [ 7015 ] } { [ 9877 ] } { [ 6007 ] } { [ 5886 ] } { [ 9165 ] } { [ 4022 ] } { [ 3342 ] } { [ 974 ] }
antes   de filtrar: { [ 1452 ][ 654 ] } { [ 6288 ] } { [ 9914 ] } { [ 5949 ][ 6227 ] } { [ 9825 ] } { [ 5658 ] } { [ 7455 ] } { [ 3934 ][ 3884 ] } { [ 6836 ][ 3947 ] } { [ 7296 ] } { [ 7015 ][ 4060 ] } { [ 9877 ] } { [ 6007 ] } { [ 5886 ] } { [ 9165 ] } { [ 4022 ] } { [ 3342 ] } { [ 974 ] } { [ 9649 ] } { [ 1139 ] }
despues de filtrar: { [ 1452 ][ 654 ] } { [ 6288 ] } { [ 9914 ] } { [ 5949 ][ 6227 ] } { [ 9825 ] } { [ 5658 ] } { [ 7455 ] } { [ 3934 ][ 3884 ] } { [ 6836 ][ 3947 ] } { [ 7296 ] } { [ 9877 ] } { [ 5886 ] } { [ 9165 ] } { [ 3342 ] } { [ 974 ] } { [ 9649 ] } { [ 1139 ] }
antes   de filtrar: { [ 1452 ][ 654 ] } { [ 6288 ] } { [ 9914 ] } { [ 5949 ][ 6227 ] } { [ 9825 ] } { [ 5658 ] } { [ 7455 ] } { [ 3934 ][ 3884 ] } { [ 6836 ][ 3947 ] } { [ 7296 ] } { [ 9877 ] } { [ 5886 ] } { [ 9165 ] } { [ 3342 ] } { [ 974 ][ 6928 ] } { [ 9649 ] } { [ 1139 ] }
despues de filtrar: { [ 1452 ][ 654 ] } { [ 6288 ] } { [ 9914 ] } { [ 5949 ][ 6227 ] } { [ 9825 ] } { [ 5658 ] } { [ 7455 ] } { [ 3934 ][ 3884 ] } { [ 6836 ][ 3947 ] } { [ 7296 ] } { [ 9877 ] } { [ 5886 ] } { [ 9165 ] } { [ 3342 ] } { [ 974 ][ 6928 ] } { [ 9649 ] } { [ 1139 ] }
antes   de colapsar { [ 1452 ][ 654 ] } { [ 6288 ] } { [ 9914 ][ 9058 ] } { [ 5949 ][ 6227 ] } { [ 9825 ] } { [ 5658 ] } { [ 7455 ] } { [ 3934 ][ 3884 ] } { [ 6836 ][ 3947 ] } { [ 7296 ][ 9374 ] } { [ 9877 ] } { [ 5886 ] } { [ 9165 ] } { [ 3342 ] } { [ 974 ][ 6928 ] } { [ 9649 ] } { [ 1139 ] } { [ 4911 ] }
despues de colapsar { [ 1452 ][ 654 ] } { [ 6288 ] } { [ 9914 ][ 9058 ] } { [ 5949 ][ 6227 ] } { [ 9825 ] } { [ 5658 ] } { [ 7455 ] } { [ 3934 ][ 3884 ] } { [ 6836 ][ 3947 ] } { [ 7296 ][ 9374 ] } { [ 9877 ] } { [ 5886 ] } { [ 9165 ] } { [ 3342 ] } { [ 974 ][ 6928 ] } { [ 9649 ] } { [ 1139 ] } { [ 4911 ] }
antes   de filtrar: { [ 1452 ][ 654 ] } { [ 6288 ] } { [ 9914 ][ 9058 ][ 5842 ] } { [ 5949 ][ 6227 ] } { [ 9825 ] } { [ 5658 ] } { [ 7455 ] } { [ 3934 ][ 3884 ] } { [ 6836 ][ 3947 ] } { [ 7296 ][ 9374 ] } { [ 9877 ] } { [ 5886 ][ 871 ] } { [ 9165 ][ 9852 ] } { [ 3342 ] } { [ 974 ][ 6928 ] } { [ 9649 ] } { [ 1139 ] } { [ 4911 ] } { [ 3474 ] } { [ 8024 ][ 5944 ] } { [ 1629 ] } { [ 1500 ][ 7060 ] } { [ 3001 ][ 8714 ] } { [ 1333 ] } { [ 9055 ] } { [ 3321 ] } { [ 3388 ] } { [ 4750 ] } { [ 1127 ] }
despues de filtrar: { [ 1452 ][ 654 ] } { [ 6288 ] } { [ 9914 ][ 9058 ][ 5842 ] } { [ 5949 ][ 6227 ] } { [ 9825 ] } { [ 5658 ] } { [ 7455 ] } { [ 3934 ][ 3884 ] } { [ 6836 ][ 3947 ] } { [ 7296 ][ 9374 ] } { [ 9877 ] } { [ 5886 ][ 871 ] } { [ 9165 ][ 9852 ] } { [ 3342 ] } { [ 974 ][ 6928 ] } { [ 9649 ] } { [ 1139 ] } { [ 4911 ] } { [ 3474 ] } { [ 1629 ] } { [ 1333 ] } { [ 3321 ] } { [ 3388 ] } { [ 1127 ] }
