antes   de colapsar { [ 4281 ] } { [ 7365 ][ 3822 ] } { [ 1040 ] } { [ 4740 ] }
despues de colapsar { [ 4281 ] } { [ 7365 ][ 3822 ] } { [ 1040 ] } { [ 4740 ] }
antes   de filtrar: { [ 4281 ] } { [ 7365 ][ 3822 ] } { [ 1040 ] } { [ 4740 ] }
despues de filtrar: { [ 4281 ] } { [ 7365 ][ 3822 ] }
antes   de colapsar { [ 4281 ][ 7313 ] } { [ 7365 ][ 3822 ] } { [ 1807 ] } { [ 658 ] } { [ 5901 ][ 6844 ] } { [ 6561 ] } { [ 863 ] } { [ 2348 ] } { [ 6472 ] }
despues de colapsar { [ 4281 ][ 7313 ] } { [ 7365 ][ 3822 ] } { [ 1807 ] } { [ 658 ] } { [ 6355 ] } { [ 6561 ] } { [ 863 ] } { [ 2348 ] } { [ 6472 ] }
antes   de filtrar: { [ 4281 ][ 7313 ] } { [ 7365 ][ 3822 ] } { [ 1807 ] } { [ 658 ] } { [ 6355 ] } { [ 6561 ] } { [ 863 ] } { [ 2348 ] } { [ 6472 ] }
despues de filtrar: { [ 4281 ][ 7313 ] } { [ 7365 ][ 3822 ] } { [ 658 ] } { [ 6355 ] } { [ 6561 ] } { [ 863 ] } { [ 2348 ] } { [ 6472 ] }
antes   de filtrar: { [ 4281 ][ 7313 ] } { [ 7365 ][ 3822 ] } { [ 658 ] } { [ 6355 ] } { [ 6561 ] } { [ 863 ] } { [ 2348 ] } { [ 6472 ] } { [ 2496 ][ 4677 ] } { [ 9831 ] } { [ 8124 ] }
despues de filtrar: { [ 4281 ][ 7313 ] } { [ 7365 ][ 3822 ] } { [ 658 ] } { [ 6355 ] } { [ 6561 ] } { [ 863 ] } { [ 2348 ] } { [ 6472 ] } { [ 2496 ][ 4677 ] } { [ 9831 ] } { [ 8124 ] }
antes   de colapsar { [ 4281 ][ 7313 ] } { [ 7365 ][ 3822 ] } { [ 658 ] } { [ 6355 ] } { [ 6561 ] } { [ 863 ][ 3635 ] } { [ 2348 ] } { [ 6472 ] } { [ 2496 ][ 4677 ] } { [ 9831 ] } { [ 8124 ] } { [ 7539 ][ 617 ] } { [ 3784 ] }
despues de colapsar { [ 4281 ][ 7313 ] } { [ 7365 ][ 3822 ] } { [ 658 ] } { [ 6355 ] } { [ 6561 ] } { [ 863 ][ 3635 ] } { [ 2348 ] } { [ 6472 ] } { [ 2496 ][ 4677 ] } { [ 9831 ] } { [ 8124 ] } { [ 7539 ][ 617 ] } { [ 3784 ] }
antes   de colapsar { [ 4281 ][ 7313 ] } { [ 7365 ][ 3822 ] } { [ 658 ] } { [ 6355 ] } { [ 6561 ] } { [ 863 ][ 3635 ] } { [ 2348 ] } { [ 6472 ][ 2865 ] } { [ 2496 ][ 4677 ] } { [ 9831 ] } { [ 8124 ] } { [ 7539 ][ 617 ] } { [ 3784 ] } { [ 1409 ] } { [ 3981 ] } { [ 55 ] }
despues de colapsar { [ 4281 ][ 7313 ] } { [ 7365 ][ 3822 ] } { [ 658 ] } { [ 6355 ] } { [ 6561 ] } { [ 863 ][ 3635 ] } { [ 2348 ] } { [ 6472 ][ 2865 ] } { [ 2496 ][ 4677 ] } { [ 9831 ] } { [ 8124 ] } { [ 7539 ][ 617 ] } { [ 3784 ] } { [ 1409 ] } { [ 3981 ] } { [ 55 ] }
antes   de colapsar { [ 4281 ][ 7313 ] } { [ 7365 ][ 3822 ] } { [ 658 ] } { [ 6355 ][ 5675 ] } { [ 6561 ] } { [ 863 ][ 3635 ][ 3685 ] } { [ 2348 ] } { [ 6472 ][ 2865 ] } { [ 2496 ][ 4677 ] } { [ 9831 ][ 4859 ] } { [ 8124 ] } { [ 7539 ][ 617 ] } { [ 3784 ] } { [ 1409 ][ 1957 ] } { [ 3981 ] } { [ 55 ] } { [ 6614 ] } { [ 7343 ] } { [ 3523 ] }
despues de colapsar { [ 4281 ][ 7313 ] } { [ 7365 ][ 3822 ] } { [ 658 ] } { [ 6355 ][ 5675 ] } { [ 6561 ] } { [ 863 ][ 3635 ][ 3685 ] } { [ 2348 ] } { [ 6472 ][ 2865 ] } { [ 2496 ][ 4677 ] } { [ 9831 ][ 4859 ] } { [ 8124 ] } { [ 7539 ][ 617 ] } { [ 3784 ] } { [ 1660 ] } { [ 3981 ] } { [ 55 ] } { [ 6614 ] } { [ 7343 ] } { [ 3523 ] }
antes   de filtrar: { [ 4281 ][ 7313 ] } { [ 7365 ][ 3822 ] } { [ 658 ] } { [ 6355 ][ 5675 ] } { [ 6561 ] } { [ 863 ][ 3635 ][ 3685 ] } { [ 2348 ] } { [ 6472 ][ 2865 ] } { [ 2496 ][ 4677 ] } { [ 9831 ][ 4859 ] } { [ 8124 ] } { [ 7539 ][ 617 ] } { [ 3784 ] } { [ 1660 ] } { [ 3981 ] } { [ 55 ] } { [ 6614 ] } { [ 7343 ] } { [ 3523 ] } { [ 163 ] } { [ 5710 ] } { [ 5679 ] } { [ 4994 ] } { [ 3210 ] } { [ 3667 ] }
despues de filtrar: { [ 4281 ][ 7313 ] } { [ 7365 ][ 3822 ] } { [ 658 ] } { [ 6355 ][ 5675 ] } { [ 6561 ] } { [ 863 ][ 3635 ][ 3685 ] } { [ 2348 ] } { [ 6472 ][ 2865 ] } { [ 2496 ][ 4677 ] } { [ 9831 ][ 4859 ] } { [ 8124 ] } { [ 7539 ][ 617 ] } { [ 3784 ] } { [ 3981 ] } { [ 55 ] } { [ 6614 ] } { [ 7343 ] } { [ 3523 ] } { [ 163 ] } { [ 5679 ] } { [ 4994 ] } { [ 3667 ] }
antes   de filtrar: { [ 4281 ][ 7313 ] } { [ 7365 ][ 3822 ] } { [ 658 ] } { [ 6355 ][ 5675 ] } { [ 6561 ] } { [ 863 ][ 3635 ][ 3685 ] } { [ 2348 ] } { [ 6472 ][ 2865 ] } { [ 2496 ][ 4677 ] } { [ 9831 ][ 4859 ][ 6187 ] } { [ 8124 ] } { [ 7539 ][ 617 ] } { [ 3784 ] } { [ 3981 ] } { [ 55 ][ 3456 ] } { [ 6614 ] } { [ 7343 ] } { [ 3523 ] } { [ 163 ] } { [ 5679 ] } { [ 4994 ] } { [ 3667 ] } { [ 397 ] } { [ 5049 ] }
despues de filtrar: { [ 4281 ][ 7313 ] } { [ 7365 ][ 3822 ] } { [ 658 ] } { [ 6355 ][ 5675 ] } { [ 6561 ] } { [ 863 ][ 3635 ][ 3685 ] } { [ 2348 ] } { [ 6472 ][ 2865 ] } { [ 2496 ][ 4677 ] } { [ 9831 ][ 4859 ][ 6187 ] } { [ 8124 ] } { [ 7539 ][ 617 ] } { [ 3784 ] } { [ 3981 ] } { [ 55 ][ 3456 ] } { [ 6614 ] } { [ 7343 ] } { [ 3523 ] } { [ 163 ] } { [ 5679 ] } { [ 4994 ] } { [ 3667 ] } { [ 397 ] }
antes   de filtrar: { [ j5e2 ] } { [ 6eo4d ][ mox4e ] } { [ iuhhs ][ b42jf05o ] } { [ v9 ] } { [ sx44s8d ] } { [ b ] } { [ l689134b6 ] } { [ g3 ] } { [ s44gy8cjn ] }
despues de filtrar: { [ iuhhs ][ b42jf05o ] } { [ b ] }
antes   de colapsar { [ iuhhs ][ b42jf05o ] } { [ b ] }
despues de colapsar { [ iuhhs ][ b42jf05o ] } { [ b ] }
antes   de filtrar: { [ iuhhs ][ b42jf05o ] } { [ b ] } { [ fvmmp5n0j ] }
despues de filtrar: { [ iuhhs ][ b42jf05o ] } { [ b ] }
antes   de filtrar: { [ iuhhs ][ b42jf05o ][ f2c1i8 ][ kmbysu7y0y ][ le6a62nw ] } { [ b ] } { [ de6bf ] } { [ 39r88 ] } { [ 6a33 ] } { [ 46p ] }
despues de filtrar: { [ iuhhs ][ b42jf05o ][ f2c1i8 ][ kmbysu7y0y ][ le6a62nw ] } { [ b ] }
antes   de colapsar { [ iuhhs ][ b42jf05o ][ f2c1i8 ][ kmbysu7y0y ][ le6a62nw ] } { [ b ] } { [ df3u ][ n ] } { [ 90sd5odx ] } { [ 91egw75l ] } { [ qxciaab ][ 1y1x20nk ] } { [ 58 ][ xi1 ] } { [ h66qurl ] } { [ 13apndbp9 ] } { [ fup4mft ] }
despues de colapsar { [ iuhhs ][ b42jf05o ][ f2c1i8 ][ kmbysu7y0y ][ le6a62nw ] } { [ b ] } { [ dnf3u ] } { [ 90sd5odx ] } { [ 91egw75l ] } { [ qxciaab ][ 1y1x20nk ] } { [ 5x8i1 ] } { [ h66qurl ] } { [ 13apndbp9 ] } { [ fup4mft ] }
antes   de colapsar { [ iuhhs ][ b42jf05o ][ f2c1i8 ][ kmbysu7y0y ][ le6a62nw ] } { [ b ] } { [ dnf3u ] } { [ 90sd5odx ] } { [ 91egw75l ][ 02or2kcg ] } { [ qxciaab ][ 1y1x20nk ] } { [ 5x8i1 ] } { [ h66qurl ] } { [ 13apndbp9 ] } { [ fup4mft ] } { [ 5ai85uppav ] } { [ 7jjf3 ] } { [ 15h8t5v8w ] } { [ k4t3b ] } { [ nibr ] }
despues de colapsar { [ iuhhs ][ b42jf05o ][ f2c1i8 ][ kmbysu7y0y ][ le6a62nw ] } { [ b ] } { [ dnf3u ] } { [ 90sd5odx ] } { [ 9012eogrw2 ] } { [ qxciaab ][ 1y1x20nk ] } { [ 5x8i1 ] } { [ h66qurl ] } { [ 13apndbp9 ] } { [ fup4mft ] } { [ 5ai85uppav ] } { [ 7jjf3 ] } { [ 15h8t5v8w ] } { [ k4t3b ] } { [ nibr ] }
antes   de colapsar { [ iuhhs ][ b42jf05o ][ f2c1i8 ][ kmbysu7y0y ][ le6a62nw ] } { [ b ] } { [ dnf3u ] } { [ 90sd5odx ] } { [ 9012eogrw2 ] } { [ qxciaab ][ 1y1x20nk ] } { [ 5x8i1 ] } { [ h66qurl ] } { [ 13apndbp9 ] } { [ fup4mft ] } { [ 5ai85uppav ] } { [ 7jjf3 ] } { [ 15h8t5v8w ] } { [ k4t3b ] } { [ nibr ] }
despues de colapsar { [ iuhhs ][ b42jf05o ][ f2c1i8 ][ kmbysu7y0y ][ le6a62nw ] } { [ b ] } { [ dnf3u ] } { [ 90sd5odx ] } { [ 9012eogrw2 ] } { [ qxciaab ][ 1y1x20nk ] } { [ 5x8i1 ] } { [ h66qurl ] } { [ 13apndbp9 ] } { [ fup4mft ] } { [ 5ai85uppav ] } { [ 7jjf3 ] } { [ 15h8t5v8w ] } { [ k4t3b ] } { [ nibr ] }
antes   de filtrar: { [ iuhhs ][ b42jf05o ][ f2c1i8 ][ kmbysu7y0y ][ le6a62nw ] } { [ b ] } { [ dnf3u ][ i7s003ei0 ] } { [ 90sd5odx ] } { [ 9012eogrw2 ] } { [ qxciaab ][ 1y1x20nk ] } { [ 5x8i1 ] } { [ h66qurl ] } { [ 13apndbp9 ] } { [ fup4mft ] } { [ 5ai85uppav ] } { [ 7jjf3 ] } { [ 15h8t5v8w ] } { [ k4t3b ] } { [ nibr ] }
despues de filtrar: { [ iuhhs ][ b42jf05o ][ f2c1i8 ][ kmbysu7y0y ][ le6a62nw ] } { [ b ] } { [ qxciaab ][ 1y1x20nk ] } { [ nibr ] }
antes   de filtrar: { [ iuhhs ][ b42jf05o ][ f2c1i8 ][ kmbysu7y0y ][ le6a62nw ] } { [ b ] } { [ qxciaab ][ 1y1x20nk ] } { [ nibr ] }
despues de filtrar: { [ iuhhs ][ b42jf05o ][ f2c1i8 ][ kmbysu7y0y ][ le6a62nw ] } { [ b ] } { [ qxciaab ][ 1y1x20nk ] } { [ nibr ] }
antes   de colapsar { [ iuhhs ][ b42jf05o ][ f2c1i8 ][ kmbysu7y0y ][ le6a62nw ] } { [ b ] } { [ qxciaab ][ 1y1x20nk ] } { [ nibr ] } { [ lfkt ] } { [ l ][ ivbebe1 ] } { [ 02x566 ] } { [ v6xth3hdm ] } { [ jprosvon ] }
despues de colapsar { [ iuhhs ][ b42jf05o ][ f2c1i8 ][ kmbysu7y0y ][ le6a62nw ] } { [ b ] } { [ qxciaab ][ 1y1x20nk ] } { [ nibr ] } { [ lfkt ] } { [ l ][ ivbebe1 ] } { [ 02x566 ] } { [ v6xth3hdm ] } { [ jprosvon ] }
antes   de colapsar { [ 6039 ][ 7775 ] } { [ 4195 ][ 6509 ][ 1160 ] } { [ 2531 ] } { [ 2779 ] } { [ 7118 ] } { [ 486 ][ 3223 ] }
despues de colapsar { [ 6852 ] } { [ 4195 ][ 6509 ][ 1160 ] } { [ 2531 ] } { [ 2779 ] } { [ 7118 ] } { [ 486 ][ 3223 ] }
antes   de colapsar { [ 6852 ] } { [ 4195 ][ 6509 ][ 1160 ] } { [ 2531 ] } { [ 2779 ] } { [ 7118 ] } { [ 486 ][ 3223 ] } { [ 792 ] }
despues de colapsar { [ 6852 ] } { [ 4195 ][ 6509 ][ 1160 ] } { [ 2531 ] } { [ 2779 ] } { [ 7118 ] } { [ 486 ][ 3223 ] } { [ 792 ] }
antes   de colapsar { [ 6852 ] } { [ 4195 ][ 6509 ][ 1160 ] } { [ 2531 ] } { [ 2779 ] } { [ 7118 ] } { [ 486 ][ 3223 ] } { [ 792 ] } { [ 4814 ] } { [ 6240 ] } { [ 9513 ] }
despues de colapsar { [ 6852 ] } { [ 4195 ][ 6509 ][ 1160 ] } { [ 2531 ] } { [ 2779 ] } { [ 7118 ] } { [ 486 ][ 3223 ] } { [ 792 ] } { [ 4814 ] } { [ 6240 ] } { [ 9513 ] }
antes   de filtrar: { [ 6852 ] } { [ 4195 ][ 6509 ][ 1160 ] } { [ 2531 ] } { [ 2779 ] } { [ 7118 ] } { [ 486 ][ 3223 ][ 8305 ] } { [ 792 ][ 546 ] } { [ 4814 ] } { [ 6240 ] } { [ 9513 ] } { [ 332 ] } { [ 599 ] }
despues de filtrar: { [ 6852 ] } { [ 4195 ][ 6509 ][ 1160 ] } { [ 2531 ] } { [ 2779 ] } { [ 7118 ] } { [ 486 ][ 3223 ][ 8305 ] } { [ 792 ][ 546 ] } { [ 4814 ] } { [ 9513 ] } { [ 332 ] } { [ 599 ] }
antes   de filtrar: { [ 6852 ] } { [ 4195 ][ 6509 ][ 1160 ] } { [ 2531 ] } { [ 2779 ] } { [ 7118 ] } { [ 486 ][ 3223 ][ 8305 ][ 1787 ] } { [ 792 ][ 546 ] } { [ 4814 ] } { [ 9513 ] } { [ 332 ] } { [ 599 ] }
despues de filtrar: { [ 6852 ] } { [ 4195 ][ 6509 ][ 1160 ] } { [ 2531 ] } { [ 2779 ] } { [ 7118 ] } { [ 486 ][ 3223 ][ 8305 ][ 1787 ] } { [ 792 ][ 546 ] } { [ 4814 ] } { [ 9513 ] } { [ 332 ] } { [ 599 ] }
antes   de filtrar: { [ 6852 ] } { [ 4195 ][ 6509 ][ 1160 ] } { [ 2531 ] } { [ 2779 ] } { [ 7118 ] } { [ 486 ][ 3223 ][ 8305 ][ 1787 ] } { [ 792 ][ 546 ] } { [ 4814 ] } { [ 9513 ] } { [ 332 ][ 7501 ] } { [ 599 ] }
despues de filtrar: { [ 6852 ] } { [ 4195 ][ 6509 ][ 1160 ] } { [ 2531 ] } { [ 2779 ] } { [ 7118 ] } { [ 486 ][ 3223 ][ 8305 ][ 1787 ] } { [ 792 ][ 546 ] } { [ 4814 ] } { [ 9513 ] } { [ 332 ][ 7501 ] } { [ 599 ] }
antes   de colapsar { [ 6852 ] } { [ 4195 ][ 6509 ][ 1160 ] } { [ 2531 ] } { [ 2779 ] } { [ 7118 ] } { [ 486 ][ 3223 ][ 8305 ][ 1787 ] } { [ 792 ][ 546 ] } { [ 4814 ] } { [ 9513 ] } { [ 332 ][ 7501 ] } { [ 599 ] } { [ 7644 ] } { [ 7166 ] }
despues de colapsar { [ 6852 ] } { [ 4195 ][ 6509 ][ 1160 ] } { [ 2531 ] } { [ 2779 ] } { [ 7118 ] } { [ 486 ][ 3223 ][ 8305 ][ 1787 ] } { [ 792 ][ 546 ] } { [ 4814 ] } { [ 9513 ] } { [ 332 ][ 7501 ] } { [ 599 ] } { [ 7644 ] } { [ 7166 ] }
antes   de filtrar: { [ 6852 ] } { [ 4195 ][ 6509 ][ 1160 ] } { [ 2531 ] } { [ 2779 ] } { [ 7118 ] } { [ 486 ][ 3223 ][ 8305 ][ 1787 ][ 6576 ] } { [ 792 ][ 546 ] } { [ 4814 ] } { [ 9513 ] } { [ 332 ][ 7501 ] } { [ 599 ] } { [ 7644 ] } { [ 7166 ] } { [ 3477 ] } { [ 3346 ] } { [ 7182 ] } { [ 9614 ] } { [ 5597 ] }
despues de filtrar: { [ 6852 ] } { [ 4195 ][ 6509 ][ 1160 ] } { [ 2531 ] } { [ 2779 ] } { [ 7118 ] } { [ 486 ][ 3223 ][ 8305 ][ 1787 ][ 6576 ] } { [ 792 ][ 546 ] } { [ 4814 ] } { [ 9513 ] } { [ 332 ][ 7501 ] } { [ 599 ] } { [ 7644 ] } { [ 7166 ] } { [ 3477 ] } { [ 3346 ] } { [ 7182 ] } { [ 9614 ] } { [ 5597 ] }
antes   de colapsar { [ 6852 ] } { [ 4195 ][ 6509 ][ 1160 ] } { [ 2531 ] } { [ 2779 ] } { [ 7118 ] } { [ 486 ][ 3223 ][ 8305 ][ 1787 ][ 6576 ] } { [ 792 ][ 546 ] } { [ 4814 ] } { [ 9513 ] } { [ 332 ][ 7501 ] } { [ 599 ] } { [ 7644 ] } { [ 7166 ] } { [ 3477 ] } { [ 3346 ] } { [ 7182 ] } { [ 9614 ] } { [ 5597 ] }
despues de colapsar { [ 6852 ] } { [ 4195 ][ 6509 ][ 1160 ] } { [ 2531 ] } { [ 2779 ] } { [ 7118 ] } { [ 486 ][ 3223 ][ 8305 ][ 1787 ][ 6576 ] } { [ 792 ][ 546 ] } { [ 4814 ] } { [ 9513 ] } { [ 332 ][ 7501 ] } { [ 599 ] } { [ 7644 ] } { [ 7166 ] } { [ 3477 ] } { [ 3346 ] } { [ 7182 ] } { [ 9614 ] } { [ 5597 ] }
antes   de filtrar: { [ 6852 ] } { [ 4195 ][ 6509 ][ 1160 ] } { [ 2531 ] } { [ 2779 ] } { [ 7118 ] } { [ 486 ][ 3223 ][ 8305 ][ 1787 ][ 6576 ] } { [ 792 ][ 546 ] } { [ 4814 ] } { [ 9513 ][ 6560 ] } { [ 332 ][ 7501 ] } { [ 599 ] } { [ 7644 ][ 7895 ] } { [ 7166 ] } { [ 3477 ] } { [ 3346 ][ 7811 ] } { [ 7182 ] } { [ 9614 ] } { [ 5597 ] } { [ 6443 ] } { [ 2202 ] } { [ 5544 ] } { [ 3331 ] } { [ 4564 ] } { [ 3098 ] } { [ 3186 ] } { [ 7874 ] } { [ 3112 ] } { [ 7774 ][ 8781 ] } { [ 5023 ] } { [ 1636 ] } { [ 9346 ] }
despues de filtrar: { [ 6852 ] } { [ 4195 ][ 6509 ][ 1160 ] } { [ 2531 ] } { [ 2779 ] } { [ 7118 ] } { [ 486 ][ 3223 ][ 8305 ][ 1787 ][ 6576 ] } { [ 792 ][ 546 ] } { [ 4814 ] } { [ 9513 ][ 6560 ] } { [ 332 ][ 7501 ] } { [ 599 ] } { [ 7644 ][ 7895 ] } { [ 7166 ] } { [ 3477 ] } { [ 3346 ][ 7811 ] } { [ 7182 ] } { [ 9614 ] } { [ 5597 ] } { [ 6443 ] } { [ 5544 ] } { [ 3331 ] } { [ 4564 ] } { [ 3186 ] } { [ 7874 ] } { [ 3112 ] } { [ 7774 ][ 8781 ] } { [ 1636 ] } { [ 9346 ] }
antes   de colapsar { [ i ] } { [ 5sbl47n ] } { [ ahv16t4yew ][ m45xg ] }
despues de colapsar { [ i ] } { [ 5sbl47n ] } { [ amh4v51x6g ] }
antes   de filtrar: { [ i ] } { [ 5sbl47n ] } { [ amh4v51x6g ] } { [ 0c7g7qksl ] }
despues de filtrar: { [ i ] }
antes   de colapsar { [ i ][ n1o2a ] } { [ 1r1elpkhdq ] }
despues de colapsar { [ i ][ n1o2a ] } { [ 1r1elpkhdq ] }
antes   de colapsar { [ i ][ n1o2a ][ gkgva60 ] } { [ 1r1elpkhdq ] }
despues de colapsar { [ i ][ n1o2a ][ gkgva60 ] } { [ 1r1elpkhdq ] }
antes   de filtrar: { [ i ][ n1o2a ][ gkgva60 ] } { [ 1r1elpkhdq ] } { [ 8klb2pfq ] } { [ pe6y4 ] } { [ md1wo ] }
despues de filtrar: { [ i ][ n1o2a ][ gkgva60 ] }
antes   de filtrar: { [ i ][ n1o2a ][ gkgva60 ] } { [ 9i9b9j ] }
despues de filtrar: { [ i ][ n1o2a ][ gkgva60 ] }
antes   de filtrar: { [ i ][ n1o2a ][ gkgva60 ][ nqa4j ] } { [ ss08wm ] }
despues de filtrar: { [ i ][ n1o2a ][ gkgva60 ][ nqa4j ] }
antes   de colapsar { [ i ][ n1o2a ][ gkgva60 ][ nqa4j ][ d ] } { [ fa ][ fbd ] } { [ qhjl7h8v7m ] } { [ 6j75965nd ] } { [ diosei ] } { [ 3q0kbnh1 ] } { [ rhl7 ] } { [ q24 ] } { [ 6jk ][ f2i ] } { [ ug57v ][ rm6 ] } { [ bh8os ] } { [ 54 ] } { [ fg6 ] } { [ bb ] } { [ xhnyyi5cv ] } { [ 6 ] } { [ kc9s ] } { [ asxoh6y5 ] } { [ yjdqn ] }
despues de colapsar { [ i ][ n1o2a ][ gkgva60 ][ nqa4j ][ d ] } { [ fa ][ fbd ] } { [ qhjl7h8v7m ] } { [ 6j75965nd ] } { [ diosei ] } { [ 3q0kbnh1 ] } { [ rhl7 ] } { [ q24 ] } { [ 6fj2ki ] } { [ urgm567v ] } { [ bh8os ] } { [ 54 ] } { [ fg6 ] } { [ bb ] } { [ xhnyyi5cv ] } { [ 6 ] } { [ kc9s ] } { [ asxoh6y5 ] } { [ yjdqn ] }
antes   de colapsar { [ i ][ n1o2a ][ gkgva60 ][ nqa4j ][ d ] } { [ fa ][ fbd ] } { [ qhjl7h8v7m ] } { [ 6j75965nd ] } { [ diosei ] } { [ 3q0kbnh1 ] } { [ rhl7 ][ ruis ] } { [ q24 ] } { [ 6fj2ki ] } { [ urgm567v ] } { [ bh8os ] } { [ 54 ][ 1xdo2g0 ] } { [ fg6 ] } { [ bb ] } { [ xhnyyi5cv ] } { [ 6 ] } { [ kc9s ] } { [ asxoh6y5 ] } { [ yjdqn ] } { [ 1g8 ] }
despues de colapsar { [ i ][ n1o2a ][ gkgva60 ][ nqa4j ][ d ] } { [ fa ][ fbd ] } { [ qhjl7h8v7m ] } { [ 6j75965nd ] } { [ diosei ] } { [ 3q0kbnh1 ] } { [ rrhuli7s ] } { [ q24 ] } { [ 6fj2ki ] } { [ urgm567v ] } { [ bh8os ] } { [ 514xdo2g0 ] } { [ fg6 ] } { [ bb ] } { [ xhnyyi5cv ] } { [ 6 ] } { [ kc9s ] } { [ asxoh6y5 ] } { [ yjdqn ] } { [ 1g8 ] }
antes   de filtrar: { [ i ][ n1o2a ][ gkgva60 ][ nqa4j ][ d ] } { [ fa ][ fbd ] } { [ qhjl7h8v7m ] } { [ 6j75965nd ][ 0fh89es ] } { [ diosei ] } { [ 3q0kbnh1 ] } { [ rrhuli7s ] } { [ q24 ] } { [ 6fj2ki ] } { [ urgm567v ] } { [ bh8os ] } { [ 514xdo2g0 ] } { [ fg6 ] } { [ bb ] } { [ xhnyyi5cv ] } { [ 6 ] } { [ kc9s ] } { [ asxoh6y5 ] } { [ yjdqn ] } { [ 1g8 ] } { [ 6p ] } { [ tvrkk8ojy7 ] }
despues de filtrar: { [ i ][ n1o2a ][ gkgva60 ][ nqa4j ][ d ] } { [ fa ][ fbd ] } { [ diosei ] } { [ bb ] } { [ yjdqn ] }
antes   de filtrar: <vacia>
despues de filtrar: <vacia>
antes   de filtrar: { [ iq72p ] } { [ vrrxn ][ 3 ] } { [ cavlyx9q ] } { [ 4scvki ] } { [ mvxg ] }
despues de filtrar: { [ vrrxn ][ 3 ] } { [ mvxg ] }
antes   de colapsar { [ vrrxn ][ 3 ] } { [ mvxg ] } { [ sw ] } { [ dcdh ][ 62o ][ a ][ f ] } { [ 3xj31 ][ qben ] } { [ 0655ws ] } { [ kho ] } { [ tjmf7qnbxx ] } { [ 4p ] }
despues de colapsar { [ vrrxn ][ 3 ] } { [ mvxg ] } { [ sw ] } { [ dcdh ][ 62o ][ a ][ f ] } { [ 3qxbje3n1 ] } { [ 0655ws ] } { [ kho ] } { [ tjmf7qnbxx ] } { [ 4p ] }
antes   de filtrar: { [ vrrxn ][ 3 ] } { [ mvxg ][ rayu08e7tm ][ jgio82t6c ] } { [ sw ] } { [ dcdh ][ 62o ][ a ][ f ] } { [ 3qxbje3n1 ] } { [ 0655ws ][ n ] } { [ kho ] } { [ tjmf7qnbxx ] } { [ 4p ] } { [ 1knmyh ] } { [ laebm4iu ] } { [ 7xjg4r ] } { [ yi08kfpg37 ] } { [ s7guc3 ][ ceo ] } { [ ypgev ] } { [ w7j14fp ] } { [ ehvnvwufw ] }
despues de filtrar: { [ vrrxn ][ 3 ] } { [ mvxg ][ rayu08e7tm ][ jgio82t6c ] } { [ sw ] } { [ dcdh ][ 62o ][ a ][ f ] } { [ kho ] } { [ ypgev ] } { [ ehvnvwufw ] }
antes   de colapsar { [ vrrxn ][ 3 ] } { [ mvxg ][ rayu08e7tm ][ jgio82t6c ] } { [ sw ] } { [ dcdh ][ 62o ][ a ][ f ] } { [ kho ] } { [ ypgev ] } { [ ehvnvwufw ] }
despues de colapsar { [ vrrxn ][ 3 ] } { [ mvxg ][ rayu08e7tm ][ jgio82t6c ] } { [ sw ] } { [ dcdh ][ 62o ][ a ][ f ] } { [ kho ] } { [ ypgev ] } { [ ehvnvwufw ] }
antes   de filtrar: { [ vrrxn ][ 3 ] } { [ mvxg ][ rayu08e7tm ][ jgio82t6c ] } { [ sw ] } { [ dcdh ][ 62o ][ a ][ f ] } { [ kho ] } { [ ypgev ] } { [ ehvnvwufw ] }
despues de filtrar: { [ vrrxn ][ 3 ] } { [ mvxg ][ rayu08e7tm ][ jgio82t6c ] } { [ sw ] } { [ dcdh ][ 62o ][ a ][ f ] } { [ kho ] } { [ ypgev ] } { [ ehvnvwufw ] }
antes   de colapsar { [ vrrxn ][ 3 ] } { [ mvxg ][ rayu08e7tm ][ jgio82t6c ] } { [ sw ] } { [ dcdh ][ 62o ][ a ][ f ] } { [ kho ] } { [ ypgev ] } { [ ehvnvwufw ] } { [ t4ymaf ][ wru0odet ] } { [ kcvk91jud ] } { [ b03wqu70i ] } { [ 9v7vx ] } { [ u1u4n ] }
despues de colapsar { [ vrrxn ][ 3 ] } { [ mvxg ][ rayu08e7tm ][ jgio82t6c ] } { [ sw ] } { [ dcdh ][ 62o ][ a ][ f ] } { [ kho ] } { [ ypgev ] } { [ ehvnvwufw ] } { [ tw4ryum0ao ] } { [ kcvk91jud ] } { [ b03wqu70i ] } { [ 9v7vx ] } { [ u1u4n ] }
antes   de colapsar { [ vrrxn ][ 3 ] } { [ mvxg ][ rayu08e7tm ][ jgio82t6c ] } { [ sw ][ a2lol7kpqd ] } { [ dcdh ][ 62o ][ a ][ f ] } { [ kho ] } { [ ypgev ] } { [ ehvnvwufw ] } { [ tw4ryum0ao ] } { [ kcvk91jud ] } { [ b03wqu70i ] } { [ 9v7vx ] } { [ u1u4n ] } { [ 1lkv ] }
despues de colapsar { [ vrrxn ][ 3 ] } { [ mvxg ][ rayu08e7tm ][ jgio82t6c ] } { [ sw ][ a2lol7kpqd ] } { [ dcdh ][ 62o ][ a ][ f ] } { [ kho ] } { [ ypgev ] } { [ ehvnvwufw ] } { [ tw4ryum0ao ] } { [ kcvk91jud ] } { [ b03wqu70i ] } { [ 9v7vx ] } { [ u1u4n ] } { [ 1lkv ] }
antes   de colapsar { [ vrrxn ][ 3 ] } { [ mvxg ][ rayu08e7tm ][ jgio82t6c ] } { [ sw ][ a2lol7kpqd ] } { [ dcdh ][ 62o ][ a ][ f ] } { [ kho ] } { [ ypgev ][ 3fohusdh ] } { [ ehvnvwufw ] } { [ tw4ryum0ao ] } { [ kcvk91jud ] } { [ b03wqu70i ] } { [ 9v7vx ] } { [ u1u4n ] } { [ 1lkv ] } { [ l ] }
despues de colapsar { [ vrrxn ][ 3 ] } { [ mvxg ][ rayu08e7tm ][ jgio82t6c ] } { [ sw ][ a2lol7kpqd ] } { [ dcdh ][ 62o ][ a ][ f ] } { [ kho ] } { [ ypgev ][ 3fohusdh ] } { [ ehvnvwufw ] } { [ tw4ryum0ao ] } { [ kcvk91jud ] } { [ b03wqu70i ] } { [ 9v7vx ] } { [ u1u4n ] } { [ 1lkv ] } { [ l ] }
antes   de filtrar: { [ vrrxn ][ 3 ] } { [ mvxg ][ rayu08e7tm ][ jgio82t6c ] } { [ sw ][ a2lol7kpqd ] } { [ dcdh ][ 62o ][ a ][ f ] } { [ kho ] } { [ ypgev ][ 3fohusdh ] } { [ ehvnvwufw ] } { [ tw4ryum0ao ] } { [ kcvk91jud ] } { [ b03wqu70i ] } { [ 9v7vx ] } { [ u1u4n ] } { [ 1lkv ] } { [ l ] } { [ 5vya8 ] }
despues de filtrar: { [ vrrxn ][ 3 ] } { [ mvxg ][ rayu08e7tm ][ jgio82t6c ] } { [ sw ][ a2lol7kpqd ] } { [ dcdh ][ 62o ][ a ][ f ] } { [ kho ] } { [ ypgev ][ 3fohusdh ] } { [ ehvnvwufw ] } { [ l ] }
