antes   de filtrar: { [ jcw ][ s4xx2 ] } { [ htyvmiw ][ tb1 ] } { [ 3vwlbfid12 ][ budb ][ ey ] } { [ d3xq96ucx4 ][ bs2w ] } { [ 2qgc9xi9 ] } { [ ty96nfgvk ] } { [ t ][ bmy38 ][ cncqh ] } { [ uebnx9u8s9 ] } { [ jah7 ] } { [ so5if2620 ] } { [ od ] } { [ podspgt0vh ] }
despues de filtrar: { [ jcw ][ s4xx2 ] } { [ htyvmiw ][ tb1 ] } { [ t ][ bmy38 ][ cncqh ] } { [ od ] }
antes   de filtrar: { [ jcw ][ s4xx2 ] } { [ htyvmiw ][ tb1 ] } { [ t ][ bmy38 ][ cncqh ] } { [ od ] }
despues de filtrar: { [ jcw ][ s4xx2 ] } { [ htyvmiw ][ tb1 ] } { [ t ][ bmy38 ][ cncqh ] } { [ od ] }
antes   de filtrar: { [ jcw ][ s4xx2 ] } { [ htyvmiw ][ tb1 ] } { [ t ][ bmy38 ][ cncqh ] } { [ od ] }
despues de filtrar: { [ jcw ][ s4xx2 ] } { [ htyvmiw ][ tb1 ] } { [ t ][ bmy38 ][ cncqh ] } { [ od ] }
antes   de colapsar { [ jcw ][ s4xx2 ] } { [ htyvmiw ][ tb1 ][ a7v0noxd0 ] } { [ t ][ bmy38 ][ cncqh ] } { [ od ] }
despues de colapsar { [ jcw ][ s4xx2 ] } { [ htyvmiw ][ tb1 ][ a7v0noxd0 ] } { [ t ][ bmy38 ][ cncqh ] } { [ od ] }
antes   de filtrar: { [ jcw ][ s4xx2 ] } { [ htyvmiw ][ tb1 ][ a7v0noxd0 ] } { [ t ][ bmy38 ][ cncqh ] } { [ od ] }
despues de filtrar: { [ jcw ][ s4xx2 ] } { [ htyvmiw ][ tb1 ][ a7v0noxd0 ] } { [ t ][ bmy38 ][ cncqh ] } { [ od ] }
antes   de colapsar { [ jcw ][ s4xx2 ] } { [ htyvmiw ][ tb1 ][ a7v0noxd0 ] } { [ t ][ bmy38 ][ cncqh ] } { [ od ] }
despues de colapsar { [ jcw ][ s4xx2 ] } { [ htyvmiw ][ tb1 ][ a7v0noxd0 ] } { [ t ][ bmy38 ][ cncqh ] } { [ od ] }
antes   de colapsar { [ jcw ][ s4xx2 ] } { [ htyvmiw ][ tb1 ][ a7v0noxd0 ] } { [ t ][ bmy38 ][ cncqh ] } { [ od ][ xfp6 ] } { [ apymnkcd0c ] }
despues de colapsar { [ jcw ][ s4xx2 ] } { [ htyvmiw ][ tb1 ][ a7v0noxd0 ] } { [ t ][ bmy38 ][ cncqh ] } { [ od ][ xfp6 ] } { [ apymnkcd0c ] }
antes   de colapsar { [ jcw ][ s4xx2 ] } { [ htyvmiw ][ tb1 ][ a7v0noxd0 ][ b2a8dw7vi ] } { [ t ][ bmy38 ][ cncqh ] } { [ od ][ xfp6 ] } { [ apymnkcd0c ] } { [ s4 ] } { [ 8kkvr969w1 ] } { [ 2 ] } { [ 73ss1s16h5 ][ ks0qm ] } { [ i460jayd ] } { [ k ] } { [ vlh ] } { [ y1uxkv ] } { [ 3k ] }
despues de colapsar { [ jcw ][ s4xx2 ] } { [ htyvmiw ][ tb1 ][ a7v0noxd0 ][ b2a8dw7vi ] } { [ t ][ bmy38 ][ cncqh ] } { [ od ][ xfp6 ] } { [ apymnkcd0c ] } { [ s4 ] } { [ 8kkvr969w1 ] } { [ 2 ] } { [ 7k3ss0sq1m ] } { [ i460jayd ] } { [ k ] } { [ vlh ] } { [ y1uxkv ] } { [ 3k ] }
antes   de filtrar: { [ jcw ][ s4xx2 ][ u ] } { [ htyvmiw ][ tb1 ][ a7v0noxd0 ][ b2a8dw7vi ] } { [ t ][ bmy38 ][ cncqh ] } { [ od ][ xfp6 ] } { [ apymnkcd0c ] } { [ s4 ] } { [ 8kkvr969w1 ] } { [ 2 ] } { [ 7k3ss0sq1m ] } { [ i460jayd ] } { [ k ] } { [ vlh ][ qy20bsb6ya ] } { [ y1uxkv ] } { [ 3k ] } { [ 2x32n54696 ] } { [ 5g4 ] } { [ i6bbjj5fi ] } { [ yf2cx3 ] } { [ lqxnwbha ] }
despues de filtrar: { [ jcw ][ s4xx2 ][ u ] } { [ htyvmiw ][ tb1 ][ a7v0noxd0 ][ b2a8dw7vi ] } { [ t ][ bmy38 ][ cncqh ] } { [ od ][ xfp6 ] } { [ k ] } { [ vlh ][ qy20bsb6ya ] } { [ lqxnwbha ] }
antes   de colapsar { [ jcw ][ s4xx2 ][ u ] } { [ htyvmiw ][ tb1 ][ a7v0noxd0 ][ b2a8dw7vi ] } { [ t ][ bmy38 ][ cncqh ] } { [ od ][ xfp6 ] } { [ k ] } { [ vlh ][ qy20bsb6ya ] } { [ lqxnwbha ] } { [ yausohel ][ ieryxh9yfc ] } { [ e1 ] } { [ 8 ] } { [ 71d ] }
despues de colapsar { [ jcw ][ s4xx2 ][ u ] } { [ htyvmiw ][ tb1 ][ a7v0noxd0 ][ b2a8dw7vi ] } { [ t ][ bmy38 ][ cncqh ] } { [ od ][ xfp6 ] } { [ k ] } { [ vlh ][ qy20bsb6ya ] } { [ lqxnwbha ] } { [ yausohel ][ ieryxh9yfc ] } { [ e1 ] } { [ 8 ] } { [ 71d ] }
antes   de colapsar { [ 6520 ][ 3441 ] }
despues de colapsar { [ 4736 ] }
antes   de filtrar: { [ 4736 ] } { [ 6778 ] } { [ 3061 ] }
despues de filtrar: { [ 4736 ] } { [ 6778 ] }
antes   de colapsar { [ 4736 ] } { [ 6778 ] }
despues de colapsar { [ 4736 ] } { [ 6778 ] }
antes   de colapsar { [ 4736 ] } { [ 6778 ] } { [ 6311 ] }
despues de colapsar { [ 4736 ] } { [ 6778 ] } { [ 6311 ] }
antes   de filtrar: { [ 4736 ] } { [ 6778 ] } { [ 6311 ] }
despues de filtrar: { [ 4736 ] } { [ 6778 ] } { [ 6311 ] }
antes   de filtrar: { [ 4736 ][ 661 ] } { [ 6778 ][ 69 ] } { [ 6311 ] } { [ 9471 ] } { [ 3879 ] }
despues de filtrar: { [ 4736 ][ 661 ] } { [ 6778 ][ 69 ] } { [ 6311 ] } { [ 9471 ] } { [ 3879 ] }
antes   de filtrar: { [ 4736 ][ 661 ] } { [ 6778 ][ 69 ] } { [ 6311 ] } { [ 9471 ] } { [ 3879 ][ 7087 ] } { [ 6043 ] } { [ 2502 ] } { [ 8139 ][ 4843 ] } { [ 32 ] } { [ 2794 ] } { [ 2054 ] } { [ 3440 ] } { [ 6821 ] } { [ 9637 ] } { [ 6420 ] }
despues de filtrar: { [ 4736 ][ 661 ] } { [ 6778 ][ 69 ] } { [ 6311 ] } { [ 9471 ] } { [ 3879 ][ 7087 ] } { [ 8139 ][ 4843 ] } { [ 32 ] } { [ 2794 ] } { [ 6821 ] } { [ 9637 ] }
antes   de filtrar: { [ 4736 ][ 661 ] } { [ 6778 ][ 69 ] } { [ 6311 ][ 2747 ] } { [ 9471 ] } { [ 3879 ][ 7087 ] } { [ 8139 ][ 4843 ] } { [ 32 ][ 3873 ] } { [ 2794 ] } { [ 6821 ] } { [ 9637 ] } { [ 8100 ] } { [ 2688 ] } { [ 6397 ] } { [ 6320 ] } { [ 4277 ] } { [ 9141 ] }
despues de filtrar: { [ 4736 ][ 661 ] } { [ 6778 ][ 69 ] } { [ 6311 ][ 2747 ] } { [ 9471 ] } { [ 3879 ][ 7087 ] } { [ 8139 ][ 4843 ] } { [ 32 ][ 3873 ] } { [ 2794 ] } { [ 6821 ] } { [ 9637 ] } { [ 2688 ] } { [ 6397 ] } { [ 4277 ] } { [ 9141 ] }
antes   de colapsar { [ 4736 ][ 661 ] } { [ 6778 ][ 69 ] } { [ 6311 ][ 2747 ] } { [ 9471 ][ 1585 ] } { [ 3879 ][ 7087 ] } { [ 8139 ][ 4843 ] } { [ 32 ][ 3873 ] } { [ 2794 ] } { [ 6821 ] } { [ 9637 ] } { [ 2688 ] } { [ 6397 ] } { [ 4277 ] } { [ 9141 ] } { [ 4638 ] } { [ 529 ] }
despues de colapsar { [ 4736 ][ 661 ] } { [ 6778 ][ 69 ] } { [ 6311 ][ 2747 ] } { [ 9471 ][ 1585 ] } { [ 3879 ][ 7087 ] } { [ 8139 ][ 4843 ] } { [ 32 ][ 3873 ] } { [ 2794 ] } { [ 6821 ] } { [ 9637 ] } { [ 2688 ] } { [ 6397 ] } { [ 4277 ] } { [ 9141 ] } { [ 4638 ] } { [ 529 ] }
antes   de colapsar { [ 4736 ][ 661 ] } { [ 6778 ][ 69 ] } { [ 6311 ][ 2747 ] } { [ 9471 ][ 1585 ] } { [ 3879 ][ 7087 ] } { [ 8139 ][ 4843 ] } { [ 32 ][ 3873 ] } { [ 2794 ] } { [ 6821 ] } { [ 9637 ][ 6448 ] } { [ 2688 ] } { [ 6397 ] } { [ 4277 ] } { [ 9141 ] } { [ 4638 ][ 4457 ] } { [ 529 ] } { [ 8203 ] } { [ 4285 ] } { [ 295 ][ 1075 ][ 2103 ] } { [ 1506 ] } { [ 6422 ] } { [ 6000 ] } { [ 494 ] }
despues de colapsar { [ 4736 ][ 661 ] } { [ 6778 ][ 69 ] } { [ 6311 ][ 2747 ] } { [ 9471 ][ 1585 ] } { [ 3879 ][ 7087 ] } { [ 8139 ][ 4843 ] } { [ 32 ][ 3873 ] } { [ 2794 ] } { [ 6821 ] } { [ 9637 ][ 6448 ] } { [ 2688 ] } { [ 6397 ] } { [ 4277 ] } { [ 9141 ] } { [ 4638 ][ 4457 ] } { [ 529 ] } { [ 8203 ] } { [ 4285 ] } { [ 295 ][ 1075 ][ 2103 ] } { [ 1506 ] } { [ 6422 ] } { [ 6000 ] } { [ 494 ] }
antes   de filtrar: { [ 6.280196 ][ 22.839994 ] } { [ 52.412928 ] } { [ -10.126351 ] }
despues de filtrar: { [ 6.280196 ][ 22.839994 ] } { [ 52.412928 ] } { [ -10.126351 ] }
antes   de filtrar: { [ 6.280196 ][ 22.839994 ] } { [ 52.412928 ] } { [ -10.126351 ] } { [ 72.130783 ] } { [ 15.409747 ] }
despues de filtrar: { [ 6.280196 ][ 22.839994 ] } { [ 52.412928 ] } { [ -10.126351 ] } { [ 72.130783 ] } { [ 15.409747 ] }
antes   de filtrar: { [ 6.280196 ][ 22.839994 ] } { [ 52.412928 ] } { [ -10.126351 ] } { [ 72.130783 ] } { [ 15.409747 ] }
despues de filtrar: { [ 6.280196 ][ 22.839994 ] } { [ 52.412928 ] } { [ -10.126351 ] } { [ 72.130783 ] } { [ 15.409747 ] }
antes   de filtrar: { [ 6.280196 ][ 22.839994 ] } { [ 52.412928 ][ 25.001726 ] } { [ -10.126351 ] } { [ 72.130783 ] } { [ 15.409747 ] } { [ 53.089656 ] } { [ -0.254138 ][ -22.580992 ][ 15.109492 ] } { [ -11.885216 ] } { [ -2.495935 ][ -24.417118 ][ 25.099213 ] } { [ 65.100518 ] } { [ 34.413505 ] } { [ 18.681517 ] }
despues de filtrar: { [ 6.280196 ][ 22.839994 ] } { [ 52.412928 ][ 25.001726 ] } { [ -10.126351 ] } { [ 72.130783 ] } { [ 15.409747 ] } { [ 53.089656 ] } { [ -0.254138 ][ -22.580992 ][ 15.109492 ] } { [ -11.885216 ] } { [ -2.495935 ][ -24.417118 ][ 25.099213 ] } { [ 65.100518 ] } { [ 34.413505 ] }
antes   de filtrar: { [ 6.280196 ][ 22.839994 ] } { [ 52.412928 ][ 25.001726 ] } { [ -10.126351 ] } { [ 72.130783 ] } { [ 15.409747 ] } { [ 53.089656 ] } { [ -0.254138 ][ -22.580992 ][ 15.109492 ] } { [ -11.885216 ] } { [ -2.495935 ][ -24.417118 ][ 25.099213 ] } { [ 65.100518 ] } { [ 34.413505 ] } { [ 59.121922 ] } { [ 69.956105 ] }
despues de filtrar: { [ 6.280196 ][ 22.839994 ] } { [ 52.412928 ][ 25.001726 ] } { [ -10.126351 ] } { [ 72.130783 ] } { [ 15.409747 ] } { [ 53.089656 ] } { [ -0.254138 ][ -22.580992 ][ 15.109492 ] } { [ -11.885216 ] } { [ -2.495935 ][ -24.417118 ][ 25.099213 ] } { [ 65.100518 ] } { [ 34.413505 ] } { [ 59.121922 ] }
antes   de colapsar { [ 6.280196 ][ 22.839994 ] } { [ 52.412928 ][ 25.001726 ] } { [ -10.126351 ] } { [ 72.130783 ] } { [ 15.409747 ] } { [ 53.089656 ] } { [ -0.254138 ][ -22.580992 ][ 15.109492 ] } { [ -11.885216 ] } { [ -2.495935 ][ -24.417118 ][ 25.099213 ] } { [ 65.100518 ] } { [ 34.413505 ] } { [ 59.121922 ] }
despues de colapsar { [ 6.280196 ][ 22.839994 ] } { [ 52.412928 ][ 25.001726 ] } { [ -10.126351 ] } { [ 72.130783 ] } { [ 15.409747 ] } { [ 53.089656 ] } { [ -0.254138 ][ -22.580992 ][ 15.109492 ] } { [ -11.885216 ] } { [ -2.495935 ][ -24.417118 ][ 25.099213 ] } { [ 65.100518 ] } { [ 34.413505 ] } { [ 59.121922 ] }
antes   de colapsar { [ 6.280196 ][ 22.839994 ] } { [ 52.412928 ][ 25.001726 ][ -15.589082 ] } { [ -10.126351 ] } { [ 72.130783 ][ -5.950292 ] } { [ 15.409747 ] } { [ 53.089656 ] } { [ -0.254138 ][ -22.580992 ][ 15.109492 ] } { [ -11.885216 ] } { [ -2.495935 ][ -24.417118 ][ 25.099213 ][ 23.448032 ] } { [ 65.100518 ][ 8.526458 ] } { [ 34.413505 ] } { [ 59.121922 ] } { [ 47.430433 ] } { [ -20.748208 ] } { [ 63.805866 ] } { [ 15.068379 ] }
despues de colapsar { [ 6.280196 ][ 22.839994 ] } { [ 52.412928 ][ 25.001726 ][ -15.589082 ] } { [ -10.126351 ] } { [ 72.130783 ][ -5.950292 ] } { [ 15.409747 ] } { [ 53.089656 ] } { [ -0.254138 ][ -22.580992 ][ 15.109492 ] } { [ -11.885216 ] } { [ -2.495935 ][ -24.417118 ][ 25.099213 ][ 23.448032 ] } { [ 65.100518 ][ 8.526458 ] } { [ 34.413505 ] } { [ 59.121922 ] } { [ 47.430433 ] } { [ -20.748208 ] } { [ 63.805866 ] } { [ 15.068379 ] }
antes   de colapsar { [ 6.280196 ][ 22.839994 ] } { [ 52.412928 ][ 25.001726 ][ -15.589082 ] } { [ -10.126351 ] } { [ 72.130783 ][ -5.950292 ] } { [ 15.409747 ] } { [ 53.089656 ] } { [ -0.254138 ][ -22.580992 ][ 15.109492 ] } { [ -11.885216 ] } { [ -2.495935 ][ -24.417118 ][ 25.099213 ][ 23.448032 ] } { [ 65.100518 ][ 8.526458 ] } { [ 34.413505 ] } { [ 59.121922 ] } { [ 47.430433 ] } { [ -20.748208 ] } { [ 63.805866 ] } { [ 15.068379 ] } { [ 57.088397 ] } { [ 58.250654 ] } { [ 11.507883 ] }
despues de colapsar { [ 6.280196 ][ 22.839994 ] } { [ 52.412928 ][ 25.001726 ][ -15.589082 ] } { [ -10.126351 ] } { [ 72.130783 ][ -5.950292 ] } { [ 15.409747 ] } { [ 53.089656 ] } { [ -0.254138 ][ -22.580992 ][ 15.109492 ] } { [ -11.885216 ] } { [ -2.495935 ][ -24.417118 ][ 25.099213 ][ 23.448032 ] } { [ 65.100518 ][ 8.526458 ] } { [ 34.413505 ] } { [ 59.121922 ] } { [ 47.430433 ] } { [ -20.748208 ] } { [ 63.805866 ] } { [ 15.068379 ] } { [ 57.088397 ] } { [ 58.250654 ] } { [ 11.507883 ] }
antes   de colapsar { [ 6.280196 ][ 22.839994 ] } { [ 52.412928 ][ 25.001726 ][ -15.589082 ] } { [ -10.126351 ] } { [ 72.130783 ][ -5.950292 ] } { [ 15.409747 ] } { [ 53.089656 ] } { [ -0.254138 ][ -22.580992 ][ 15.109492 ] } { [ -11.885216 ] } { [ -2.495935 ][ -24.417118 ][ 25.099213 ][ 23.448032 ] } { [ 65.100518 ][ 8.526458 ] } { [ 34.413505 ] } { [ 59.121922 ] } { [ 47.430433 ] } { [ -20.748208 ] } { [ 63.805866 ] } { [ 15.068379 ] } { [ 57.088397 ] } { [ 58.250654 ] } { [ 11.507883 ] } { [ 66.739698 ] } { [ 56.593340 ] } { [ 28.800408 ] } { [ 71.911835 ] }
despues de colapsar { [ 6.280196 ][ 22.839994 ] } { [ 52.412928 ][ 25.001726 ][ -15.589082 ] } { [ -10.126351 ] } { [ 72.130783 ][ -5.950292 ] } { [ 15.409747 ] } { [ 53.089656 ] } { [ -0.254138 ][ -22.580992 ][ 15.109492 ] } { [ -11.885216 ] } { [ -2.495935 ][ -24.417118 ][ 25.099213 ][ 23.448032 ] } { [ 65.100518 ][ 8.526458 ] } { [ 34.413505 ] } { [ 59.121922 ] } { [ 47.430433 ] } { [ -20.748208 ] } { [ 63.805866 ] } { [ 15.068379 ] } { [ 57.088397 ] } { [ 58.250654 ] } { [ 11.507883 ] } { [ 66.739698 ] } { [ 56.593340 ] } { [ 28.800408 ] } { [ 71.911835 ] }
antes   de colapsar { [ 6.280196 ][ 22.839994 ] } { [ 52.412928 ][ 25.001726 ][ -15.589082 ] } { [ -10.126351 ] } { [ 72.130783 ][ -5.950292 ] } { [ 15.409747 ] } { [ 53.089656 ] } { [ -0.254138 ][ -22.580992 ][ 15.109492 ] } { [ -11.885216 ] } { [ -2.495935 ][ -24.417118 ][ 25.099213 ][ 23.448032 ] } { [ 65.100518 ][ 8.526458 ] } { [ 34.413505 ] } { [ 59.121922 ] } { [ 47.430433 ] } { [ -20.748208 ] } { [ 63.805866 ][ 40.553847 ] } { [ 15.068379 ] } { [ 57.088397 ] } { [ 58.250654 ] } { [ 11.507883 ] } { [ 66.739698 ] } { [ 56.593340 ] } { [ 28.800408 ] } { [ 71.911835 ] } { [ -2.905202 ] } { [ -19.762866 ] }
despues de colapsar { [ 6.280196 ][ 22.839994 ] } { [ 52.412928 ][ 25.001726 ][ -15.589082 ] } { [ -10.126351 ] } { [ 72.130783 ][ -5.950292 ] } { [ 15.409747 ] } { [ 53.089656 ] } { [ -0.254138 ][ -22.580992 ][ 15.109492 ] } { [ -11.885216 ] } { [ -2.495935 ][ -24.417118 ][ 25.099213 ][ 23.448032 ] } { [ 65.100518 ][ 8.526458 ] } { [ 34.413505 ] } { [ 59.121922 ] } { [ 47.430433 ] } { [ -20.748208 ] } { [ 10.215660 ] } { [ 15.068379 ] } { [ 57.088397 ] } { [ 58.250654 ] } { [ 11.507883 ] } { [ 66.739698 ] } { [ 56.593340 ] } { [ 28.800408 ] } { [ 71.911835 ] } { [ -2.905202 ] } { [ -19.762866 ] }
antes   de colapsar { [ 1877 ][ 4948 ] }
despues de colapsar { [ 1877 ][ 4948 ] }
antes   de filtrar: { [ 1877 ][ 4948 ] } { [ 6413 ] }
despues de filtrar: { [ 1877 ][ 4948 ] } { [ 6413 ] }
antes   de filtrar: { [ 1877 ][ 4948 ] } { [ 6413 ][ 2889 ] }
despues de filtrar: { [ 1877 ][ 4948 ] } { [ 6413 ][ 2889 ] }
antes   de filtrar: { [ 1877 ][ 4948 ] } { [ 6413 ][ 2889 ] }
despues de filtrar: { [ 1877 ][ 4948 ] } { [ 6413 ][ 2889 ] }
antes   de colapsar { [ 1877 ][ 4948 ][ 4265 ][ 755 ] } { [ 6413 ][ 2889 ] } { [ 2392 ] } { [ 1064 ][ 7323 ] } { [ 5443 ] } { [ 8999 ] } { [ 4926 ] } { [ 7922 ] } { [ 9448 ] } { [ 4568 ] } { [ 5617 ] } { [ 1991 ][ 6750 ] } { [ 7073 ] } { [ 3555 ] }
despues de colapsar { [ 1877 ][ 4948 ][ 4265 ][ 755 ] } { [ 6413 ][ 2889 ] } { [ 2392 ] } { [ 2791 ] } { [ 5443 ] } { [ 8999 ] } { [ 4926 ] } { [ 7922 ] } { [ 9448 ] } { [ 4568 ] } { [ 5617 ] } { [ 1991 ][ 6750 ] } { [ 7073 ] } { [ 3555 ] }
antes   de filtrar: { [ 1877 ][ 4948 ][ 4265 ][ 755 ] } { [ 6413 ][ 2889 ][ 3251 ] } { [ 2392 ] } { [ 2791 ] } { [ 5443 ][ 7399 ] } { [ 8999 ] } { [ 4926 ][ 7107 ] } { [ 7922 ] } { [ 9448 ] } { [ 4568 ] } { [ 5617 ][ 8375 ] } { [ 1991 ][ 6750 ] } { [ 7073 ] } { [ 3555 ] } { [ 252 ] } { [ 3795 ] } { [ 9510 ] } { [ 3376 ] }
despues de filtrar: { [ 1877 ][ 4948 ][ 4265 ][ 755 ] } { [ 6413 ][ 2889 ][ 3251 ] } { [ 2392 ] } { [ 2791 ] } { [ 5443 ][ 7399 ] } { [ 8999 ] } { [ 4926 ][ 7107 ] } { [ 7922 ] } { [ 9448 ] } { [ 4568 ] } { [ 5617 ][ 8375 ] } { [ 1991 ][ 6750 ] } { [ 3555 ] } { [ 252 ] } { [ 3795 ] } { [ 3376 ] }
antes   de filtrar: { [ 1877 ][ 4948 ][ 4265 ][ 755 ] } { [ 6413 ][ 2889 ][ 3251 ] } { [ 2392 ] } { [ 2791 ] } { [ 5443 ][ 7399 ] } { [ 8999 ] } { [ 4926 ][ 7107 ] } { [ 7922 ][ 5698 ] } { [ 9448 ] } { [ 4568 ] } { [ 5617 ][ 8375 ] } { [ 1991 ][ 6750 ] } { [ 3555 ] } { [ 252 ] } { [ 3795 ] } { [ 3376 ] } { [ 7466 ] } { [ 5396 ] } { [ 1940 ] } { [ 5701 ] } { [ 4555 ] } { [ 6400 ] } { [ 1483 ] } { [ 9212 ] } { [ 8526 ] } { [ 3117 ] }
despues de filtrar: { [ 1877 ][ 4948 ][ 4265 ][ 755 ] } { [ 6413 ][ 2889 ][ 3251 ] } { [ 2392 ] } { [ 2791 ] } { [ 5443 ][ 7399 ] } { [ 8999 ] } { [ 4926 ][ 7107 ] } { [ 7922 ][ 5698 ] } { [ 9448 ] } { [ 4568 ] } { [ 5617 ][ 8375 ] } { [ 1991 ][ 6750 ] } { [ 3555 ] } { [ 252 ] } { [ 3795 ] } { [ 3376 ] } { [ 7466 ] } { [ 5396 ] } { [ 4555 ] } { [ 1483 ] } { [ 9212 ] } { [ 8526 ] } { [ 3117 ] }
antes   de colapsar { [ 1877 ][ 4948 ][ 4265 ][ 755 ] } { [ 6413 ][ 2889 ][ 3251 ] } { [ 2392 ] } { [ 2791 ] } { [ 5443 ][ 7399 ] } { [ 8999 ] } { [ 4926 ][ 7107 ] } { [ 7922 ][ 5698 ] } { [ 9448 ] } { [ 4568 ] } { [ 5617 ][ 8375 ] } { [ 1991 ][ 6750 ] } { [ 3555 ] } { [ 252 ] } { [ 3795 ] } { [ 3376 ] } { [ 7466 ] } { [ 5396 ] } { [ 4555 ] } { [ 1483 ] } { [ 9212 ] } { [ 8526 ] } { [ 3117 ] }
despues de colapsar { [ 1877 ][ 4948 ][ 4265 ][ 755 ] } { [ 6413 ][ 2889 ][ 3251 ] } { [ 2392 ] } { [ 2791 ] } { [ 5443 ][ 7399 ] } { [ 8999 ] } { [ 4926 ][ 7107 ] } { [ 7922 ][ 5698 ] } { [ 9448 ] } { [ 4568 ] } { [ 5617 ][ 8375 ] } { [ 1991 ][ 6750 ] } { [ 3555 ] } { [ 252 ] } { [ 3795 ] } { [ 3376 ] } { [ 7466 ] } { [ 5396 ] } { [ 4555 ] } { [ 1483 ] } { [ 9212 ] } { [ 8526 ] } { [ 3117 ] }
antes   de colapsar { [ 1877 ][ 4948 ][ 4265 ][ 755 ] } { [ 6413 ][ 2889 ][ 3251 ] } { [ 2392 ] } { [ 2791 ] } { [ 5443 ][ 7399 ] } { [ 8999 ] } { [ 4926 ][ 7107 ] } { [ 7922 ][ 5698 ] } { [ 9448 ] } { [ 4568 ] } { [ 5617 ][ 8375 ] } { [ 1991 ][ 6750 ] } { [ 3555 ] } { [ 252 ][ 6395 ] } { [ 3795 ] } { [ 3376 ] } { [ 7466 ] } { [ 5396 ] } { [ 4555 ] } { [ 1483 ] } { [ 9212 ] } { [ 8526 ] } { [ 3117 ] } { [ 2237 ] } { [ 4031 ] } { [ 7746 ] } { [ 2388 ] } { [ 8816 ] } { [ 1270 ] }
despues de colapsar { [ 1877 ][ 4948 ][ 4265 ][ 755 ] } { [ 6413 ][ 2889 ][ 3251 ] } { [ 2392 ] } { [ 2791 ] } { [ 5443 ][ 7399 ] } { [ 8999 ] } { [ 4926 ][ 7107 ] } { [ 7922 ][ 5698 ] } { [ 9448 ] } { [ 4568 ] } { [ 5617 ][ 8375 ] } { [ 1991 ][ 6750 ] } { [ 3555 ] } { [ 252 ][ 6395 ] } { [ 3795 ] } { [ 3376 ] } { [ 7466 ] } { [ 5396 ] } { [ 4555 ] } { [ 1483 ] } { [ 9212 ] } { [ 8526 ] } { [ 3117 ] } { [ 2237 ] } { [ 4031 ] } { [ 7746 ] } { [ 2388 ] } { [ 8816 ] } { [ 1270 ] }
antes   de colapsar { [ 1877 ][ 4948 ][ 4265 ][ 755 ] } { [ 6413 ][ 2889 ][ 3251 ] } { [ 2392 ] } { [ 2791 ] } { [ 5443 ][ 7399 ][ 1145 ] } { [ 8999 ] } { [ 4926 ][ 7107 ] } { [ 7922 ][ 5698 ] } { [ 9448 ] } { [ 4568 ] } { [ 5617 ][ 8375 ] } { [ 1991 ][ 6750 ] } { [ 3555 ] } { [ 252 ][ 6395 ] } { [ 3795 ] } { [ 3376 ] } { [ 7466 ] } { [ 5396 ] } { [ 4555 ] } { [ 1483 ] } { [ 9212 ] } { [ 8526 ] } { [ 3117 ] } { [ 2237 ] } { [ 4031 ] } { [ 7746 ] } { [ 2388 ] } { [ 8816 ] } { [ 1270 ] }
despues de colapsar { [ 1877 ][ 4948 ][ 4265 ][ 755 ] } { [ 6413 ][ 2889 ][ 3251 ] } { [ 2392 ] } { [ 2791 ] } { [ 5443 ][ 7399 ][ 1145 ] } { [ 8999 ] } { [ 4926 ][ 7107 ] } { [ 7922 ][ 5698 ] } { [ 9448 ] } { [ 4568 ] } { [ 5617 ][ 8375 ] } { [ 1991 ][ 6750 ] } { [ 3555 ] } { [ 252 ][ 6395 ] } { [ 3795 ] } { [ 3376 ] } { [ 7466 ] } { [ 5396 ] } { [ 4555 ] } { [ 1483 ] } { [ 9212 ] } { [ 8526 ] } { [ 3117 ] } { [ 2237 ] } { [ 4031 ] } { [ 7746 ] } { [ 2388 ] } { [ 8816 ] } { [ 1270 ] }
antes   de filtrar: { [ 44.665082 ] } { [ -10.366383 ][ 74.451933 ][ 74.761272 ] } { [ 51.224284 ][ 13.914817 ] } { [ 23.290796 ] } { [ 34.023179 ] } { [ 4.452996 ] }
despues de filtrar: { [ -10.366383 ][ 74.451933 ][ 74.761272 ] } { [ 51.224284 ][ 13.914817 ] } { [ 23.290796 ] } { [ 34.023179 ] } { [ 4.452996 ] }
antes   de filtrar: { [ -10.366383 ][ 74.451933 ][ 74.761272 ] } { [ 51.224284 ][ 13.914817 ] } { [ 23.290796 ] } { [ 34.023179 ] } { [ 4.452996 ] } { [ 68.935118 ] } { [ 51.581789 ] }
despues de filtrar: { [ -10.366383 ][ 74.451933 ][ 74.761272 ] } { [ 51.224284 ][ 13.914817 ] } { [ 23.290796 ] } { [ 34.023179 ] } { [ 4.452996 ] }
antes   de colapsar { [ -10.366383 ][ 74.451933 ][ 74.761272 ] } { [ 51.224284 ][ 13.914817 ][ -17.930536 ] } { [ 23.290796 ] } { [ 34.023179 ] } { [ 4.452996 ] } { [ -21.893791 ] }
despues de colapsar { [ -10.366383 ][ 74.451933 ][ 74.761272 ] } { [ 51.224284 ][ 13.914817 ][ -17.930536 ] } { [ 23.290796 ] } { [ 34.023179 ] } { [ 4.452996 ] } { [ -21.893791 ] }
antes   de filtrar: { [ -10.366383 ][ 74.451933 ][ 74.761272 ] } { [ 51.224284 ][ 13.914817 ][ -17.930536 ] } { [ 23.290796 ][ 53.406890 ] } { [ 34.023179 ] } { [ 4.452996 ] } { [ -21.893791 ] } { [ 73.820305 ] } { [ 1.058065 ][ 31.625417 ] } { [ 56.738719 ][ 49.793467 ] } { [ -14.351927 ][ 54.828008 ] } { [ 53.970482 ] } { [ 62.811111 ][ 48.565947 ] } { [ 63.324251 ] } { [ 15.889776 ] } { [ 49.918328 ] } { [ 37.877988 ] }
despues de filtrar: { [ -10.366383 ][ 74.451933 ][ 74.761272 ] } { [ 51.224284 ][ 13.914817 ][ -17.930536 ] } { [ 23.290796 ][ 53.406890 ] } { [ 34.023179 ] } { [ 4.452996 ] } { [ -21.893791 ] } { [ 1.058065 ][ 31.625417 ] } { [ -14.351927 ][ 54.828008 ] } { [ 63.324251 ] }
antes   de colapsar { [ -10.366383 ][ 74.451933 ][ 74.761272 ] } { [ 51.224284 ][ 13.914817 ][ -17.930536 ] } { [ 23.290796 ][ 53.406890 ] } { [ 34.023179 ] } { [ 4.452996 ] } { [ -21.893791 ][ -13.344850 ] } { [ 1.058065 ][ 31.625417 ] } { [ -14.351927 ][ 54.828008 ] } { [ 63.324251 ] } { [ 47.177627 ] } { [ 63.002676 ] } { [ 26.621968 ] } { [ -24.233202 ] } { [ -6.511360 ] }
despues de colapsar { [ -10.366383 ][ 74.451933 ][ 74.761272 ] } { [ 51.224284 ][ 13.914817 ][ -17.930536 ] } { [ 23.290796 ][ 53.406890 ] } { [ 34.023179 ] } { [ 4.452996 ] } { [ -21.893791 ][ -13.344850 ] } { [ 1.058065 ][ 31.625417 ] } { [ -14.351927 ][ 54.828008 ] } { [ 63.324251 ] } { [ 47.177627 ] } { [ 63.002676 ] } { [ 26.621968 ] } { [ -24.233202 ] } { [ -6.511360 ] }
antes   de filtrar: { [ -10.366383 ][ 74.451933 ][ 74.761272 ] } { [ 51.224284 ][ 13.914817 ][ -17.930536 ] } { [ 23.290796 ][ 53.406890 ] } { [ 34.023179 ] } { [ 4.452996 ] } { [ -21.893791 ][ -13.344850 ] } { [ 1.058065 ][ 31.625417 ] } { [ -14.351927 ][ 54.828008 ] } { [ 63.324251 ] } { [ 47.177627 ] } { [ 63.002676 ] } { [ 26.621968 ] } { [ -24.233202 ] } { [ -6.511360 ] }
despues de filtrar: { [ -10.366383 ][ 74.451933 ][ 74.761272 ] } { [ 51.224284 ][ 13.914817 ][ -17.930536 ] } { [ 23.290796 ][ 53.406890 ] } { [ 34.023179 ] } { [ 4.452996 ] } { [ -21.893791 ][ -13.344850 ] } { [ 1.058065 ][ 31.625417 ] } { [ -14.351927 ][ 54.828008 ] } { [ 63.324251 ] } { [ 47.177627 ] } { [ 63.002676 ] } { [ -24.233202 ] } { [ -6.511360 ] }
antes   de colapsar { [ -10.366383 ][ 74.451933 ][ 74.761272 ] } { [ 51.224284 ][ 13.914817 ][ -17.930536 ] } { [ 23.290796 ][ 53.406890 ] } { [ 34.023179 ] } { [ 4.452996 ] } { [ -21.893791 ][ -13.344850 ] } { [ 1.058065 ][ 31.625417 ][ 25.555083 ] } { [ -14.351927 ][ 54.828008 ] } { [ 63.324251 ] } { [ 47.177627 ] } { [ 63.002676 ] } { [ -24.233202 ] } { [ -6.511360 ] } { [ 14.164353 ] } { [ -4.146820 ] }
despues de colapsar { [ -10.366383 ][ 74.451933 ][ 74.761272 ] } { [ 51.224284 ][ 13.914817 ][ -17.930536 ] } { [ 23.290796 ][ 53.406890 ] } { [ 34.023179 ] } { [ 4.452996 ] } { [ -21.893791 ][ -13.344850 ] } { [ 1.058065 ][ 31.625417 ][ 25.555083 ] } { [ -14.351927 ][ 54.828008 ] } { [ 63.324251 ] } { [ 47.177627 ] } { [ 63.002676 ] } { [ -24.233202 ] } { [ -6.511360 ] } { [ 14.164353 ] } { [ -4.146820 ] }
antes   de colapsar { [ -10.366383 ][ 74.451933 ][ 74.761272 ] } { [ 51.224284 ][ 13.914817 ][ -17.930536 ] } { [ 23.290796 ][ 53.406890 ] } { [ 34.023179 ] } { [ 4.452996 ] } { [ -21.893791 ][ -13.344850 ] } { [ 1.058065 ][ 31.625417 ][ 25.555083 ] } { [ -14.351927 ][ 54.828008 ] } { [ 63.324251 ] } { [ 47.177627 ][ 62.767490 ] } { [ 63.002676 ] } { [ -24.233202 ][ 25.209048 ] } { [ -6.511360 ] } { [ 14.164353 ] } { [ -4.146820 ] } { [ 14.970827 ] } { [ 9.058088 ] }
despues de colapsar { [ -10.366383 ][ 74.451933 ][ 74.761272 ] } { [ 51.224284 ][ 13.914817 ][ -17.930536 ] } { [ 23.290796 ][ 53.406890 ] } { [ 34.023179 ] } { [ 4.452996 ] } { [ -21.893791 ][ -13.344850 ] } { [ 1.058065 ][ 31.625417 ][ 25.555083 ] } { [ -14.351927 ][ 54.828008 ] } { [ 63.324251 ] } { [ 47.177627 ][ 62.767490 ] } { [ 63.002676 ] } { [ -24.233202 ][ 25.209048 ] } { [ -6.511360 ] } { [ 14.164353 ] } { [ -4.146820 ] } { [ 14.970827 ] } { [ 9.058088 ] }
antes   de colapsar { [ -10.366383 ][ 74.451933 ][ 74.761272 ] } { [ 51.224284 ][ 13.914817 ][ -17.930536 ] } { [ 23.290796 ][ 53.406890 ] } { [ 34.023179 ] } { [ 4.452996 ] } { [ -21.893791 ][ -13.344850 ] } { [ 1.058065 ][ 31.625417 ][ 25.555083 ] } { [ -14.351927 ][ 54.828008 ] } { [ 63.324251 ] } { [ 47.177627 ][ 62.767490 ] } { [ 63.002676 ] } { [ -24.233202 ][ 25.209048 ] } { [ -6.511360 ] } { [ 14.164353 ] } { [ -4.146820 ] } { [ 14.970827 ] } { [ 9.058088 ] } { [ 33.467744 ] }
despues de colapsar { [ -10.366383 ][ 74.451933 ][ 74.761272 ] } { [ 51.224284 ][ 13.914817 ][ -17.930536 ] } { [ 23.290796 ][ 53.406890 ] } { [ 34.023179 ] } { [ 4.452996 ] } { [ -21.893791 ][ -13.344850 ] } { [ 1.058065 ][ 31.625417 ][ 25.555083 ] } { [ -14.351927 ][ 54.828008 ] } { [ 63.324251 ] } { [ 47.177627 ][ 62.767490 ] } { [ 63.002676 ] } { [ -24.233202 ][ 25.209048 ] } { [ -6.511360 ] } { [ 14.164353 ] } { [ -4.146820 ] } { [ 14.970827 ] } { [ 9.058088 ] } { [ 33.467744 ] }
antes   de filtrar: { [ -10.366383 ][ 74.451933 ][ 74.761272 ] } { [ 51.224284 ][ 13.914817 ][ -17.930536 ] } { [ 23.290796 ][ 53.406890 ] } { [ 34.023179 ] } { [ 4.452996 ] } { [ -21.893791 ][ -13.344850 ] } { [ 1.058065 ][ 31.625417 ][ 25.555083 ] } { [ -14.351927 ][ 54.828008 ] } { [ 63.324251 ] } { [ 47.177627 ][ 62.767490 ] } { [ 63.002676 ] } { [ -24.233202 ][ 25.209048 ] } { [ -6.511360 ] } { [ 14.164353 ] } { [ -4.146820 ] } { [ 14.970827 ] } { [ 9.058088 ] } { [ 33.467744 ] } { [ 21.558345 ] } { [ 23.046594 ] } { [ -6.899233 ] }
despues de filtrar: { [ -10.366383 ][ 74.451933 ][ 74.761272 ] } { [ 51.224284 ][ 13.914817 ][ -17.930536 ] } { [ 23.290796 ][ 53.406890 ] } { [ 34.023179 ] } { [ 4.452996 ] } { [ -21.893791 ][ -13.344850 ] } { [ 1.058065 ][ 31.625417 ][ 25.555083 ] } { [ -14.351927 ][ 54.828008 ] } { [ 63.324251 ] } { [ 47.177627 ][ 62.767490 ] } { [ 63.002676 ] } { [ -24.233202 ][ 25.209048 ] } { [ -6.511360 ] } { [ 14.164353 ] } { [ -4.146820 ] } { [ 9.058088 ] } { [ 33.467744 ] } { [ 23.046594 ] } { [ -6.899233 ] }
