antes   de filtrar: { [ rc1 ] }
despues de filtrar: <vacia>
antes   de filtrar: { [ 70ua ][ kc39ttmw ][ c2kmt ] } { [ p8p67i1qay ] } { [ nsr3gyh99 ] }
despues de filtrar: <vacia>
antes   de filtrar: { [ ef58vq ] } { [ s ][ blx5 ] } { [ 4r ] }
despues de filtrar: { [ s ][ blx5 ] }
antes   de colapsar { [ s ][ blx5 ][ 3p ][ ex ] }
despues de colapsar { [ s ][ blx5 ][ 3p ][ ex ] }
antes   de colapsar { [ s ][ blx5 ][ 3p ][ ex ][ rhrv2g8osk ] } { [ kd ] } { [ vamq4o5w2g ] } { [ lmf ][ kg1oas0dma ] }
despues de colapsar { [ s ][ blx5 ][ 3p ][ ex ][ rhrv2g8osk ] } { [ kd ] } { [ vamq4o5w2g ] } { [ lmf ][ kg1oas0dma ] }
antes   de filtrar: { [ s ][ blx5 ][ 3p ][ ex ][ rhrv2g8osk ] } { [ kd ] } { [ vamq4o5w2g ] } { [ lmf ][ kg1oas0dma ] } { [ dsnw6pb ] } { [ hth ] }
despues de filtrar: { [ s ][ blx5 ][ 3p ][ ex ][ rhrv2g8osk ] } { [ kd ] } { [ lmf ][ kg1oas0dma ] } { [ hth ] }
antes   de filtrar: { [ s ][ blx5 ][ 3p ][ ex ][ rhrv2g8osk ] } { [ kd ] } { [ lmf ][ kg1oas0dma ] } { [ hth ] } { [ x ] } { [ 73laux5w1h ] } { [ 1ynh8h58e ] }
despues de filtrar: { [ s ][ blx5 ][ 3p ][ ex ][ rhrv2g8osk ] } { [ kd ] } { [ lmf ][ kg1oas0dma ] } { [ hth ] } { [ x ] }
antes   de colapsar { [ s ][ blx5 ][ 3p ][ ex ][ rhrv2g8osk ] } { [ kd ] } { [ lmf ][ kg1oas0dma ] } { [ hth ] } { [ x ] } { [ p86 ] } { [ rv53cj ] } { [ i ] } { [ g ] }
despues de colapsar { [ s ][ blx5 ][ 3p ][ ex ][ rhrv2g8osk ] } { [ kd ] } { [ lmf ][ kg1oas0dma ] } { [ hth ] } { [ x ] } { [ p86 ] } { [ rv53cj ] } { [ i ] } { [ g ] }
antes   de colapsar { [ s ][ blx5 ][ 3p ][ ex ][ rhrv2g8osk ] } { [ kd ] } { [ lmf ][ kg1oas0dma ] } { [ hth ] } { [ x ] } { [ p86 ] } { [ rv53cj ] } { [ i ] } { [ g ] } { [ 0d ][ caoxxt ] } { [ adno404 ] } { [ k26yba ] }
despues de colapsar { [ s ][ blx5 ][ 3p ][ ex ][ rhrv2g8osk ] } { [ kd ] } { [ lmf ][ kg1oas0dma ] } { [ hth ] } { [ x ] } { [ p86 ] } { [ rv53cj ] } { [ i ] } { [ g ] } { [ 0cdaoxxt ] } { [ adno404 ] } { [ k26yba ] }
antes   de colapsar { [ s ][ blx5 ][ 3p ][ ex ][ rhrv2g8osk ] } { [ kd ][ u7 ] } { [ lmf ][ kg1oas0dma ] } { [ hth ] } { [ x ] } { [ p86 ] } { [ rv53cj ] } { [ i ] } { [ g ] } { [ 0cdaoxxt ] } { [ adno404 ] } { [ k26yba ] } { [ l7u5hk2 ] } { [ imr6enur08 ] } { [ lknj2a9tht ] }
despues de colapsar { [ s ][ blx5 ][ 3p ][ ex ][ rhrv2g8osk ] } { [ kd ][ u7 ] } { [ lmf ][ kg1oas0dma ] } { [ hth ] } { [ x ] } { [ p86 ] } { [ rv53cj ] } { [ i ] } { [ g ] } { [ 0cdaoxxt ] } { [ adno404 ] } { [ k26yba ] } { [ l7u5hk2 ] } { [ imr6enur08 ] } { [ lknj2a9tht ] }
antes   de colapsar { [ f1at2jhl ][ f ] } { [ 4g ] }
despues de colapsar { [ ff1at2jhl ] } { [ 4g ] }
antes   de filtrar: { [ ff1at2jhl ] } { [ 4g ][ aq5o ] } { [ t7gcc19 ] }
despues de filtrar: <vacia>
antes   de colapsar { [ d8ifokob ][ kqftxxjv5 ] } { [ xyqlr9hfw ] } { [ bsh ] }
despues de colapsar { [ dk8qifftox ] } { [ xyqlr9hfw ] } { [ bsh ] }
antes   de filtrar: { [ dk8qifftox ][ n6hgaotoi ] } { [ xyqlr9hfw ] } { [ bsh ][ b2 ][ yul81ogq ] } { [ 9w8arf4hp5 ] } { [ 4o2 ] } { [ ss ] } { [ xkd ] } { [ my2xws ] } { [ 05lmm51 ] }
despues de filtrar: { [ bsh ][ b2 ][ yul81ogq ] } { [ ss ] } { [ xkd ] }
antes   de colapsar { [ bsh ][ b2 ][ yul81ogq ] } { [ ss ] } { [ xkd ] } { [ mexr2 ] }
despues de colapsar { [ bsh ][ b2 ][ yul81ogq ] } { [ ss ] } { [ xkd ] } { [ mexr2 ] }
antes   de filtrar: { [ bsh ][ b2 ][ yul81ogq ] } { [ ss ] } { [ xkd ][ jd8biibqu ] } { [ mexr2 ][ 8ypnmk ] } { [ om ] }
despues de filtrar: { [ bsh ][ b2 ][ yul81ogq ] } { [ ss ] } { [ xkd ][ jd8biibqu ] } { [ om ] }
antes   de colapsar { [ bsh ][ b2 ][ yul81ogq ] } { [ ss ][ aep ] } { [ xkd ][ jd8biibqu ] } { [ om ] } { [ 1br25kf ] } { [ mq0j ] } { [ p7hqo ][ l9v8ld1d ] } { [ 84dxstj ] } { [ fe4 ] } { [ 9rs2i ] } { [ 5m59q ] } { [ 3 ] }
despues de colapsar { [ bsh ][ b2 ][ yul81ogq ] } { [ ss ][ aep ] } { [ xkd ][ jd8biibqu ] } { [ om ] } { [ 1br25kf ] } { [ mq0j ] } { [ pl79hvq8ol ] } { [ 84dxstj ] } { [ fe4 ] } { [ 9rs2i ] } { [ 5m59q ] } { [ 3 ] }
antes   de colapsar { [ bsh ][ b2 ][ yul81ogq ] } { [ ss ][ aep ] } { [ xkd ][ jd8biibqu ] } { [ om ] } { [ 1br25kf ] } { [ mq0j ] } { [ pl79hvq8ol ] } { [ 84dxstj ] } { [ fe4 ] } { [ 9rs2i ] } { [ 5m59q ] } { [ 3 ] }
despues de colapsar { [ bsh ][ b2 ][ yul81ogq ] } { [ ss ][ aep ] } { [ xkd ][ jd8biibqu ] } { [ om ] } { [ 1br25kf ] } { [ mq0j ] } { [ pl79hvq8ol ] } { [ 84dxstj ] } { [ fe4 ] } { [ 9rs2i ] } { [ 5m59q ] } { [ 3 ] }
antes   de filtrar: { [ bsh ][ b2 ][ yul81ogq ][ 4luyapn ] } { [ ss ][ aep ] } { [ xkd ][ jd8biibqu ][ 2u ] } { [ om ] } { [ 1br25kf ] } { [ mq0j ] } { [ pl79hvq8ol ] } { [ 84dxstj ][ x5hdooy ] } { [ fe4 ] } { [ 9rs2i ] } { [ 5m59q ] } { [ 3 ] } { [ q5m ] } { [ 1g4v ] } { [ hd758rkm6a ] } { [ 78yjo6myd ] } { [ b2jvv0jk ] }
despues de filtrar: { [ bsh ][ b2 ][ yul81ogq ][ 4luyapn ] } { [ ss ][ aep ] } { [ xkd ][ jd8biibqu ][ 2u ] } { [ om ] }
antes   de filtrar: { [ bsh ][ b2 ][ yul81ogq ][ 4luyapn ] } { [ ss ][ aep ] } { [ xkd ][ jd8biibqu ][ 2u ] } { [ om ] } { [ ao08 ] } { [ 8b ] } { [ t74pu ] } { [ c3vxt6lw6 ] }
despues de filtrar: { [ bsh ][ b2 ][ yul81ogq ][ 4luyapn ] } { [ ss ][ aep ] } { [ xkd ][ jd8biibqu ][ 2u ] } { [ om ] }
antes   de filtrar: <vacia>
despues de filtrar: <vacia>
antes   de colapsar { [ h3 ][ om ] } { [ beux1 ][ f2g ] } { [ 2183rswbr ][ i ] } { [ yubv03fxx ] } { [ lmmlm8 ] } { [ g52r ] } { [ ao86vn ][ j27d ] } { [ 3lkbbwxl ] } { [ hekkhq8 ] }
despues de colapsar { [ ho3m ] } { [ bfe2ugx1 ] } { [ 2i183rswbr ] } { [ yubv03fxx ] } { [ lmmlm8 ] } { [ g52r ] } { [ ajo2876dvn ] } { [ 3lkbbwxl ] } { [ hekkhq8 ] }
antes   de colapsar { [ ho3m ] } { [ bfe2ugx1 ] } { [ 2i183rswbr ] } { [ yubv03fxx ] } { [ lmmlm8 ] } { [ g52r ] } { [ ajo2876dvn ] } { [ 3lkbbwxl ] } { [ hekkhq8 ] }
despues de colapsar { [ ho3m ] } { [ bfe2ugx1 ] } { [ 2i183rswbr ] } { [ yubv03fxx ] } { [ lmmlm8 ] } { [ g52r ] } { [ ajo2876dvn ] } { [ 3lkbbwxl ] } { [ hekkhq8 ] }
antes   de filtrar: { [ ho3m ] } { [ bfe2ugx1 ] } { [ 2i183rswbr ] } { [ yubv03fxx ][ n2r2 ] } { [ lmmlm8 ][ e45h2 ][ ycnl ] } { [ g52r ] } { [ ajo2876dvn ] } { [ 3lkbbwxl ] } { [ hekkhq8 ] } { [ ffju8gqk ] } { [ yu56nmkjqn ] } { [ rds6 ] } { [ 8gj3xn9sv ] } { [ ikyterj ] }
despues de filtrar: { [ ikyterj ] }
antes   de filtrar: { [ ikyterj ] }
despues de filtrar: { [ ikyterj ] }
antes   de colapsar { [ ikyterj ][ sh59r30am5 ] } { [ xnu6a ] } { [ g2 ] } { [ dv9l ] } { [ qgaji10d ] }
despues de colapsar { [ ikyterj ][ sh59r30am5 ] } { [ xnu6a ] } { [ g2 ] } { [ dv9l ] } { [ qgaji10d ] }
antes   de colapsar { [ ikyterj ][ sh59r30am5 ] } { [ xnu6a ] } { [ g2 ] } { [ dv9l ] } { [ qgaji10d ] }
despues de colapsar { [ ikyterj ][ sh59r30am5 ] } { [ xnu6a ] } { [ g2 ] } { [ dv9l ] } { [ qgaji10d ] }
antes   de filtrar: { [ ikyterj ][ sh59r30am5 ] } { [ xnu6a ] } { [ g2 ][ 2eu0hs1o ] } { [ dv9l ][ dq ] } { [ qgaji10d ] } { [ ljd9xaha87 ] } { [ 5159 ] } { [ cncna4 ] } { [ 04kg70 ] } { [ q ] }
despues de filtrar: { [ ikyterj ][ sh59r30am5 ] } { [ q ] }
antes   de filtrar: { [ ikyterj ][ sh59r30am5 ][ c4xkphr1t ] } { [ q ] } { [ d8ivk ] } { [ dphdnft2m ] } { [ aas25rk ] } { [ k3wjr1y ] }
despues de filtrar: { [ ikyterj ][ sh59r30am5 ][ c4xkphr1t ] } { [ q ] }
antes   de colapsar { [ ikyterj ][ sh59r30am5 ][ c4xkphr1t ][ h ] } { [ q ][ 99bc69h7 ] } { [ r4cpnxubct ] } { [ te3v7 ] } { [ nqy7ps9s2v ] } { [ amsrp ][ hy4ku8 ] } { [ vajhkfwt6 ] } { [ 5pj ] } { [ 3jyp8d3d ] }
despues de colapsar { [ ikyterj ][ sh59r30am5 ][ c4xkphr1t ][ h ] } { [ q ][ 99bc69h7 ] } { [ r4cpnxubct ] } { [ te3v7 ] } { [ nqy7ps9s2v ] } { [ amsrp ][ hy4ku8 ] } { [ vajhkfwt6 ] } { [ 5pj ] } { [ 3jyp8d3d ] }
antes   de filtrar: { [ 70.954640 ] } { [ 12.626994 ] } { [ 50.921726 ] } { [ 0.077127 ] }
despues de filtrar: { [ 0.077127 ] }
antes   de filtrar: { [ 0.077127 ] } { [ 57.352004 ] } { [ -11.350264 ][ 33.150686 ] } { [ 4.254055 ] } { [ -10.842109 ] }
despues de filtrar: { [ 0.077127 ] } { [ 57.352004 ] } { [ -11.350264 ][ 33.150686 ] } { [ 4.254055 ] } { [ -10.842109 ] }
antes   de filtrar: { [ 0.077127 ] } { [ 57.352004 ] } { [ -11.350264 ][ 33.150686 ] } { [ 4.254055 ] } { [ -10.842109 ] } { [ -21.068275 ] }
despues de filtrar: { [ 0.077127 ] } { [ 57.352004 ] } { [ -11.350264 ][ 33.150686 ] } { [ 4.254055 ] } { [ -10.842109 ] } { [ -21.068275 ] }
antes   de colapsar { [ 0.077127 ] } { [ 57.352004 ] } { [ -11.350264 ][ 33.150686 ][ 40.084166 ] } { [ 4.254055 ] } { [ -10.842109 ] } { [ -21.068275 ] } { [ 36.243911 ] }
despues de colapsar { [ 0.077127 ] } { [ 57.352004 ] } { [ -11.350264 ][ 33.150686 ][ 40.084166 ] } { [ 4.254055 ] } { [ -10.842109 ] } { [ -21.068275 ] } { [ 36.243911 ] }
antes   de filtrar: { [ 0.077127 ] } { [ 57.352004 ] } { [ -11.350264 ][ 33.150686 ][ 40.084166 ] } { [ 4.254055 ] } { [ -10.842109 ] } { [ -21.068275 ] } { [ 36.243911 ][ -9.153578 ] } { [ 16.228972 ] } { [ -19.247693 ] } { [ -2.008107 ] } { [ -19.856007 ] }
despues de filtrar: { [ 0.077127 ] } { [ 57.352004 ] } { [ -11.350264 ][ 33.150686 ][ 40.084166 ] } { [ 4.254055 ] } { [ -10.842109 ] } { [ -21.068275 ] } { [ 36.243911 ][ -9.153578 ] } { [ 16.228972 ] } { [ -19.247693 ] } { [ -2.008107 ] } { [ -19.856007 ] }
antes   de filtrar: { [ 0.077127 ] } { [ 57.352004 ] } { [ -11.350264 ][ 33.150686 ][ 40.084166 ] } { [ 4.254055 ] } { [ -10.842109 ] } { [ -21.068275 ] } { [ 36.243911 ][ -9.153578 ] } { [ 16.228972 ] } { [ -19.247693 ] } { [ -2.008107 ] } { [ -19.856007 ] } { [ 5.157996 ][ 5.812469 ] } { [ 30.351851 ] } { [ -6.232455 ] } { [ 63.107012 ] } { [ 62.646052 ] }
despues de filtrar: { [ 0.077127 ] } { [ 57.352004 ] } { [ -11.350264 ][ 33.150686 ][ 40.084166 ] } { [ 4.254055 ] } { [ -10.842109 ] } { [ -21.068275 ] } { [ 36.243911 ][ -9.153578 ] } { [ 16.228972 ] } { [ -19.247693 ] } { [ -2.008107 ] } { [ -19.856007 ] } { [ 5.157996 ][ 5.812469 ] } { [ 30.351851 ] } { [ -6.232455 ] } { [ 63.107012 ] }
antes   de colapsar { [ 0.077127 ] } { [ 57.352004 ] } { [ -11.350264 ][ 33.150686 ][ 40.084166 ] } { [ 4.254055 ] } { [ -10.842109 ] } { [ -21.068275 ] } { [ 36.243911 ][ -9.153578 ] } { [ 16.228972 ] } { [ -19.247693 ] } { [ -2.008107 ] } { [ -19.856007 ] } { [ 5.157996 ][ 5.812469 ] } { [ 30.351851 ] } { [ -6.232455 ] } { [ 63.107012 ] } { [ 45.618455 ] }
despues de colapsar { [ 0.077127 ] } { [ 57.352004 ] } { [ -11.350264 ][ 33.150686 ][ 40.084166 ] } { [ 4.254055 ] } { [ -10.842109 ] } { [ -21.068275 ] } { [ 36.243911 ][ -9.153578 ] } { [ 16.228972 ] } { [ -19.247693 ] } { [ -2.008107 ] } { [ -19.856007 ] } { [ 5.157996 ][ 5.812469 ] } { [ 30.351851 ] } { [ -6.232455 ] } { [ 63.107012 ] } { [ 45.618455 ] }
antes   de colapsar { [ 0.077127 ] } { [ 57.352004 ][ 59.953758 ] } { [ -11.350264 ][ 33.150686 ][ 40.084166 ] } { [ 4.254055 ][ 22.586270 ] } { [ -10.842109 ] } { [ -21.068275 ] } { [ 36.243911 ][ -9.153578 ][ 45.445701 ] } { [ 16.228972 ] } { [ -19.247693 ][ 34.938974 ] } { [ -2.008107 ] } { [ -19.856007 ] } { [ 5.157996 ][ 5.812469 ] } { [ 30.351851 ] } { [ -6.232455 ] } { [ 63.107012 ] } { [ 45.618455 ] } { [ -11.034361 ] } { [ 11.926018 ] } { [ 21.015483 ] } { [ -5.444890 ] } { [ 6.988353 ] } { [ 20.084055 ] } { [ 40.768902 ] } { [ -9.077243 ] } { [ -2.352226 ] }
despues de colapsar { [ 0.077127 ] } { [ 57.352004 ][ 59.953758 ] } { [ -11.350264 ][ 33.150686 ][ 40.084166 ] } { [ 4.254055 ][ 22.586270 ] } { [ -10.842109 ] } { [ -21.068275 ] } { [ 36.243911 ][ -9.153578 ][ 45.445701 ] } { [ 16.228972 ] } { [ -19.247693 ][ 34.938974 ] } { [ -2.008107 ] } { [ -19.856007 ] } { [ 5.157996 ][ 5.812469 ] } { [ 30.351851 ] } { [ -6.232455 ] } { [ 63.107012 ] } { [ 45.618455 ] } { [ -11.034361 ] } { [ 11.926018 ] } { [ 21.015483 ] } { [ -5.444890 ] } { [ 6.988353 ] } { [ 20.084055 ] } { [ 40.768902 ] } { [ -9.077243 ] } { [ -2.352226 ] }
antes   de colapsar { [ 0.077127 ] } { [ 57.352004 ][ 59.953758 ] } { [ -11.350264 ][ 33.150686 ][ 40.084166 ] } { [ 4.254055 ][ 22.586270 ] } { [ -10.842109 ] } { [ -21.068275 ] } { [ 36.243911 ][ -9.153578 ][ 45.445701 ] } { [ 16.228972 ] } { [ -19.247693 ][ 34.938974 ] } { [ -2.008107 ] } { [ -19.856007 ] } { [ 5.157996 ][ 5.812469 ] } { [ 30.351851 ] } { [ -6.232455 ] } { [ 63.107012 ] } { [ 45.618455 ] } { [ -11.034361 ] } { [ 11.926018 ] } { [ 21.015483 ] } { [ -5.444890 ] } { [ 6.988353 ] } { [ 20.084055 ] } { [ 40.768902 ] } { [ -9.077243 ] } { [ -2.352226 ] } { [ -24.271518 ] }
despues de colapsar { [ 0.077127 ] } { [ 57.352004 ][ 59.953758 ] } { [ -11.350264 ][ 33.150686 ][ 40.084166 ] } { [ 4.254055 ][ 22.586270 ] } { [ -10.842109 ] } { [ -21.068275 ] } { [ 36.243911 ][ -9.153578 ][ 45.445701 ] } { [ 16.228972 ] } { [ -19.247693 ][ 34.938974 ] } { [ -2.008107 ] } { [ -19.856007 ] } { [ 5.157996 ][ 5.812469 ] } { [ 30.351851 ] } { [ -6.232455 ] } { [ 63.107012 ] } { [ 45.618455 ] } { [ -11.034361 ] } { [ 11.926018 ] } { [ 21.015483 ] } { [ -5.444890 ] } { [ 6.988353 ] } { [ 20.084055 ] } { [ 40.768902 ] } { [ -9.077243 ] } { [ -2.352226 ] } { [ -24.271518 ] }
antes   de colapsar { [ 0.077127 ] } { [ 57.352004 ][ 59.953758 ] } { [ -11.350264 ][ 33.150686 ][ 40.084166 ] } { [ 4.254055 ][ 22.586270 ] } { [ -10.842109 ][ 57.159812 ] } { [ -21.068275 ] } { [ 36.243911 ][ -9.153578 ][ 45.445701 ] } { [ 16.228972 ] } { [ -19.247693 ][ 34.938974 ] } { [ -2.008107 ] } { [ -19.856007 ] } { [ 5.157996 ][ 5.812469 ][ 23.462327 ] } { [ 30.351851 ] } { [ -6.232455 ] } { [ 63.107012 ] } { [ 45.618455 ] } { [ -11.034361 ] } { [ 11.926018 ] } { [ 21.015483 ] } { [ -5.444890 ][ 53.166020 ] } { [ 6.988353 ] } { [ 20.084055 ] } { [ 40.768902 ] } { [ -9.077243 ] } { [ -2.352226 ] } { [ -24.271518 ] } { [ -7.785445 ] } { [ -24.565931 ] } { [ 21.436836 ] }
despues de colapsar { [ 0.077127 ] } { [ 57.352004 ][ 59.953758 ] } { [ -11.350264 ][ 33.150686 ][ 40.084166 ] } { [ 4.254055 ][ 22.586270 ] } { [ -10.842109 ][ 57.159812 ] } { [ -21.068275 ] } { [ 36.243911 ][ -9.153578 ][ 45.445701 ] } { [ 16.228972 ] } { [ -19.247693 ][ 34.938974 ] } { [ -2.008107 ] } { [ -19.856007 ] } { [ 5.157996 ][ 5.812469 ][ 23.462327 ] } { [ 30.351851 ] } { [ -6.232455 ] } { [ 63.107012 ] } { [ 45.618455 ] } { [ -11.034361 ] } { [ 11.926018 ] } { [ 21.015483 ] } { [ -5.444890 ][ 53.166020 ] } { [ 6.988353 ] } { [ 20.084055 ] } { [ 40.768902 ] } { [ -9.077243 ] } { [ -2.352226 ] } { [ -24.271518 ] } { [ -7.785445 ] } { [ -24.565931 ] } { [ 21.436836 ] }
antes   de filtrar: { [ 4489 ] } { [ 6882 ] }
despues de filtrar: { [ 4489 ] } { [ 6882 ] }
antes   de filtrar: { [ 4489 ] } { [ 6882 ] } { [ 8337 ] }
despues de filtrar: { [ 4489 ] } { [ 6882 ] } { [ 8337 ] }
antes   de colapsar { [ 4489 ] } { [ 6882 ] } { [ 8337 ][ 9628 ] } { [ 7443 ] } { [ 9763 ] }
despues de colapsar { [ 4489 ] } { [ 6882 ] } { [ 8337 ][ 9628 ] } { [ 7443 ] } { [ 9763 ] }
antes   de colapsar { [ 4489 ] } { [ 6882 ] } { [ 8337 ][ 9628 ] } { [ 7443 ] } { [ 9763 ][ 9015 ] } { [ 7092 ] } { [ 7951 ] } { [ 7065 ] } { [ 7000 ] } { [ 8520 ][ 6750 ] } { [ 1530 ] } { [ 3095 ] }
despues de colapsar { [ 4489 ] } { [ 6882 ] } { [ 8337 ][ 9628 ] } { [ 7443 ] } { [ 9763 ][ 9015 ] } { [ 7092 ] } { [ 7951 ] } { [ 7065 ] } { [ 7000 ] } { [ 7583 ] } { [ 1530 ] } { [ 3095 ] }
antes   de colapsar { [ 4489 ] } { [ 6882 ] } { [ 8337 ][ 9628 ] } { [ 7443 ][ 4075 ] } { [ 9763 ][ 9015 ] } { [ 7092 ] } { [ 7951 ] } { [ 7065 ] } { [ 7000 ] } { [ 7583 ] } { [ 1530 ] } { [ 3095 ] } { [ 9927 ] } { [ 8536 ] } { [ 799 ] }
despues de colapsar { [ 4489 ] } { [ 6882 ] } { [ 8337 ][ 9628 ] } { [ 7443 ][ 4075 ] } { [ 9763 ][ 9015 ] } { [ 7092 ] } { [ 7951 ] } { [ 7065 ] } { [ 7000 ] } { [ 7583 ] } { [ 1530 ] } { [ 3095 ] } { [ 9927 ] } { [ 8536 ] } { [ 799 ] }
antes   de colapsar { [ 4489 ][ 1179 ] } { [ 6882 ] } { [ 8337 ][ 9628 ] } { [ 7443 ][ 4075 ] } { [ 9763 ][ 9015 ] } { [ 7092 ] } { [ 7951 ] } { [ 7065 ] } { [ 7000 ][ 643 ] } { [ 7583 ] } { [ 1530 ] } { [ 3095 ] } { [ 9927 ] } { [ 8536 ] } { [ 799 ] } { [ 4407 ] } { [ 8002 ] } { [ 2161 ] } { [ 3063 ] } { [ 5327 ] } { [ 6215 ] } { [ 3147 ] }
despues de colapsar { [ 4489 ][ 1179 ] } { [ 6882 ] } { [ 8337 ][ 9628 ] } { [ 7443 ][ 4075 ] } { [ 9763 ][ 9015 ] } { [ 7092 ] } { [ 7951 ] } { [ 7065 ] } { [ 2121 ] } { [ 7583 ] } { [ 1530 ] } { [ 3095 ] } { [ 9927 ] } { [ 8536 ] } { [ 799 ] } { [ 4407 ] } { [ 8002 ] } { [ 2161 ] } { [ 3063 ] } { [ 5327 ] } { [ 6215 ] } { [ 3147 ] }
antes   de colapsar { [ 4489 ][ 1179 ] } { [ 6882 ] } { [ 8337 ][ 9628 ] } { [ 7443 ][ 4075 ] } { [ 9763 ][ 9015 ] } { [ 7092 ] } { [ 7951 ] } { [ 7065 ] } { [ 2121 ] } { [ 7583 ] } { [ 1530 ] } { [ 3095 ] } { [ 9927 ] } { [ 8536 ] } { [ 799 ] } { [ 4407 ] } { [ 8002 ] } { [ 2161 ][ 227 ] } { [ 3063 ] } { [ 5327 ] } { [ 6215 ] } { [ 3147 ] } { [ 8827 ] }
despues de colapsar { [ 4489 ][ 1179 ] } { [ 6882 ] } { [ 8337 ][ 9628 ] } { [ 7443 ][ 4075 ] } { [ 9763 ][ 9015 ] } { [ 7092 ] } { [ 7951 ] } { [ 7065 ] } { [ 2121 ] } { [ 7583 ] } { [ 1530 ] } { [ 3095 ] } { [ 9927 ] } { [ 8536 ] } { [ 799 ] } { [ 4407 ] } { [ 8002 ] } { [ 2161 ][ 227 ] } { [ 3063 ] } { [ 5327 ] } { [ 6215 ] } { [ 3147 ] } { [ 8827 ] }
antes   de filtrar: { [ 4489 ][ 1179 ] } { [ 6882 ] } { [ 8337 ][ 9628 ] } { [ 7443 ][ 4075 ][ 8347 ] } { [ 9763 ][ 9015 ] } { [ 7092 ] } { [ 7951 ] } { [ 7065 ] } { [ 2121 ] } { [ 7583 ][ 134 ] } { [ 1530 ] } { [ 3095 ] } { [ 9927 ] } { [ 8536 ][ 4274 ] } { [ 799 ] } { [ 4407 ] } { [ 8002 ] } { [ 2161 ][ 227 ] } { [ 3063 ] } { [ 5327 ] } { [ 6215 ][ 1580 ] } { [ 3147 ] } { [ 8827 ][ 3775 ] } { [ 1178 ] } { [ 1715 ] } { [ 9003 ] } { [ 9561 ] } { [ 4262 ] } { [ 7652 ] } { [ 8369 ] } { [ 1878 ] } { [ 1470 ] } { [ 9959 ] }
despues de filtrar: { [ 4489 ][ 1179 ] } { [ 6882 ] } { [ 8337 ][ 9628 ] } { [ 7443 ][ 4075 ][ 8347 ] } { [ 9763 ][ 9015 ] } { [ 7951 ] } { [ 2121 ] } { [ 7583 ][ 134 ] } { [ 9927 ] } { [ 8536 ][ 4274 ] } { [ 799 ] } { [ 2161 ][ 227 ] } { [ 5327 ] } { [ 6215 ][ 1580 ] } { [ 3147 ] } { [ 8827 ][ 3775 ] } { [ 1178 ] } { [ 1715 ] } { [ 9561 ] } { [ 4262 ] } { [ 7652 ] } { [ 8369 ] } { [ 1878 ] } { [ 9959 ] }
antes   de filtrar: { [ 4489 ][ 1179 ] } { [ 6882 ][ 5170 ] } { [ 8337 ][ 9628 ] } { [ 7443 ][ 4075 ][ 8347 ] } { [ 9763 ][ 9015 ] } { [ 7951 ] } { [ 2121 ] } { [ 7583 ][ 134 ] } { [ 9927 ] } { [ 8536 ][ 4274 ] } { [ 799 ] } { [ 2161 ][ 227 ] } { [ 5327 ] } { [ 6215 ][ 1580 ] } { [ 3147 ] } { [ 8827 ][ 3775 ] } { [ 1178 ] } { [ 1715 ] } { [ 9561 ] } { [ 4262 ] } { [ 7652 ] } { [ 8369 ] } { [ 1878 ] } { [ 9959 ] } { [ 1846 ] } { [ 5406 ] } { [ 5852 ][ 7350 ] }
despues de filtrar: { [ 4489 ][ 1179 ] } { [ 6882 ][ 5170 ] } { [ 8337 ][ 9628 ] } { [ 7443 ][ 4075 ][ 8347 ] } { [ 9763 ][ 9015 ] } { [ 7951 ] } { [ 2121 ] } { [ 7583 ][ 134 ] } { [ 9927 ] } { [ 8536 ][ 4274 ] } { [ 799 ] } { [ 2161 ][ 227 ] } { [ 5327 ] } { [ 6215 ][ 1580 ] } { [ 3147 ] } { [ 8827 ][ 3775 ] } { [ 1178 ] } { [ 1715 ] } { [ 9561 ] } { [ 4262 ] } { [ 7652 ] } { [ 8369 ] } { [ 1878 ] } { [ 9959 ] } { [ 1846 ] } { [ 5852 ][ 7350 ] }
antes   de filtrar: { [ 4489 ][ 1179 ] } { [ 6882 ][ 5170 ] } { [ 8337 ][ 9628 ] } { [ 7443 ][ 4075 ][ 8347 ] } { [ 9763 ][ 9015 ] } { [ 7951 ] } { [ 2121 ] } { [ 7583 ][ 134 ] } { [ 9927 ] } { [ 8536 ][ 4274 ] } { [ 799 ] } { [ 2161 ][ 227 ] } { [ 5327 ] } { [ 6215 ][ 1580 ] } { [ 3147 ] } { [ 8827 ][ 3775 ] } { [ 1178 ] } { [ 1715 ] } { [ 9561 ] } { [ 4262 ] } { [ 7652 ] } { [ 8369 ] } { [ 1878 ] } { [ 9959 ] } { [ 1846 ] } { [ 5852 ][ 7350 ] }
despues de filtrar: { [ 4489 ][ 1179 ] } { [ 6882 ][ 5170 ] } { [ 8337 ][ 9628 ] } { [ 7443 ][ 4075 ][ 8347 ] } { [ 9763 ][ 9015 ] } { [ 7951 ] } { [ 2121 ] } { [ 7583 ][ 134 ] } { [ 9927 ] } { [ 8536 ][ 4274 ] } { [ 799 ] } { [ 2161 ][ 227 ] } { [ 5327 ] } { [ 6215 ][ 1580 ] } { [ 3147 ] } { [ 8827 ][ 3775 ] } { [ 1178 ] } { [ 1715 ] } { [ 9561 ] } { [ 4262 ] } { [ 7652 ] } { [ 8369 ] } { [ 1878 ] } { [ 9959 ] } { [ 1846 ] } { [ 5852 ][ 7350 ] }
