antes   de colapsar { [ 7486 ] }
despues de colapsar { [ 7486 ] }
antes   de colapsar { [ 7486 ] }
despues de colapsar { [ 7486 ] }
antes   de colapsar { [ 7486 ] } { [ 7164 ] } { [ 6712 ] }
despues de colapsar { [ 7486 ] } { [ 7164 ] } { [ 6712 ] }
antes   de filtrar: { [ 7486 ] } { [ 7164 ] } { [ 6712 ] } { [ 3303 ] } { [ 5312 ][ 8255 ] } { [ 5779 ] } { [ 3837 ] }
despues de filtrar: { [ 7486 ] } { [ 7164 ] } { [ 6712 ] } { [ 5312 ][ 8255 ] } { [ 5779 ] } { [ 3837 ] }
antes   de filtrar: { [ 7486 ][ 4175 ][ 1861 ] } { [ 7164 ] } { [ 6712 ] } { [ 5312 ][ 8255 ][ 8920 ] } { [ 5779 ] } { [ 3837 ][ 680 ] } { [ 4044 ][ 6471 ][ 5665 ] } { [ 943 ][ 4825 ] } { [ 4241 ] } { [ 9093 ] } { [ 2604 ] } { [ 7512 ] } { [ 2284 ] } { [ 6326 ] } { [ 6252 ] } { [ 4258 ] } { [ 636 ] } { [ 1443 ] } { [ 36 ] } { [ 9838 ] } { [ 863 ] } { [ 7303 ] }
despues de filtrar: { [ 7486 ][ 4175 ][ 1861 ] } { [ 7164 ] } { [ 6712 ] } { [ 5312 ][ 8255 ][ 8920 ] } { [ 5779 ] } { [ 3837 ][ 680 ] } { [ 943 ][ 4825 ] } { [ 4241 ] } { [ 7512 ] } { [ 2284 ] } { [ 6326 ] } { [ 6252 ] } { [ 4258 ] } { [ 636 ] } { [ 1443 ] } { [ 36 ] } { [ 9838 ] } { [ 863 ] }
antes   de filtrar: { [ 7486 ][ 4175 ][ 1861 ] } { [ 7164 ] } { [ 6712 ] } { [ 5312 ][ 8255 ][ 8920 ] } { [ 5779 ] } { [ 3837 ][ 680 ] } { [ 943 ][ 4825 ] } { [ 4241 ] } { [ 7512 ] } { [ 2284 ] } { [ 6326 ] } { [ 6252 ] } { [ 4258 ] } { [ 636 ] } { [ 1443 ] } { [ 36 ] } { [ 9838 ] } { [ 863 ] } { [ 1940 ] } { [ 7763 ] } { [ 6722 ] } { [ 38 ] }
despues de filtrar: { [ 7486 ][ 4175 ][ 1861 ] } { [ 7164 ] } { [ 6712 ] } { [ 5312 ][ 8255 ][ 8920 ] } { [ 5779 ] } { [ 3837 ][ 680 ] } { [ 943 ][ 4825 ] } { [ 4241 ] } { [ 7512 ] } { [ 2284 ] } { [ 6326 ] } { [ 6252 ] } { [ 4258 ] } { [ 636 ] } { [ 1443 ] } { [ 36 ] } { [ 9838 ] } { [ 863 ] } { [ 7763 ] } { [ 6722 ] } { [ 38 ] }
antes   de colapsar { [ 7486 ][ 4175 ][ 1861 ] } { [ 7164 ] } { [ 6712 ] } { [ 5312 ][ 8255 ][ 8920 ] } { [ 5779 ] } { [ 3837 ][ 680 ] } { [ 943 ][ 4825 ] } { [ 4241 ][ 6240 ] } { [ 7512 ] } { [ 2284 ] } { [ 6326 ][ 8643 ] } { [ 6252 ] } { [ 4258 ] } { [ 636 ] } { [ 1443 ] } { [ 36 ][ 6223 ] } { [ 9838 ] } { [ 863 ] } { [ 7763 ] } { [ 6722 ] } { [ 38 ] } { [ 2759 ] }
despues de colapsar { [ 7486 ][ 4175 ][ 1861 ] } { [ 7164 ] } { [ 6712 ] } { [ 5312 ][ 8255 ][ 8920 ] } { [ 5779 ] } { [ 3837 ][ 680 ] } { [ 943 ][ 4825 ] } { [ 4241 ][ 6240 ] } { [ 7512 ] } { [ 2284 ] } { [ 6326 ][ 8643 ] } { [ 6252 ] } { [ 4258 ] } { [ 636 ] } { [ 1443 ] } { [ 36 ][ 6223 ] } { [ 9838 ] } { [ 863 ] } { [ 7763 ] } { [ 6722 ] } { [ 38 ] } { [ 2759 ] }
antes   de filtrar: { [ 7486 ][ 4175 ][ 1861 ] } { [ 7164 ] } { [ 6712 ] } { [ 5312 ][ 8255 ][ 8920 ] } { [ 5779 ] } { [ 3837 ][ 680 ] } { [ 943 ][ 4825 ] } { [ 4241 ][ 6240 ] } { [ 7512 ] } { [ 2284 ] } { [ 6326 ][ 8643 ] } { [ 6252 ] } { [ 4258 ] } { [ 636 ] } { [ 1443 ][ 4253 ] } { [ 36 ][ 6223 ][ 8410 ] } { [ 9838 ] } { [ 863 ] } { [ 7763 ] } { [ 6722 ] } { [ 38 ] } { [ 2759 ] } { [ 9740 ] } { [ 6062 ] } { [ 7245 ] } { [ 4691 ] }
despues de filtrar: { [ 7486 ][ 4175 ][ 1861 ] } { [ 7164 ] } { [ 6712 ] } { [ 5312 ][ 8255 ][ 8920 ] } { [ 5779 ] } { [ 3837 ][ 680 ] } { [ 943 ][ 4825 ] } { [ 4241 ][ 6240 ] } { [ 7512 ] } { [ 2284 ] } { [ 6326 ][ 8643 ] } { [ 6252 ] } { [ 4258 ] } { [ 636 ] } { [ 1443 ][ 4253 ] } { [ 36 ][ 6223 ][ 8410 ] } { [ 9838 ] } { [ 863 ] } { [ 7763 ] } { [ 6722 ] } { [ 38 ] } { [ 2759 ] } { [ 7245 ] } { [ 4691 ] }
antes   de colapsar { [ 7486 ][ 4175 ][ 1861 ] } { [ 7164 ] } { [ 6712 ] } { [ 5312 ][ 8255 ][ 8920 ] } { [ 5779 ] } { [ 3837 ][ 680 ] } { [ 943 ][ 4825 ] } { [ 4241 ][ 6240 ] } { [ 7512 ] } { [ 2284 ] } { [ 6326 ][ 8643 ] } { [ 6252 ] } { [ 4258 ] } { [ 636 ] } { [ 1443 ][ 4253 ] } { [ 36 ][ 6223 ][ 8410 ] } { [ 9838 ] } { [ 863 ] } { [ 7763 ] } { [ 6722 ] } { [ 38 ] } { [ 2759 ] } { [ 7245 ] } { [ 4691 ] }
despues de colapsar { [ 7486 ][ 4175 ][ 1861 ] } { [ 7164 ] } { [ 6712 ] } { [ 5312 ][ 8255 ][ 8920 ] } { [ 5779 ] } { [ 3837 ][ 680 ] } { [ 943 ][ 4825 ] } { [ 4241 ][ 6240 ] } { [ 7512 ] } { [ 2284 ] } { [ 6326 ][ 8643 ] } { [ 6252 ] } { [ 4258 ] } { [ 636 ] } { [ 1443 ][ 4253 ] } { [ 36 ][ 6223 ][ 8410 ] } { [ 9838 ] } { [ 863 ] } { [ 7763 ] } { [ 6722 ] } { [ 38 ] } { [ 2759 ] } { [ 7245 ] } { [ 4691 ] }
antes   de filtrar: { [ 7486 ][ 4175 ][ 1861 ] } { [ 7164 ][ 7984 ] } { [ 6712 ] } { [ 5312 ][ 8255 ][ 8920 ] } { [ 5779 ] } { [ 3837 ][ 680 ] } { [ 943 ][ 4825 ] } { [ 4241 ][ 6240 ] } { [ 7512 ] } { [ 2284 ] } { [ 6326 ][ 8643 ] } { [ 6252 ] } { [ 4258 ] } { [ 636 ] } { [ 1443 ][ 4253 ] } { [ 36 ][ 6223 ][ 8410 ] } { [ 9838 ] } { [ 863 ] } { [ 7763 ] } { [ 6722 ] } { [ 38 ] } { [ 2759 ] } { [ 7245 ][ 9907 ] } { [ 4691 ] } { [ 1329 ] } { [ 5509 ] } { [ 3047 ] }
despues de filtrar: { [ 7486 ][ 4175 ][ 1861 ] } { [ 7164 ][ 7984 ] } { [ 6712 ] } { [ 5312 ][ 8255 ][ 8920 ] } { [ 5779 ] } { [ 3837 ][ 680 ] } { [ 943 ][ 4825 ] } { [ 4241 ][ 6240 ] } { [ 7512 ] } { [ 2284 ] } { [ 6326 ][ 8643 ] } { [ 6252 ] } { [ 4258 ] } { [ 636 ] } { [ 1443 ][ 4253 ] } { [ 36 ][ 6223 ][ 8410 ] } { [ 9838 ] } { [ 863 ] } { [ 7763 ] } { [ 6722 ] } { [ 38 ] } { [ 2759 ] } { [ 7245 ][ 9907 ] } { [ 4691 ] } { [ 1329 ] }
antes   de filtrar: { [ 25.724346 ][ 24.803387 ] } { [ 62.681745 ] } { [ -18.401352 ] } { [ 12.637716 ] }
despues de filtrar: { [ -18.401352 ] }
antes   de filtrar: { [ -18.401352 ] }
despues de filtrar: { [ -18.401352 ] }
antes   de colapsar { [ -18.401352 ][ 23.920161 ] }
despues de colapsar { [ -18.401352 ][ 23.920161 ] }
antes   de filtrar: { [ -18.401352 ][ 23.920161 ][ 59.492630 ] }
despues de filtrar: { [ -18.401352 ][ 23.920161 ][ 59.492630 ] }
antes   de colapsar { [ -18.401352 ][ 23.920161 ][ 59.492630 ] } { [ 72.587011 ][ -10.248020 ] } { [ 1.845450 ][ -11.281000 ] } { [ 39.805122 ] } { [ 9.436995 ] } { [ 74.705969 ] } { [ 24.246946 ] } { [ 65.644779 ] } { [ -10.429390 ] }
despues de colapsar { [ -18.401352 ][ 23.920161 ][ 59.492630 ] } { [ 7.895504 ] } { [ -nan ] } { [ 39.805122 ] } { [ 9.436995 ] } { [ 74.705969 ] } { [ 24.246946 ] } { [ 65.644779 ] } { [ -10.429390 ] }
antes   de colapsar { [ -18.401352 ][ 23.920161 ][ 59.492630 ] } { [ 7.895504 ] } { [ -nan ] } { [ 39.805122 ] } { [ 9.436995 ] } { [ 74.705969 ] } { [ 24.246946 ] } { [ 65.644779 ] } { [ -10.429390 ] } { [ -4.182974 ] }
despues de colapsar { [ -18.401352 ][ 23.920161 ][ 59.492630 ] } { [ 7.895504 ] } { [ -nan ] } { [ 39.805122 ] } { [ 9.436995 ] } { [ 74.705969 ] } { [ 24.246946 ] } { [ 65.644779 ] } { [ -10.429390 ] } { [ -4.182974 ] }
antes   de filtrar: { [ -18.401352 ][ 23.920161 ][ 59.492630 ] } { [ 7.895504 ] } { [ -nan ] } { [ 39.805122 ] } { [ 9.436995 ] } { [ 74.705969 ] } { [ 24.246946 ] } { [ 65.644779 ] } { [ -10.429390 ] } { [ -4.182974 ] } { [ -9.888398 ] }
despues de filtrar: { [ -18.401352 ][ 23.920161 ][ 59.492630 ] } { [ -nan ] } { [ 9.436995 ] } { [ 24.246946 ] } { [ -10.429390 ] } { [ -4.182974 ] } { [ -9.888398 ] }
antes   de filtrar: { [ -18.401352 ][ 23.920161 ][ 59.492630 ] } { [ -nan ] } { [ 9.436995 ] } { [ 24.246946 ] } { [ -10.429390 ][ 48.395013 ] } { [ -4.182974 ] } { [ -9.888398 ] } { [ 34.998423 ] } { [ 47.499347 ][ 8.977136 ] } { [ -1.884492 ][ -4.161543 ][ 68.594899 ] } { [ 9.654152 ] }
despues de filtrar: { [ -18.401352 ][ 23.920161 ][ 59.492630 ] } { [ -nan ] } { [ 9.436995 ] } { [ 24.246946 ] } { [ -10.429390 ][ 48.395013 ] } { [ -4.182974 ] } { [ -9.888398 ] } { [ 47.499347 ][ 8.977136 ] } { [ -1.884492 ][ -4.161543 ][ 68.594899 ] }
antes   de colapsar { [ -18.401352 ][ 23.920161 ][ 59.492630 ] } { [ -nan ] } { [ 9.436995 ] } { [ 24.246946 ] } { [ -10.429390 ][ 48.395013 ] } { [ -4.182974 ] } { [ -9.888398 ] } { [ 47.499347 ][ 8.977136 ] } { [ -1.884492 ][ -4.161543 ][ 68.594899 ] }
despues de colapsar { [ -18.401352 ][ 23.920161 ][ 59.492630 ] } { [ -nan ] } { [ 9.436995 ] } { [ 24.246946 ] } { [ -10.429390 ][ 48.395013 ] } { [ -4.182974 ] } { [ -9.888398 ] } { [ 47.499347 ][ 8.977136 ] } { [ -1.884492 ][ -4.161543 ][ 68.594899 ] }
antes   de colapsar { [ -18.401352 ][ 23.920161 ][ 59.492630 ] } { [ -nan ] } { [ 9.436995 ] } { [ 24.246946 ] } { [ -10.429390 ][ 48.395013 ] } { [ -4.182974 ][ 30.509378 ] } { [ -9.888398 ] } { [ 47.499347 ][ 8.977136 ] } { [ -1.884492 ][ -4.161543 ][ 68.594899 ] } { [ 23.258423 ] } { [ -9.489853 ][ 2.747827 ] } { [ -5.014130 ] } { [ 20.586625 ] } { [ 15.284136 ] }
despues de colapsar { [ -18.401352 ][ 23.920161 ][ 59.492630 ] } { [ -nan ] } { [ 9.436995 ] } { [ 24.246946 ] } { [ -10.429390 ][ 48.395013 ] } { [ -4.182974 ][ 30.509378 ] } { [ -9.888398 ] } { [ 47.499347 ][ 8.977136 ] } { [ -1.884492 ][ -4.161543 ][ 68.594899 ] } { [ 23.258423 ] } { [ -9.489853 ][ 2.747827 ] } { [ -5.014130 ] } { [ 20.586625 ] } { [ 15.284136 ] }
antes   de filtrar: { [ 56.794830 ] } { [ 21.862795 ] } { [ 56.751820 ] } { [ 16.803428 ] }
despues de filtrar: <vacia>
antes   de filtrar: { [ 71.595285 ] }
despues de filtrar: <vacia>
antes   de colapsar { [ -0.686767 ] } { [ 11.380115 ] }
despues de colapsar { [ -0.686767 ] } { [ 11.380115 ] }
antes   de filtrar: { [ -0.686767 ][ 60.284347 ] } { [ 11.380115 ] }
despues de filtrar: { [ -0.686767 ][ 60.284347 ] } { [ 11.380115 ] }
antes   de colapsar { [ -0.686767 ][ 60.284347 ] } { [ 11.380115 ][ 11.744884 ] } { [ 62.720403 ] } { [ 21.520884 ][ 20.754693 ] } { [ 29.618970 ] }
despues de colapsar { [ -0.686767 ][ 60.284347 ] } { [ 11.380115 ][ 11.744884 ] } { [ 62.720403 ] } { [ 6.501967 ] } { [ 29.618970 ] }
antes   de filtrar: { [ -0.686767 ][ 60.284347 ] } { [ 11.380115 ][ 11.744884 ] } { [ 62.720403 ] } { [ 6.501967 ] } { [ 29.618970 ][ -15.977664 ] } { [ 55.865204 ] }
despues de filtrar: { [ -0.686767 ][ 60.284347 ] } { [ 11.380115 ][ 11.744884 ] }
antes   de colapsar { [ -0.686767 ][ 60.284347 ] } { [ 11.380115 ][ 11.744884 ] } { [ 45.324793 ][ 27.448418 ] } { [ -18.524150 ] } { [ 15.635361 ] } { [ 25.748113 ] } { [ 19.834292 ] } { [ 48.883718 ] } { [ 48.910363 ] } { [ 70.674921 ] }
despues de colapsar { [ -0.686767 ][ 60.284347 ] } { [ 11.380115 ][ 11.744884 ] } { [ 45.324793 ][ 27.448418 ] } { [ -18.524150 ] } { [ 15.635361 ] } { [ 25.748113 ] } { [ 19.834292 ] } { [ 48.883718 ] } { [ 48.910363 ] } { [ 70.674921 ] }
antes   de colapsar { [ -0.686767 ][ 60.284347 ] } { [ 11.380115 ][ 11.744884 ] } { [ 45.324793 ][ 27.448418 ] } { [ -18.524150 ][ 56.098247 ] } { [ 15.635361 ] } { [ 25.748113 ] } { [ 19.834292 ][ 27.027187 ] } { [ 48.883718 ] } { [ 48.910363 ][ 65.735491 ] } { [ 70.674921 ] } { [ 28.179344 ] } { [ -5.719614 ] } { [ 0.141857 ] } { [ -10.713595 ] } { [ 19.842621 ] } { [ 16.226172 ][ 68.378476 ] } { [ 66.213773 ] }
despues de colapsar { [ -0.686767 ][ 60.284347 ] } { [ 11.380115 ][ 11.744884 ] } { [ 45.324793 ][ 27.448418 ] } { [ -18.524150 ][ 56.098247 ] } { [ 15.635361 ] } { [ 25.748113 ] } { [ 6.845544 ] } { [ 48.883718 ] } { [ 10.707280 ] } { [ 70.674921 ] } { [ 28.179344 ] } { [ -5.719614 ] } { [ 0.141857 ] } { [ -10.713595 ] } { [ 19.842621 ] } { [ 16.226172 ][ 68.378476 ] } { [ 66.213773 ] }
antes   de colapsar { [ -0.686767 ][ 60.284347 ] } { [ 11.380115 ][ 11.744884 ] } { [ 45.324793 ][ 27.448418 ] } { [ -18.524150 ][ 56.098247 ] } { [ 15.635361 ] } { [ 25.748113 ] } { [ 6.845544 ] } { [ 48.883718 ] } { [ 10.707280 ] } { [ 70.674921 ] } { [ 28.179344 ] } { [ -5.719614 ][ -8.301701 ][ 52.850371 ] } { [ 0.141857 ] } { [ -10.713595 ] } { [ 19.842621 ] } { [ 16.226172 ][ 68.378476 ] } { [ 66.213773 ][ 73.108292 ] } { [ 9.243384 ] } { [ -15.569837 ] } { [ 6.748201 ] } { [ -4.934634 ] } { [ 50.319493 ] } { [ 19.262820 ] } { [ 7.104102 ] }
despues de colapsar { [ -0.686767 ][ 60.284347 ] } { [ 11.380115 ][ 11.744884 ] } { [ 45.324793 ][ 27.448418 ] } { [ -18.524150 ][ 56.098247 ] } { [ 15.635361 ] } { [ 25.748113 ] } { [ 6.845544 ] } { [ 48.883718 ] } { [ 10.707280 ] } { [ 70.674921 ] } { [ 28.179344 ] } { [ -5.719614 ][ -8.301701 ][ 52.850371 ] } { [ 0.141857 ] } { [ -10.713595 ] } { [ 19.842621 ] } { [ 16.226172 ][ 68.378476 ] } { [ 66.213773 ][ 73.108292 ] } { [ 9.243384 ] } { [ -15.569837 ] } { [ 6.748201 ] } { [ -4.934634 ] } { [ 50.319493 ] } { [ 19.262820 ] } { [ 7.104102 ] }
antes   de filtrar: { [ -0.686767 ][ 60.284347 ] } { [ 11.380115 ][ 11.744884 ] } { [ 45.324793 ][ 27.448418 ] } { [ -18.524150 ][ 56.098247 ] } { [ 15.635361 ] } { [ 25.748113 ] } { [ 6.845544 ] } { [ 48.883718 ] } { [ 10.707280 ] } { [ 70.674921 ] } { [ 28.179344 ] } { [ -5.719614 ][ -8.301701 ][ 52.850371 ][ 10.368408 ] } { [ 0.141857 ] } { [ -10.713595 ] } { [ 19.842621 ] } { [ 16.226172 ][ 68.378476 ] } { [ 66.213773 ][ 73.108292 ] } { [ 9.243384 ] } { [ -15.569837 ] } { [ 6.748201 ] } { [ -4.934634 ] } { [ 50.319493 ] } { [ 19.262820 ] } { [ 7.104102 ] } { [ 47.116007 ] } { [ 15.822604 ] } { [ -18.126661 ] }
despues de filtrar: { [ -0.686767 ][ 60.284347 ] } { [ 11.380115 ][ 11.744884 ] } { [ 45.324793 ][ 27.448418 ] } { [ -18.524150 ][ 56.098247 ] } { [ 28.179344 ] } { [ -5.719614 ][ -8.301701 ][ 52.850371 ][ 10.368408 ] } { [ 0.141857 ] } { [ -10.713595 ] } { [ 16.226172 ][ 68.378476 ] } { [ 66.213773 ][ 73.108292 ] } { [ 9.243384 ] } { [ -15.569837 ] } { [ -4.934634 ] } { [ 50.319493 ] } { [ 19.262820 ] } { [ 7.104102 ] } { [ 47.116007 ] } { [ -18.126661 ] }
antes   de filtrar: <vacia>
despues de filtrar: <vacia>
antes   de filtrar: { [ 53 ] }
despues de filtrar: { [ 53 ] }
antes   de colapsar { [ 53 ] } { [ 9020 ] } { [ 6348 ] } { [ 3600 ] }
despues de colapsar { [ 53 ] } { [ 9020 ] } { [ 6348 ] } { [ 3600 ] }
antes   de colapsar { [ 53 ][ 7676 ][ 4438 ] } { [ 9020 ] } { [ 6348 ][ 6944 ] } { [ 3600 ] } { [ 2083 ] } { [ 3001 ] } { [ 8794 ] } { [ 4943 ] }
despues de colapsar { [ 53 ][ 7676 ][ 4438 ] } { [ 9020 ] } { [ 6348 ][ 6944 ] } { [ 3600 ] } { [ 2083 ] } { [ 3001 ] } { [ 8794 ] } { [ 4943 ] }
antes   de filtrar: { [ 53 ][ 7676 ][ 4438 ] } { [ 9020 ] } { [ 6348 ][ 6944 ] } { [ 3600 ] } { [ 2083 ] } { [ 3001 ] } { [ 8794 ] } { [ 4943 ] } { [ 5843 ] } { [ 8140 ] } { [ 3101 ] } { [ 1594 ] } { [ 6759 ][ 5067 ] } { [ 5036 ] } { [ 5743 ] } { [ 3742 ] } { [ 4495 ] }
despues de filtrar: { [ 53 ][ 7676 ][ 4438 ] } { [ 6348 ][ 6944 ] } { [ 8794 ] } { [ 4943 ] } { [ 5843 ] } { [ 1594 ] } { [ 6759 ][ 5067 ] } { [ 5743 ] } { [ 3742 ] } { [ 4495 ] }
antes   de colapsar { [ 53 ][ 7676 ][ 4438 ] } { [ 6348 ][ 6944 ] } { [ 8794 ] } { [ 4943 ] } { [ 5843 ] } { [ 1594 ] } { [ 6759 ][ 5067 ] } { [ 5743 ] } { [ 3742 ] } { [ 4495 ] } { [ 3924 ] } { [ 741 ] } { [ 6823 ] } { [ 1848 ] }
despues de colapsar { [ 53 ][ 7676 ][ 4438 ] } { [ 6348 ][ 6944 ] } { [ 8794 ] } { [ 4943 ] } { [ 5843 ] } { [ 1594 ] } { [ 6759 ][ 5067 ] } { [ 5743 ] } { [ 3742 ] } { [ 4495 ] } { [ 3924 ] } { [ 741 ] } { [ 6823 ] } { [ 1848 ] }
antes   de filtrar: { [ 53 ][ 7676 ][ 4438 ] } { [ 6348 ][ 6944 ] } { [ 8794 ] } { [ 4943 ] } { [ 5843 ][ 7034 ] } { [ 1594 ] } { [ 6759 ][ 5067 ] } { [ 5743 ] } { [ 3742 ][ 9130 ] } { [ 4495 ] } { [ 3924 ] } { [ 741 ][ 4747 ] } { [ 6823 ][ 6718 ] } { [ 1848 ] } { [ 1124 ] } { [ 7757 ] } { [ 6383 ] } { [ 1647 ] } { [ 5393 ] }
despues de filtrar: { [ 53 ][ 7676 ][ 4438 ] } { [ 6348 ][ 6944 ] } { [ 8794 ] } { [ 4943 ] } { [ 5843 ][ 7034 ] } { [ 1594 ] } { [ 6759 ][ 5067 ] } { [ 5743 ] } { [ 3742 ][ 9130 ] } { [ 4495 ] } { [ 3924 ] } { [ 741 ][ 4747 ] } { [ 6823 ][ 6718 ] } { [ 1848 ] } { [ 1124 ] } { [ 7757 ] } { [ 6383 ] } { [ 1647 ] } { [ 5393 ] }
antes   de colapsar { [ 53 ][ 7676 ][ 4438 ] } { [ 6348 ][ 6944 ] } { [ 8794 ] } { [ 4943 ] } { [ 5843 ][ 7034 ] } { [ 1594 ] } { [ 6759 ][ 5067 ] } { [ 5743 ] } { [ 3742 ][ 9130 ] } { [ 4495 ] } { [ 3924 ] } { [ 741 ][ 4747 ] } { [ 6823 ][ 6718 ] } { [ 1848 ] } { [ 1124 ] } { [ 7757 ] } { [ 6383 ] } { [ 1647 ][ 6157 ] } { [ 5393 ] }
despues de colapsar { [ 53 ][ 7676 ][ 4438 ] } { [ 6348 ][ 6944 ] } { [ 8794 ] } { [ 4943 ] } { [ 5843 ][ 7034 ] } { [ 1594 ] } { [ 6759 ][ 5067 ] } { [ 5743 ] } { [ 3742 ][ 9130 ] } { [ 4495 ] } { [ 3924 ] } { [ 741 ][ 4747 ] } { [ 6823 ][ 6718 ] } { [ 1848 ] } { [ 1124 ] } { [ 7757 ] } { [ 6383 ] } { [ 1647 ][ 6157 ] } { [ 5393 ] }
antes   de colapsar { [ 53 ][ 7676 ][ 4438 ] } { [ 6348 ][ 6944 ] } { [ 8794 ] } { [ 4943 ] } { [ 5843 ][ 7034 ] } { [ 1594 ] } { [ 6759 ][ 5067 ] } { [ 5743 ] } { [ 3742 ][ 9130 ] } { [ 4495 ] } { [ 3924 ] } { [ 741 ][ 4747 ] } { [ 6823 ][ 6718 ] } { [ 1848 ][ 9038 ] } { [ 1124 ] } { [ 7757 ][ 6358 ] } { [ 6383 ] } { [ 1647 ][ 6157 ] } { [ 5393 ] } { [ 1648 ] } { [ 6959 ][ 6882 ] } { [ 5041 ] } { [ 8830 ] } { [ 768 ][ 371 ] } { [ 41 ] } { [ 7607 ] } { [ 3340 ] } { [ 7302 ] } { [ 8789 ] }
despues de colapsar { [ 53 ][ 7676 ][ 4438 ] } { [ 6348 ][ 6944 ] } { [ 8794 ] } { [ 4943 ] } { [ 5843 ][ 7034 ] } { [ 1594 ] } { [ 6759 ][ 5067 ] } { [ 5743 ] } { [ 3742 ][ 9130 ] } { [ 4495 ] } { [ 3924 ] } { [ 741 ][ 4747 ] } { [ 6823 ][ 6718 ] } { [ 1848 ][ 9038 ] } { [ 1124 ] } { [ 7757 ][ 6358 ] } { [ 6383 ] } { [ 1647 ][ 6157 ] } { [ 5393 ] } { [ 1648 ] } { [ 6959 ][ 6882 ] } { [ 5041 ] } { [ 8830 ] } { [ 768 ][ 371 ] } { [ 41 ] } { [ 7607 ] } { [ 3340 ] } { [ 7302 ] } { [ 8789 ] }
antes   de filtrar: { [ 53 ][ 7676 ][ 4438 ] } { [ 6348 ][ 6944 ] } { [ 8794 ] } { [ 4943 ] } { [ 5843 ][ 7034 ] } { [ 1594 ] } { [ 6759 ][ 5067 ] } { [ 5743 ] } { [ 3742 ][ 9130 ] } { [ 4495 ] } { [ 3924 ] } { [ 741 ][ 4747 ] } { [ 6823 ][ 6718 ] } { [ 1848 ][ 9038 ] } { [ 1124 ] } { [ 7757 ][ 6358 ] } { [ 6383 ] } { [ 1647 ][ 6157 ] } { [ 5393 ] } { [ 1648 ] } { [ 6959 ][ 6882 ] } { [ 5041 ] } { [ 8830 ] } { [ 768 ][ 371 ] } { [ 41 ] } { [ 7607 ] } { [ 3340 ] } { [ 7302 ] } { [ 8789 ] }
despues de filtrar: { [ 53 ][ 7676 ][ 4438 ] } { [ 6348 ][ 6944 ] } { [ 8794 ] } { [ 4943 ] } { [ 5843 ][ 7034 ] } { [ 1594 ] } { [ 6759 ][ 5067 ] } { [ 5743 ] } { [ 3742 ][ 9130 ] } { [ 4495 ] } { [ 3924 ] } { [ 741 ][ 4747 ] } { [ 6823 ][ 6718 ] } { [ 1848 ][ 9038 ] } { [ 1124 ] } { [ 7757 ][ 6358 ] } { [ 6383 ] } { [ 1647 ][ 6157 ] } { [ 5393 ] } { [ 1648 ] } { [ 6959 ][ 6882 ] } { [ 768 ][ 371 ] } { [ 41 ] } { [ 8789 ] }
antes   de filtrar: <vacia>
despues de filtrar: <vacia>
antes   de colapsar { [ 52qq7wl6b ] } { [ ie1j ][ elgp ] }
despues de colapsar { [ 52qq7wl6b ] } { [ ieel1gjp ] }
antes   de filtrar: { [ 52qq7wl6b ] } { [ ieel1gjp ][ 58opc ] } { [ oqyd ] } { [ 2rkl ] }
despues de filtrar: { [ oqyd ] }
antes   de filtrar: { [ oqyd ] } { [ c95s ][ 5fv ] } { [ rjummy5 ] } { [ 4d ][ 1px ] } { [ vdlvidee89 ][ 9m7ng ] } { [ mk3r ] } { [ nxf3019ta ] } { [ sj ] } { [ h12346 ] } { [ mkew83kmqg ] } { [ f23 ] }
despues de filtrar: { [ oqyd ] } { [ sj ] }
antes   de filtrar: { [ oqyd ][ n17d ] } { [ sj ] } { [ pp ] }
despues de filtrar: { [ oqyd ][ n17d ] } { [ sj ] } { [ pp ] }
antes   de colapsar { [ oqyd ][ n17d ] } { [ sj ] } { [ pp ] } { [ c ] }
despues de colapsar { [ oqyd ][ n17d ] } { [ sj ] } { [ pp ] } { [ c ] }
antes   de colapsar { [ oqyd ][ n17d ] } { [ sj ] } { [ pp ] } { [ c ][ 6egkfaf ] } { [ p43j ][ m6 ] } { [ 6dsoy3sxss ] } { [ kqf ][ lgfdw ][ iaoghdc1 ] } { [ 10 ] } { [ k7yg8 ] } { [ id4o09 ][ ym0r8 ] } { [ 7qu ] } { [ qja5f3tc ] }
despues de colapsar { [ oqyd ][ n17d ] } { [ sj ] } { [ pp ] } { [ c ][ 6egkfaf ] } { [ pm463j ] } { [ 6dsoy3sxss ] } { [ kqf ][ lgfdw ][ iaoghdc1 ] } { [ 10 ] } { [ k7yg8 ] } { [ iydm40or08 ] } { [ 7qu ] } { [ qja5f3tc ] }
antes   de filtrar: { [ oqyd ][ n17d ] } { [ sj ] } { [ pp ] } { [ c ][ 6egkfaf ] } { [ pm463j ] } { [ 6dsoy3sxss ] } { [ kqf ][ lgfdw ][ iaoghdc1 ] } { [ 10 ] } { [ k7yg8 ] } { [ iydm40or08 ] } { [ 7qu ] } { [ qja5f3tc ] } { [ 9k56l14h ] }
despues de filtrar: { [ oqyd ][ n17d ] } { [ sj ] } { [ pp ] } { [ c ][ 6egkfaf ] } { [ kqf ][ lgfdw ][ iaoghdc1 ] }
antes   de colapsar { [ oqyd ][ n17d ][ 6a84y4 ] } { [ sj ] } { [ pp ] } { [ c ][ 6egkfaf ] } { [ kqf ][ lgfdw ][ iaoghdc1 ] } { [ x5c ] }
despues de colapsar { [ oqyd ][ n17d ][ 6a84y4 ] } { [ sj ] } { [ pp ] } { [ c ][ 6egkfaf ] } { [ kqf ][ lgfdw ][ iaoghdc1 ] } { [ x5c ] }
antes   de colapsar { [ oqyd ][ n17d ][ 6a84y4 ] } { [ sj ] } { [ pp ] } { [ c ][ 6egkfaf ] } { [ kqf ][ lgfdw ][ iaoghdc1 ] } { [ x5c ] }
despues de colapsar { [ oqyd ][ n17d ][ 6a84y4 ] } { [ sj ] } { [ pp ] } { [ c ][ 6egkfaf ] } { [ kqf ][ lgfdw ][ iaoghdc1 ] } { [ x5c ] }
