antes   de colapsar { [ 1776 ] } { [ 6599 ][ 4422 ] }
despues de colapsar { [ 1776 ] } { [ 6599 ][ 4422 ] }
antes   de colapsar { [ 1776 ] } { [ 6599 ][ 4422 ] }
despues de colapsar { [ 1776 ] } { [ 6599 ][ 4422 ] }
antes   de filtrar: { [ 1776 ] } { [ 6599 ][ 4422 ][ 4095 ][ 2492 ] } { [ 9899 ] } { [ 4929 ] } { [ 4435 ] }
despues de filtrar: { [ 1776 ] } { [ 6599 ][ 4422 ][ 4095 ][ 2492 ] } { [ 9899 ] } { [ 4929 ] } { [ 4435 ] }
antes   de colapsar { [ 1776 ] } { [ 6599 ][ 4422 ][ 4095 ][ 2492 ] } { [ 9899 ] } { [ 4929 ] } { [ 4435 ] } { [ 2872 ] } { [ 1055 ] } { [ 5260 ] } { [ 6497 ] }
despues de colapsar { [ 1776 ] } { [ 6599 ][ 4422 ][ 4095 ][ 2492 ] } { [ 9899 ] } { [ 4929 ] } { [ 4435 ] } { [ 2872 ] } { [ 1055 ] } { [ 5260 ] } { [ 6497 ] }
antes   de filtrar: { [ 1776 ][ 4528 ] } { [ 6599 ][ 4422 ][ 4095 ][ 2492 ] } { [ 9899 ] } { [ 4929 ] } { [ 4435 ] } { [ 2872 ] } { [ 1055 ] } { [ 5260 ] } { [ 6497 ] } { [ 438 ] } { [ 673 ] } { [ 5019 ] } { [ 7341 ] } { [ 5504 ][ 8126 ] } { [ 3481 ][ 3687 ] } { [ 8505 ] } { [ 365 ] } { [ 7985 ] }
despues de filtrar: { [ 1776 ][ 4528 ] } { [ 6599 ][ 4422 ][ 4095 ][ 2492 ] } { [ 9899 ] } { [ 4929 ] } { [ 4435 ] } { [ 2872 ] } { [ 6497 ] } { [ 438 ] } { [ 673 ] } { [ 7341 ] } { [ 3481 ][ 3687 ] } { [ 365 ] } { [ 7985 ] }
antes   de filtrar: { [ 1776 ][ 4528 ] } { [ 6599 ][ 4422 ][ 4095 ][ 2492 ] } { [ 9899 ] } { [ 4929 ] } { [ 4435 ] } { [ 2872 ] } { [ 6497 ] } { [ 438 ] } { [ 673 ] } { [ 7341 ] } { [ 3481 ][ 3687 ] } { [ 365 ] } { [ 7985 ] }
despues de filtrar: { [ 1776 ][ 4528 ] } { [ 6599 ][ 4422 ][ 4095 ][ 2492 ] } { [ 9899 ] } { [ 4929 ] } { [ 4435 ] } { [ 2872 ] } { [ 6497 ] } { [ 438 ] } { [ 673 ] } { [ 7341 ] } { [ 3481 ][ 3687 ] } { [ 365 ] } { [ 7985 ] }
antes   de filtrar: { [ 1776 ][ 4528 ] } { [ 6599 ][ 4422 ][ 4095 ][ 2492 ] } { [ 9899 ] } { [ 4929 ] } { [ 4435 ] } { [ 2872 ] } { [ 6497 ] } { [ 438 ][ 9882 ] } { [ 673 ] } { [ 7341 ] } { [ 3481 ][ 3687 ] } { [ 365 ] } { [ 7985 ] } { [ 6516 ] } { [ 2653 ] } { [ 7318 ] }
despues de filtrar: { [ 1776 ][ 4528 ] } { [ 6599 ][ 4422 ][ 4095 ][ 2492 ] } { [ 9899 ] } { [ 4929 ] } { [ 4435 ] } { [ 2872 ] } { [ 6497 ] } { [ 438 ][ 9882 ] } { [ 673 ] } { [ 7341 ] } { [ 3481 ][ 3687 ] } { [ 365 ] } { [ 7985 ] } { [ 6516 ] } { [ 2653 ] } { [ 7318 ] }
antes   de colapsar { [ 1776 ][ 4528 ][ 8439 ] } { [ 6599 ][ 4422 ][ 4095 ][ 2492 ] } { [ 9899 ] } { [ 4929 ] } { [ 4435 ] } { [ 2872 ] } { [ 6497 ] } { [ 438 ][ 9882 ] } { [ 673 ] } { [ 7341 ][ 9616 ] } { [ 3481 ][ 3687 ] } { [ 365 ] } { [ 7985 ] } { [ 6516 ] } { [ 2653 ] } { [ 7318 ] } { [ 39 ] } { [ 3183 ] } { [ 1370 ] } { [ 3857 ] }
despues de colapsar { [ 1776 ][ 4528 ][ 8439 ] } { [ 6599 ][ 4422 ][ 4095 ][ 2492 ] } { [ 9899 ] } { [ 4929 ] } { [ 4435 ] } { [ 2872 ] } { [ 6497 ] } { [ 438 ][ 9882 ] } { [ 673 ] } { [ 7341 ][ 9616 ] } { [ 3481 ][ 3687 ] } { [ 365 ] } { [ 7985 ] } { [ 6516 ] } { [ 2653 ] } { [ 7318 ] } { [ 39 ] } { [ 3183 ] } { [ 1370 ] } { [ 3857 ] }
antes   de filtrar: { [ 1776 ][ 4528 ][ 8439 ] } { [ 6599 ][ 4422 ][ 4095 ][ 2492 ] } { [ 9899 ] } { [ 4929 ] } { [ 4435 ] } { [ 2872 ] } { [ 6497 ] } { [ 438 ][ 9882 ] } { [ 673 ] } { [ 7341 ][ 9616 ] } { [ 3481 ][ 3687 ] } { [ 365 ] } { [ 7985 ] } { [ 6516 ] } { [ 2653 ] } { [ 7318 ] } { [ 39 ] } { [ 3183 ] } { [ 1370 ] } { [ 3857 ] }
despues de filtrar: { [ 1776 ][ 4528 ][ 8439 ] } { [ 6599 ][ 4422 ][ 4095 ][ 2492 ] } { [ 9899 ] } { [ 4929 ] } { [ 4435 ] } { [ 2872 ] } { [ 6497 ] } { [ 438 ][ 9882 ] } { [ 673 ] } { [ 7341 ][ 9616 ] } { [ 3481 ][ 3687 ] } { [ 365 ] } { [ 7985 ] } { [ 6516 ] } { [ 2653 ] } { [ 7318 ] } { [ 39 ] } { [ 3183 ] } { [ 3857 ] }
antes   de colapsar { [ 1776 ][ 4528 ][ 8439 ] } { [ 6599 ][ 4422 ][ 4095 ][ 2492 ] } { [ 9899 ] } { [ 4929 ] } { [ 4435 ] } { [ 2872 ][ 4944 ] } { [ 6497 ] } { [ 438 ][ 9882 ] } { [ 673 ] } { [ 7341 ][ 9616 ] } { [ 3481 ][ 3687 ] } { [ 365 ] } { [ 7985 ] } { [ 6516 ] } { [ 2653 ] } { [ 7318 ] } { [ 39 ] } { [ 3183 ] } { [ 3857 ] } { [ 1128 ] } { [ 812 ] } { [ 8005 ] } { [ 4330 ] } { [ 7134 ] } { [ 6605 ] } { [ 1039 ] }
despues de colapsar { [ 1776 ][ 4528 ][ 8439 ] } { [ 6599 ][ 4422 ][ 4095 ][ 2492 ] } { [ 9899 ] } { [ 4929 ] } { [ 4435 ] } { [ 2872 ][ 4944 ] } { [ 6497 ] } { [ 438 ][ 9882 ] } { [ 673 ] } { [ 7341 ][ 9616 ] } { [ 3481 ][ 3687 ] } { [ 365 ] } { [ 7985 ] } { [ 6516 ] } { [ 2653 ] } { [ 7318 ] } { [ 39 ] } { [ 3183 ] } { [ 3857 ] } { [ 1128 ] } { [ 812 ] } { [ 8005 ] } { [ 4330 ] } { [ 7134 ] } { [ 6605 ] } { [ 1039 ] }
antes   de filtrar: <vacia>
despues de filtrar: <vacia>
antes   de colapsar { [ 9.469100 ] } { [ 37.053102 ] }
despues de colapsar { [ 9.469100 ] } { [ 37.053102 ] }
antes   de filtrar: { [ 9.469100 ] } { [ 37.053102 ] } { [ 71.040672 ] } { [ 57.743050 ][ 42.996088 ] } { [ 23.554469 ] } { [ -6.868705 ] } { [ 37.899491 ] } { [ 62.574622 ] } { [ 51.470011 ] }
despues de filtrar: { [ 9.469100 ] } { [ 37.053102 ] } { [ 71.040672 ] } { [ -6.868705 ] } { [ 51.470011 ] }
antes   de colapsar { [ 9.469100 ] } { [ 37.053102 ] } { [ 71.040672 ] } { [ -6.868705 ] } { [ 51.470011 ] }
despues de colapsar { [ 9.469100 ] } { [ 37.053102 ] } { [ 71.040672 ] } { [ -6.868705 ] } { [ 51.470011 ] }
antes   de filtrar: { [ 9.469100 ] } { [ 37.053102 ] } { [ 71.040672 ] } { [ -6.868705 ] } { [ 51.470011 ][ 73.249004 ] } { [ -15.416288 ] } { [ 27.217556 ] } { [ 42.984158 ] } { [ 4.103478 ] } { [ 11.294560 ] }
despues de filtrar: { [ 9.469100 ] } { [ 37.053102 ] } { [ 71.040672 ] } { [ -6.868705 ] } { [ 51.470011 ][ 73.249004 ] } { [ -15.416288 ] } { [ 27.217556 ] } { [ 4.103478 ] } { [ 11.294560 ] }
antes   de filtrar: { [ 9.469100 ] } { [ 37.053102 ] } { [ 71.040672 ] } { [ -6.868705 ] } { [ 51.470011 ][ 73.249004 ][ 24.601488 ] } { [ -15.416288 ][ 14.779194 ][ 19.413095 ] } { [ 27.217556 ][ 70.068653 ] } { [ 4.103478 ][ -14.236369 ] } { [ 11.294560 ] } { [ -4.572547 ] } { [ 14.795193 ][ 37.751260 ] } { [ 51.348437 ] } { [ -21.341997 ][ 64.369802 ] } { [ 45.591255 ] }
despues de filtrar: { [ 9.469100 ] } { [ 37.053102 ] } { [ 71.040672 ] } { [ -6.868705 ] } { [ 51.470011 ][ 73.249004 ][ 24.601488 ] } { [ -15.416288 ][ 14.779194 ][ 19.413095 ] } { [ 27.217556 ][ 70.068653 ] } { [ 4.103478 ][ -14.236369 ] } { [ 11.294560 ] } { [ -4.572547 ] } { [ 51.348437 ] } { [ -21.341997 ][ 64.369802 ] }
antes   de colapsar { [ 9.469100 ] } { [ 37.053102 ] } { [ 71.040672 ] } { [ -6.868705 ] } { [ 51.470011 ][ 73.249004 ][ 24.601488 ] } { [ -15.416288 ][ 14.779194 ][ 19.413095 ] } { [ 27.217556 ][ 70.068653 ] } { [ 4.103478 ][ -14.236369 ] } { [ 11.294560 ] } { [ -4.572547 ] } { [ 51.348437 ] } { [ -21.341997 ][ 64.369802 ] }
despues de colapsar { [ 9.469100 ] } { [ 37.053102 ] } { [ 71.040672 ] } { [ -6.868705 ] } { [ 51.470011 ][ 73.249004 ][ 24.601488 ] } { [ -15.416288 ][ 14.779194 ][ 19.413095 ] } { [ 27.217556 ][ 70.068653 ] } { [ 4.103478 ][ -14.236369 ] } { [ 11.294560 ] } { [ -4.572547 ] } { [ 51.348437 ] } { [ -21.341997 ][ 64.369802 ] }
antes   de filtrar: { [ 9.469100 ] } { [ 37.053102 ] } { [ 71.040672 ] } { [ -6.868705 ] } { [ 51.470011 ][ 73.249004 ][ 24.601488 ] } { [ -15.416288 ][ 14.779194 ][ 19.413095 ][ 18.948788 ] } { [ 27.217556 ][ 70.068653 ] } { [ 4.103478 ][ -14.236369 ] } { [ 11.294560 ] } { [ -4.572547 ] } { [ 51.348437 ] } { [ -21.341997 ][ 64.369802 ] } { [ 3.653208 ] } { [ 39.044809 ] }
despues de filtrar: { [ 9.469100 ] } { [ 37.053102 ] } { [ 71.040672 ] } { [ -6.868705 ] } { [ 51.470011 ][ 73.249004 ][ 24.601488 ] } { [ -15.416288 ][ 14.779194 ][ 19.413095 ][ 18.948788 ] } { [ 27.217556 ][ 70.068653 ] } { [ 4.103478 ][ -14.236369 ] } { [ 11.294560 ] } { [ -4.572547 ] } { [ 51.348437 ] } { [ -21.341997 ][ 64.369802 ] } { [ 39.044809 ] }
antes   de colapsar { [ 9.469100 ] } { [ 37.053102 ] } { [ 71.040672 ] } { [ -6.868705 ] } { [ 51.470011 ][ 73.249004 ][ 24.601488 ] } { [ -15.416288 ][ 14.779194 ][ 19.413095 ][ 18.948788 ] } { [ 27.217556 ][ 70.068653 ][ 64.574129 ] } { [ 4.103478 ][ -14.236369 ] } { [ 11.294560 ] } { [ -4.572547 ] } { [ 51.348437 ] } { [ -21.341997 ][ 64.369802 ] } { [ 39.044809 ] }
despues de colapsar { [ 9.469100 ] } { [ 37.053102 ] } { [ 71.040672 ] } { [ -6.868705 ] } { [ 51.470011 ][ 73.249004 ][ 24.601488 ] } { [ -15.416288 ][ 14.779194 ][ 19.413095 ][ 18.948788 ] } { [ 27.217556 ][ 70.068653 ][ 64.574129 ] } { [ 4.103478 ][ -14.236369 ] } { [ 11.294560 ] } { [ -4.572547 ] } { [ 51.348437 ] } { [ -21.341997 ][ 64.369802 ] } { [ 39.044809 ] }
antes   de colapsar { [ 9.469100 ] } { [ 37.053102 ] } { [ 71.040672 ] } { [ -6.868705 ] } { [ 51.470011 ][ 73.249004 ][ 24.601488 ] } { [ -15.416288 ][ 14.779194 ][ 19.413095 ][ 18.948788 ] } { [ 27.217556 ][ 70.068653 ][ 64.574129 ] } { [ 4.103478 ][ -14.236369 ] } { [ 11.294560 ] } { [ -4.572547 ] } { [ 51.348437 ] } { [ -21.341997 ][ 64.369802 ] } { [ 39.044809 ] } { [ 44.619428 ] }
despues de colapsar { [ 9.469100 ] } { [ 37.053102 ] } { [ 71.040672 ] } { [ -6.868705 ] } { [ 51.470011 ][ 73.249004 ][ 24.601488 ] } { [ -15.416288 ][ 14.779194 ][ 19.413095 ][ 18.948788 ] } { [ 27.217556 ][ 70.068653 ][ 64.574129 ] } { [ 4.103478 ][ -14.236369 ] } { [ 11.294560 ] } { [ -4.572547 ] } { [ 51.348437 ] } { [ -21.341997 ][ 64.369802 ] } { [ 39.044809 ] } { [ 44.619428 ] }
antes   de filtrar: { [ 40.907723 ] } { [ 28.398441 ] } { [ 1.445971 ] } { [ 57.621394 ] } { [ 26.336256 ][ 10.500123 ] }
despues de filtrar: { [ 28.398441 ] } { [ 1.445971 ] } { [ 26.336256 ][ 10.500123 ] }
antes   de colapsar { [ 28.398441 ] } { [ 1.445971 ] } { [ 26.336256 ][ 10.500123 ] } { [ 14.475305 ] } { [ -9.715009 ] } { [ 55.651073 ] } { [ 69.993644 ][ 10.448543 ] } { [ 24.825851 ] } { [ 26.175670 ] }
despues de colapsar { [ 28.398441 ] } { [ 1.445971 ] } { [ 26.336256 ][ 10.500123 ] } { [ 14.475305 ] } { [ -9.715009 ] } { [ 55.651073 ] } { [ 8.968957 ] } { [ 24.825851 ] } { [ 26.175670 ] }
antes   de filtrar: { [ 28.398441 ][ -2.267020 ] } { [ 1.445971 ] } { [ 26.336256 ][ 10.500123 ] } { [ 14.475305 ] } { [ -9.715009 ][ 48.056947 ] } { [ 55.651073 ] } { [ 8.968957 ] } { [ 24.825851 ] } { [ 26.175670 ] }
despues de filtrar: { [ 28.398441 ][ -2.267020 ] } { [ 1.445971 ] } { [ 26.336256 ][ 10.500123 ] } { [ 14.475305 ] } { [ -9.715009 ][ 48.056947 ] } { [ 26.175670 ] }
antes   de colapsar { [ 28.398441 ][ -2.267020 ] } { [ 1.445971 ] } { [ 26.336256 ][ 10.500123 ][ 33.978641 ] } { [ 14.475305 ] } { [ -9.715009 ][ 48.056947 ] } { [ 26.175670 ][ -9.707877 ][ -17.286223 ] } { [ -19.486197 ] } { [ -13.174798 ] } { [ -13.398658 ] } { [ 24.562617 ] } { [ -14.232264 ] }
despues de colapsar { [ 28.398441 ][ -2.267020 ] } { [ 1.445971 ] } { [ 26.336256 ][ 10.500123 ][ 33.978641 ] } { [ 14.475305 ] } { [ -9.715009 ][ 48.056947 ] } { [ 26.175670 ][ -9.707877 ][ -17.286223 ] } { [ -19.486197 ] } { [ -13.174798 ] } { [ -13.398658 ] } { [ 24.562617 ] } { [ -14.232264 ] }
antes   de colapsar { [ 28.398441 ][ -2.267020 ] } { [ 1.445971 ] } { [ 26.336256 ][ 10.500123 ][ 33.978641 ] } { [ 14.475305 ] } { [ -9.715009 ][ 48.056947 ] } { [ 26.175670 ][ -9.707877 ][ -17.286223 ] } { [ -19.486197 ] } { [ -13.174798 ] } { [ -13.398658 ] } { [ 24.562617 ] } { [ -14.232264 ] }
despues de colapsar { [ 28.398441 ][ -2.267020 ] } { [ 1.445971 ] } { [ 26.336256 ][ 10.500123 ][ 33.978641 ] } { [ 14.475305 ] } { [ -9.715009 ][ 48.056947 ] } { [ 26.175670 ][ -9.707877 ][ -17.286223 ] } { [ -19.486197 ] } { [ -13.174798 ] } { [ -13.398658 ] } { [ 24.562617 ] } { [ -14.232264 ] }
antes   de colapsar { [ 28.398441 ][ -2.267020 ] } { [ 1.445971 ] } { [ 26.336256 ][ 10.500123 ][ 33.978641 ] } { [ 14.475305 ] } { [ -9.715009 ][ 48.056947 ] } { [ 26.175670 ][ -9.707877 ][ -17.286223 ] } { [ -19.486197 ] } { [ -13.174798 ] } { [ -13.398658 ] } { [ 24.562617 ] } { [ -14.232264 ] }
despues de colapsar { [ 28.398441 ][ -2.267020 ] } { [ 1.445971 ] } { [ 26.336256 ][ 10.500123 ][ 33.978641 ] } { [ 14.475305 ] } { [ -9.715009 ][ 48.056947 ] } { [ 26.175670 ][ -9.707877 ][ -17.286223 ] } { [ -19.486197 ] } { [ -13.174798 ] } { [ -13.398658 ] } { [ 24.562617 ] } { [ -14.232264 ] }
antes   de colapsar { [ 28.398441 ][ -2.267020 ] } { [ 1.445971 ] } { [ 26.336256 ][ 10.500123 ][ 33.978641 ] } { [ 14.475305 ] } { [ -9.715009 ][ 48.056947 ] } { [ 26.175670 ][ -9.707877 ][ -17.286223 ] } { [ -19.486197 ] } { [ -13.174798 ] } { [ -13.398658 ] } { [ 24.562617 ] } { [ -14.232264 ] } { [ 36.647248 ] } { [ 70.039090 ] }
despues de colapsar { [ 28.398441 ][ -2.267020 ] } { [ 1.445971 ] } { [ 26.336256 ][ 10.500123 ][ 33.978641 ] } { [ 14.475305 ] } { [ -9.715009 ][ 48.056947 ] } { [ 26.175670 ][ -9.707877 ][ -17.286223 ] } { [ -19.486197 ] } { [ -13.174798 ] } { [ -13.398658 ] } { [ 24.562617 ] } { [ -14.232264 ] } { [ 36.647248 ] } { [ 70.039090 ] }
antes   de filtrar: { [ 28.398441 ][ -2.267020 ] } { [ 1.445971 ] } { [ 26.336256 ][ 10.500123 ][ 33.978641 ] } { [ 14.475305 ] } { [ -9.715009 ][ 48.056947 ][ 26.468086 ] } { [ 26.175670 ][ -9.707877 ][ -17.286223 ] } { [ -19.486197 ] } { [ -13.174798 ] } { [ -13.398658 ] } { [ 24.562617 ][ 2.500860 ] } { [ -14.232264 ] } { [ 36.647248 ] } { [ 70.039090 ] } { [ -1.884165 ] } { [ 66.711634 ] } { [ 62.647574 ] } { [ 12.226312 ] } { [ 19.934745 ] }
despues de filtrar: { [ 28.398441 ][ -2.267020 ] } { [ 1.445971 ] } { [ 26.336256 ][ 10.500123 ][ 33.978641 ] } { [ 14.475305 ] } { [ -9.715009 ][ 48.056947 ][ 26.468086 ] } { [ 26.175670 ][ -9.707877 ][ -17.286223 ] } { [ -19.486197 ] } { [ -13.174798 ] } { [ -13.398658 ] } { [ -14.232264 ] } { [ 70.039090 ] } { [ -1.884165 ] } { [ 12.226312 ] }
antes   de filtrar: { [ 28.398441 ][ -2.267020 ] } { [ 1.445971 ] } { [ 26.336256 ][ 10.500123 ][ 33.978641 ] } { [ 14.475305 ] } { [ -9.715009 ][ 48.056947 ][ 26.468086 ] } { [ 26.175670 ][ -9.707877 ][ -17.286223 ] } { [ -19.486197 ] } { [ -13.174798 ] } { [ -13.398658 ] } { [ -14.232264 ] } { [ 70.039090 ] } { [ -1.884165 ] } { [ 12.226312 ][ -6.946177 ] } { [ -17.143139 ] } { [ 57.054155 ] } { [ 58.330163 ] } { [ 44.620817 ] }
despues de filtrar: { [ 28.398441 ][ -2.267020 ] } { [ 1.445971 ] } { [ 26.336256 ][ 10.500123 ][ 33.978641 ] } { [ 14.475305 ] } { [ -9.715009 ][ 48.056947 ][ 26.468086 ] } { [ 26.175670 ][ -9.707877 ][ -17.286223 ] } { [ -19.486197 ] } { [ -13.174798 ] } { [ -13.398658 ] } { [ -14.232264 ] } { [ 70.039090 ] } { [ -1.884165 ] } { [ 12.226312 ][ -6.946177 ] } { [ -17.143139 ] } { [ 57.054155 ] } { [ 58.330163 ] }
antes   de filtrar: { [ 28.398441 ][ -2.267020 ] } { [ 1.445971 ] } { [ 26.336256 ][ 10.500123 ][ 33.978641 ][ 25.732705 ] } { [ 14.475305 ][ 44.904841 ] } { [ -9.715009 ][ 48.056947 ][ 26.468086 ] } { [ 26.175670 ][ -9.707877 ][ -17.286223 ] } { [ -19.486197 ] } { [ -13.174798 ] } { [ -13.398658 ] } { [ -14.232264 ] } { [ 70.039090 ] } { [ -1.884165 ] } { [ 12.226312 ][ -6.946177 ] } { [ -17.143139 ] } { [ 57.054155 ] } { [ 58.330163 ] } { [ 50.227277 ] } { [ 19.052470 ] } { [ -24.701488 ] }
despues de filtrar: { [ 28.398441 ][ -2.267020 ] } { [ 1.445971 ] } { [ 26.336256 ][ 10.500123 ][ 33.978641 ][ 25.732705 ] } { [ 14.475305 ][ 44.904841 ] } { [ -9.715009 ][ 48.056947 ][ 26.468086 ] } { [ 26.175670 ][ -9.707877 ][ -17.286223 ] } { [ -19.486197 ] } { [ -13.174798 ] } { [ -13.398658 ] } { [ -14.232264 ] } { [ 70.039090 ] } { [ -1.884165 ] } { [ 12.226312 ][ -6.946177 ] } { [ -17.143139 ] } { [ 57.054155 ] } { [ 58.330163 ] } { [ 50.227277 ] } { [ 19.052470 ] } { [ -24.701488 ] }
antes   de filtrar: <vacia>
despues de filtrar: <vacia>
antes   de filtrar: { [ 13.298000 ] } { [ -14.708364 ][ 58.486553 ] } { [ 47.172898 ] } { [ 16.416971 ] } { [ -4.790074 ] } { [ 33.197626 ] }
despues de filtrar: { [ 13.298000 ] } { [ -14.708364 ][ 58.486553 ] } { [ 47.172898 ] } { [ 16.416971 ] } { [ -4.790074 ] } { [ 33.197626 ] }
antes   de filtrar: { [ 13.298000 ] } { [ -14.708364 ][ 58.486553 ] } { [ 47.172898 ] } { [ 16.416971 ] } { [ -4.790074 ] } { [ 33.197626 ] } { [ 42.952108 ] } { [ -0.040108 ] } { [ -24.094499 ] } { [ -15.507800 ][ -21.128247 ] } { [ 53.105890 ] }
despues de filtrar: { [ 13.298000 ] } { [ -14.708364 ][ 58.486553 ] } { [ 47.172898 ] } { [ 16.416971 ] } { [ -4.790074 ] } { [ 33.197626 ] } { [ -0.040108 ] } { [ -24.094499 ] } { [ -15.507800 ][ -21.128247 ] } { [ 53.105890 ] }
antes   de colapsar { [ 13.298000 ] } { [ -14.708364 ][ 58.486553 ] } { [ 47.172898 ] } { [ 16.416971 ][ 52.815830 ] } { [ -4.790074 ][ -21.696222 ] } { [ 33.197626 ] } { [ -0.040108 ] } { [ -24.094499 ] } { [ -15.507800 ][ -21.128247 ] } { [ 53.105890 ] } { [ -12.516730 ] } { [ 55.472049 ] } { [ 16.077158 ] } { [ -7.883264 ] } { [ 1.882073 ] } { [ -10.525208 ] } { [ 66.245945 ] } { [ 27.775419 ] }
despues de colapsar { [ 13.298000 ] } { [ -14.708364 ][ 58.486553 ] } { [ 47.172898 ] } { [ 16.416971 ][ 52.815830 ] } { [ -4.790074 ][ -21.696222 ] } { [ 33.197626 ] } { [ -0.040108 ] } { [ -24.094499 ] } { [ -15.507800 ][ -21.128247 ] } { [ 53.105890 ] } { [ -12.516730 ] } { [ 55.472049 ] } { [ 16.077158 ] } { [ -7.883264 ] } { [ 1.882073 ] } { [ -10.525208 ] } { [ 66.245945 ] } { [ 27.775419 ] }
antes   de colapsar { [ 13.298000 ] } { [ -14.708364 ][ 58.486553 ] } { [ 47.172898 ] } { [ 16.416971 ][ 52.815830 ] } { [ -4.790074 ][ -21.696222 ] } { [ 33.197626 ] } { [ -0.040108 ] } { [ -24.094499 ] } { [ -15.507800 ][ -21.128247 ] } { [ 53.105890 ] } { [ -12.516730 ] } { [ 55.472049 ] } { [ 16.077158 ] } { [ -7.883264 ] } { [ 1.882073 ] } { [ -10.525208 ] } { [ 66.245945 ] } { [ 27.775419 ] }
despues de colapsar { [ 13.298000 ] } { [ -14.708364 ][ 58.486553 ] } { [ 47.172898 ] } { [ 16.416971 ][ 52.815830 ] } { [ -4.790074 ][ -21.696222 ] } { [ 33.197626 ] } { [ -0.040108 ] } { [ -24.094499 ] } { [ -15.507800 ][ -21.128247 ] } { [ 53.105890 ] } { [ -12.516730 ] } { [ 55.472049 ] } { [ 16.077158 ] } { [ -7.883264 ] } { [ 1.882073 ] } { [ -10.525208 ] } { [ 66.245945 ] } { [ 27.775419 ] }
antes   de filtrar: { [ 13.298000 ] } { [ -14.708364 ][ 58.486553 ] } { [ 47.172898 ] } { [ 16.416971 ][ 52.815830 ] } { [ -4.790074 ][ -21.696222 ] } { [ 33.197626 ] } { [ -0.040108 ] } { [ -24.094499 ] } { [ -15.507800 ][ -21.128247 ] } { [ 53.105890 ][ 38.682400 ] } { [ -12.516730 ] } { [ 55.472049 ][ 9.154916 ] } { [ 16.077158 ] } { [ -7.883264 ] } { [ 1.882073 ] } { [ -10.525208 ] } { [ 66.245945 ] } { [ 27.775419 ] } { [ 16.000112 ] } { [ 24.331321 ] } { [ 12.553525 ] } { [ -24.922799 ] }
despues de filtrar: { [ 13.298000 ] } { [ -14.708364 ][ 58.486553 ] } { [ 47.172898 ] } { [ 16.416971 ][ 52.815830 ] } { [ -4.790074 ][ -21.696222 ] } { [ 33.197626 ] } { [ -0.040108 ] } { [ -24.094499 ] } { [ -15.507800 ][ -21.128247 ] } { [ 53.105890 ][ 38.682400 ] } { [ -12.516730 ] } { [ 55.472049 ][ 9.154916 ] } { [ 16.077158 ] } { [ -7.883264 ] } { [ -10.525208 ] } { [ 66.245945 ] } { [ 16.000112 ] } { [ 24.331321 ] } { [ -24.922799 ] }
antes   de filtrar: { [ 13.298000 ] } { [ -14.708364 ][ 58.486553 ] } { [ 47.172898 ] } { [ 16.416971 ][ 52.815830 ] } { [ -4.790074 ][ -21.696222 ] } { [ 33.197626 ] } { [ -0.040108 ] } { [ -24.094499 ] } { [ -15.507800 ][ -21.128247 ] } { [ 53.105890 ][ 38.682400 ] } { [ -12.516730 ] } { [ 55.472049 ][ 9.154916 ] } { [ 16.077158 ] } { [ -7.883264 ] } { [ -10.525208 ] } { [ 66.245945 ] } { [ 16.000112 ] } { [ 24.331321 ] } { [ -24.922799 ] } { [ 74.776224 ] } { [ 63.872658 ] } { [ 21.217722 ] } { [ 10.612095 ] } { [ 5.933427 ] }
despues de filtrar: { [ 13.298000 ] } { [ -14.708364 ][ 58.486553 ] } { [ 47.172898 ] } { [ 16.416971 ][ 52.815830 ] } { [ -4.790074 ][ -21.696222 ] } { [ 33.197626 ] } { [ -0.040108 ] } { [ -24.094499 ] } { [ -15.507800 ][ -21.128247 ] } { [ 53.105890 ][ 38.682400 ] } { [ -12.516730 ] } { [ 55.472049 ][ 9.154916 ] } { [ 16.077158 ] } { [ -7.883264 ] } { [ -10.525208 ] } { [ 66.245945 ] } { [ 16.000112 ] } { [ 24.331321 ] } { [ -24.922799 ] } { [ 21.217722 ] }
antes   de colapsar { [ 13.298000 ] } { [ -14.708364 ][ 58.486553 ] } { [ 47.172898 ] } { [ 16.416971 ][ 52.815830 ] } { [ -4.790074 ][ -21.696222 ] } { [ 33.197626 ] } { [ -0.040108 ] } { [ -24.094499 ] } { [ -15.507800 ][ -21.128247 ] } { [ 53.105890 ][ 38.682400 ] } { [ -12.516730 ] } { [ 55.472049 ][ 9.154916 ] } { [ 16.077158 ] } { [ -7.883264 ] } { [ -10.525208 ] } { [ 66.245945 ] } { [ 16.000112 ] } { [ 24.331321 ] } { [ -24.922799 ] } { [ 21.217722 ] }
despues de colapsar { [ 13.298000 ] } { [ -14.708364 ][ 58.486553 ] } { [ 47.172898 ] } { [ 16.416971 ][ 52.815830 ] } { [ -4.790074 ][ -21.696222 ] } { [ 33.197626 ] } { [ -0.040108 ] } { [ -24.094499 ] } { [ -15.507800 ][ -21.128247 ] } { [ 53.105890 ][ 38.682400 ] } { [ -12.516730 ] } { [ 55.472049 ][ 9.154916 ] } { [ 16.077158 ] } { [ -7.883264 ] } { [ -10.525208 ] } { [ 66.245945 ] } { [ 16.000112 ] } { [ 24.331321 ] } { [ -24.922799 ] } { [ 21.217722 ] }
antes   de colapsar { [ 13.298000 ] } { [ -14.708364 ][ 58.486553 ] } { [ 47.172898 ][ -8.040813 ] } { [ 16.416971 ][ 52.815830 ] } { [ -4.790074 ][ -21.696222 ] } { [ 33.197626 ] } { [ -0.040108 ] } { [ -24.094499 ] } { [ -15.507800 ][ -21.128247 ] } { [ 53.105890 ][ 38.682400 ] } { [ -12.516730 ] } { [ 55.472049 ][ 9.154916 ] } { [ 16.077158 ] } { [ -7.883264 ] } { [ -10.525208 ] } { [ 66.245945 ] } { [ 16.000112 ] } { [ 24.331321 ] } { [ -24.922799 ] } { [ 21.217722 ] } { [ 32.735813 ] } { [ 26.260678 ] } { [ -23.372351 ] }
despues de colapsar { [ 13.298000 ] } { [ -14.708364 ][ 58.486553 ] } { [ 47.172898 ][ -8.040813 ] } { [ 16.416971 ][ 52.815830 ] } { [ -4.790074 ][ -21.696222 ] } { [ 33.197626 ] } { [ -0.040108 ] } { [ -24.094499 ] } { [ -15.507800 ][ -21.128247 ] } { [ 53.105890 ][ 38.682400 ] } { [ -12.516730 ] } { [ 55.472049 ][ 9.154916 ] } { [ 16.077158 ] } { [ -7.883264 ] } { [ -10.525208 ] } { [ 66.245945 ] } { [ 16.000112 ] } { [ 24.331321 ] } { [ -24.922799 ] } { [ 21.217722 ] } { [ 32.735813 ] } { [ 26.260678 ] } { [ -23.372351 ] }
antes   de colapsar { [ 13.298000 ] } { [ -14.708364 ][ 58.486553 ] } { [ 47.172898 ][ -8.040813 ] } { [ 16.416971 ][ 52.815830 ] } { [ -4.790074 ][ -21.696222 ][ 48.065083 ] } { [ 33.197626 ] } { [ -0.040108 ] } { [ -24.094499 ] } { [ -15.507800 ][ -21.128247 ] } { [ 53.105890 ][ 38.682400 ] } { [ -12.516730 ] } { [ 55.472049 ][ 9.154916 ] } { [ 16.077158 ] } { [ -7.883264 ] } { [ -10.525208 ][ 2.331032 ] } { [ 66.245945 ][ -11.558005 ] } { [ 16.000112 ] } { [ 24.331321 ] } { [ -24.922799 ] } { [ 21.217722 ][ -2.795499 ][ -24.718780 ] } { [ 32.735813 ] } { [ 26.260678 ] } { [ -23.372351 ] } { [ 44.956953 ] } { [ 49.072301 ] } { [ 12.942334 ] } { [ 2.299422 ] }
despues de colapsar { [ 13.298000 ] } { [ -14.708364 ][ 58.486553 ] } { [ 47.172898 ][ -8.040813 ] } { [ 16.416971 ][ 52.815830 ] } { [ -4.790074 ][ -21.696222 ][ 48.065083 ] } { [ 33.197626 ] } { [ -0.040108 ] } { [ -24.094499 ] } { [ -15.507800 ][ -21.128247 ] } { [ 53.105890 ][ 38.682400 ] } { [ -12.516730 ] } { [ 55.472049 ][ 9.154916 ] } { [ 16.077158 ] } { [ -7.883264 ] } { [ -10.525208 ][ 2.331032 ] } { [ 66.245945 ][ -11.558005 ] } { [ 16.000112 ] } { [ 24.331321 ] } { [ -24.922799 ] } { [ 21.217722 ][ -2.795499 ][ -24.718780 ] } { [ 32.735813 ] } { [ 26.260678 ] } { [ -23.372351 ] } { [ 44.956953 ] } { [ 49.072301 ] } { [ 12.942334 ] } { [ 2.299422 ] }
antes   de colapsar { [ -24.340211 ] } { [ -19.400693 ][ 1.719948 ] } { [ 12.060836 ] } { [ -9.409846 ] }
despues de colapsar { [ -24.340211 ] } { [ -19.400693 ][ 1.719948 ] } { [ 12.060836 ] } { [ -9.409846 ] }
antes   de colapsar { [ -24.340211 ][ 49.758806 ] } { [ -19.400693 ][ 1.719948 ][ 22.417679 ] } { [ 12.060836 ] } { [ -9.409846 ] } { [ 37.755010 ] }
despues de colapsar { [ -24.340211 ][ 49.758806 ] } { [ -19.400693 ][ 1.719948 ][ 22.417679 ] } { [ 12.060836 ] } { [ -9.409846 ] } { [ 37.755010 ] }
antes   de colapsar { [ -24.340211 ][ 49.758806 ][ -13.952873 ] } { [ -19.400693 ][ 1.719948 ][ 22.417679 ] } { [ 12.060836 ] } { [ -9.409846 ] } { [ 37.755010 ] } { [ -22.337703 ][ -16.734697 ] } { [ 19.603971 ] }
despues de colapsar { [ -24.340211 ][ 49.758806 ][ -13.952873 ] } { [ -19.400693 ][ 1.719948 ][ 22.417679 ] } { [ 12.060836 ] } { [ -9.409846 ] } { [ 37.755010 ] } { [ -22.337703 ][ -16.734697 ] } { [ 19.603971 ] }
antes   de filtrar: { [ -24.340211 ][ 49.758806 ][ -13.952873 ] } { [ -19.400693 ][ 1.719948 ][ 22.417679 ] } { [ 12.060836 ] } { [ -9.409846 ] } { [ 37.755010 ] } { [ -22.337703 ][ -16.734697 ] } { [ 19.603971 ] } { [ 63.972935 ][ -22.674667 ] } { [ 28.508273 ] } { [ 70.948674 ][ 41.994466 ] } { [ 5.143762 ] } { [ 25.817588 ] } { [ -23.606604 ] } { [ 42.091639 ] } { [ 29.411364 ] } { [ 60.972096 ] } { [ 49.513339 ] }
despues de filtrar: { [ -24.340211 ][ 49.758806 ][ -13.952873 ] } { [ -19.400693 ][ 1.719948 ][ 22.417679 ] } { [ 12.060836 ] } { [ -9.409846 ] } { [ -22.337703 ][ -16.734697 ] } { [ 5.143762 ] } { [ -23.606604 ] } { [ 42.091639 ] } { [ 29.411364 ] }
antes   de filtrar: { [ -24.340211 ][ 49.758806 ][ -13.952873 ] } { [ -19.400693 ][ 1.719948 ][ 22.417679 ] } { [ 12.060836 ] } { [ -9.409846 ] } { [ -22.337703 ][ -16.734697 ] } { [ 5.143762 ] } { [ -23.606604 ] } { [ 42.091639 ] } { [ 29.411364 ] }
despues de filtrar: { [ -24.340211 ][ 49.758806 ][ -13.952873 ] } { [ -19.400693 ][ 1.719948 ][ 22.417679 ] } { [ 12.060836 ] } { [ -9.409846 ] } { [ -22.337703 ][ -16.734697 ] } { [ 5.143762 ] } { [ -23.606604 ] } { [ 42.091639 ] } { [ 29.411364 ] }
antes   de filtrar: { [ -24.340211 ][ 49.758806 ][ -13.952873 ] } { [ -19.400693 ][ 1.719948 ][ 22.417679 ] } { [ 12.060836 ] } { [ -9.409846 ] } { [ -22.337703 ][ -16.734697 ] } { [ 5.143762 ] } { [ -23.606604 ] } { [ 42.091639 ] } { [ 29.411364 ] } { [ 68.265896 ] }
despues de filtrar: { [ -24.340211 ][ 49.758806 ][ -13.952873 ] } { [ -19.400693 ][ 1.719948 ][ 22.417679 ] } { [ 12.060836 ] } { [ -9.409846 ] } { [ -22.337703 ][ -16.734697 ] } { [ 5.143762 ] } { [ -23.606604 ] } { [ 42.091639 ] } { [ 29.411364 ] } { [ 68.265896 ] }
antes   de filtrar: { [ -24.340211 ][ 49.758806 ][ -13.952873 ] } { [ -19.400693 ][ 1.719948 ][ 22.417679 ] } { [ 12.060836 ] } { [ -9.409846 ] } { [ -22.337703 ][ -16.734697 ] } { [ 5.143762 ] } { [ -23.606604 ] } { [ 42.091639 ] } { [ 29.411364 ] } { [ 68.265896 ] }
despues de filtrar: { [ -24.340211 ][ 49.758806 ][ -13.952873 ] } { [ -19.400693 ][ 1.719948 ][ 22.417679 ] } { [ 12.060836 ] } { [ -9.409846 ] } { [ -22.337703 ][ -16.734697 ] } { [ 5.143762 ] } { [ -23.606604 ] } { [ 42.091639 ] } { [ 29.411364 ] } { [ 68.265896 ] }
antes   de colapsar { [ -24.340211 ][ 49.758806 ][ -13.952873 ] } { [ -19.400693 ][ 1.719948 ][ 22.417679 ][ 52.013483 ] } { [ 12.060836 ] } { [ -9.409846 ] } { [ -22.337703 ][ -16.734697 ] } { [ 5.143762 ] } { [ -23.606604 ] } { [ 42.091639 ] } { [ 29.411364 ] } { [ 68.265896 ] } { [ 24.017538 ] } { [ 30.468561 ] } { [ 29.704041 ] }
despues de colapsar { [ -24.340211 ][ 49.758806 ][ -13.952873 ] } { [ -19.400693 ][ 1.719948 ][ 22.417679 ][ 52.013483 ] } { [ 12.060836 ] } { [ -9.409846 ] } { [ -22.337703 ][ -16.734697 ] } { [ 5.143762 ] } { [ -23.606604 ] } { [ 42.091639 ] } { [ 29.411364 ] } { [ 68.265896 ] } { [ 24.017538 ] } { [ 30.468561 ] } { [ 29.704041 ] }
antes   de colapsar { [ -24.340211 ][ 49.758806 ][ -13.952873 ][ 57.971863 ] } { [ -19.400693 ][ 1.719948 ][ 22.417679 ][ 52.013483 ] } { [ 12.060836 ] } { [ -9.409846 ] } { [ -22.337703 ][ -16.734697 ] } { [ 5.143762 ] } { [ -23.606604 ] } { [ 42.091639 ][ -17.489006 ] } { [ 29.411364 ] } { [ 68.265896 ] } { [ 24.017538 ] } { [ 30.468561 ] } { [ 29.704041 ] } { [ 46.119548 ] }
despues de colapsar { [ -24.340211 ][ 49.758806 ][ -13.952873 ][ 57.971863 ] } { [ -19.400693 ][ 1.719948 ][ 22.417679 ][ 52.013483 ] } { [ 12.060836 ] } { [ -9.409846 ] } { [ -22.337703 ][ -16.734697 ] } { [ 5.143762 ] } { [ -23.606604 ] } { [ 42.091639 ][ -17.489006 ] } { [ 29.411364 ] } { [ 68.265896 ] } { [ 24.017538 ] } { [ 30.468561 ] } { [ 29.704041 ] } { [ 46.119548 ] }
antes   de filtrar: { [ -24.340211 ][ 49.758806 ][ -13.952873 ][ 57.971863 ] } { [ -19.400693 ][ 1.719948 ][ 22.417679 ][ 52.013483 ] } { [ 12.060836 ] } { [ -9.409846 ] } { [ -22.337703 ][ -16.734697 ] } { [ 5.143762 ] } { [ -23.606604 ] } { [ 42.091639 ][ -17.489006 ] } { [ 29.411364 ] } { [ 68.265896 ] } { [ 24.017538 ] } { [ 30.468561 ] } { [ 29.704041 ] } { [ 46.119548 ] } { [ -16.037198 ] } { [ 4.335208 ] }
despues de filtrar: { [ -24.340211 ][ 49.758806 ][ -13.952873 ][ 57.971863 ] } { [ -19.400693 ][ 1.719948 ][ 22.417679 ][ 52.013483 ] } { [ 12.060836 ] } { [ -9.409846 ] } { [ -22.337703 ][ -16.734697 ] } { [ 5.143762 ] } { [ -23.606604 ] } { [ 42.091639 ][ -17.489006 ] } { [ 29.411364 ] } { [ 68.265896 ] } { [ 24.017538 ] } { [ 30.468561 ] } { [ 46.119548 ] } { [ -16.037198 ] } { [ 4.335208 ] }
