antes   de filtrar: { [ -15.360261 ] }
despues de filtrar: { [ -15.360261 ] }
antes   de colapsar { [ -15.360261 ][ 12.623306 ] } { [ 59.795315 ] } { [ 30.015261 ] } { [ 42.081923 ] } { [ 26.826125 ] } { [ 26.784852 ] } { [ 28.328422 ] } { [ 11.689692 ] } { [ 1.643833 ] }
despues de colapsar { [ -15.360261 ][ 12.623306 ] } { [ 59.795315 ] } { [ 30.015261 ] } { [ 42.081923 ] } { [ 26.826125 ] } { [ 26.784852 ] } { [ 28.328422 ] } { [ 11.689692 ] } { [ 1.643833 ] }
antes   de filtrar: { [ -15.360261 ][ 12.623306 ] } { [ 59.795315 ] } { [ 30.015261 ] } { [ 42.081923 ] } { [ 26.826125 ] } { [ 26.784852 ] } { [ 28.328422 ] } { [ 11.689692 ] } { [ 1.643833 ] }
despues de filtrar: { [ -15.360261 ][ 12.623306 ] } { [ 30.015261 ] } { [ 42.081923 ] } { [ 28.328422 ] }
antes   de colapsar { [ -15.360261 ][ 12.623306 ] } { [ 30.015261 ] } { [ 42.081923 ] } { [ 28.328422 ] } { [ 64.865382 ] } { [ 58.989405 ] }
despues de colapsar { [ -15.360261 ][ 12.623306 ] } { [ 30.015261 ] } { [ 42.081923 ] } { [ 28.328422 ] } { [ 64.865382 ] } { [ 58.989405 ] }
antes   de filtrar: { [ -15.360261 ][ 12.623306 ] } { [ 30.015261 ] } { [ 42.081923 ] } { [ 28.328422 ] } { [ 64.865382 ] } { [ 58.989405 ] }
despues de filtrar: { [ -15.360261 ][ 12.623306 ] } { [ 30.015261 ] } { [ 42.081923 ] } { [ 28.328422 ] }
antes   de colapsar { [ -15.360261 ][ 12.623306 ] } { [ 30.015261 ] } { [ 42.081923 ] } { [ 28.328422 ][ 70.460416 ] } { [ 51.278720 ] } { [ 8.910107 ] }
despues de colapsar { [ -15.360261 ][ 12.623306 ] } { [ 30.015261 ] } { [ 42.081923 ] } { [ 28.328422 ][ 70.460416 ] } { [ 51.278720 ] } { [ 8.910107 ] }
antes   de filtrar: { [ -15.360261 ][ 12.623306 ][ 66.949378 ][ 49.953806 ] } { [ 30.015261 ][ -23.004692 ][ 39.919776 ] } { [ 42.081923 ] } { [ 28.328422 ][ 70.460416 ] } { [ 51.278720 ] } { [ 8.910107 ] } { [ 67.660945 ] } { [ 55.410221 ] } { [ 32.861229 ][ 62.474293 ][ -18.525213 ] } { [ -0.547878 ] } { [ 7.266733 ] } { [ 19.220522 ] } { [ 29.560369 ] }
despues de filtrar: { [ -15.360261 ][ 12.623306 ][ 66.949378 ][ 49.953806 ] } { [ 30.015261 ][ -23.004692 ][ 39.919776 ] } { [ 42.081923 ] } { [ 28.328422 ][ 70.460416 ] } { [ 51.278720 ] } { [ 55.410221 ] } { [ -0.547878 ] } { [ 7.266733 ] } { [ 19.220522 ] }
antes   de filtrar: { [ -15.360261 ][ 12.623306 ][ 66.949378 ][ 49.953806 ] } { [ 30.015261 ][ -23.004692 ][ 39.919776 ] } { [ 42.081923 ] } { [ 28.328422 ][ 70.460416 ] } { [ 51.278720 ][ -22.254494 ] } { [ 55.410221 ] } { [ -0.547878 ] } { [ 7.266733 ] } { [ 19.220522 ] } { [ 42.514903 ] }
despues de filtrar: { [ -15.360261 ][ 12.623306 ][ 66.949378 ][ 49.953806 ] } { [ 30.015261 ][ -23.004692 ][ 39.919776 ] } { [ 42.081923 ] } { [ 28.328422 ][ 70.460416 ] } { [ 51.278720 ][ -22.254494 ] } { [ 55.410221 ] } { [ -0.547878 ] } { [ 7.266733 ] } { [ 19.220522 ] }
antes   de colapsar { [ -15.360261 ][ 12.623306 ][ 66.949378 ][ 49.953806 ] } { [ 30.015261 ][ -23.004692 ][ 39.919776 ] } { [ 42.081923 ] } { [ 28.328422 ][ 70.460416 ] } { [ 51.278720 ][ -22.254494 ] } { [ 55.410221 ] } { [ -0.547878 ][ -14.643267 ][ 2.004155 ] } { [ 7.266733 ] } { [ 19.220522 ] } { [ 32.461424 ] } { [ 33.416489 ] } { [ 69.542216 ] } { [ 25.374515 ] } { [ 36.042443 ] } { [ -11.940924 ] } { [ 46.299999 ] } { [ 21.717034 ] } { [ -19.975053 ] }
despues de colapsar { [ -15.360261 ][ 12.623306 ][ 66.949378 ][ 49.953806 ] } { [ 30.015261 ][ -23.004692 ][ 39.919776 ] } { [ 42.081923 ] } { [ 28.328422 ][ 70.460416 ] } { [ 51.278720 ][ -22.254494 ] } { [ 55.410221 ] } { [ -0.547878 ][ -14.643267 ][ 2.004155 ] } { [ 7.266733 ] } { [ 19.220522 ] } { [ 32.461424 ] } { [ 33.416489 ] } { [ 69.542216 ] } { [ 25.374515 ] } { [ 36.042443 ] } { [ -11.940924 ] } { [ 46.299999 ] } { [ 21.717034 ] } { [ -19.975053 ] }
antes   de colapsar { [ -15.360261 ][ 12.623306 ][ 66.949378 ][ 49.953806 ] } { [ 30.015261 ][ -23.004692 ][ 39.919776 ] } { [ 42.081923 ] } { [ 28.328422 ][ 70.460416 ] } { [ 51.278720 ][ -22.254494 ] } { [ 55.410221 ] } { [ -0.547878 ][ -14.643267 ][ 2.004155 ] } { [ 7.266733 ] } { [ 19.220522 ] } { [ 32.461424 ] } { [ 33.416489 ] } { [ 69.542216 ] } { [ 25.374515 ] } { [ 36.042443 ] } { [ -11.940924 ] } { [ 46.299999 ] } { [ 21.717034 ] } { [ -19.975053 ] } { [ -1.153095 ] } { [ -16.022805 ] } { [ 40.290095 ] } { [ 11.821126 ][ -14.618571 ] }
despues de colapsar { [ -15.360261 ][ 12.623306 ][ 66.949378 ][ 49.953806 ] } { [ 30.015261 ][ -23.004692 ][ 39.919776 ] } { [ 42.081923 ] } { [ 28.328422 ][ 70.460416 ] } { [ 51.278720 ][ -22.254494 ] } { [ 55.410221 ] } { [ -0.547878 ][ -14.643267 ][ 2.004155 ] } { [ 7.266733 ] } { [ 19.220522 ] } { [ 32.461424 ] } { [ 33.416489 ] } { [ 69.542216 ] } { [ 25.374515 ] } { [ 36.042443 ] } { [ -11.940924 ] } { [ 46.299999 ] } { [ 21.717034 ] } { [ -19.975053 ] } { [ -1.153095 ] } { [ -16.022805 ] } { [ 40.290095 ] } { [ -nan ] }
antes   de filtrar: { [ 6940 ] } { [ 7894 ] } { [ 4729 ] } { [ 2633 ] }
despues de filtrar: { [ 7894 ] } { [ 4729 ] } { [ 2633 ] }
antes   de filtrar: { [ 7894 ] } { [ 4729 ] } { [ 2633 ] }
despues de filtrar: { [ 7894 ] } { [ 4729 ] } { [ 2633 ] }
antes   de colapsar { [ 7894 ][ 3694 ] } { [ 4729 ] } { [ 2633 ] } { [ 9469 ] } { [ 5817 ] }
despues de colapsar { [ 7894 ][ 3694 ] } { [ 4729 ] } { [ 2633 ] } { [ 9469 ] } { [ 5817 ] }
antes   de colapsar { [ 7894 ][ 3694 ] } { [ 4729 ] } { [ 2633 ] } { [ 9469 ] } { [ 5817 ] }
despues de colapsar { [ 7894 ][ 3694 ] } { [ 4729 ] } { [ 2633 ] } { [ 9469 ] } { [ 5817 ] }
antes   de filtrar: { [ 7894 ][ 3694 ] } { [ 4729 ] } { [ 2633 ] } { [ 9469 ][ 2005 ] } { [ 5817 ][ 5926 ] } { [ 5125 ] } { [ 9665 ] } { [ 9256 ] }
despues de filtrar: { [ 7894 ][ 3694 ] } { [ 4729 ] } { [ 2633 ] } { [ 9469 ][ 2005 ] } { [ 5817 ][ 5926 ] } { [ 5125 ] } { [ 9665 ] } { [ 9256 ] }
antes   de colapsar { [ 7894 ][ 3694 ][ 9105 ] } { [ 4729 ] } { [ 2633 ] } { [ 9469 ][ 2005 ] } { [ 5817 ][ 5926 ] } { [ 5125 ] } { [ 9665 ] } { [ 9256 ] } { [ 8666 ] } { [ 5010 ] } { [ 8283 ] } { [ 8415 ] } { [ 1786 ][ 6418 ] } { [ 6449 ] } { [ 7542 ] } { [ 8021 ] } { [ 812 ] }
despues de colapsar { [ 7894 ][ 3694 ][ 9105 ] } { [ 4729 ] } { [ 2633 ] } { [ 9469 ][ 2005 ] } { [ 5817 ][ 5926 ] } { [ 5125 ] } { [ 9665 ] } { [ 9256 ] } { [ 8666 ] } { [ 5010 ] } { [ 8283 ] } { [ 8415 ] } { [ 1786 ][ 6418 ] } { [ 6449 ] } { [ 7542 ] } { [ 8021 ] } { [ 812 ] }
antes   de colapsar { [ 7894 ][ 3694 ][ 9105 ][ 3883 ] } { [ 4729 ] } { [ 2633 ] } { [ 9469 ][ 2005 ] } { [ 5817 ][ 5926 ] } { [ 5125 ] } { [ 9665 ] } { [ 9256 ] } { [ 8666 ] } { [ 5010 ] } { [ 8283 ] } { [ 8415 ] } { [ 1786 ][ 6418 ][ 6463 ][ 1371 ] } { [ 6449 ] } { [ 7542 ] } { [ 8021 ] } { [ 812 ] } { [ 9422 ] } { [ 6385 ] }
despues de colapsar { [ 7894 ][ 3694 ][ 9105 ][ 3883 ] } { [ 4729 ] } { [ 2633 ] } { [ 9469 ][ 2005 ] } { [ 5817 ][ 5926 ] } { [ 5125 ] } { [ 9665 ] } { [ 9256 ] } { [ 8666 ] } { [ 5010 ] } { [ 8283 ] } { [ 8415 ] } { [ 1786 ][ 6418 ][ 6463 ][ 1371 ] } { [ 6449 ] } { [ 7542 ] } { [ 8021 ] } { [ 812 ] } { [ 9422 ] } { [ 6385 ] }
antes   de filtrar: { [ 7894 ][ 3694 ][ 9105 ][ 3883 ] } { [ 4729 ] } { [ 2633 ] } { [ 9469 ][ 2005 ] } { [ 5817 ][ 5926 ] } { [ 5125 ] } { [ 9665 ] } { [ 9256 ] } { [ 8666 ] } { [ 5010 ] } { [ 8283 ] } { [ 8415 ] } { [ 1786 ][ 6418 ][ 6463 ][ 1371 ] } { [ 6449 ][ 7697 ] } { [ 7542 ] } { [ 8021 ] } { [ 812 ] } { [ 9422 ] } { [ 6385 ] }
despues de filtrar: { [ 7894 ][ 3694 ][ 9105 ][ 3883 ] } { [ 4729 ] } { [ 2633 ] } { [ 9469 ][ 2005 ] } { [ 5817 ][ 5926 ] } { [ 5125 ] } { [ 9665 ] } { [ 9256 ] } { [ 8666 ] } { [ 8283 ] } { [ 8415 ] } { [ 1786 ][ 6418 ][ 6463 ][ 1371 ] } { [ 6449 ][ 7697 ] } { [ 7542 ] } { [ 812 ] } { [ 9422 ] } { [ 6385 ] }
antes   de filtrar: { [ 7894 ][ 3694 ][ 9105 ][ 3883 ] } { [ 4729 ] } { [ 2633 ] } { [ 9469 ][ 2005 ] } { [ 5817 ][ 5926 ] } { [ 5125 ] } { [ 9665 ] } { [ 9256 ] } { [ 8666 ] } { [ 8283 ] } { [ 8415 ] } { [ 1786 ][ 6418 ][ 6463 ][ 1371 ] } { [ 6449 ][ 7697 ] } { [ 7542 ] } { [ 812 ] } { [ 9422 ] } { [ 6385 ] }
despues de filtrar: { [ 7894 ][ 3694 ][ 9105 ][ 3883 ] } { [ 4729 ] } { [ 2633 ] } { [ 9469 ][ 2005 ] } { [ 5817 ][ 5926 ] } { [ 5125 ] } { [ 9665 ] } { [ 9256 ] } { [ 8666 ] } { [ 8283 ] } { [ 8415 ] } { [ 1786 ][ 6418 ][ 6463 ][ 1371 ] } { [ 6449 ][ 7697 ] } { [ 7542 ] } { [ 812 ] } { [ 9422 ] } { [ 6385 ] }
antes   de colapsar { [ 7894 ][ 3694 ][ 9105 ][ 3883 ] } { [ 4729 ] } { [ 2633 ] } { [ 9469 ][ 2005 ][ 7756 ] } { [ 5817 ][ 5926 ] } { [ 5125 ][ 2400 ] } { [ 9665 ] } { [ 9256 ] } { [ 8666 ] } { [ 8283 ] } { [ 8415 ] } { [ 1786 ][ 6418 ][ 6463 ][ 1371 ] } { [ 6449 ][ 7697 ] } { [ 7542 ] } { [ 812 ] } { [ 9422 ] } { [ 6385 ] } { [ 8970 ] } { [ 5119 ] } { [ 3953 ] } { [ 7583 ] }
despues de colapsar { [ 7894 ][ 3694 ][ 9105 ][ 3883 ] } { [ 4729 ] } { [ 2633 ] } { [ 9469 ][ 2005 ][ 7756 ] } { [ 5817 ][ 5926 ] } { [ 5125 ][ 2400 ] } { [ 9665 ] } { [ 9256 ] } { [ 8666 ] } { [ 8283 ] } { [ 8415 ] } { [ 1786 ][ 6418 ][ 6463 ][ 1371 ] } { [ 6449 ][ 7697 ] } { [ 7542 ] } { [ 812 ] } { [ 9422 ] } { [ 6385 ] } { [ 8970 ] } { [ 5119 ] } { [ 3953 ] } { [ 7583 ] }
antes   de filtrar: { [ 1267 ] } { [ 8386 ][ 4531 ] } { [ 5322 ] }
despues de filtrar: { [ 1267 ] } { [ 8386 ][ 4531 ] } { [ 5322 ] }
antes   de colapsar { [ 1267 ][ 5831 ] } { [ 8386 ][ 4531 ] } { [ 5322 ] } { [ 359 ] }
despues de colapsar { [ 1267 ][ 5831 ] } { [ 8386 ][ 4531 ] } { [ 5322 ] } { [ 359 ] }
antes   de colapsar { [ 1267 ][ 5831 ] } { [ 8386 ][ 4531 ][ 2469 ] } { [ 5322 ] } { [ 359 ] } { [ 2469 ] } { [ 2847 ] } { [ 3438 ] }
despues de colapsar { [ 1267 ][ 5831 ] } { [ 8386 ][ 4531 ][ 2469 ] } { [ 5322 ] } { [ 359 ] } { [ 2469 ] } { [ 2847 ] } { [ 3438 ] }
antes   de colapsar { [ 1267 ][ 5831 ] } { [ 8386 ][ 4531 ][ 2469 ] } { [ 5322 ] } { [ 359 ] } { [ 2469 ] } { [ 2847 ] } { [ 3438 ] }
despues de colapsar { [ 1267 ][ 5831 ] } { [ 8386 ][ 4531 ][ 2469 ] } { [ 5322 ] } { [ 359 ] } { [ 2469 ] } { [ 2847 ] } { [ 3438 ] }
antes   de filtrar: { [ 1267 ][ 5831 ] } { [ 8386 ][ 4531 ][ 2469 ][ 5676 ] } { [ 5322 ][ 7278 ] } { [ 359 ][ 7788 ] } { [ 2469 ][ 9577 ] } { [ 2847 ] } { [ 3438 ] } { [ 9343 ] } { [ 5057 ] } { [ 6631 ] } { [ 4991 ] } { [ 8999 ] } { [ 968 ] } { [ 3007 ] } { [ 1672 ] }
despues de filtrar: { [ 1267 ][ 5831 ] } { [ 8386 ][ 4531 ][ 2469 ][ 5676 ] } { [ 5322 ][ 7278 ] } { [ 359 ][ 7788 ] } { [ 2469 ][ 9577 ] } { [ 2847 ] } { [ 3438 ] } { [ 9343 ] } { [ 6631 ] } { [ 4991 ] } { [ 8999 ] } { [ 968 ] } { [ 1672 ] }
antes   de filtrar: { [ 1267 ][ 5831 ] } { [ 8386 ][ 4531 ][ 2469 ][ 5676 ] } { [ 5322 ][ 7278 ] } { [ 359 ][ 7788 ] } { [ 2469 ][ 9577 ] } { [ 2847 ] } { [ 3438 ] } { [ 9343 ] } { [ 6631 ] } { [ 4991 ] } { [ 8999 ] } { [ 968 ] } { [ 1672 ] } { [ 705 ] }
despues de filtrar: { [ 1267 ][ 5831 ] } { [ 8386 ][ 4531 ][ 2469 ][ 5676 ] } { [ 5322 ][ 7278 ] } { [ 359 ][ 7788 ] } { [ 2469 ][ 9577 ] } { [ 2847 ] } { [ 3438 ] } { [ 9343 ] } { [ 6631 ] } { [ 4991 ] } { [ 8999 ] } { [ 968 ] } { [ 1672 ] }
antes   de colapsar { [ 1267 ][ 5831 ] } { [ 8386 ][ 4531 ][ 2469 ][ 5676 ] } { [ 5322 ][ 7278 ] } { [ 359 ][ 7788 ] } { [ 2469 ][ 9577 ][ 6425 ] } { [ 2847 ] } { [ 3438 ] } { [ 9343 ][ 5309 ] } { [ 6631 ] } { [ 4991 ] } { [ 8999 ] } { [ 968 ] } { [ 1672 ] } { [ 3084 ] }
despues de colapsar { [ 1267 ][ 5831 ] } { [ 8386 ][ 4531 ][ 2469 ][ 5676 ] } { [ 5322 ][ 7278 ] } { [ 359 ][ 7788 ] } { [ 2469 ][ 9577 ][ 6425 ] } { [ 2847 ] } { [ 3438 ] } { [ 9343 ][ 5309 ] } { [ 6631 ] } { [ 4991 ] } { [ 8999 ] } { [ 968 ] } { [ 1672 ] } { [ 3084 ] }
antes   de filtrar: { [ 1267 ][ 5831 ] } { [ 8386 ][ 4531 ][ 2469 ][ 5676 ] } { [ 5322 ][ 7278 ] } { [ 359 ][ 7788 ] } { [ 2469 ][ 9577 ][ 6425 ] } { [ 2847 ][ 6406 ] } { [ 3438 ][ 5625 ] } { [ 9343 ][ 5309 ] } { [ 6631 ] } { [ 4991 ] } { [ 8999 ][ 3707 ] } { [ 968 ] } { [ 1672 ] } { [ 3084 ] } { [ 100 ] } { [ 5571 ] } { [ 5947 ] } { [ 6147 ] } { [ 1852 ] } { [ 9328 ] }
despues de filtrar: { [ 1267 ][ 5831 ] } { [ 8386 ][ 4531 ][ 2469 ][ 5676 ] } { [ 5322 ][ 7278 ] } { [ 359 ][ 7788 ] } { [ 2469 ][ 9577 ][ 6425 ] } { [ 2847 ][ 6406 ] } { [ 3438 ][ 5625 ] } { [ 9343 ][ 5309 ] } { [ 6631 ] } { [ 4991 ] } { [ 8999 ][ 3707 ] } { [ 968 ] } { [ 1672 ] } { [ 5571 ] } { [ 5947 ] } { [ 6147 ] } { [ 1852 ] } { [ 9328 ] }
antes   de filtrar: { [ 1267 ][ 5831 ] } { [ 8386 ][ 4531 ][ 2469 ][ 5676 ] } { [ 5322 ][ 7278 ] } { [ 359 ][ 7788 ] } { [ 2469 ][ 9577 ][ 6425 ] } { [ 2847 ][ 6406 ] } { [ 3438 ][ 5625 ][ 8904 ] } { [ 9343 ][ 5309 ] } { [ 6631 ] } { [ 4991 ] } { [ 8999 ][ 3707 ] } { [ 968 ] } { [ 1672 ] } { [ 5571 ][ 3014 ] } { [ 5947 ] } { [ 6147 ] } { [ 1852 ] } { [ 9328 ] } { [ 9870 ] } { [ 1300 ] } { [ 4059 ] } { [ 5061 ] } { [ 1100 ] }
despues de filtrar: { [ 1267 ][ 5831 ] } { [ 8386 ][ 4531 ][ 2469 ][ 5676 ] } { [ 5322 ][ 7278 ] } { [ 359 ][ 7788 ] } { [ 2469 ][ 9577 ][ 6425 ] } { [ 2847 ][ 6406 ] } { [ 3438 ][ 5625 ][ 8904 ] } { [ 9343 ][ 5309 ] } { [ 6631 ] } { [ 4991 ] } { [ 8999 ][ 3707 ] } { [ 968 ] } { [ 1672 ] } { [ 5571 ][ 3014 ] } { [ 5947 ] } { [ 6147 ] } { [ 1852 ] } { [ 9328 ] }
antes   de colapsar { [ 1267 ][ 5831 ] } { [ 8386 ][ 4531 ][ 2469 ][ 5676 ] } { [ 5322 ][ 7278 ] } { [ 359 ][ 7788 ] } { [ 2469 ][ 9577 ][ 6425 ] } { [ 2847 ][ 6406 ] } { [ 3438 ][ 5625 ][ 8904 ] } { [ 9343 ][ 5309 ] } { [ 6631 ] } { [ 4991 ] } { [ 8999 ][ 3707 ] } { [ 968 ] } { [ 1672 ][ 1805 ] } { [ 5571 ][ 3014 ] } { [ 5947 ] } { [ 6147 ] } { [ 1852 ] } { [ 9328 ] } { [ 7734 ] } { [ 5299 ] } { [ 1649 ] } { [ 4260 ] } { [ 1672 ] } { [ 3744 ] } { [ 9789 ] }
despues de colapsar { [ 1267 ][ 5831 ] } { [ 8386 ][ 4531 ][ 2469 ][ 5676 ] } { [ 5322 ][ 7278 ] } { [ 359 ][ 7788 ] } { [ 2469 ][ 9577 ][ 6425 ] } { [ 2847 ][ 6406 ] } { [ 3438 ][ 5625 ][ 8904 ] } { [ 9343 ][ 5309 ] } { [ 6631 ] } { [ 4991 ] } { [ 8999 ][ 3707 ] } { [ 968 ] } { [ 1672 ][ 1805 ] } { [ 5571 ][ 3014 ] } { [ 5947 ] } { [ 6147 ] } { [ 1852 ] } { [ 9328 ] } { [ 7734 ] } { [ 5299 ] } { [ 1649 ] } { [ 4260 ] } { [ 1672 ] } { [ 3744 ] } { [ 9789 ] }
antes   de filtrar: { [ 4226 ][ 2406 ] } { [ 7605 ] } { [ 2496 ] } { [ 3362 ] }
despues de filtrar: { [ 4226 ][ 2406 ] } { [ 2496 ] } { [ 3362 ] }
antes   de filtrar: { [ 4226 ][ 2406 ] } { [ 2496 ] } { [ 3362 ] } { [ 8952 ] }
despues de filtrar: { [ 4226 ][ 2406 ] } { [ 2496 ] } { [ 3362 ] } { [ 8952 ] }
antes   de colapsar { [ 4226 ][ 2406 ] } { [ 2496 ] } { [ 3362 ] } { [ 8952 ] } { [ 705 ] }
despues de colapsar { [ 4226 ][ 2406 ] } { [ 2496 ] } { [ 3362 ] } { [ 8952 ] } { [ 705 ] }
antes   de filtrar: { [ 4226 ][ 2406 ] } { [ 2496 ] } { [ 3362 ] } { [ 8952 ] } { [ 705 ] } { [ 6000 ] } { [ 9326 ] } { [ 6310 ] } { [ 4409 ] } { [ 7775 ] } { [ 8054 ] } { [ 1782 ] }
despues de filtrar: { [ 4226 ][ 2406 ] } { [ 2496 ] } { [ 3362 ] } { [ 8952 ] } { [ 9326 ] } { [ 7775 ] } { [ 1782 ] }
antes   de filtrar: { [ 4226 ][ 2406 ] } { [ 2496 ] } { [ 3362 ] } { [ 8952 ] } { [ 9326 ] } { [ 7775 ] } { [ 1782 ] } { [ 4530 ] }
despues de filtrar: { [ 4226 ][ 2406 ] } { [ 2496 ] } { [ 3362 ] } { [ 8952 ] } { [ 9326 ] } { [ 7775 ] } { [ 1782 ] }
antes   de filtrar: { [ 4226 ][ 2406 ] } { [ 2496 ][ 3239 ] } { [ 3362 ] } { [ 8952 ] } { [ 9326 ][ 8607 ] } { [ 7775 ] } { [ 1782 ] } { [ 2472 ] } { [ 3899 ] }
despues de filtrar: { [ 4226 ][ 2406 ] } { [ 2496 ][ 3239 ] } { [ 3362 ] } { [ 8952 ] } { [ 9326 ][ 8607 ] } { [ 7775 ] } { [ 1782 ] } { [ 2472 ] } { [ 3899 ] }
antes   de colapsar { [ 4226 ][ 2406 ] } { [ 2496 ][ 3239 ] } { [ 3362 ] } { [ 8952 ] } { [ 9326 ][ 8607 ] } { [ 7775 ] } { [ 1782 ] } { [ 2472 ] } { [ 3899 ] }
despues de colapsar { [ 4226 ][ 2406 ] } { [ 2496 ][ 3239 ] } { [ 3362 ] } { [ 8952 ] } { [ 9326 ][ 8607 ] } { [ 7775 ] } { [ 1782 ] } { [ 2472 ] } { [ 3899 ] }
antes   de colapsar { [ 4226 ][ 2406 ] } { [ 2496 ][ 3239 ] } { [ 3362 ] } { [ 8952 ] } { [ 9326 ][ 8607 ] } { [ 7775 ][ 9355 ] } { [ 1782 ] } { [ 2472 ][ 9647 ] } { [ 3899 ] } { [ 6384 ] } { [ 9633 ] } { [ 9295 ] }
despues de colapsar { [ 4226 ][ 2406 ] } { [ 2496 ][ 3239 ] } { [ 3362 ] } { [ 8952 ] } { [ 9326 ][ 8607 ] } { [ 7775 ][ 9355 ] } { [ 1782 ] } { [ 2472 ][ 9647 ] } { [ 3899 ] } { [ 6384 ] } { [ 9633 ] } { [ 9295 ] }
antes   de colapsar { [ 4226 ][ 2406 ] } { [ 2496 ][ 3239 ] } { [ 3362 ] } { [ 8952 ] } { [ 9326 ][ 8607 ] } { [ 7775 ][ 9355 ] } { [ 1782 ] } { [ 2472 ][ 9647 ][ 4388 ] } { [ 3899 ] } { [ 6384 ] } { [ 9633 ] } { [ 9295 ][ 4778 ][ 9717 ] } { [ 2766 ] } { [ 8010 ] } { [ 1235 ] } { [ 8463 ] } { [ 1614 ] } { [ 9015 ] } { [ 1924 ] } { [ 8618 ] }
despues de colapsar { [ 4226 ][ 2406 ] } { [ 2496 ][ 3239 ] } { [ 3362 ] } { [ 8952 ] } { [ 9326 ][ 8607 ] } { [ 7775 ][ 9355 ] } { [ 1782 ] } { [ 2472 ][ 9647 ][ 4388 ] } { [ 3899 ] } { [ 6384 ] } { [ 9633 ] } { [ 9295 ][ 4778 ][ 9717 ] } { [ 2766 ] } { [ 8010 ] } { [ 1235 ] } { [ 8463 ] } { [ 1614 ] } { [ 9015 ] } { [ 1924 ] } { [ 8618 ] }
antes   de colapsar { [ 4226 ][ 2406 ] } { [ 2496 ][ 3239 ] } { [ 3362 ] } { [ 8952 ] } { [ 9326 ][ 8607 ] } { [ 7775 ][ 9355 ] } { [ 1782 ] } { [ 2472 ][ 9647 ][ 4388 ] } { [ 3899 ] } { [ 6384 ] } { [ 9633 ] } { [ 9295 ][ 4778 ][ 9717 ] } { [ 2766 ] } { [ 8010 ] } { [ 1235 ] } { [ 8463 ] } { [ 1614 ][ 3162 ] } { [ 9015 ] } { [ 1924 ] } { [ 8618 ] }
despues de colapsar { [ 4226 ][ 2406 ] } { [ 2496 ][ 3239 ] } { [ 3362 ] } { [ 8952 ] } { [ 9326 ][ 8607 ] } { [ 7775 ][ 9355 ] } { [ 1782 ] } { [ 2472 ][ 9647 ][ 4388 ] } { [ 3899 ] } { [ 6384 ] } { [ 9633 ] } { [ 9295 ][ 4778 ][ 9717 ] } { [ 2766 ] } { [ 8010 ] } { [ 1235 ] } { [ 8463 ] } { [ 1614 ][ 3162 ] } { [ 9015 ] } { [ 1924 ] } { [ 8618 ] }
antes   de colapsar { [ 8775 ] }
despues de colapsar { [ 8775 ] }
antes   de filtrar: { [ 8775 ][ 859 ] } { [ 1147 ] }
despues de filtrar: { [ 8775 ][ 859 ] } { [ 1147 ] }
antes   de filtrar: { [ 8775 ][ 859 ] } { [ 1147 ][ 5000 ] } { [ 4001 ] } { [ 4166 ] }
despues de filtrar: { [ 8775 ][ 859 ] } { [ 1147 ][ 5000 ] } { [ 4166 ] }
antes   de colapsar { [ 8775 ][ 859 ] } { [ 1147 ][ 5000 ] } { [ 4166 ] } { [ 7463 ][ 6424 ] } { [ 7899 ] } { [ 6103 ] } { [ 5322 ] } { [ 8910 ] } { [ 8086 ] } { [ 7172 ] } { [ 7847 ] }
despues de colapsar { [ 8775 ][ 859 ] } { [ 1147 ][ 5000 ] } { [ 4166 ] } { [ 7463 ][ 6424 ] } { [ 7899 ] } { [ 6103 ] } { [ 5322 ] } { [ 8910 ] } { [ 8086 ] } { [ 7172 ] } { [ 7847 ] }
antes   de colapsar { [ 8775 ][ 859 ] } { [ 1147 ][ 5000 ] } { [ 4166 ] } { [ 7463 ][ 6424 ] } { [ 7899 ] } { [ 6103 ] } { [ 5322 ] } { [ 8910 ] } { [ 8086 ] } { [ 7172 ] } { [ 7847 ] } { [ 1741 ] }
despues de colapsar { [ 8775 ][ 859 ] } { [ 1147 ][ 5000 ] } { [ 4166 ] } { [ 7463 ][ 6424 ] } { [ 7899 ] } { [ 6103 ] } { [ 5322 ] } { [ 8910 ] } { [ 8086 ] } { [ 7172 ] } { [ 7847 ] } { [ 1741 ] }
antes   de filtrar: { [ 8775 ][ 859 ] } { [ 1147 ][ 5000 ] } { [ 4166 ] } { [ 7463 ][ 6424 ] } { [ 7899 ] } { [ 6103 ] } { [ 5322 ] } { [ 8910 ] } { [ 8086 ] } { [ 7172 ] } { [ 7847 ] } { [ 1741 ] }
despues de filtrar: { [ 8775 ][ 859 ] } { [ 1147 ][ 5000 ] } { [ 4166 ] } { [ 7463 ][ 6424 ] } { [ 7899 ] } { [ 5322 ] } { [ 7172 ] } { [ 7847 ] } { [ 1741 ] }
antes   de filtrar: { [ 8775 ][ 859 ] } { [ 1147 ][ 5000 ] } { [ 4166 ] } { [ 7463 ][ 6424 ] } { [ 7899 ] } { [ 5322 ] } { [ 7172 ] } { [ 7847 ][ 667 ] } { [ 1741 ] }
despues de filtrar: { [ 8775 ][ 859 ] } { [ 1147 ][ 5000 ] } { [ 4166 ] } { [ 7463 ][ 6424 ] } { [ 7899 ] } { [ 5322 ] } { [ 7172 ] } { [ 7847 ][ 667 ] } { [ 1741 ] }
antes   de filtrar: { [ 8775 ][ 859 ] } { [ 1147 ][ 5000 ] } { [ 4166 ][ 8180 ] } { [ 7463 ][ 6424 ][ 7230 ] } { [ 7899 ] } { [ 5322 ] } { [ 7172 ][ 6413 ][ 339 ][ 4172 ] } { [ 7847 ][ 667 ] } { [ 1741 ][ 1417 ][ 4708 ] } { [ 7258 ] } { [ 7324 ] } { [ 9915 ] } { [ 1757 ] } { [ 1562 ] } { [ 2210 ] } { [ 3319 ] } { [ 2563 ] } { [ 6259 ] } { [ 9937 ] } { [ 7887 ][ 9813 ] } { [ 7987 ] } { [ 9474 ] } { [ 8562 ] } { [ 6190 ] }
despues de filtrar: { [ 8775 ][ 859 ] } { [ 1147 ][ 5000 ] } { [ 4166 ][ 8180 ] } { [ 7463 ][ 6424 ][ 7230 ] } { [ 7899 ] } { [ 5322 ] } { [ 7172 ][ 6413 ][ 339 ][ 4172 ] } { [ 7847 ][ 667 ] } { [ 1741 ][ 1417 ][ 4708 ] } { [ 7258 ] } { [ 7324 ] } { [ 9915 ] } { [ 1757 ] } { [ 1562 ] } { [ 3319 ] } { [ 2563 ] } { [ 6259 ] } { [ 9937 ] } { [ 7887 ][ 9813 ] } { [ 7987 ] } { [ 9474 ] } { [ 8562 ] }
antes   de colapsar { [ 8775 ][ 859 ] } { [ 1147 ][ 5000 ] } { [ 4166 ][ 8180 ] } { [ 7463 ][ 6424 ][ 7230 ] } { [ 7899 ] } { [ 5322 ][ 2266 ] } { [ 7172 ][ 6413 ][ 339 ][ 4172 ] } { [ 7847 ][ 667 ] } { [ 1741 ][ 1417 ][ 4708 ] } { [ 7258 ] } { [ 7324 ] } { [ 9915 ] } { [ 1757 ] } { [ 1562 ] } { [ 3319 ] } { [ 2563 ] } { [ 6259 ] } { [ 9937 ] } { [ 7887 ][ 9813 ] } { [ 7987 ] } { [ 9474 ] } { [ 8562 ] } { [ 2134 ] } { [ 8412 ] } { [ 9580 ] } { [ 5605 ] } { [ 2054 ] }
despues de colapsar { [ 8775 ][ 859 ] } { [ 1147 ][ 5000 ] } { [ 4166 ][ 8180 ] } { [ 7463 ][ 6424 ][ 7230 ] } { [ 7899 ] } { [ 5322 ][ 2266 ] } { [ 7172 ][ 6413 ][ 339 ][ 4172 ] } { [ 7847 ][ 667 ] } { [ 1741 ][ 1417 ][ 4708 ] } { [ 7258 ] } { [ 7324 ] } { [ 9915 ] } { [ 1757 ] } { [ 1562 ] } { [ 3319 ] } { [ 2563 ] } { [ 6259 ] } { [ 9937 ] } { [ 7887 ][ 9813 ] } { [ 7987 ] } { [ 9474 ] } { [ 8562 ] } { [ 2134 ] } { [ 8412 ] } { [ 9580 ] } { [ 5605 ] } { [ 2054 ] }
antes   de colapsar { [ 8775 ][ 859 ] } { [ 1147 ][ 5000 ] } { [ 4166 ][ 8180 ] } { [ 7463 ][ 6424 ][ 7230 ] } { [ 7899 ] } { [ 5322 ][ 2266 ] } { [ 7172 ][ 6413 ][ 339 ][ 4172 ] } { [ 7847 ][ 667 ] } { [ 1741 ][ 1417 ][ 4708 ] } { [ 7258 ] } { [ 7324 ] } { [ 9915 ] } { [ 1757 ] } { [ 1562 ] } { [ 3319 ] } { [ 2563 ] } { [ 6259 ] } { [ 9937 ] } { [ 7887 ][ 9813 ] } { [ 7987 ] } { [ 9474 ] } { [ 8562 ] } { [ 2134 ] } { [ 8412 ] } { [ 9580 ] } { [ 5605 ] } { [ 2054 ] } { [ 6130 ] } { [ 842 ] }
despues de colapsar { [ 8775 ][ 859 ] } { [ 1147 ][ 5000 ] } { [ 4166 ][ 8180 ] } { [ 7463 ][ 6424 ][ 7230 ] } { [ 7899 ] } { [ 5322 ][ 2266 ] } { [ 7172 ][ 6413 ][ 339 ][ 4172 ] } { [ 7847 ][ 667 ] } { [ 1741 ][ 1417 ][ 4708 ] } { [ 7258 ] } { [ 7324 ] } { [ 9915 ] } { [ 1757 ] } { [ 1562 ] } { [ 3319 ] } { [ 2563 ] } { [ 6259 ] } { [ 9937 ] } { [ 7887 ][ 9813 ] } { [ 7987 ] } { [ 9474 ] } { [ 8562 ] } { [ 2134 ] } { [ 8412 ] } { [ 9580 ] } { [ 5605 ] } { [ 2054 ] } { [ 6130 ] } { [ 842 ] }
