antes   de colapsar { [ 6562 ][ 280 ] }
despues de colapsar { [ 6562 ][ 280 ] }
antes   de filtrar: { [ 6562 ][ 280 ] } { [ 3167 ] }
despues de filtrar: { [ 6562 ][ 280 ] } { [ 3167 ] }
antes   de colapsar { [ 6562 ][ 280 ][ 6588 ][ 9915 ][ 5176 ] } { [ 3167 ][ 2266 ][ 4880 ][ 761 ] } { [ 2312 ][ 7289 ] } { [ 8677 ][ 3342 ] } { [ 8643 ][ 9155 ][ 1786 ] } { [ 3192 ] } { [ 1926 ] } { [ 958 ] } { [ 1648 ] } { [ 1205 ] } { [ 7824 ] } { [ 1715 ] } { [ 1941 ] } { [ 9254 ] } { [ 7286 ] } { [ 283 ] } { [ 3107 ][ 9765 ] } { [ 806 ] } { [ 4412 ] } { [ 9557 ] } { [ 8211 ] }
despues de colapsar { [ 6562 ][ 280 ][ 6588 ][ 9915 ][ 5176 ] } { [ 3167 ][ 2266 ][ 4880 ][ 761 ] } { [ 2312 ][ 7289 ] } { [ 8677 ][ 3342 ] } { [ 8643 ][ 9155 ][ 1786 ] } { [ 3192 ] } { [ 1926 ] } { [ 958 ] } { [ 1648 ] } { [ 1205 ] } { [ 7824 ] } { [ 1715 ] } { [ 1941 ] } { [ 9254 ] } { [ 7286 ] } { [ 283 ] } { [ 5508 ] } { [ 806 ] } { [ 4412 ] } { [ 9557 ] } { [ 8211 ] }
antes   de colapsar { [ 6562 ][ 280 ][ 6588 ][ 9915 ][ 5176 ] } { [ 3167 ][ 2266 ][ 4880 ][ 761 ] } { [ 2312 ][ 7289 ] } { [ 8677 ][ 3342 ] } { [ 8643 ][ 9155 ][ 1786 ] } { [ 3192 ] } { [ 1926 ] } { [ 958 ] } { [ 1648 ] } { [ 1205 ] } { [ 7824 ] } { [ 1715 ] } { [ 1941 ] } { [ 9254 ] } { [ 7286 ] } { [ 283 ] } { [ 5508 ] } { [ 806 ] } { [ 4412 ] } { [ 9557 ] } { [ 8211 ] } { [ 3461 ] } { [ 8942 ] } { [ 4323 ] } { [ 3156 ] } { [ 4630 ] } { [ 9351 ] }
despues de colapsar { [ 6562 ][ 280 ][ 6588 ][ 9915 ][ 5176 ] } { [ 3167 ][ 2266 ][ 4880 ][ 761 ] } { [ 2312 ][ 7289 ] } { [ 8677 ][ 3342 ] } { [ 8643 ][ 9155 ][ 1786 ] } { [ 3192 ] } { [ 1926 ] } { [ 958 ] } { [ 1648 ] } { [ 1205 ] } { [ 7824 ] } { [ 1715 ] } { [ 1941 ] } { [ 9254 ] } { [ 7286 ] } { [ 283 ] } { [ 5508 ] } { [ 806 ] } { [ 4412 ] } { [ 9557 ] } { [ 8211 ] } { [ 3461 ] } { [ 8942 ] } { [ 4323 ] } { [ 3156 ] } { [ 4630 ] } { [ 9351 ] }
antes   de filtrar: { [ 6562 ][ 280 ][ 6588 ][ 9915 ][ 5176 ] } { [ 3167 ][ 2266 ][ 4880 ][ 761 ] } { [ 2312 ][ 7289 ] } { [ 8677 ][ 3342 ] } { [ 8643 ][ 9155 ][ 1786 ] } { [ 3192 ] } { [ 1926 ] } { [ 958 ] } { [ 1648 ] } { [ 1205 ] } { [ 7824 ] } { [ 1715 ] } { [ 1941 ] } { [ 9254 ] } { [ 7286 ] } { [ 283 ] } { [ 5508 ] } { [ 806 ] } { [ 4412 ] } { [ 9557 ] } { [ 8211 ] } { [ 3461 ] } { [ 8942 ] } { [ 4323 ] } { [ 3156 ] } { [ 4630 ] } { [ 9351 ] } { [ 5456 ] }
despues de filtrar: { [ 6562 ][ 280 ][ 6588 ][ 9915 ][ 5176 ] } { [ 3167 ][ 2266 ][ 4880 ][ 761 ] } { [ 2312 ][ 7289 ] } { [ 8677 ][ 3342 ] } { [ 8643 ][ 9155 ][ 1786 ] } { [ 3192 ] } { [ 1926 ] } { [ 958 ] } { [ 1648 ] } { [ 7824 ] } { [ 1715 ] } { [ 1941 ] } { [ 9254 ] } { [ 7286 ] } { [ 283 ] } { [ 4412 ] } { [ 9557 ] } { [ 8211 ] } { [ 3461 ] } { [ 8942 ] } { [ 4323 ] } { [ 3156 ] } { [ 9351 ] } { [ 5456 ] }
antes   de filtrar: { [ 6562 ][ 280 ][ 6588 ][ 9915 ][ 5176 ] } { [ 3167 ][ 2266 ][ 4880 ][ 761 ] } { [ 2312 ][ 7289 ] } { [ 8677 ][ 3342 ] } { [ 8643 ][ 9155 ][ 1786 ] } { [ 3192 ] } { [ 1926 ] } { [ 958 ] } { [ 1648 ] } { [ 7824 ] } { [ 1715 ] } { [ 1941 ] } { [ 9254 ] } { [ 7286 ] } { [ 283 ] } { [ 4412 ] } { [ 9557 ] } { [ 8211 ] } { [ 3461 ] } { [ 8942 ] } { [ 4323 ] } { [ 3156 ] } { [ 9351 ] } { [ 5456 ] } { [ 9218 ] }
despues de filtrar: { [ 6562 ][ 280 ][ 6588 ][ 9915 ][ 5176 ] } { [ 3167 ][ 2266 ][ 4880 ][ 761 ] } { [ 2312 ][ 7289 ] } { [ 8677 ][ 3342 ] } { [ 8643 ][ 9155 ][ 1786 ] } { [ 3192 ] } { [ 1926 ] } { [ 958 ] } { [ 1648 ] } { [ 7824 ] } { [ 1715 ] } { [ 1941 ] } { [ 9254 ] } { [ 7286 ] } { [ 283 ] } { [ 4412 ] } { [ 9557 ] } { [ 8211 ] } { [ 3461 ] } { [ 8942 ] } { [ 4323 ] } { [ 3156 ] } { [ 9351 ] } { [ 5456 ] } { [ 9218 ] }
antes   de colapsar { [ 6562 ][ 280 ][ 6588 ][ 9915 ][ 5176 ] } { [ 3167 ][ 2266 ][ 4880 ][ 761 ] } { [ 2312 ][ 7289 ] } { [ 8677 ][ 3342 ] } { [ 8643 ][ 9155 ][ 1786 ] } { [ 3192 ] } { [ 1926 ] } { [ 958 ] } { [ 1648 ] } { [ 7824 ] } { [ 1715 ] } { [ 1941 ] } { [ 9254 ] } { [ 7286 ] } { [ 283 ] } { [ 4412 ] } { [ 9557 ] } { [ 8211 ] } { [ 3461 ] } { [ 8942 ] } { [ 4323 ] } { [ 3156 ] } { [ 9351 ] } { [ 5456 ] } { [ 9218 ] } { [ 7809 ] }
despues de colapsar { [ 6562 ][ 280 ][ 6588 ][ 9915 ][ 5176 ] } { [ 3167 ][ 2266 ][ 4880 ][ 761 ] } { [ 2312 ][ 7289 ] } { [ 8677 ][ 3342 ] } { [ 8643 ][ 9155 ][ 1786 ] } { [ 3192 ] } { [ 1926 ] } { [ 958 ] } { [ 1648 ] } { [ 7824 ] } { [ 1715 ] } { [ 1941 ] } { [ 9254 ] } { [ 7286 ] } { [ 283 ] } { [ 4412 ] } { [ 9557 ] } { [ 8211 ] } { [ 3461 ] } { [ 8942 ] } { [ 4323 ] } { [ 3156 ] } { [ 9351 ] } { [ 5456 ] } { [ 9218 ] } { [ 7809 ] }
antes   de colapsar { [ 6562 ][ 280 ][ 6588 ][ 9915 ][ 5176 ] } { [ 3167 ][ 2266 ][ 4880 ][ 761 ] } { [ 2312 ][ 7289 ] } { [ 8677 ][ 3342 ] } { [ 8643 ][ 9155 ][ 1786 ] } { [ 3192 ] } { [ 1926 ] } { [ 958 ] } { [ 1648 ] } { [ 7824 ] } { [ 1715 ] } { [ 1941 ] } { [ 9254 ] } { [ 7286 ] } { [ 283 ] } { [ 4412 ] } { [ 9557 ] } { [ 8211 ] } { [ 3461 ] } { [ 8942 ] } { [ 4323 ] } { [ 3156 ] } { [ 9351 ] } { [ 5456 ] } { [ 9218 ] } { [ 7809 ] }
despues de colapsar { [ 6562 ][ 280 ][ 6588 ][ 9915 ][ 5176 ] } { [ 3167 ][ 2266 ][ 4880 ][ 761 ] } { [ 2312 ][ 7289 ] } { [ 8677 ][ 3342 ] } { [ 8643 ][ 9155 ][ 1786 ] } { [ 3192 ] } { [ 1926 ] } { [ 958 ] } { [ 1648 ] } { [ 7824 ] } { [ 1715 ] } { [ 1941 ] } { [ 9254 ] } { [ 7286 ] } { [ 283 ] } { [ 4412 ] } { [ 9557 ] } { [ 8211 ] } { [ 3461 ] } { [ 8942 ] } { [ 4323 ] } { [ 3156 ] } { [ 9351 ] } { [ 5456 ] } { [ 9218 ] } { [ 7809 ] }
antes   de filtrar: { [ 6562 ][ 280 ][ 6588 ][ 9915 ][ 5176 ] } { [ 3167 ][ 2266 ][ 4880 ][ 761 ] } { [ 2312 ][ 7289 ] } { [ 8677 ][ 3342 ] } { [ 8643 ][ 9155 ][ 1786 ] } { [ 3192 ] } { [ 1926 ] } { [ 958 ] } { [ 1648 ] } { [ 7824 ] } { [ 1715 ] } { [ 1941 ] } { [ 9254 ] } { [ 7286 ] } { [ 283 ] } { [ 4412 ] } { [ 9557 ] } { [ 8211 ] } { [ 3461 ] } { [ 8942 ] } { [ 4323 ] } { [ 3156 ] } { [ 9351 ] } { [ 5456 ] } { [ 9218 ] } { [ 7809 ] } { [ 8956 ] }
despues de filtrar: { [ 6562 ][ 280 ][ 6588 ][ 9915 ][ 5176 ] } { [ 3167 ][ 2266 ][ 4880 ][ 761 ] } { [ 2312 ][ 7289 ] } { [ 8677 ][ 3342 ] } { [ 8643 ][ 9155 ][ 1786 ] } { [ 3192 ] } { [ 1926 ] } { [ 958 ] } { [ 1648 ] } { [ 7824 ] } { [ 1715 ] } { [ 1941 ] } { [ 9254 ] } { [ 7286 ] } { [ 283 ] } { [ 4412 ] } { [ 9557 ] } { [ 8211 ] } { [ 3461 ] } { [ 8942 ] } { [ 4323 ] } { [ 3156 ] } { [ 9351 ] } { [ 5456 ] } { [ 9218 ] } { [ 8956 ] }
antes   de filtrar: { [ 6562 ][ 280 ][ 6588 ][ 9915 ][ 5176 ] } { [ 3167 ][ 2266 ][ 4880 ][ 761 ] } { [ 2312 ][ 7289 ] } { [ 8677 ][ 3342 ] } { [ 8643 ][ 9155 ][ 1786 ][ 4485 ] } { [ 3192 ] } { [ 1926 ] } { [ 958 ] } { [ 1648 ] } { [ 7824 ] } { [ 1715 ] } { [ 1941 ] } { [ 9254 ] } { [ 7286 ] } { [ 283 ] } { [ 4412 ] } { [ 9557 ] } { [ 8211 ] } { [ 3461 ] } { [ 8942 ] } { [ 4323 ] } { [ 3156 ] } { [ 9351 ] } { [ 5456 ] } { [ 9218 ] } { [ 8956 ] } { [ 2884 ] } { [ 9506 ] }
despues de filtrar: { [ 6562 ][ 280 ][ 6588 ][ 9915 ][ 5176 ] } { [ 3167 ][ 2266 ][ 4880 ][ 761 ] } { [ 2312 ][ 7289 ] } { [ 8677 ][ 3342 ] } { [ 8643 ][ 9155 ][ 1786 ][ 4485 ] } { [ 3192 ] } { [ 1926 ] } { [ 958 ] } { [ 1648 ] } { [ 7824 ] } { [ 1715 ] } { [ 1941 ] } { [ 9254 ] } { [ 7286 ] } { [ 283 ] } { [ 4412 ] } { [ 9557 ] } { [ 8211 ] } { [ 3461 ] } { [ 8942 ] } { [ 4323 ] } { [ 3156 ] } { [ 9351 ] } { [ 5456 ] } { [ 9218 ] } { [ 8956 ] } { [ 2884 ] }
antes   de colapsar { [ 2226 ] }
despues de colapsar { [ 2226 ] }
antes   de colapsar { [ 2226 ][ 7285 ][ 913 ] } { [ 8223 ] } { [ 8253 ] } { [ 4145 ] } { [ 270 ] } { [ 5075 ] } { [ 6554 ] } { [ 9143 ] }
despues de colapsar { [ 2226 ][ 7285 ][ 913 ] } { [ 8223 ] } { [ 8253 ] } { [ 4145 ] } { [ 270 ] } { [ 5075 ] } { [ 6554 ] } { [ 9143 ] }
antes   de filtrar: { [ 2226 ][ 7285 ][ 913 ] } { [ 8223 ] } { [ 8253 ] } { [ 4145 ] } { [ 270 ] } { [ 5075 ] } { [ 6554 ] } { [ 9143 ][ 4588 ] } { [ 9581 ] } { [ 736 ] } { [ 727 ] }
despues de filtrar: { [ 2226 ][ 7285 ][ 913 ] } { [ 8223 ] } { [ 8253 ] } { [ 4145 ] } { [ 6554 ] } { [ 9143 ][ 4588 ] } { [ 9581 ] } { [ 736 ] } { [ 727 ] }
antes   de filtrar: { [ 2226 ][ 7285 ][ 913 ] } { [ 8223 ] } { [ 8253 ] } { [ 4145 ] } { [ 6554 ] } { [ 9143 ][ 4588 ] } { [ 9581 ] } { [ 736 ] } { [ 727 ] }
despues de filtrar: { [ 2226 ][ 7285 ][ 913 ] } { [ 8223 ] } { [ 8253 ] } { [ 4145 ] } { [ 6554 ] } { [ 9143 ][ 4588 ] } { [ 9581 ] } { [ 736 ] } { [ 727 ] }
antes   de colapsar { [ 2226 ][ 7285 ][ 913 ] } { [ 8223 ] } { [ 8253 ][ 9865 ] } { [ 4145 ] } { [ 6554 ] } { [ 9143 ][ 4588 ] } { [ 9581 ][ 20 ] } { [ 736 ] } { [ 727 ][ 5962 ] } { [ 6989 ] }
despues de colapsar { [ 2226 ][ 7285 ][ 913 ] } { [ 8223 ] } { [ 8253 ][ 9865 ] } { [ 4145 ] } { [ 6554 ] } { [ 9143 ][ 4588 ] } { [ 9581 ][ 20 ] } { [ 736 ] } { [ 727 ][ 5962 ] } { [ 6989 ] }
antes   de filtrar: { [ 2226 ][ 7285 ][ 913 ] } { [ 8223 ][ 8537 ] } { [ 8253 ][ 9865 ] } { [ 4145 ] } { [ 6554 ] } { [ 9143 ][ 4588 ] } { [ 9581 ][ 20 ] } { [ 736 ] } { [ 727 ][ 5962 ][ 4388 ] } { [ 6989 ] } { [ 1190 ] } { [ 1244 ] } { [ 4638 ] } { [ 7817 ] } { [ 6432 ] }
despues de filtrar: { [ 2226 ][ 7285 ][ 913 ] } { [ 8223 ][ 8537 ] } { [ 8253 ][ 9865 ] } { [ 4145 ] } { [ 6554 ] } { [ 9143 ][ 4588 ] } { [ 9581 ][ 20 ] } { [ 736 ] } { [ 727 ][ 5962 ][ 4388 ] } { [ 6989 ] } { [ 1244 ] } { [ 4638 ] } { [ 7817 ] } { [ 6432 ] }
antes   de filtrar: { [ 2226 ][ 7285 ][ 913 ] } { [ 8223 ][ 8537 ] } { [ 8253 ][ 9865 ] } { [ 4145 ] } { [ 6554 ][ 5782 ] } { [ 9143 ][ 4588 ] } { [ 9581 ][ 20 ] } { [ 736 ] } { [ 727 ][ 5962 ][ 4388 ] } { [ 6989 ] } { [ 1244 ] } { [ 4638 ] } { [ 7817 ] } { [ 6432 ] } { [ 4770 ] } { [ 229 ] }
despues de filtrar: { [ 2226 ][ 7285 ][ 913 ] } { [ 8223 ][ 8537 ] } { [ 8253 ][ 9865 ] } { [ 4145 ] } { [ 6554 ][ 5782 ] } { [ 9143 ][ 4588 ] } { [ 9581 ][ 20 ] } { [ 736 ] } { [ 727 ][ 5962 ][ 4388 ] } { [ 6989 ] } { [ 1244 ] } { [ 4638 ] } { [ 7817 ] } { [ 6432 ] } { [ 229 ] }
antes   de filtrar: { [ 2226 ][ 7285 ][ 913 ][ 4093 ] } { [ 8223 ][ 8537 ] } { [ 8253 ][ 9865 ] } { [ 4145 ] } { [ 6554 ][ 5782 ] } { [ 9143 ][ 4588 ] } { [ 9581 ][ 20 ] } { [ 736 ] } { [ 727 ][ 5962 ][ 4388 ] } { [ 6989 ] } { [ 1244 ][ 5667 ] } { [ 4638 ] } { [ 7817 ] } { [ 6432 ] } { [ 229 ] } { [ 8334 ] } { [ 3592 ] } { [ 8097 ] } { [ 876 ] } { [ 2161 ] }
despues de filtrar: { [ 2226 ][ 7285 ][ 913 ][ 4093 ] } { [ 8223 ][ 8537 ] } { [ 8253 ][ 9865 ] } { [ 4145 ] } { [ 6554 ][ 5782 ] } { [ 9143 ][ 4588 ] } { [ 9581 ][ 20 ] } { [ 736 ] } { [ 727 ][ 5962 ][ 4388 ] } { [ 6989 ] } { [ 1244 ][ 5667 ] } { [ 4638 ] } { [ 7817 ] } { [ 6432 ] } { [ 229 ] } { [ 8334 ] } { [ 3592 ] } { [ 876 ] } { [ 2161 ] }
antes   de colapsar { [ 2226 ][ 7285 ][ 913 ][ 4093 ] } { [ 8223 ][ 8537 ] } { [ 8253 ][ 9865 ] } { [ 4145 ] } { [ 6554 ][ 5782 ] } { [ 9143 ][ 4588 ] } { [ 9581 ][ 20 ] } { [ 736 ] } { [ 727 ][ 5962 ][ 4388 ] } { [ 6989 ] } { [ 1244 ][ 5667 ] } { [ 4638 ] } { [ 7817 ] } { [ 6432 ] } { [ 229 ] } { [ 8334 ] } { [ 3592 ] } { [ 876 ] } { [ 2161 ] } { [ 4652 ] } { [ 4957 ] }
despues de colapsar { [ 2226 ][ 7285 ][ 913 ][ 4093 ] } { [ 8223 ][ 8537 ] } { [ 8253 ][ 9865 ] } { [ 4145 ] } { [ 6554 ][ 5782 ] } { [ 9143 ][ 4588 ] } { [ 9581 ][ 20 ] } { [ 736 ] } { [ 727 ][ 5962 ][ 4388 ] } { [ 6989 ] } { [ 1244 ][ 5667 ] } { [ 4638 ] } { [ 7817 ] } { [ 6432 ] } { [ 229 ] } { [ 8334 ] } { [ 3592 ] } { [ 876 ] } { [ 2161 ] } { [ 4652 ] } { [ 4957 ] }
antes   de colapsar { [ 2226 ][ 7285 ][ 913 ][ 4093 ][ 7172 ] } { [ 8223 ][ 8537 ] } { [ 8253 ][ 9865 ][ 1628 ] } { [ 4145 ] } { [ 6554 ][ 5782 ] } { [ 9143 ][ 4588 ] } { [ 9581 ][ 20 ] } { [ 736 ] } { [ 727 ][ 5962 ][ 4388 ] } { [ 6989 ] } { [ 1244 ][ 5667 ] } { [ 4638 ] } { [ 7817 ] } { [ 6432 ] } { [ 229 ] } { [ 8334 ] } { [ 3592 ] } { [ 876 ] } { [ 2161 ] } { [ 4652 ] } { [ 4957 ] } { [ 6078 ] } { [ 4520 ] } { [ 5018 ] } { [ 6587 ] }
despues de colapsar { [ 2226 ][ 7285 ][ 913 ][ 4093 ][ 7172 ] } { [ 8223 ][ 8537 ] } { [ 8253 ][ 9865 ][ 1628 ] } { [ 4145 ] } { [ 6554 ][ 5782 ] } { [ 9143 ][ 4588 ] } { [ 9581 ][ 20 ] } { [ 736 ] } { [ 727 ][ 5962 ][ 4388 ] } { [ 6989 ] } { [ 1244 ][ 5667 ] } { [ 4638 ] } { [ 7817 ] } { [ 6432 ] } { [ 229 ] } { [ 8334 ] } { [ 3592 ] } { [ 876 ] } { [ 2161 ] } { [ 4652 ] } { [ 4957 ] } { [ 6078 ] } { [ 4520 ] } { [ 5018 ] } { [ 6587 ] }
antes   de colapsar { [ 8699 ][ 386 ] } { [ 8099 ] } { [ 8267 ] }
despues de colapsar { [ 8699 ][ 386 ] } { [ 8099 ] } { [ 8267 ] }
antes   de colapsar { [ 8699 ][ 386 ] } { [ 8099 ] } { [ 8267 ] } { [ 3821 ][ 382 ] } { [ 4223 ] } { [ 2728 ][ 452 ][ 6611 ] } { [ 4163 ] } { [ 4678 ] } { [ 1936 ] }
despues de colapsar { [ 8699 ][ 386 ] } { [ 8099 ] } { [ 8267 ] } { [ 3821 ][ 382 ] } { [ 4223 ] } { [ 2728 ][ 452 ][ 6611 ] } { [ 4163 ] } { [ 4678 ] } { [ 1936 ] }
antes   de filtrar: { [ 8699 ][ 386 ] } { [ 8099 ][ 6917 ] } { [ 8267 ] } { [ 3821 ][ 382 ] } { [ 4223 ] } { [ 2728 ][ 452 ][ 6611 ] } { [ 4163 ] } { [ 4678 ] } { [ 1936 ] } { [ 1251 ] } { [ 4183 ] } { [ 8151 ] }
despues de filtrar: { [ 8699 ][ 386 ] } { [ 8267 ] } { [ 3821 ][ 382 ] } { [ 4223 ] } { [ 2728 ][ 452 ][ 6611 ] } { [ 4163 ] } { [ 4678 ] } { [ 1936 ] } { [ 1251 ] } { [ 4183 ] } { [ 8151 ] }
antes   de filtrar: { [ 8699 ][ 386 ] } { [ 8267 ] } { [ 3821 ][ 382 ][ 4126 ] } { [ 4223 ][ 8895 ][ 308 ] } { [ 2728 ][ 452 ][ 6611 ] } { [ 4163 ] } { [ 4678 ] } { [ 1936 ][ 9854 ] } { [ 1251 ] } { [ 4183 ] } { [ 8151 ] } { [ 537 ] } { [ 876 ] } { [ 4003 ] } { [ 597 ] } { [ 9670 ] } { [ 7750 ] }
despues de filtrar: { [ 8699 ][ 386 ] } { [ 8267 ] } { [ 3821 ][ 382 ][ 4126 ] } { [ 4223 ][ 8895 ][ 308 ] } { [ 2728 ][ 452 ][ 6611 ] } { [ 4163 ] } { [ 4678 ] } { [ 1936 ][ 9854 ] } { [ 1251 ] } { [ 4183 ] } { [ 8151 ] } { [ 537 ] } { [ 876 ] } { [ 597 ] }
antes   de colapsar { [ 8699 ][ 386 ] } { [ 8267 ] } { [ 3821 ][ 382 ][ 4126 ] } { [ 4223 ][ 8895 ][ 308 ] } { [ 2728 ][ 452 ][ 6611 ] } { [ 4163 ] } { [ 4678 ] } { [ 1936 ][ 9854 ] } { [ 1251 ][ 6468 ] } { [ 4183 ] } { [ 8151 ] } { [ 537 ] } { [ 876 ] } { [ 597 ] } { [ 8869 ] }
despues de colapsar { [ 8699 ][ 386 ] } { [ 8267 ] } { [ 3821 ][ 382 ][ 4126 ] } { [ 4223 ][ 8895 ][ 308 ] } { [ 2728 ][ 452 ][ 6611 ] } { [ 4163 ] } { [ 4678 ] } { [ 1936 ][ 9854 ] } { [ 1251 ][ 6468 ] } { [ 4183 ] } { [ 8151 ] } { [ 537 ] } { [ 876 ] } { [ 597 ] } { [ 8869 ] }
antes   de colapsar { [ 8699 ][ 386 ][ 5365 ] } { [ 8267 ] } { [ 3821 ][ 382 ][ 4126 ] } { [ 4223 ][ 8895 ][ 308 ] } { [ 2728 ][ 452 ][ 6611 ] } { [ 4163 ] } { [ 4678 ] } { [ 1936 ][ 9854 ] } { [ 1251 ][ 6468 ] } { [ 4183 ] } { [ 8151 ] } { [ 537 ] } { [ 876 ] } { [ 597 ] } { [ 8869 ] } { [ 1750 ] }
despues de colapsar { [ 8699 ][ 386 ][ 5365 ] } { [ 8267 ] } { [ 3821 ][ 382 ][ 4126 ] } { [ 4223 ][ 8895 ][ 308 ] } { [ 2728 ][ 452 ][ 6611 ] } { [ 4163 ] } { [ 4678 ] } { [ 1936 ][ 9854 ] } { [ 1251 ][ 6468 ] } { [ 4183 ] } { [ 8151 ] } { [ 537 ] } { [ 876 ] } { [ 597 ] } { [ 8869 ] } { [ 1750 ] }
antes   de filtrar: { [ 8699 ][ 386 ][ 5365 ] } { [ 8267 ][ 3697 ] } { [ 3821 ][ 382 ][ 4126 ] } { [ 4223 ][ 8895 ][ 308 ] } { [ 2728 ][ 452 ][ 6611 ] } { [ 4163 ] } { [ 4678 ] } { [ 1936 ][ 9854 ] } { [ 1251 ][ 6468 ] } { [ 4183 ] } { [ 8151 ] } { [ 537 ] } { [ 876 ] } { [ 597 ] } { [ 8869 ] } { [ 1750 ] } { [ 2033 ] } { [ 1246 ] }
despues de filtrar: { [ 8699 ][ 386 ][ 5365 ] } { [ 8267 ][ 3697 ] } { [ 3821 ][ 382 ][ 4126 ] } { [ 4223 ][ 8895 ][ 308 ] } { [ 2728 ][ 452 ][ 6611 ] } { [ 4163 ] } { [ 4678 ] } { [ 1936 ][ 9854 ] } { [ 1251 ][ 6468 ] } { [ 4183 ] } { [ 8151 ] } { [ 537 ] } { [ 876 ] } { [ 597 ] } { [ 8869 ] } { [ 1246 ] }
antes   de colapsar { [ 8699 ][ 386 ][ 5365 ] } { [ 8267 ][ 3697 ] } { [ 3821 ][ 382 ][ 4126 ] } { [ 4223 ][ 8895 ][ 308 ] } { [ 2728 ][ 452 ][ 6611 ] } { [ 4163 ] } { [ 4678 ] } { [ 1936 ][ 9854 ] } { [ 1251 ][ 6468 ] } { [ 4183 ] } { [ 8151 ] } { [ 537 ] } { [ 876 ] } { [ 597 ] } { [ 8869 ] } { [ 1246 ] }
despues de colapsar { [ 8699 ][ 386 ][ 5365 ] } { [ 8267 ][ 3697 ] } { [ 3821 ][ 382 ][ 4126 ] } { [ 4223 ][ 8895 ][ 308 ] } { [ 2728 ][ 452 ][ 6611 ] } { [ 4163 ] } { [ 4678 ] } { [ 1936 ][ 9854 ] } { [ 1251 ][ 6468 ] } { [ 4183 ] } { [ 8151 ] } { [ 537 ] } { [ 876 ] } { [ 597 ] } { [ 8869 ] } { [ 1246 ] }
antes   de filtrar: { [ 8699 ][ 386 ][ 5365 ] } { [ 8267 ][ 3697 ] } { [ 3821 ][ 382 ][ 4126 ] } { [ 4223 ][ 8895 ][ 308 ] } { [ 2728 ][ 452 ][ 6611 ] } { [ 4163 ] } { [ 4678 ] } { [ 1936 ][ 9854 ] } { [ 1251 ][ 6468 ] } { [ 4183 ] } { [ 8151 ] } { [ 537 ] } { [ 876 ] } { [ 597 ] } { [ 8869 ] } { [ 1246 ] }
despues de filtrar: { [ 8699 ][ 386 ][ 5365 ] } { [ 8267 ][ 3697 ] } { [ 3821 ][ 382 ][ 4126 ] } { [ 4223 ][ 8895 ][ 308 ] } { [ 2728 ][ 452 ][ 6611 ] } { [ 4163 ] } { [ 4678 ] } { [ 1936 ][ 9854 ] } { [ 1251 ][ 6468 ] } { [ 4183 ] } { [ 8151 ] } { [ 537 ] } { [ 876 ] } { [ 597 ] } { [ 8869 ] } { [ 1246 ] }
antes   de filtrar: { [ 8699 ][ 386 ][ 5365 ] } { [ 8267 ][ 3697 ] } { [ 3821 ][ 382 ][ 4126 ] } { [ 4223 ][ 8895 ][ 308 ] } { [ 2728 ][ 452 ][ 6611 ] } { [ 4163 ] } { [ 4678 ] } { [ 1936 ][ 9854 ] } { [ 1251 ][ 6468 ] } { [ 4183 ][ 7202 ] } { [ 8151 ] } { [ 537 ] } { [ 876 ] } { [ 597 ] } { [ 8869 ] } { [ 1246 ] } { [ 6514 ] } { [ 5876 ] } { [ 8194 ] } { [ 2273 ] }
despues de filtrar: { [ 8699 ][ 386 ][ 5365 ] } { [ 8267 ][ 3697 ] } { [ 3821 ][ 382 ][ 4126 ] } { [ 4223 ][ 8895 ][ 308 ] } { [ 2728 ][ 452 ][ 6611 ] } { [ 4163 ] } { [ 4678 ] } { [ 1936 ][ 9854 ] } { [ 1251 ][ 6468 ] } { [ 4183 ][ 7202 ] } { [ 8151 ] } { [ 537 ] } { [ 876 ] } { [ 597 ] } { [ 8869 ] } { [ 1246 ] } { [ 6514 ] } { [ 5876 ] } { [ 8194 ] } { [ 2273 ] }
antes   de filtrar: { [ 23.682862 ] } { [ 8.653285 ] } { [ -24.018154 ] }
despues de filtrar: { [ -24.018154 ] }
antes   de filtrar: { [ -24.018154 ][ 5.918880 ][ 33.236899 ] } { [ 4.306266 ] } { [ -20.357314 ] } { [ 60.688741 ] }
despues de filtrar: { [ -24.018154 ][ 5.918880 ][ 33.236899 ] } { [ 4.306266 ] } { [ -20.357314 ] }
antes   de filtrar: { [ -24.018154 ][ 5.918880 ][ 33.236899 ] } { [ 4.306266 ] } { [ -20.357314 ] } { [ -2.514083 ] } { [ -4.261721 ] } { [ 5.859415 ] }
despues de filtrar: { [ -24.018154 ][ 5.918880 ][ 33.236899 ] } { [ 4.306266 ] } { [ -20.357314 ] } { [ -2.514083 ] } { [ -4.261721 ] }
antes   de colapsar { [ -24.018154 ][ 5.918880 ][ 33.236899 ] } { [ 4.306266 ] } { [ -20.357314 ] } { [ -2.514083 ] } { [ -4.261721 ] }
despues de colapsar { [ -24.018154 ][ 5.918880 ][ 33.236899 ] } { [ 4.306266 ] } { [ -20.357314 ] } { [ -2.514083 ] } { [ -4.261721 ] }
antes   de colapsar { [ -24.018154 ][ 5.918880 ][ 33.236899 ] } { [ 4.306266 ][ 26.814273 ] } { [ -20.357314 ] } { [ -2.514083 ][ -21.170750 ] } { [ -4.261721 ] } { [ 20.365455 ] }
despues de colapsar { [ -24.018154 ][ 5.918880 ][ 33.236899 ] } { [ 4.306266 ][ 26.814273 ] } { [ -20.357314 ] } { [ -2.514083 ][ -21.170750 ] } { [ -4.261721 ] } { [ 20.365455 ] }
antes   de filtrar: { [ -24.018154 ][ 5.918880 ][ 33.236899 ][ 16.620893 ] } { [ 4.306266 ][ 26.814273 ][ 43.066131 ] } { [ -20.357314 ] } { [ -2.514083 ][ -21.170750 ] } { [ -4.261721 ][ 14.456958 ] } { [ 20.365455 ] } { [ 27.611106 ] } { [ 47.646205 ][ 30.462010 ] } { [ 23.269638 ] } { [ 70.714279 ] } { [ 32.965469 ] } { [ -16.247042 ] }
despues de filtrar: { [ -24.018154 ][ 5.918880 ][ 33.236899 ][ 16.620893 ] } { [ 4.306266 ][ 26.814273 ][ 43.066131 ] } { [ -20.357314 ] } { [ -2.514083 ][ -21.170750 ] } { [ -4.261721 ][ 14.456958 ] } { [ 20.365455 ] } { [ 23.269638 ] } { [ -16.247042 ] }
antes   de filtrar: { [ -24.018154 ][ 5.918880 ][ 33.236899 ][ 16.620893 ] } { [ 4.306266 ][ 26.814273 ][ 43.066131 ] } { [ -20.357314 ] } { [ -2.514083 ][ -21.170750 ] } { [ -4.261721 ][ 14.456958 ] } { [ 20.365455 ] } { [ 23.269638 ] } { [ -16.247042 ] } { [ 4.632398 ] } { [ 37.980673 ] }
despues de filtrar: { [ -24.018154 ][ 5.918880 ][ 33.236899 ][ 16.620893 ] } { [ 4.306266 ][ 26.814273 ][ 43.066131 ] } { [ -20.357314 ] } { [ -2.514083 ][ -21.170750 ] } { [ -4.261721 ][ 14.456958 ] } { [ 20.365455 ] } { [ 23.269638 ] } { [ -16.247042 ] }
antes   de colapsar { [ -24.018154 ][ 5.918880 ][ 33.236899 ][ 16.620893 ][ 59.254984 ] } { [ 4.306266 ][ 26.814273 ][ 43.066131 ] } { [ -20.357314 ] } { [ -2.514083 ][ -21.170750 ] } { [ -4.261721 ][ 14.456958 ] } { [ 20.365455 ] } { [ 23.269638 ] } { [ -16.247042 ] } { [ 16.517800 ] } { [ 33.451995 ] } { [ 3.867087 ] } { [ 32.335303 ] }
despues de colapsar { [ -24.018154 ][ 5.918880 ][ 33.236899 ][ 16.620893 ][ 59.254984 ] } { [ 4.306266 ][ 26.814273 ][ 43.066131 ] } { [ -20.357314 ] } { [ -2.514083 ][ -21.170750 ] } { [ -4.261721 ][ 14.456958 ] } { [ 20.365455 ] } { [ 23.269638 ] } { [ -16.247042 ] } { [ 16.517800 ] } { [ 33.451995 ] } { [ 3.867087 ] } { [ 32.335303 ] }
antes   de colapsar { [ -24.018154 ][ 5.918880 ][ 33.236899 ][ 16.620893 ][ 59.254984 ] } { [ 4.306266 ][ 26.814273 ][ 43.066131 ] } { [ -20.357314 ] } { [ -2.514083 ][ -21.170750 ] } { [ -4.261721 ][ 14.456958 ] } { [ 20.365455 ] } { [ 23.269638 ] } { [ -16.247042 ] } { [ 16.517800 ] } { [ 33.451995 ] } { [ 3.867087 ] } { [ 32.335303 ] } { [ 31.785614 ] } { [ 11.988458 ] }
despues de colapsar { [ -24.018154 ][ 5.918880 ][ 33.236899 ][ 16.620893 ][ 59.254984 ] } { [ 4.306266 ][ 26.814273 ][ 43.066131 ] } { [ -20.357314 ] } { [ -2.514083 ][ -21.170750 ] } { [ -4.261721 ][ 14.456958 ] } { [ 20.365455 ] } { [ 23.269638 ] } { [ -16.247042 ] } { [ 16.517800 ] } { [ 33.451995 ] } { [ 3.867087 ] } { [ 32.335303 ] } { [ 31.785614 ] } { [ 11.988458 ] }
antes   de colapsar { [ -24.018154 ][ 5.918880 ][ 33.236899 ][ 16.620893 ][ 59.254984 ] } { [ 4.306266 ][ 26.814273 ][ 43.066131 ] } { [ -20.357314 ] } { [ -2.514083 ][ -21.170750 ] } { [ -4.261721 ][ 14.456958 ] } { [ 20.365455 ] } { [ 23.269638 ] } { [ -16.247042 ] } { [ 16.517800 ] } { [ 33.451995 ] } { [ 3.867087 ] } { [ 32.335303 ] } { [ 31.785614 ] } { [ 11.988458 ] }
despues de colapsar { [ -24.018154 ][ 5.918880 ][ 33.236899 ][ 16.620893 ][ 59.254984 ] } { [ 4.306266 ][ 26.814273 ][ 43.066131 ] } { [ -20.357314 ] } { [ -2.514083 ][ -21.170750 ] } { [ -4.261721 ][ 14.456958 ] } { [ 20.365455 ] } { [ 23.269638 ] } { [ -16.247042 ] } { [ 16.517800 ] } { [ 33.451995 ] } { [ 3.867087 ] } { [ 32.335303 ] } { [ 31.785614 ] } { [ 11.988458 ] }
antes   de colapsar { [ 3104 ] } { [ 973 ] } { [ 3456 ] } { [ 8878 ] } { [ 8577 ] } { [ 297 ] } { [ 8878 ] } { [ 5262 ] }
despues de colapsar { [ 3104 ] } { [ 973 ] } { [ 3456 ] } { [ 8878 ] } { [ 8577 ] } { [ 297 ] } { [ 8878 ] } { [ 5262 ] }
antes   de colapsar { [ 3104 ] } { [ 973 ] } { [ 3456 ] } { [ 8878 ] } { [ 8577 ] } { [ 297 ] } { [ 8878 ] } { [ 5262 ] }
despues de colapsar { [ 3104 ] } { [ 973 ] } { [ 3456 ] } { [ 8878 ] } { [ 8577 ] } { [ 297 ] } { [ 8878 ] } { [ 5262 ] }
antes   de filtrar: { [ 3104 ] } { [ 973 ][ 125 ][ 6906 ] } { [ 3456 ] } { [ 8878 ] } { [ 8577 ] } { [ 297 ] } { [ 8878 ] } { [ 5262 ] } { [ 5879 ] } { [ 1575 ] } { [ 27 ][ 6080 ] } { [ 8953 ] } { [ 7362 ] } { [ 1793 ] } { [ 8488 ] }
despues de filtrar: { [ 973 ][ 125 ][ 6906 ] } { [ 3456 ] } { [ 8878 ] } { [ 8577 ] } { [ 297 ] } { [ 8878 ] } { [ 5262 ] } { [ 5879 ] } { [ 1575 ] } { [ 27 ][ 6080 ] } { [ 8953 ] } { [ 7362 ] } { [ 1793 ] } { [ 8488 ] }
antes   de filtrar: { [ 973 ][ 125 ][ 6906 ] } { [ 3456 ] } { [ 8878 ] } { [ 8577 ] } { [ 297 ][ 6734 ] } { [ 8878 ][ 4914 ] } { [ 5262 ] } { [ 5879 ] } { [ 1575 ][ 2264 ] } { [ 27 ][ 6080 ][ 374 ] } { [ 8953 ] } { [ 7362 ] } { [ 1793 ] } { [ 8488 ] } { [ 6075 ] } { [ 6430 ] } { [ 3957 ] } { [ 2998 ] }
despues de filtrar: { [ 973 ][ 125 ][ 6906 ] } { [ 3456 ] } { [ 8878 ] } { [ 8577 ] } { [ 297 ][ 6734 ] } { [ 8878 ][ 4914 ] } { [ 5262 ] } { [ 5879 ] } { [ 1575 ][ 2264 ] } { [ 27 ][ 6080 ][ 374 ] } { [ 8953 ] } { [ 7362 ] } { [ 1793 ] } { [ 8488 ] } { [ 3957 ] } { [ 2998 ] }
antes   de colapsar { [ 973 ][ 125 ][ 6906 ] } { [ 3456 ] } { [ 8878 ] } { [ 8577 ] } { [ 297 ][ 6734 ][ 9903 ] } { [ 8878 ][ 4914 ][ 5640 ] } { [ 5262 ] } { [ 5879 ] } { [ 1575 ][ 2264 ] } { [ 27 ][ 6080 ][ 374 ] } { [ 8953 ] } { [ 7362 ] } { [ 1793 ] } { [ 8488 ] } { [ 3957 ] } { [ 2998 ] } { [ 182 ] } { [ 9403 ] } { [ 3008 ] } { [ 792 ] } { [ 8702 ] } { [ 819 ] } { [ 7778 ] }
despues de colapsar { [ 973 ][ 125 ][ 6906 ] } { [ 3456 ] } { [ 8878 ] } { [ 8577 ] } { [ 297 ][ 6734 ][ 9903 ] } { [ 8878 ][ 4914 ][ 5640 ] } { [ 5262 ] } { [ 5879 ] } { [ 1575 ][ 2264 ] } { [ 27 ][ 6080 ][ 374 ] } { [ 8953 ] } { [ 7362 ] } { [ 1793 ] } { [ 8488 ] } { [ 3957 ] } { [ 2998 ] } { [ 182 ] } { [ 9403 ] } { [ 3008 ] } { [ 792 ] } { [ 8702 ] } { [ 819 ] } { [ 7778 ] }
antes   de filtrar: { [ 973 ][ 125 ][ 6906 ] } { [ 3456 ] } { [ 8878 ] } { [ 8577 ] } { [ 297 ][ 6734 ][ 9903 ] } { [ 8878 ][ 4914 ][ 5640 ] } { [ 5262 ] } { [ 5879 ] } { [ 1575 ][ 2264 ] } { [ 27 ][ 6080 ][ 374 ] } { [ 8953 ] } { [ 7362 ] } { [ 1793 ] } { [ 8488 ][ 1184 ] } { [ 3957 ] } { [ 2998 ] } { [ 182 ] } { [ 9403 ] } { [ 3008 ] } { [ 792 ] } { [ 8702 ] } { [ 819 ] } { [ 7778 ] } { [ 3831 ] }
despues de filtrar: { [ 973 ][ 125 ][ 6906 ] } { [ 3456 ] } { [ 8878 ] } { [ 8577 ] } { [ 297 ][ 6734 ][ 9903 ] } { [ 8878 ][ 4914 ][ 5640 ] } { [ 5262 ] } { [ 5879 ] } { [ 1575 ][ 2264 ] } { [ 27 ][ 6080 ][ 374 ] } { [ 8953 ] } { [ 7362 ] } { [ 1793 ] } { [ 8488 ][ 1184 ] } { [ 3957 ] } { [ 2998 ] } { [ 182 ] } { [ 792 ] } { [ 819 ] } { [ 7778 ] } { [ 3831 ] }
antes   de filtrar: { [ 973 ][ 125 ][ 6906 ] } { [ 3456 ] } { [ 8878 ] } { [ 8577 ] } { [ 297 ][ 6734 ][ 9903 ] } { [ 8878 ][ 4914 ][ 5640 ] } { [ 5262 ] } { [ 5879 ] } { [ 1575 ][ 2264 ] } { [ 27 ][ 6080 ][ 374 ] } { [ 8953 ] } { [ 7362 ] } { [ 1793 ] } { [ 8488 ][ 1184 ] } { [ 3957 ] } { [ 2998 ] } { [ 182 ] } { [ 792 ] } { [ 819 ] } { [ 7778 ] } { [ 3831 ] }
despues de filtrar: { [ 973 ][ 125 ][ 6906 ] } { [ 3456 ] } { [ 8878 ] } { [ 8577 ] } { [ 297 ][ 6734 ][ 9903 ] } { [ 8878 ][ 4914 ][ 5640 ] } { [ 5262 ] } { [ 5879 ] } { [ 1575 ][ 2264 ] } { [ 27 ][ 6080 ][ 374 ] } { [ 8953 ] } { [ 7362 ] } { [ 1793 ] } { [ 8488 ][ 1184 ] } { [ 3957 ] } { [ 2998 ] } { [ 182 ] } { [ 792 ] } { [ 819 ] } { [ 7778 ] } { [ 3831 ] }
antes   de colapsar { [ 973 ][ 125 ][ 6906 ] } { [ 3456 ] } { [ 8878 ] } { [ 8577 ] } { [ 297 ][ 6734 ][ 9903 ] } { [ 8878 ][ 4914 ][ 5640 ] } { [ 5262 ] } { [ 5879 ] } { [ 1575 ][ 2264 ] } { [ 27 ][ 6080 ][ 374 ] } { [ 8953 ] } { [ 7362 ] } { [ 1793 ] } { [ 8488 ][ 1184 ] } { [ 3957 ] } { [ 2998 ] } { [ 182 ] } { [ 792 ] } { [ 819 ] } { [ 7778 ] } { [ 3831 ] } { [ 1356 ] } { [ 6975 ] }
despues de colapsar { [ 973 ][ 125 ][ 6906 ] } { [ 3456 ] } { [ 8878 ] } { [ 8577 ] } { [ 297 ][ 6734 ][ 9903 ] } { [ 8878 ][ 4914 ][ 5640 ] } { [ 5262 ] } { [ 5879 ] } { [ 1575 ][ 2264 ] } { [ 27 ][ 6080 ][ 374 ] } { [ 8953 ] } { [ 7362 ] } { [ 1793 ] } { [ 8488 ][ 1184 ] } { [ 3957 ] } { [ 2998 ] } { [ 182 ] } { [ 792 ] } { [ 819 ] } { [ 7778 ] } { [ 3831 ] } { [ 1356 ] } { [ 6975 ] }
antes   de filtrar: { [ 973 ][ 125 ][ 6906 ] } { [ 3456 ] } { [ 8878 ] } { [ 8577 ] } { [ 297 ][ 6734 ][ 9903 ] } { [ 8878 ][ 4914 ][ 5640 ] } { [ 5262 ] } { [ 5879 ] } { [ 1575 ][ 2264 ] } { [ 27 ][ 6080 ][ 374 ] } { [ 8953 ] } { [ 7362 ] } { [ 1793 ] } { [ 8488 ][ 1184 ] } { [ 3957 ] } { [ 2998 ] } { [ 182 ] } { [ 792 ] } { [ 819 ] } { [ 7778 ] } { [ 3831 ] } { [ 1356 ] } { [ 6975 ] } { [ 177 ] } { [ 107 ] } { [ 6136 ] } { [ 8458 ] } { [ 8649 ] }
despues de filtrar: { [ 973 ][ 125 ][ 6906 ] } { [ 3456 ] } { [ 8878 ] } { [ 8577 ] } { [ 297 ][ 6734 ][ 9903 ] } { [ 8878 ][ 4914 ][ 5640 ] } { [ 5262 ] } { [ 5879 ] } { [ 1575 ][ 2264 ] } { [ 27 ][ 6080 ][ 374 ] } { [ 8953 ] } { [ 7362 ] } { [ 1793 ] } { [ 8488 ][ 1184 ] } { [ 3957 ] } { [ 2998 ] } { [ 182 ] } { [ 792 ] } { [ 819 ] } { [ 7778 ] } { [ 3831 ] } { [ 1356 ] } { [ 6975 ] } { [ 177 ] } { [ 6136 ] } { [ 8458 ] } { [ 8649 ] }
antes   de colapsar { [ 973 ][ 125 ][ 6906 ] } { [ 3456 ] } { [ 8878 ] } { [ 8577 ] } { [ 297 ][ 6734 ][ 9903 ] } { [ 8878 ][ 4914 ][ 5640 ][ 2158 ] } { [ 5262 ] } { [ 5879 ] } { [ 1575 ][ 2264 ] } { [ 27 ][ 6080 ][ 374 ] } { [ 8953 ] } { [ 7362 ] } { [ 1793 ] } { [ 8488 ][ 1184 ][ 6168 ] } { [ 3957 ] } { [ 2998 ] } { [ 182 ] } { [ 792 ] } { [ 819 ] } { [ 7778 ] } { [ 3831 ] } { [ 1356 ] } { [ 6975 ] } { [ 177 ] } { [ 6136 ] } { [ 8458 ] } { [ 8649 ] }
despues de colapsar { [ 973 ][ 125 ][ 6906 ] } { [ 3456 ] } { [ 8878 ] } { [ 8577 ] } { [ 297 ][ 6734 ][ 9903 ] } { [ 8878 ][ 4914 ][ 5640 ][ 2158 ] } { [ 5262 ] } { [ 5879 ] } { [ 1575 ][ 2264 ] } { [ 27 ][ 6080 ][ 374 ] } { [ 8953 ] } { [ 7362 ] } { [ 1793 ] } { [ 8488 ][ 1184 ][ 6168 ] } { [ 3957 ] } { [ 2998 ] } { [ 182 ] } { [ 792 ] } { [ 819 ] } { [ 7778 ] } { [ 3831 ] } { [ 1356 ] } { [ 6975 ] } { [ 177 ] } { [ 6136 ] } { [ 8458 ] } { [ 8649 ] }
