antes   de filtrar: { [ 81l8 ][ 67 ] } { [ at ] }
despues de filtrar: { [ at ] }
antes   de colapsar { [ at ][ tpxlufpxw ] } { [ x4arp9s91m ][ 2eo ] } { [ c4opff ] } { [ eqm3b ] }
despues de colapsar { [ at ][ tpxlufpxw ] } { [ x24eaorp9s ] } { [ c4opff ] } { [ eqm3b ] }
antes   de filtrar: { [ at ][ tpxlufpxw ] } { [ x24eaorp9s ] } { [ c4opff ] } { [ eqm3b ] } { [ myft ] } { [ k ] }
despues de filtrar: { [ at ][ tpxlufpxw ] } { [ myft ] } { [ k ] }
antes   de filtrar: { [ at ][ tpxlufpxw ] } { [ myft ][ ou ] } { [ k ] } { [ j6ocf ] } { [ u3oq9iq ] }
despues de filtrar: { [ at ][ tpxlufpxw ] } { [ myft ][ ou ] } { [ k ] }
antes   de colapsar { [ at ][ tpxlufpxw ] } { [ myft ][ ou ][ 7a ] } { [ k ] } { [ hw8f7yr0ql ] }
despues de colapsar { [ at ][ tpxlufpxw ] } { [ myft ][ ou ][ 7a ] } { [ k ] } { [ hw8f7yr0ql ] }
antes   de colapsar { [ at ][ tpxlufpxw ][ p ][ dg0hkepd ] } { [ myft ][ ou ][ 7a ] } { [ k ] } { [ hw8f7yr0ql ] } { [ xr3q5kc6ed ] } { [ 4 ] } { [ q2q ] } { [ 7oe3qbl ] } { [ glafekp ] }
despues de colapsar { [ at ][ tpxlufpxw ][ p ][ dg0hkepd ] } { [ myft ][ ou ][ 7a ] } { [ k ] } { [ hw8f7yr0ql ] } { [ xr3q5kc6ed ] } { [ 4 ] } { [ q2q ] } { [ 7oe3qbl ] } { [ glafekp ] }
antes   de filtrar: { [ at ][ tpxlufpxw ][ p ][ dg0hkepd ] } { [ myft ][ ou ][ 7a ] } { [ k ] } { [ hw8f7yr0ql ] } { [ xr3q5kc6ed ] } { [ 4 ] } { [ q2q ] } { [ 7oe3qbl ] } { [ glafekp ][ cqd ] } { [ 5vfokwdj8 ] } { [ gsg ] } { [ d511 ] } { [ 3wuk7rvu ] }
despues de filtrar: { [ at ][ tpxlufpxw ][ p ][ dg0hkepd ] } { [ myft ][ ou ][ 7a ] } { [ k ] } { [ glafekp ][ cqd ] } { [ gsg ] }
antes   de colapsar { [ at ][ tpxlufpxw ][ p ][ dg0hkepd ] } { [ myft ][ ou ][ 7a ] } { [ k ][ to3xtjb5v ] } { [ glafekp ][ cqd ][ amh ] } { [ gsg ][ 9x ] } { [ fxp ] } { [ p ] } { [ ykhehgg ] } { [ md5x2f56mb ] } { [ 1 ] }
despues de colapsar { [ at ][ tpxlufpxw ][ p ][ dg0hkepd ] } { [ myft ][ ou ][ 7a ] } { [ k ][ to3xtjb5v ] } { [ glafekp ][ cqd ][ amh ] } { [ gsg ][ 9x ] } { [ fxp ] } { [ p ] } { [ ykhehgg ] } { [ md5x2f56mb ] } { [ 1 ] }
antes   de filtrar: { [ at ][ tpxlufpxw ][ p ][ dg0hkepd ] } { [ myft ][ ou ][ 7a ] } { [ k ][ to3xtjb5v ] } { [ glafekp ][ cqd ][ amh ] } { [ gsg ][ 9x ] } { [ fxp ] } { [ p ] } { [ ykhehgg ] } { [ md5x2f56mb ] } { [ 1 ] } { [ yvx3x ] } { [ yttg4f74p0 ] }
despues de filtrar: { [ at ][ tpxlufpxw ][ p ][ dg0hkepd ] } { [ myft ][ ou ][ 7a ] } { [ k ][ to3xtjb5v ] } { [ glafekp ][ cqd ][ amh ] } { [ gsg ][ 9x ] } { [ fxp ] } { [ p ] } { [ ykhehgg ] }
antes   de colapsar { [ at ][ tpxlufpxw ][ p ][ dg0hkepd ] } { [ myft ][ ou ][ 7a ][ 43 ] } { [ k ][ to3xtjb5v ] } { [ glafekp ][ cqd ][ amh ] } { [ gsg ][ 9x ] } { [ fxp ] } { [ p ] } { [ ykhehgg ] } { [ km1de1t0at ] } { [ re ] } { [ 04yl ][ 5b09g855 ][ a638y2aa9x ] } { [ l6b ] } { [ 6ko3qgsin7 ] } { [ pv7xqvjwki ] } { [ so ] } { [ 5389cgv39 ] } { [ 1oc3i ] }
despues de colapsar { [ at ][ tpxlufpxw ][ p ][ dg0hkepd ] } { [ myft ][ ou ][ 7a ][ 43 ] } { [ k ][ to3xtjb5v ] } { [ glafekp ][ cqd ][ amh ] } { [ gsg ][ 9x ] } { [ fxp ] } { [ p ] } { [ ykhehgg ] } { [ km1de1t0at ] } { [ re ] } { [ 0a5643b8yy ] } { [ l6b ] } { [ 6ko3qgsin7 ] } { [ pv7xqvjwki ] } { [ so ] } { [ 5389cgv39 ] } { [ 1oc3i ] }
antes   de colapsar { [ 74.614170 ] }
despues de colapsar { [ 74.614170 ] }
antes   de colapsar { [ 74.614170 ] }
despues de colapsar { [ 74.614170 ] }
antes   de filtrar: { [ 74.614170 ][ 54.903867 ] } { [ 52.806868 ] } { [ 71.900811 ] } { [ 60.373322 ] } { [ 19.029223 ] } { [ 5.035488 ] }
despues de filtrar: { [ 60.373322 ] } { [ 19.029223 ] } { [ 5.035488 ] }
antes   de filtrar: { [ 60.373322 ][ 57.395889 ] } { [ 19.029223 ][ -24.529948 ] } { [ 5.035488 ][ 9.309332 ] } { [ 48.429064 ] } { [ 67.421836 ][ 58.290164 ] } { [ 33.488023 ] } { [ 4.315854 ] } { [ 4.518899 ][ -24.646922 ] } { [ 20.284969 ] } { [ 5.745420 ][ 26.521282 ] }
despues de filtrar: { [ 60.373322 ][ 57.395889 ] } { [ 19.029223 ][ -24.529948 ] } { [ 5.035488 ][ 9.309332 ] } { [ 48.429064 ] } { [ 67.421836 ][ 58.290164 ] } { [ 33.488023 ] } { [ 4.315854 ] } { [ 20.284969 ] }
antes   de colapsar { [ 60.373322 ][ 57.395889 ] } { [ 19.029223 ][ -24.529948 ] } { [ 5.035488 ][ 9.309332 ] } { [ 48.429064 ][ -18.882775 ] } { [ 67.421836 ][ 58.290164 ] } { [ 33.488023 ] } { [ 4.315854 ] } { [ 20.284969 ] } { [ 8.018741 ] } { [ 11.199255 ] } { [ -19.862157 ] }
despues de colapsar { [ 60.373322 ][ 57.395889 ] } { [ 19.029223 ][ -24.529948 ] } { [ 5.035488 ][ 9.309332 ] } { [ 48.429064 ][ -18.882775 ] } { [ 67.421836 ][ 58.290164 ] } { [ 33.488023 ] } { [ 4.315854 ] } { [ 20.284969 ] } { [ 8.018741 ] } { [ 11.199255 ] } { [ -19.862157 ] }
antes   de colapsar { [ 60.373322 ][ 57.395889 ] } { [ 19.029223 ][ -24.529948 ] } { [ 5.035488 ][ 9.309332 ] } { [ 48.429064 ][ -18.882775 ] } { [ 67.421836 ][ 58.290164 ] } { [ 33.488023 ] } { [ 4.315854 ] } { [ 20.284969 ] } { [ 8.018741 ] } { [ 11.199255 ] } { [ -19.862157 ] }
despues de colapsar { [ 60.373322 ][ 57.395889 ] } { [ 19.029223 ][ -24.529948 ] } { [ 5.035488 ][ 9.309332 ] } { [ 48.429064 ][ -18.882775 ] } { [ 67.421836 ][ 58.290164 ] } { [ 33.488023 ] } { [ 4.315854 ] } { [ 20.284969 ] } { [ 8.018741 ] } { [ 11.199255 ] } { [ -19.862157 ] }
antes   de filtrar: { [ 60.373322 ][ 57.395889 ] } { [ 19.029223 ][ -24.529948 ] } { [ 5.035488 ][ 9.309332 ] } { [ 48.429064 ][ -18.882775 ] } { [ 67.421836 ][ 58.290164 ] } { [ 33.488023 ] } { [ 4.315854 ] } { [ 20.284969 ] } { [ 8.018741 ] } { [ 11.199255 ] } { [ -19.862157 ] }
despues de filtrar: { [ 60.373322 ][ 57.395889 ] } { [ 19.029223 ][ -24.529948 ] } { [ 5.035488 ][ 9.309332 ] } { [ 48.429064 ][ -18.882775 ] } { [ 67.421836 ][ 58.290164 ] } { [ 33.488023 ] } { [ 4.315854 ] } { [ 20.284969 ] } { [ 8.018741 ] } { [ 11.199255 ] } { [ -19.862157 ] }
antes   de filtrar: { [ 60.373322 ][ 57.395889 ] } { [ 19.029223 ][ -24.529948 ][ -1.568333 ] } { [ 5.035488 ][ 9.309332 ] } { [ 48.429064 ][ -18.882775 ] } { [ 67.421836 ][ 58.290164 ] } { [ 33.488023 ] } { [ 4.315854 ] } { [ 20.284969 ] } { [ 8.018741 ] } { [ 11.199255 ] } { [ -19.862157 ] } { [ 7.727570 ] } { [ 0.922561 ] } { [ 45.398626 ] } { [ 4.197479 ] } { [ 52.872669 ] } { [ -23.525820 ] } { [ 64.005777 ] } { [ -14.814052 ] } { [ 22.927835 ] }
despues de filtrar: { [ 60.373322 ][ 57.395889 ] } { [ 19.029223 ][ -24.529948 ][ -1.568333 ] } { [ 5.035488 ][ 9.309332 ] } { [ 48.429064 ][ -18.882775 ] } { [ 67.421836 ][ 58.290164 ] } { [ 33.488023 ] } { [ 4.315854 ] } { [ 20.284969 ] } { [ 8.018741 ] } { [ 11.199255 ] } { [ -19.862157 ] } { [ 45.398626 ] } { [ 4.197479 ] } { [ -23.525820 ] } { [ 64.005777 ] } { [ -14.814052 ] }
antes   de colapsar { [ 60.373322 ][ 57.395889 ] } { [ 19.029223 ][ -24.529948 ][ -1.568333 ] } { [ 5.035488 ][ 9.309332 ] } { [ 48.429064 ][ -18.882775 ] } { [ 67.421836 ][ 58.290164 ] } { [ 33.488023 ] } { [ 4.315854 ] } { [ 20.284969 ] } { [ 8.018741 ] } { [ 11.199255 ] } { [ -19.862157 ] } { [ 45.398626 ] } { [ 4.197479 ] } { [ -23.525820 ] } { [ 64.005777 ] } { [ -14.814052 ] } { [ -4.414711 ] }
despues de colapsar { [ 60.373322 ][ 57.395889 ] } { [ 19.029223 ][ -24.529948 ][ -1.568333 ] } { [ 5.035488 ][ 9.309332 ] } { [ 48.429064 ][ -18.882775 ] } { [ 67.421836 ][ 58.290164 ] } { [ 33.488023 ] } { [ 4.315854 ] } { [ 20.284969 ] } { [ 8.018741 ] } { [ 11.199255 ] } { [ -19.862157 ] } { [ 45.398626 ] } { [ 4.197479 ] } { [ -23.525820 ] } { [ 64.005777 ] } { [ -14.814052 ] } { [ -4.414711 ] }
antes   de filtrar: { [ 60.373322 ][ 57.395889 ] } { [ 19.029223 ][ -24.529948 ][ -1.568333 ] } { [ 5.035488 ][ 9.309332 ] } { [ 48.429064 ][ -18.882775 ] } { [ 67.421836 ][ 58.290164 ] } { [ 33.488023 ] } { [ 4.315854 ] } { [ 20.284969 ] } { [ 8.018741 ] } { [ 11.199255 ] } { [ -19.862157 ] } { [ 45.398626 ] } { [ 4.197479 ] } { [ -23.525820 ] } { [ 64.005777 ] } { [ -14.814052 ] } { [ -4.414711 ] } { [ 52.746829 ] }
despues de filtrar: { [ 60.373322 ][ 57.395889 ] } { [ 19.029223 ][ -24.529948 ][ -1.568333 ] } { [ 5.035488 ][ 9.309332 ] } { [ 48.429064 ][ -18.882775 ] } { [ 67.421836 ][ 58.290164 ] } { [ 33.488023 ] } { [ 4.315854 ] } { [ 20.284969 ] } { [ 8.018741 ] } { [ 11.199255 ] } { [ -19.862157 ] } { [ 45.398626 ] } { [ 4.197479 ] } { [ -23.525820 ] } { [ 64.005777 ] } { [ -14.814052 ] } { [ -4.414711 ] }
antes   de filtrar: { [ -1.780810 ] } { [ 29.180766 ] } { [ 20.034094 ] } { [ 71.908457 ] } { [ 25.703757 ][ 32.472436 ] } { [ -13.375385 ] }
despues de filtrar: { [ -1.780810 ] } { [ 29.180766 ] } { [ 20.034094 ] } { [ -13.375385 ] }
antes   de colapsar { [ -1.780810 ] } { [ 29.180766 ] } { [ 20.034094 ] } { [ -13.375385 ] } { [ -18.049046 ] } { [ 62.781405 ] } { [ -13.884924 ] } { [ 26.018806 ] }
despues de colapsar { [ -1.780810 ] } { [ 29.180766 ] } { [ 20.034094 ] } { [ -13.375385 ] } { [ -18.049046 ] } { [ 62.781405 ] } { [ -13.884924 ] } { [ 26.018806 ] }
antes   de colapsar { [ -1.780810 ] } { [ 29.180766 ][ 0.132178 ] } { [ 20.034094 ] } { [ -13.375385 ][ 34.970863 ] } { [ -18.049046 ] } { [ 62.781405 ] } { [ -13.884924 ] } { [ 26.018806 ] } { [ -5.204250 ] } { [ 40.547604 ] } { [ -4.973690 ] } { [ 21.727300 ] } { [ 62.127019 ] } { [ 41.980815 ] }
despues de colapsar { [ -1.780810 ] } { [ 29.180766 ][ 0.132178 ] } { [ 20.034094 ] } { [ -13.375385 ][ 34.970863 ] } { [ -18.049046 ] } { [ 62.781405 ] } { [ -13.884924 ] } { [ 26.018806 ] } { [ -5.204250 ] } { [ 40.547604 ] } { [ -4.973690 ] } { [ 21.727300 ] } { [ 62.127019 ] } { [ 41.980815 ] }
antes   de filtrar: { [ -1.780810 ] } { [ 29.180766 ][ 0.132178 ] } { [ 20.034094 ] } { [ -13.375385 ][ 34.970863 ] } { [ -18.049046 ] } { [ 62.781405 ] } { [ -13.884924 ] } { [ 26.018806 ][ -7.130342 ] } { [ -5.204250 ] } { [ 40.547604 ] } { [ -4.973690 ] } { [ 21.727300 ] } { [ 62.127019 ][ 62.123693 ] } { [ 41.980815 ] } { [ 63.320650 ] } { [ -3.289678 ] }
despues de filtrar: { [ -1.780810 ] } { [ 29.180766 ][ 0.132178 ] } { [ 20.034094 ] } { [ -13.375385 ][ 34.970863 ] } { [ -18.049046 ] } { [ -13.884924 ] } { [ 26.018806 ][ -7.130342 ] } { [ -5.204250 ] } { [ -4.973690 ] } { [ 62.127019 ][ 62.123693 ] } { [ 63.320650 ] } { [ -3.289678 ] }
antes   de colapsar { [ -1.780810 ] } { [ 29.180766 ][ 0.132178 ] } { [ 20.034094 ] } { [ -13.375385 ][ 34.970863 ] } { [ -18.049046 ] } { [ -13.884924 ] } { [ 26.018806 ][ -7.130342 ] } { [ -5.204250 ] } { [ -4.973690 ] } { [ 62.127019 ][ 62.123693 ] } { [ 63.320650 ] } { [ -3.289678 ] } { [ -14.742207 ] } { [ -22.219891 ] }
despues de colapsar { [ -1.780810 ] } { [ 29.180766 ][ 0.132178 ] } { [ 20.034094 ] } { [ -13.375385 ][ 34.970863 ] } { [ -18.049046 ] } { [ -13.884924 ] } { [ 26.018806 ][ -7.130342 ] } { [ -5.204250 ] } { [ -4.973690 ] } { [ 62.127019 ][ 62.123693 ] } { [ 63.320650 ] } { [ -3.289678 ] } { [ -14.742207 ] } { [ -22.219891 ] }
antes   de filtrar: { [ -1.780810 ] } { [ 29.180766 ][ 0.132178 ] } { [ 20.034094 ] } { [ -13.375385 ][ 34.970863 ] } { [ -18.049046 ] } { [ -13.884924 ] } { [ 26.018806 ][ -7.130342 ] } { [ -5.204250 ] } { [ -4.973690 ] } { [ 62.127019 ][ 62.123693 ] } { [ 63.320650 ] } { [ -3.289678 ] } { [ -14.742207 ] } { [ -22.219891 ] }
despues de filtrar: { [ -1.780810 ] } { [ 29.180766 ][ 0.132178 ] } { [ 20.034094 ] } { [ -13.375385 ][ 34.970863 ] } { [ -18.049046 ] } { [ -13.884924 ] } { [ 26.018806 ][ -7.130342 ] } { [ -5.204250 ] } { [ -4.973690 ] } { [ 62.127019 ][ 62.123693 ] } { [ 63.320650 ] } { [ -3.289678 ] } { [ -14.742207 ] } { [ -22.219891 ] }
antes   de colapsar { [ -1.780810 ] } { [ 29.180766 ][ 0.132178 ] } { [ 20.034094 ] } { [ -13.375385 ][ 34.970863 ] } { [ -18.049046 ] } { [ -13.884924 ] } { [ 26.018806 ][ -7.130342 ] } { [ -5.204250 ] } { [ -4.973690 ] } { [ 62.127019 ][ 62.123693 ] } { [ 63.320650 ] } { [ -3.289678 ] } { [ -14.742207 ] } { [ -22.219891 ] }
despues de colapsar { [ -1.780810 ] } { [ 29.180766 ][ 0.132178 ] } { [ 20.034094 ] } { [ -13.375385 ][ 34.970863 ] } { [ -18.049046 ] } { [ -13.884924 ] } { [ 26.018806 ][ -7.130342 ] } { [ -5.204250 ] } { [ -4.973690 ] } { [ 62.127019 ][ 62.123693 ] } { [ 63.320650 ] } { [ -3.289678 ] } { [ -14.742207 ] } { [ -22.219891 ] }
antes   de filtrar: { [ -1.780810 ] } { [ 29.180766 ][ 0.132178 ] } { [ 20.034094 ] } { [ -13.375385 ][ 34.970863 ] } { [ -18.049046 ] } { [ -13.884924 ] } { [ 26.018806 ][ -7.130342 ] } { [ -5.204250 ] } { [ -4.973690 ] } { [ 62.127019 ][ 62.123693 ] } { [ 63.320650 ] } { [ -3.289678 ] } { [ -14.742207 ] } { [ -22.219891 ] } { [ 50.930708 ][ 51.894814 ] } { [ 37.989489 ] } { [ 35.361371 ] } { [ 40.589670 ] } { [ -14.600373 ] } { [ 34.534340 ] } { [ 40.016121 ][ 32.921521 ] }
despues de filtrar: { [ -1.780810 ] } { [ 29.180766 ][ 0.132178 ] } { [ 20.034094 ] } { [ -13.375385 ][ 34.970863 ] } { [ -18.049046 ] } { [ -13.884924 ] } { [ 26.018806 ][ -7.130342 ] } { [ -5.204250 ] } { [ -4.973690 ] } { [ 62.127019 ][ 62.123693 ] } { [ 63.320650 ] } { [ -3.289678 ] } { [ -14.742207 ] } { [ -22.219891 ] } { [ 35.361371 ] } { [ -14.600373 ] } { [ 40.016121 ][ 32.921521 ] }
antes   de colapsar { [ -1.780810 ][ 57.308692 ] } { [ 29.180766 ][ 0.132178 ] } { [ 20.034094 ][ 69.175869 ][ -10.465640 ] } { [ -13.375385 ][ 34.970863 ] } { [ -18.049046 ] } { [ -13.884924 ] } { [ 26.018806 ][ -7.130342 ] } { [ -5.204250 ] } { [ -4.973690 ] } { [ 62.127019 ][ 62.123693 ][ 16.447045 ] } { [ 63.320650 ] } { [ -3.289678 ] } { [ -14.742207 ] } { [ -22.219891 ] } { [ 35.361371 ][ 48.319099 ] } { [ -14.600373 ] } { [ 40.016121 ][ 32.921521 ] } { [ -22.715249 ] } { [ 70.500208 ] } { [ 42.295487 ] } { [ 64.685323 ] }
despues de colapsar { [ -1.780810 ][ 57.308692 ] } { [ 29.180766 ][ 0.132178 ] } { [ 20.034094 ][ 69.175869 ][ -10.465640 ] } { [ -13.375385 ][ 34.970863 ] } { [ -18.049046 ] } { [ -13.884924 ] } { [ 26.018806 ][ -7.130342 ] } { [ -5.204250 ] } { [ -4.973690 ] } { [ 62.127019 ][ 62.123693 ][ 16.447045 ] } { [ 63.320650 ] } { [ -3.289678 ] } { [ -14.742207 ] } { [ -22.219891 ] } { [ 35.361371 ][ 48.319099 ] } { [ -14.600373 ] } { [ 40.016121 ][ 32.921521 ] } { [ -22.715249 ] } { [ 70.500208 ] } { [ 42.295487 ] } { [ 64.685323 ] }
antes   de filtrar: { [ -1.780810 ][ 57.308692 ] } { [ 29.180766 ][ 0.132178 ] } { [ 20.034094 ][ 69.175869 ][ -10.465640 ] } { [ -13.375385 ][ 34.970863 ] } { [ -18.049046 ] } { [ -13.884924 ] } { [ 26.018806 ][ -7.130342 ] } { [ -5.204250 ] } { [ -4.973690 ] } { [ 62.127019 ][ 62.123693 ][ 16.447045 ] } { [ 63.320650 ] } { [ -3.289678 ] } { [ -14.742207 ] } { [ -22.219891 ] } { [ 35.361371 ][ 48.319099 ] } { [ -14.600373 ] } { [ 40.016121 ][ 32.921521 ] } { [ -22.715249 ] } { [ 70.500208 ] } { [ 42.295487 ] } { [ 64.685323 ] }
despues de filtrar: { [ -1.780810 ][ 57.308692 ] } { [ 29.180766 ][ 0.132178 ] } { [ 20.034094 ][ 69.175869 ][ -10.465640 ] } { [ -13.375385 ][ 34.970863 ] } { [ -18.049046 ] } { [ -13.884924 ] } { [ 26.018806 ][ -7.130342 ] } { [ -5.204250 ] } { [ -4.973690 ] } { [ 62.127019 ][ 62.123693 ][ 16.447045 ] } { [ 63.320650 ] } { [ -3.289678 ] } { [ -14.742207 ] } { [ -22.219891 ] } { [ 35.361371 ][ 48.319099 ] } { [ -14.600373 ] } { [ 40.016121 ][ 32.921521 ] } { [ -22.715249 ] } { [ 42.295487 ] }
antes   de filtrar: { [ 62.733480 ] } { [ 26.532274 ] } { [ 62.567506 ] } { [ 51.533814 ] } { [ 30.933093 ] } { [ -17.557274 ] } { [ -4.210942 ] } { [ 40.022570 ] } { [ 50.880328 ][ 23.752325 ] } { [ -17.492215 ] } { [ -21.614079 ][ 46.041229 ] } { [ -3.117539 ] } { [ 55.141449 ] }
despues de filtrar: { [ -17.557274 ] } { [ -4.210942 ] } { [ 40.022570 ] } { [ -17.492215 ] } { [ -21.614079 ][ 46.041229 ] } { [ -3.117539 ] } { [ 55.141449 ] }
antes   de colapsar { [ -17.557274 ] } { [ -4.210942 ] } { [ 40.022570 ] } { [ -17.492215 ] } { [ -21.614079 ][ 46.041229 ] } { [ -3.117539 ] } { [ 55.141449 ] } { [ -14.120882 ] } { [ 24.342742 ] }
despues de colapsar { [ -17.557274 ] } { [ -4.210942 ] } { [ 40.022570 ] } { [ -17.492215 ] } { [ -21.614079 ][ 46.041229 ] } { [ -3.117539 ] } { [ 55.141449 ] } { [ -14.120882 ] } { [ 24.342742 ] }
antes   de colapsar { [ -17.557274 ][ 50.687579 ] } { [ -4.210942 ] } { [ 40.022570 ] } { [ -17.492215 ][ -24.402687 ] } { [ -21.614079 ][ 46.041229 ] } { [ -3.117539 ] } { [ 55.141449 ] } { [ -14.120882 ] } { [ 24.342742 ] } { [ 56.092404 ] } { [ 47.771016 ] } { [ 38.699244 ] } { [ 1.693057 ] }
despues de colapsar { [ -17.557274 ][ 50.687579 ] } { [ -4.210942 ] } { [ 40.022570 ] } { [ -17.492215 ][ -24.402687 ] } { [ -21.614079 ][ 46.041229 ] } { [ -3.117539 ] } { [ 55.141449 ] } { [ -14.120882 ] } { [ 24.342742 ] } { [ 56.092404 ] } { [ 47.771016 ] } { [ 38.699244 ] } { [ 1.693057 ] }
antes   de filtrar: { [ -17.557274 ][ 50.687579 ] } { [ -4.210942 ] } { [ 40.022570 ] } { [ -17.492215 ][ -24.402687 ] } { [ -21.614079 ][ 46.041229 ] } { [ -3.117539 ][ 23.763715 ] } { [ 55.141449 ] } { [ -14.120882 ] } { [ 24.342742 ] } { [ 56.092404 ][ -0.903362 ] } { [ 47.771016 ] } { [ 38.699244 ] } { [ 1.693057 ] } { [ -21.174389 ] } { [ 70.844958 ] } { [ 61.075840 ] } { [ -9.689999 ] }
despues de filtrar: { [ -17.557274 ][ 50.687579 ] } { [ -4.210942 ] } { [ 40.022570 ] } { [ -17.492215 ][ -24.402687 ] } { [ -21.614079 ][ 46.041229 ] } { [ -3.117539 ][ 23.763715 ] } { [ 55.141449 ] } { [ -14.120882 ] } { [ 24.342742 ] } { [ 56.092404 ][ -0.903362 ] } { [ -21.174389 ] } { [ 61.075840 ] } { [ -9.689999 ] }
antes   de colapsar { [ -17.557274 ][ 50.687579 ][ 31.425755 ] } { [ -4.210942 ] } { [ 40.022570 ] } { [ -17.492215 ][ -24.402687 ] } { [ -21.614079 ][ 46.041229 ] } { [ -3.117539 ][ 23.763715 ] } { [ 55.141449 ] } { [ -14.120882 ] } { [ 24.342742 ] } { [ 56.092404 ][ -0.903362 ] } { [ -21.174389 ] } { [ 61.075840 ] } { [ -9.689999 ] } { [ 34.160934 ] }
despues de colapsar { [ -17.557274 ][ 50.687579 ][ 31.425755 ] } { [ -4.210942 ] } { [ 40.022570 ] } { [ -17.492215 ][ -24.402687 ] } { [ -21.614079 ][ 46.041229 ] } { [ -3.117539 ][ 23.763715 ] } { [ 55.141449 ] } { [ -14.120882 ] } { [ 24.342742 ] } { [ 56.092404 ][ -0.903362 ] } { [ -21.174389 ] } { [ 61.075840 ] } { [ -9.689999 ] } { [ 34.160934 ] }
antes   de filtrar: { [ -17.557274 ][ 50.687579 ][ 31.425755 ] } { [ -4.210942 ] } { [ 40.022570 ] } { [ -17.492215 ][ -24.402687 ] } { [ -21.614079 ][ 46.041229 ] } { [ -3.117539 ][ 23.763715 ] } { [ 55.141449 ][ -4.505932 ] } { [ -14.120882 ] } { [ 24.342742 ] } { [ 56.092404 ][ -0.903362 ] } { [ -21.174389 ] } { [ 61.075840 ] } { [ -9.689999 ] } { [ 34.160934 ] } { [ -7.836291 ][ 37.196805 ] } { [ 46.163911 ] }
despues de filtrar: { [ -17.557274 ][ 50.687579 ][ 31.425755 ] } { [ -4.210942 ] } { [ 40.022570 ] } { [ -17.492215 ][ -24.402687 ] } { [ -21.614079 ][ 46.041229 ] } { [ -3.117539 ][ 23.763715 ] } { [ 55.141449 ][ -4.505932 ] } { [ -14.120882 ] } { [ 24.342742 ] } { [ 56.092404 ][ -0.903362 ] } { [ -21.174389 ] } { [ 61.075840 ] } { [ -9.689999 ] } { [ 34.160934 ] } { [ -7.836291 ][ 37.196805 ] } { [ 46.163911 ] }
antes   de colapsar { [ -17.557274 ][ 50.687579 ][ 31.425755 ] } { [ -4.210942 ] } { [ 40.022570 ] } { [ -17.492215 ][ -24.402687 ] } { [ -21.614079 ][ 46.041229 ] } { [ -3.117539 ][ 23.763715 ] } { [ 55.141449 ][ -4.505932 ] } { [ -14.120882 ] } { [ 24.342742 ] } { [ 56.092404 ][ -0.903362 ] } { [ -21.174389 ] } { [ 61.075840 ] } { [ -9.689999 ][ 63.101238 ] } { [ 34.160934 ] } { [ -7.836291 ][ 37.196805 ] } { [ 46.163911 ] } { [ 47.010779 ] }
despues de colapsar { [ -17.557274 ][ 50.687579 ][ 31.425755 ] } { [ -4.210942 ] } { [ 40.022570 ] } { [ -17.492215 ][ -24.402687 ] } { [ -21.614079 ][ 46.041229 ] } { [ -3.117539 ][ 23.763715 ] } { [ 55.141449 ][ -4.505932 ] } { [ -14.120882 ] } { [ 24.342742 ] } { [ 56.092404 ][ -0.903362 ] } { [ -21.174389 ] } { [ 61.075840 ] } { [ -9.689999 ][ 63.101238 ] } { [ 34.160934 ] } { [ -7.836291 ][ 37.196805 ] } { [ 46.163911 ] } { [ 47.010779 ] }
antes   de filtrar: { [ -17.557274 ][ 50.687579 ][ 31.425755 ] } { [ -4.210942 ] } { [ 40.022570 ] } { [ -17.492215 ][ -24.402687 ][ -14.966673 ] } { [ -21.614079 ][ 46.041229 ] } { [ -3.117539 ][ 23.763715 ] } { [ 55.141449 ][ -4.505932 ] } { [ -14.120882 ] } { [ 24.342742 ] } { [ 56.092404 ][ -0.903362 ] } { [ -21.174389 ] } { [ 61.075840 ] } { [ -9.689999 ][ 63.101238 ][ -23.385663 ] } { [ 34.160934 ] } { [ -7.836291 ][ 37.196805 ] } { [ 46.163911 ] } { [ 47.010779 ] } { [ 47.248347 ] } { [ 59.059409 ] } { [ -22.915851 ] } { [ -6.766522 ] } { [ 64.939831 ] } { [ 54.198528 ] } { [ 7.386588 ] } { [ 16.681348 ] }
despues de filtrar: { [ -17.557274 ][ 50.687579 ][ 31.425755 ] } { [ -4.210942 ] } { [ 40.022570 ] } { [ -17.492215 ][ -24.402687 ][ -14.966673 ] } { [ -21.614079 ][ 46.041229 ] } { [ -3.117539 ][ 23.763715 ] } { [ 55.141449 ][ -4.505932 ] } { [ -14.120882 ] } { [ 24.342742 ] } { [ 56.092404 ][ -0.903362 ] } { [ -21.174389 ] } { [ 61.075840 ] } { [ -9.689999 ][ 63.101238 ][ -23.385663 ] } { [ 34.160934 ] } { [ -7.836291 ][ 37.196805 ] } { [ 46.163911 ] } { [ 47.010779 ] } { [ 47.248347 ] } { [ 59.059409 ] } { [ -22.915851 ] } { [ -6.766522 ] } { [ 54.198528 ] } { [ 7.386588 ] }
antes   de colapsar { [ -17.557274 ][ 50.687579 ][ 31.425755 ] } { [ -4.210942 ] } { [ 40.022570 ] } { [ -17.492215 ][ -24.402687 ][ -14.966673 ] } { [ -21.614079 ][ 46.041229 ] } { [ -3.117539 ][ 23.763715 ] } { [ 55.141449 ][ -4.505932 ] } { [ -14.120882 ] } { [ 24.342742 ] } { [ 56.092404 ][ -0.903362 ] } { [ -21.174389 ] } { [ 61.075840 ] } { [ -9.689999 ][ 63.101238 ][ -23.385663 ] } { [ 34.160934 ] } { [ -7.836291 ][ 37.196805 ] } { [ 46.163911 ] } { [ 47.010779 ] } { [ 47.248347 ] } { [ 59.059409 ] } { [ -22.915851 ] } { [ -6.766522 ] } { [ 54.198528 ] } { [ 7.386588 ] }
despues de colapsar { [ -17.557274 ][ 50.687579 ][ 31.425755 ] } { [ -4.210942 ] } { [ 40.022570 ] } { [ -17.492215 ][ -24.402687 ][ -14.966673 ] } { [ -21.614079 ][ 46.041229 ] } { [ -3.117539 ][ 23.763715 ] } { [ 55.141449 ][ -4.505932 ] } { [ -14.120882 ] } { [ 24.342742 ] } { [ 56.092404 ][ -0.903362 ] } { [ -21.174389 ] } { [ 61.075840 ] } { [ -9.689999 ][ 63.101238 ][ -23.385663 ] } { [ 34.160934 ] } { [ -7.836291 ][ 37.196805 ] } { [ 46.163911 ] } { [ 47.010779 ] } { [ 47.248347 ] } { [ 59.059409 ] } { [ -22.915851 ] } { [ -6.766522 ] } { [ 54.198528 ] } { [ 7.386588 ] }
antes   de filtrar: { [ -17.557274 ][ 50.687579 ][ 31.425755 ] } { [ -4.210942 ] } { [ 40.022570 ] } { [ -17.492215 ][ -24.402687 ][ -14.966673 ] } { [ -21.614079 ][ 46.041229 ] } { [ -3.117539 ][ 23.763715 ] } { [ 55.141449 ][ -4.505932 ] } { [ -14.120882 ] } { [ 24.342742 ] } { [ 56.092404 ][ -0.903362 ] } { [ -21.174389 ] } { [ 61.075840 ] } { [ -9.689999 ][ 63.101238 ][ -23.385663 ] } { [ 34.160934 ] } { [ -7.836291 ][ 37.196805 ] } { [ 46.163911 ] } { [ 47.010779 ] } { [ 47.248347 ] } { [ 59.059409 ] } { [ -22.915851 ] } { [ -6.766522 ] } { [ 54.198528 ] } { [ 7.386588 ] }
despues de filtrar: { [ -17.557274 ][ 50.687579 ][ 31.425755 ] } { [ -4.210942 ] } { [ 40.022570 ] } { [ -17.492215 ][ -24.402687 ][ -14.966673 ] } { [ -21.614079 ][ 46.041229 ] } { [ -3.117539 ][ 23.763715 ] } { [ 55.141449 ][ -4.505932 ] } { [ -14.120882 ] } { [ 24.342742 ] } { [ 56.092404 ][ -0.903362 ] } { [ -21.174389 ] } { [ 61.075840 ] } { [ -9.689999 ][ 63.101238 ][ -23.385663 ] } { [ 34.160934 ] } { [ -7.836291 ][ 37.196805 ] } { [ 46.163911 ] } { [ 47.010779 ] } { [ 47.248347 ] } { [ 59.059409 ] } { [ -22.915851 ] } { [ -6.766522 ] } { [ 54.198528 ] } { [ 7.386588 ] }
antes   de filtrar: <vacia>
despues de filtrar: <vacia>
antes   de colapsar <vacia>
despues de colapsar <vacia>
antes   de filtrar: { [ 370 ] }
despues de filtrar: <vacia>
antes   de filtrar: { [ 7127 ] } { [ 421 ][ 219 ][ 5209 ] } { [ 3540 ][ 3626 ][ 2766 ] } { [ 6897 ][ 364 ] } { [ 762 ] } { [ 9951 ] } { [ 444 ] } { [ 7950 ] } { [ 1977 ] } { [ 2060 ] } { [ 6206 ] }
despues de filtrar: { [ 7127 ] } { [ 421 ][ 219 ][ 5209 ] } { [ 6897 ][ 364 ] } { [ 762 ] } { [ 9951 ] } { [ 444 ] } { [ 1977 ] }
antes   de colapsar { [ 7127 ] } { [ 421 ][ 219 ][ 5209 ] } { [ 6897 ][ 364 ] } { [ 762 ] } { [ 9951 ] } { [ 444 ] } { [ 1977 ] }
despues de colapsar { [ 7127 ] } { [ 421 ][ 219 ][ 5209 ] } { [ 6897 ][ 364 ] } { [ 762 ] } { [ 9951 ] } { [ 444 ] } { [ 1977 ] }
antes   de colapsar { [ 7127 ][ 2536 ] } { [ 421 ][ 219 ][ 5209 ] } { [ 6897 ][ 364 ] } { [ 762 ] } { [ 9951 ] } { [ 444 ] } { [ 1977 ][ 3830 ] } { [ 4921 ] } { [ 4487 ] } { [ 7974 ] } { [ 8441 ] } { [ 1631 ] } { [ 1460 ] } { [ 4985 ] } { [ 3976 ] }
despues de colapsar { [ 7127 ][ 2536 ] } { [ 421 ][ 219 ][ 5209 ] } { [ 6897 ][ 364 ] } { [ 762 ] } { [ 9951 ] } { [ 444 ] } { [ 1977 ][ 3830 ] } { [ 4921 ] } { [ 4487 ] } { [ 7974 ] } { [ 8441 ] } { [ 1631 ] } { [ 1460 ] } { [ 4985 ] } { [ 3976 ] }
antes   de colapsar { [ 7127 ][ 2536 ] } { [ 421 ][ 219 ][ 5209 ] } { [ 6897 ][ 364 ] } { [ 762 ] } { [ 9951 ] } { [ 444 ] } { [ 1977 ][ 3830 ] } { [ 4921 ] } { [ 4487 ] } { [ 7974 ] } { [ 8441 ] } { [ 1631 ] } { [ 1460 ] } { [ 4985 ] } { [ 3976 ] } { [ 6466 ] }
despues de colapsar { [ 7127 ][ 2536 ] } { [ 421 ][ 219 ][ 5209 ] } { [ 6897 ][ 364 ] } { [ 762 ] } { [ 9951 ] } { [ 444 ] } { [ 1977 ][ 3830 ] } { [ 4921 ] } { [ 4487 ] } { [ 7974 ] } { [ 8441 ] } { [ 1631 ] } { [ 1460 ] } { [ 4985 ] } { [ 3976 ] } { [ 6466 ] }
antes   de colapsar { [ 7127 ][ 2536 ] } { [ 421 ][ 219 ][ 5209 ] } { [ 6897 ][ 364 ] } { [ 762 ] } { [ 9951 ][ 9443 ] } { [ 444 ] } { [ 1977 ][ 3830 ] } { [ 4921 ] } { [ 4487 ] } { [ 7974 ] } { [ 8441 ] } { [ 1631 ] } { [ 1460 ] } { [ 4985 ] } { [ 3976 ] } { [ 6466 ] } { [ 1912 ][ 8590 ] } { [ 5375 ] } { [ 8905 ] } { [ 4093 ] } { [ 5232 ] } { [ 3555 ] } { [ 5285 ] } { [ 17 ] }
despues de colapsar { [ 7127 ][ 2536 ] } { [ 421 ][ 219 ][ 5209 ] } { [ 6897 ][ 364 ] } { [ 762 ] } { [ 9951 ][ 9443 ] } { [ 444 ] } { [ 1977 ][ 3830 ] } { [ 4921 ] } { [ 4487 ] } { [ 7974 ] } { [ 8441 ] } { [ 1631 ] } { [ 1460 ] } { [ 4985 ] } { [ 3976 ] } { [ 6466 ] } { [ 1912 ][ 8590 ] } { [ 5375 ] } { [ 8905 ] } { [ 4093 ] } { [ 5232 ] } { [ 3555 ] } { [ 5285 ] } { [ 17 ] }
antes   de filtrar: { [ 7127 ][ 2536 ] } { [ 421 ][ 219 ][ 5209 ] } { [ 6897 ][ 364 ] } { [ 762 ][ 9698 ][ 4920 ] } { [ 9951 ][ 9443 ] } { [ 444 ] } { [ 1977 ][ 3830 ] } { [ 4921 ] } { [ 4487 ] } { [ 7974 ] } { [ 8441 ] } { [ 1631 ] } { [ 1460 ] } { [ 4985 ] } { [ 3976 ] } { [ 6466 ] } { [ 1912 ][ 8590 ] } { [ 5375 ] } { [ 8905 ] } { [ 4093 ] } { [ 5232 ] } { [ 3555 ] } { [ 5285 ] } { [ 17 ] } { [ 9359 ] } { [ 8956 ] } { [ 9620 ] } { [ 6933 ] } { [ 6299 ] }
despues de filtrar: { [ 7127 ][ 2536 ] } { [ 421 ][ 219 ][ 5209 ] } { [ 6897 ][ 364 ] } { [ 762 ][ 9698 ][ 4920 ] } { [ 9951 ][ 9443 ] } { [ 444 ] } { [ 1977 ][ 3830 ] } { [ 4921 ] } { [ 4487 ] } { [ 7974 ] } { [ 8441 ] } { [ 1631 ] } { [ 4985 ] } { [ 3976 ] } { [ 6466 ] } { [ 1912 ][ 8590 ] } { [ 5375 ] } { [ 5232 ] } { [ 3555 ] } { [ 5285 ] } { [ 17 ] } { [ 9359 ] } { [ 8956 ] } { [ 6933 ] } { [ 6299 ] }
antes   de filtrar: { [ 7127 ][ 2536 ] } { [ 421 ][ 219 ][ 5209 ] } { [ 6897 ][ 364 ] } { [ 762 ][ 9698 ][ 4920 ] } { [ 9951 ][ 9443 ] } { [ 444 ] } { [ 1977 ][ 3830 ] } { [ 4921 ] } { [ 4487 ] } { [ 7974 ] } { [ 8441 ] } { [ 1631 ] } { [ 4985 ][ 2498 ] } { [ 3976 ] } { [ 6466 ] } { [ 1912 ][ 8590 ][ 1761 ] } { [ 5375 ] } { [ 5232 ] } { [ 3555 ] } { [ 5285 ] } { [ 17 ] } { [ 9359 ] } { [ 8956 ] } { [ 6933 ][ 2818 ] } { [ 6299 ] } { [ 1855 ] }
despues de filtrar: { [ 7127 ][ 2536 ] } { [ 421 ][ 219 ][ 5209 ] } { [ 6897 ][ 364 ] } { [ 762 ][ 9698 ][ 4920 ] } { [ 9951 ][ 9443 ] } { [ 444 ] } { [ 1977 ][ 3830 ] } { [ 4921 ] } { [ 4487 ] } { [ 7974 ] } { [ 8441 ] } { [ 1631 ] } { [ 4985 ][ 2498 ] } { [ 3976 ] } { [ 6466 ] } { [ 1912 ][ 8590 ][ 1761 ] } { [ 5375 ] } { [ 5232 ] } { [ 3555 ] } { [ 5285 ] } { [ 17 ] } { [ 9359 ] } { [ 8956 ] } { [ 6933 ][ 2818 ] } { [ 6299 ] } { [ 1855 ] }
