antes   de filtrar: { [ 45.445662 ] } { [ 24.596247 ] }
despues de filtrar: { [ 45.445662 ] }
antes   de filtrar: { [ 45.445662 ][ 70.483032 ] }
despues de filtrar: { [ 45.445662 ][ 70.483032 ] }
antes   de filtrar: { [ 45.445662 ][ 70.483032 ][ 24.228076 ] }
despues de filtrar: { [ 45.445662 ][ 70.483032 ][ 24.228076 ] }
antes   de colapsar { [ 45.445662 ][ 70.483032 ][ 24.228076 ] }
despues de colapsar { [ 45.445662 ][ 70.483032 ][ 24.228076 ] }
antes   de colapsar { [ 45.445662 ][ 70.483032 ][ 24.228076 ][ -18.800306 ] } { [ 56.373878 ][ 2.368715 ] } { [ 57.645812 ] }
despues de colapsar { [ 45.445662 ][ 70.483032 ][ 24.228076 ][ -18.800306 ] } { [ 56.373878 ][ 2.368715 ] } { [ 57.645812 ] }
antes   de colapsar { [ 45.445662 ][ 70.483032 ][ 24.228076 ][ -18.800306 ][ 25.532093 ] } { [ 56.373878 ][ 2.368715 ] } { [ 57.645812 ] } { [ 9.927860 ] } { [ -6.972506 ] } { [ -4.069739 ] } { [ 67.196604 ] } { [ 39.199548 ] } { [ 26.269332 ] } { [ 37.512387 ] } { [ 8.483524 ] } { [ 52.007205 ] }
despues de colapsar { [ 45.445662 ][ 70.483032 ][ 24.228076 ][ -18.800306 ][ 25.532093 ] } { [ 56.373878 ][ 2.368715 ] } { [ 57.645812 ] } { [ 9.927860 ] } { [ -6.972506 ] } { [ -4.069739 ] } { [ 67.196604 ] } { [ 39.199548 ] } { [ 26.269332 ] } { [ 37.512387 ] } { [ 8.483524 ] } { [ 52.007205 ] }
antes   de filtrar: { [ 45.445662 ][ 70.483032 ][ 24.228076 ][ -18.800306 ][ 25.532093 ] } { [ 56.373878 ][ 2.368715 ] } { [ 57.645812 ] } { [ 9.927860 ] } { [ -6.972506 ] } { [ -4.069739 ] } { [ 67.196604 ] } { [ 39.199548 ][ 59.168295 ] } { [ 26.269332 ] } { [ 37.512387 ] } { [ 8.483524 ] } { [ 52.007205 ][ 36.549494 ] } { [ 49.566736 ] } { [ 19.357880 ] } { [ 22.947411 ] } { [ 50.766698 ] }
despues de filtrar: { [ 45.445662 ][ 70.483032 ][ 24.228076 ][ -18.800306 ][ 25.532093 ] } { [ 56.373878 ][ 2.368715 ] } { [ -6.972506 ] } { [ -4.069739 ] } { [ 67.196604 ] } { [ 39.199548 ][ 59.168295 ] } { [ 26.269332 ] } { [ 8.483524 ] } { [ 52.007205 ][ 36.549494 ] } { [ 19.357880 ] }
antes   de colapsar { [ 45.445662 ][ 70.483032 ][ 24.228076 ][ -18.800306 ][ 25.532093 ][ 38.637341 ] } { [ 56.373878 ][ 2.368715 ] } { [ -6.972506 ] } { [ -4.069739 ] } { [ 67.196604 ] } { [ 39.199548 ][ 59.168295 ] } { [ 26.269332 ] } { [ 8.483524 ] } { [ 52.007205 ][ 36.549494 ] } { [ 19.357880 ][ 59.648875 ] } { [ -8.331130 ] } { [ 73.102168 ] } { [ -8.287171 ] } { [ 26.413902 ] } { [ -1.909564 ] } { [ 45.081464 ][ 56.374657 ] } { [ 45.620165 ] } { [ 14.583115 ] } { [ 7.442675 ] }
despues de colapsar { [ 45.445662 ][ 70.483032 ][ 24.228076 ][ -18.800306 ][ 25.532093 ][ 38.637341 ] } { [ 56.373878 ][ 2.368715 ] } { [ -6.972506 ] } { [ -4.069739 ] } { [ 67.196604 ] } { [ 39.199548 ][ 59.168295 ] } { [ 26.269332 ] } { [ 8.483524 ] } { [ 52.007205 ][ 36.549494 ] } { [ 19.357880 ][ 59.648875 ] } { [ -8.331130 ] } { [ 73.102168 ] } { [ -8.287171 ] } { [ 26.413902 ] } { [ -1.909564 ] } { [ 45.081464 ][ 56.374657 ] } { [ 45.620165 ] } { [ 14.583115 ] } { [ 7.442675 ] }
antes   de filtrar: { [ 45.445662 ][ 70.483032 ][ 24.228076 ][ -18.800306 ][ 25.532093 ][ 38.637341 ] } { [ 56.373878 ][ 2.368715 ] } { [ -6.972506 ] } { [ -4.069739 ] } { [ 67.196604 ] } { [ 39.199548 ][ 59.168295 ][ 53.177966 ] } { [ 26.269332 ] } { [ 8.483524 ] } { [ 52.007205 ][ 36.549494 ] } { [ 19.357880 ][ 59.648875 ] } { [ -8.331130 ] } { [ 73.102168 ] } { [ -8.287171 ] } { [ 26.413902 ] } { [ -1.909564 ] } { [ 45.081464 ][ 56.374657 ] } { [ 45.620165 ] } { [ 14.583115 ] } { [ 7.442675 ] } { [ 27.337454 ] } { [ -15.922210 ] } { [ -19.202144 ] }
despues de filtrar: { [ 45.445662 ][ 70.483032 ][ 24.228076 ][ -18.800306 ][ 25.532093 ][ 38.637341 ] } { [ 56.373878 ][ 2.368715 ] } { [ -6.972506 ] } { [ -4.069739 ] } { [ 67.196604 ] } { [ 39.199548 ][ 59.168295 ][ 53.177966 ] } { [ 26.269332 ] } { [ 8.483524 ] } { [ 52.007205 ][ 36.549494 ] } { [ 19.357880 ][ 59.648875 ] } { [ -8.331130 ] } { [ 73.102168 ] } { [ -8.287171 ] } { [ 26.413902 ] } { [ -1.909564 ] } { [ 45.081464 ][ 56.374657 ] } { [ 7.442675 ] } { [ 27.337454 ] } { [ -15.922210 ] } { [ -19.202144 ] }
antes   de colapsar { [ 45.445662 ][ 70.483032 ][ 24.228076 ][ -18.800306 ][ 25.532093 ][ 38.637341 ] } { [ 56.373878 ][ 2.368715 ] } { [ -6.972506 ] } { [ -4.069739 ] } { [ 67.196604 ] } { [ 39.199548 ][ 59.168295 ][ 53.177966 ] } { [ 26.269332 ] } { [ 8.483524 ] } { [ 52.007205 ][ 36.549494 ] } { [ 19.357880 ][ 59.648875 ] } { [ -8.331130 ] } { [ 73.102168 ] } { [ -8.287171 ] } { [ 26.413902 ] } { [ -1.909564 ] } { [ 45.081464 ][ 56.374657 ] } { [ 7.442675 ] } { [ 27.337454 ] } { [ -15.922210 ] } { [ -19.202144 ] }
despues de colapsar { [ 45.445662 ][ 70.483032 ][ 24.228076 ][ -18.800306 ][ 25.532093 ][ 38.637341 ] } { [ 56.373878 ][ 2.368715 ] } { [ -6.972506 ] } { [ -4.069739 ] } { [ 67.196604 ] } { [ 39.199548 ][ 59.168295 ][ 53.177966 ] } { [ 26.269332 ] } { [ 8.483524 ] } { [ 52.007205 ][ 36.549494 ] } { [ 19.357880 ][ 59.648875 ] } { [ -8.331130 ] } { [ 73.102168 ] } { [ -8.287171 ] } { [ 26.413902 ] } { [ -1.909564 ] } { [ 45.081464 ][ 56.374657 ] } { [ 7.442675 ] } { [ 27.337454 ] } { [ -15.922210 ] } { [ -19.202144 ] }
antes   de colapsar <vacia>
despues de colapsar <vacia>
antes   de colapsar { [ 5258 ] } { [ 4111 ] }
despues de colapsar { [ 5258 ] } { [ 4111 ] }
antes   de filtrar: { [ 5258 ] } { [ 4111 ] } { [ 5810 ][ 4621 ] } { [ 1284 ] } { [ 7047 ] } { [ 6066 ] } { [ 7819 ] } { [ 7009 ] } { [ 6308 ] } { [ 4279 ][ 360 ] } { [ 9434 ] } { [ 5490 ] } { [ 2036 ] } { [ 6999 ] } { [ 2206 ][ 8534 ] } { [ 583 ] } { [ 4681 ] } { [ 317 ] } { [ 8113 ] }
despues de filtrar: { [ 5258 ] } { [ 4111 ] } { [ 1284 ] } { [ 7819 ] } { [ 4279 ][ 360 ] } { [ 9434 ] } { [ 6999 ] } { [ 583 ] } { [ 4681 ] } { [ 317 ] } { [ 8113 ] }
antes   de colapsar { [ 5258 ] } { [ 4111 ] } { [ 1284 ][ 1089 ] } { [ 7819 ] } { [ 4279 ][ 360 ] } { [ 9434 ] } { [ 6999 ][ 8255 ] } { [ 583 ] } { [ 4681 ] } { [ 317 ] } { [ 8113 ] } { [ 8733 ] } { [ 3728 ] }
despues de colapsar { [ 5258 ] } { [ 4111 ] } { [ 1284 ][ 1089 ] } { [ 7819 ] } { [ 4279 ][ 360 ] } { [ 9434 ] } { [ 6999 ][ 8255 ] } { [ 583 ] } { [ 4681 ] } { [ 317 ] } { [ 8113 ] } { [ 8733 ] } { [ 3728 ] }
antes   de filtrar: { [ 5258 ][ 7419 ] } { [ 4111 ] } { [ 1284 ][ 1089 ] } { [ 7819 ] } { [ 4279 ][ 360 ] } { [ 9434 ] } { [ 6999 ][ 8255 ] } { [ 583 ][ 2288 ] } { [ 4681 ] } { [ 317 ] } { [ 8113 ][ 9391 ] } { [ 8733 ] } { [ 3728 ] } { [ 1590 ] } { [ 2857 ] }
despues de filtrar: { [ 5258 ][ 7419 ] } { [ 4111 ] } { [ 1284 ][ 1089 ] } { [ 7819 ] } { [ 4279 ][ 360 ] } { [ 9434 ] } { [ 6999 ][ 8255 ] } { [ 583 ][ 2288 ] } { [ 4681 ] } { [ 317 ] } { [ 8113 ][ 9391 ] } { [ 8733 ] } { [ 3728 ] } { [ 2857 ] }
antes   de filtrar: { [ 5258 ][ 7419 ] } { [ 4111 ] } { [ 1284 ][ 1089 ] } { [ 7819 ] } { [ 4279 ][ 360 ] } { [ 9434 ] } { [ 6999 ][ 8255 ] } { [ 583 ][ 2288 ] } { [ 4681 ] } { [ 317 ] } { [ 8113 ][ 9391 ] } { [ 8733 ] } { [ 3728 ] } { [ 2857 ] }
despues de filtrar: { [ 5258 ][ 7419 ] } { [ 4111 ] } { [ 1284 ][ 1089 ] } { [ 7819 ] } { [ 4279 ][ 360 ] } { [ 9434 ] } { [ 6999 ][ 8255 ] } { [ 583 ][ 2288 ] } { [ 4681 ] } { [ 317 ] } { [ 8113 ][ 9391 ] } { [ 8733 ] } { [ 3728 ] } { [ 2857 ] }
antes   de filtrar: { [ 5258 ][ 7419 ] } { [ 4111 ] } { [ 1284 ][ 1089 ] } { [ 7819 ] } { [ 4279 ][ 360 ] } { [ 9434 ] } { [ 6999 ][ 8255 ] } { [ 583 ][ 2288 ] } { [ 4681 ] } { [ 317 ] } { [ 8113 ][ 9391 ] } { [ 8733 ] } { [ 3728 ] } { [ 2857 ] } { [ 1903 ] }
despues de filtrar: { [ 5258 ][ 7419 ] } { [ 4111 ] } { [ 1284 ][ 1089 ] } { [ 7819 ] } { [ 4279 ][ 360 ] } { [ 9434 ] } { [ 6999 ][ 8255 ] } { [ 583 ][ 2288 ] } { [ 4681 ] } { [ 317 ] } { [ 8113 ][ 9391 ] } { [ 8733 ] } { [ 3728 ] } { [ 2857 ] }
antes   de colapsar { [ 5258 ][ 7419 ] } { [ 4111 ][ 1697 ] } { [ 1284 ][ 1089 ] } { [ 7819 ] } { [ 4279 ][ 360 ] } { [ 9434 ] } { [ 6999 ][ 8255 ] } { [ 583 ][ 2288 ] } { [ 4681 ] } { [ 317 ] } { [ 8113 ][ 9391 ] } { [ 8733 ] } { [ 3728 ] } { [ 2857 ] } { [ 3114 ] } { [ 9420 ] } { [ 64 ] } { [ 6018 ] } { [ 6264 ] } { [ 1399 ] }
despues de colapsar { [ 5258 ][ 7419 ] } { [ 4111 ][ 1697 ] } { [ 1284 ][ 1089 ] } { [ 7819 ] } { [ 4279 ][ 360 ] } { [ 9434 ] } { [ 6999 ][ 8255 ] } { [ 583 ][ 2288 ] } { [ 4681 ] } { [ 317 ] } { [ 8113 ][ 9391 ] } { [ 8733 ] } { [ 3728 ] } { [ 2857 ] } { [ 3114 ] } { [ 9420 ] } { [ 64 ] } { [ 6018 ] } { [ 6264 ] } { [ 1399 ] }
antes   de colapsar { [ 5258 ][ 7419 ] } { [ 4111 ][ 1697 ] } { [ 1284 ][ 1089 ] } { [ 7819 ] } { [ 4279 ][ 360 ] } { [ 9434 ] } { [ 6999 ][ 8255 ] } { [ 583 ][ 2288 ] } { [ 4681 ] } { [ 317 ] } { [ 8113 ][ 9391 ] } { [ 8733 ] } { [ 3728 ] } { [ 2857 ] } { [ 3114 ] } { [ 9420 ] } { [ 64 ] } { [ 6018 ] } { [ 6264 ] } { [ 1399 ][ 2620 ] } { [ 2103 ] }
despues de colapsar { [ 5258 ][ 7419 ] } { [ 4111 ][ 1697 ] } { [ 1284 ][ 1089 ] } { [ 7819 ] } { [ 4279 ][ 360 ] } { [ 9434 ] } { [ 6999 ][ 8255 ] } { [ 583 ][ 2288 ] } { [ 4681 ] } { [ 317 ] } { [ 8113 ][ 9391 ] } { [ 8733 ] } { [ 3728 ] } { [ 2857 ] } { [ 3114 ] } { [ 9420 ] } { [ 64 ] } { [ 6018 ] } { [ 6264 ] } { [ 1399 ][ 2620 ] } { [ 2103 ] }
antes   de filtrar: { [ 5258 ][ 7419 ] } { [ 4111 ][ 1697 ] } { [ 1284 ][ 1089 ] } { [ 7819 ] } { [ 4279 ][ 360 ] } { [ 9434 ] } { [ 6999 ][ 8255 ][ 245 ] } { [ 583 ][ 2288 ] } { [ 4681 ] } { [ 317 ] } { [ 8113 ][ 9391 ] } { [ 8733 ] } { [ 3728 ] } { [ 2857 ] } { [ 3114 ] } { [ 9420 ] } { [ 64 ] } { [ 6018 ] } { [ 6264 ] } { [ 1399 ][ 2620 ] } { [ 2103 ] } { [ 8459 ] } { [ 741 ] }
despues de filtrar: { [ 5258 ][ 7419 ] } { [ 4111 ][ 1697 ] } { [ 1284 ][ 1089 ] } { [ 7819 ] } { [ 4279 ][ 360 ] } { [ 9434 ] } { [ 6999 ][ 8255 ][ 245 ] } { [ 583 ][ 2288 ] } { [ 4681 ] } { [ 317 ] } { [ 8113 ][ 9391 ] } { [ 8733 ] } { [ 3728 ] } { [ 2857 ] } { [ 3114 ] } { [ 64 ] } { [ 6264 ] } { [ 1399 ][ 2620 ] } { [ 8459 ] } { [ 741 ] }
antes   de colapsar { [ 2646 ] } { [ 3643 ][ 2659 ] } { [ 8174 ][ 1132 ][ 4820 ] }
despues de colapsar { [ 2646 ] } { [ 3643 ][ 2659 ] } { [ 8174 ][ 1132 ][ 4820 ] }
antes   de colapsar { [ 2646 ] } { [ 3643 ][ 2659 ] } { [ 8174 ][ 1132 ][ 4820 ] } { [ 2030 ] }
despues de colapsar { [ 2646 ] } { [ 3643 ][ 2659 ] } { [ 8174 ][ 1132 ][ 4820 ] } { [ 2030 ] }
antes   de filtrar: { [ 2646 ] } { [ 3643 ][ 2659 ] } { [ 8174 ][ 1132 ][ 4820 ][ 6421 ] } { [ 2030 ] } { [ 1171 ][ 4482 ] } { [ 3584 ] } { [ 2592 ] }
despues de filtrar: { [ 2646 ] } { [ 3643 ][ 2659 ] } { [ 8174 ][ 1132 ][ 4820 ][ 6421 ] } { [ 1171 ][ 4482 ] } { [ 3584 ] } { [ 2592 ] }
antes   de colapsar { [ 2646 ] } { [ 3643 ][ 2659 ] } { [ 8174 ][ 1132 ][ 4820 ][ 6421 ] } { [ 1171 ][ 4482 ] } { [ 3584 ] } { [ 2592 ] } { [ 3342 ] }
despues de colapsar { [ 2646 ] } { [ 3643 ][ 2659 ] } { [ 8174 ][ 1132 ][ 4820 ][ 6421 ] } { [ 1171 ][ 4482 ] } { [ 3584 ] } { [ 2592 ] } { [ 3342 ] }
antes   de filtrar: { [ 2646 ] } { [ 3643 ][ 2659 ] } { [ 8174 ][ 1132 ][ 4820 ][ 6421 ] } { [ 1171 ][ 4482 ] } { [ 3584 ] } { [ 2592 ] } { [ 3342 ] } { [ 9480 ] } { [ 327 ] }
despues de filtrar: { [ 2646 ] } { [ 3643 ][ 2659 ] } { [ 8174 ][ 1132 ][ 4820 ][ 6421 ] } { [ 1171 ][ 4482 ] } { [ 3584 ] } { [ 2592 ] } { [ 3342 ] } { [ 327 ] }
antes   de colapsar { [ 2646 ] } { [ 3643 ][ 2659 ] } { [ 8174 ][ 1132 ][ 4820 ][ 6421 ] } { [ 1171 ][ 4482 ] } { [ 3584 ] } { [ 2592 ] } { [ 3342 ] } { [ 327 ] }
despues de colapsar { [ 2646 ] } { [ 3643 ][ 2659 ] } { [ 8174 ][ 1132 ][ 4820 ][ 6421 ] } { [ 1171 ][ 4482 ] } { [ 3584 ] } { [ 2592 ] } { [ 3342 ] } { [ 327 ] }
antes   de colapsar { [ 2646 ] } { [ 3643 ][ 2659 ] } { [ 8174 ][ 1132 ][ 4820 ][ 6421 ] } { [ 1171 ][ 4482 ] } { [ 3584 ] } { [ 2592 ] } { [ 3342 ] } { [ 327 ] } { [ 2339 ] } { [ 2197 ] } { [ 9098 ] } { [ 8986 ] }
despues de colapsar { [ 2646 ] } { [ 3643 ][ 2659 ] } { [ 8174 ][ 1132 ][ 4820 ][ 6421 ] } { [ 1171 ][ 4482 ] } { [ 3584 ] } { [ 2592 ] } { [ 3342 ] } { [ 327 ] } { [ 2339 ] } { [ 2197 ] } { [ 9098 ] } { [ 8986 ] }
antes   de filtrar: { [ 2646 ] } { [ 3643 ][ 2659 ] } { [ 8174 ][ 1132 ][ 4820 ][ 6421 ] } { [ 1171 ][ 4482 ] } { [ 3584 ] } { [ 2592 ] } { [ 3342 ][ 5625 ] } { [ 327 ] } { [ 2339 ] } { [ 2197 ] } { [ 9098 ] } { [ 8986 ] } { [ 848 ] } { [ 5197 ] }
despues de filtrar: { [ 2646 ] } { [ 3643 ][ 2659 ] } { [ 8174 ][ 1132 ][ 4820 ][ 6421 ] } { [ 1171 ][ 4482 ] } { [ 3584 ] } { [ 2592 ] } { [ 3342 ][ 5625 ] } { [ 327 ] } { [ 2339 ] } { [ 2197 ] } { [ 8986 ] } { [ 848 ] } { [ 5197 ] }
antes   de filtrar: { [ 2646 ] } { [ 3643 ][ 2659 ] } { [ 8174 ][ 1132 ][ 4820 ][ 6421 ] } { [ 1171 ][ 4482 ] } { [ 3584 ] } { [ 2592 ] } { [ 3342 ][ 5625 ] } { [ 327 ] } { [ 2339 ] } { [ 2197 ] } { [ 8986 ] } { [ 848 ] } { [ 5197 ] } { [ 3366 ] } { [ 168 ] } { [ 9840 ] }
despues de filtrar: { [ 2646 ] } { [ 3643 ][ 2659 ] } { [ 8174 ][ 1132 ][ 4820 ][ 6421 ] } { [ 1171 ][ 4482 ] } { [ 3584 ] } { [ 2592 ] } { [ 3342 ][ 5625 ] } { [ 327 ] } { [ 2339 ] } { [ 2197 ] } { [ 8986 ] } { [ 848 ] } { [ 5197 ] } { [ 3366 ] } { [ 168 ] }
antes   de filtrar: { [ 2646 ] } { [ 3643 ][ 2659 ] } { [ 8174 ][ 1132 ][ 4820 ][ 6421 ] } { [ 1171 ][ 4482 ][ 9984 ] } { [ 3584 ][ 1968 ] } { [ 2592 ] } { [ 3342 ][ 5625 ] } { [ 327 ] } { [ 2339 ] } { [ 2197 ] } { [ 8986 ] } { [ 848 ] } { [ 5197 ] } { [ 3366 ] } { [ 168 ] } { [ 967 ] } { [ 3151 ] } { [ 4374 ] } { [ 6446 ] } { [ 2028 ] } { [ 3757 ] }
despues de filtrar: { [ 2646 ] } { [ 3643 ][ 2659 ] } { [ 8174 ][ 1132 ][ 4820 ][ 6421 ] } { [ 1171 ][ 4482 ][ 9984 ] } { [ 3584 ][ 1968 ] } { [ 2592 ] } { [ 3342 ][ 5625 ] } { [ 327 ] } { [ 2339 ] } { [ 2197 ] } { [ 8986 ] } { [ 848 ] } { [ 5197 ] } { [ 3366 ] } { [ 168 ] } { [ 967 ] } { [ 3151 ] } { [ 4374 ] } { [ 6446 ] } { [ 3757 ] }
antes   de filtrar: { [ or8l6uk ] } { [ 53i6yp41 ] } { [ 35o0t ] }
despues de filtrar: <vacia>
antes   de filtrar: { [ 00 ] } { [ x4 ] }
despues de filtrar: <vacia>
antes   de colapsar { [ 6lt1 ] }
despues de colapsar { [ 6lt1 ] }
antes   de filtrar: { [ 6lt1 ] } { [ re9p ] }
despues de filtrar: <vacia>
antes   de colapsar { [ cwq ] } { [ d92d ] } { [ k1jv ][ o9a7o ][ rwmfm ] } { [ q143 ] } { [ 318j8 ][ 1y ] } { [ r8iase ] } { [ egr0e9ys ] } { [ peqxqaf ] } { [ 1ol04xrku ][ cmf31 ] } { [ 706jq ] } { [ o3yaingb ] } { [ ndmkqln ] } { [ 2w6fi6gs ] } { [ m741d5 ] } { [ h49kd ] } { [ bj7ng1qv ] }
despues de colapsar { [ cwq ] } { [ d92d ] } { [ krow1m9fjm ] } { [ q143 ] } { [ 311y8j8 ] } { [ r8iase ] } { [ egr0e9ys ] } { [ peqxqaf ] } { [ 1comlf0341 ] } { [ 706jq ] } { [ o3yaingb ] } { [ ndmkqln ] } { [ 2w6fi6gs ] } { [ m741d5 ] } { [ h49kd ] } { [ bj7ng1qv ] }
antes   de colapsar { [ cwq ] } { [ d92d ] } { [ krow1m9fjm ] } { [ q143 ] } { [ 311y8j8 ] } { [ r8iase ] } { [ egr0e9ys ] } { [ peqxqaf ] } { [ 1comlf0341 ][ afg42 ] } { [ 706jq ] } { [ o3yaingb ][ ep7k2w ] } { [ ndmkqln ] } { [ 2w6fi6gs ] } { [ m741d5 ] } { [ h49kd ] } { [ bj7ng1qv ] } { [ 9n288 ] } { [ oaw8denvwy ] } { [ hk0wi3 ] }
despues de colapsar { [ cwq ] } { [ d92d ] } { [ krow1m9fjm ] } { [ q143 ] } { [ 311y8j8 ] } { [ r8iase ] } { [ egr0e9ys ] } { [ peqxqaf ] } { [ 1acfogm4l2 ] } { [ 706jq ] } { [ oe3py7aki2 ] } { [ ndmkqln ] } { [ 2w6fi6gs ] } { [ m741d5 ] } { [ h49kd ] } { [ bj7ng1qv ] } { [ 9n288 ] } { [ oaw8denvwy ] } { [ hk0wi3 ] }
antes   de colapsar { [ cwq ] } { [ d92d ] } { [ krow1m9fjm ] } { [ q143 ] } { [ 311y8j8 ] } { [ r8iase ] } { [ egr0e9ys ] } { [ peqxqaf ] } { [ 1acfogm4l2 ] } { [ 706jq ] } { [ oe3py7aki2 ] } { [ ndmkqln ] } { [ 2w6fi6gs ] } { [ m741d5 ] } { [ h49kd ] } { [ bj7ng1qv ] } { [ 9n288 ] } { [ oaw8denvwy ] } { [ hk0wi3 ] } { [ y ] } { [ cydub ] } { [ ss ] } { [ fy71wcxh ] }
despues de colapsar { [ cwq ] } { [ d92d ] } { [ krow1m9fjm ] } { [ q143 ] } { [ 311y8j8 ] } { [ r8iase ] } { [ egr0e9ys ] } { [ peqxqaf ] } { [ 1acfogm4l2 ] } { [ 706jq ] } { [ oe3py7aki2 ] } { [ ndmkqln ] } { [ 2w6fi6gs ] } { [ m741d5 ] } { [ h49kd ] } { [ bj7ng1qv ] } { [ 9n288 ] } { [ oaw8denvwy ] } { [ hk0wi3 ] } { [ y ] } { [ cydub ] } { [ ss ] } { [ fy71wcxh ] }
antes   de filtrar: { [ cwq ] } { [ d92d ] } { [ krow1m9fjm ] } { [ q143 ] } { [ 311y8j8 ] } { [ r8iase ] } { [ egr0e9ys ][ ppwseap ] } { [ peqxqaf ] } { [ 1acfogm4l2 ] } { [ 706jq ] } { [ oe3py7aki2 ] } { [ ndmkqln ] } { [ 2w6fi6gs ] } { [ m741d5 ] } { [ h49kd ] } { [ bj7ng1qv ] } { [ 9n288 ] } { [ oaw8denvwy ] } { [ hk0wi3 ] } { [ y ] } { [ cydub ] } { [ ss ] } { [ fy71wcxh ] } { [ 8e7ta ] }
despues de filtrar: { [ cwq ] } { [ peqxqaf ] } { [ ndmkqln ] } { [ y ] } { [ cydub ] } { [ ss ] }
antes   de colapsar { [ cwq ] } { [ peqxqaf ] } { [ ndmkqln ][ 5fbw0ou6jo ] } { [ y ] } { [ cydub ] } { [ ss ] } { [ fio7i372 ] } { [ sg068qweb9 ] }
despues de colapsar { [ cwq ] } { [ peqxqaf ] } { [ ndmkqln ][ 5fbw0ou6jo ] } { [ y ] } { [ cydub ] } { [ ss ] } { [ fio7i372 ] } { [ sg068qweb9 ] }
antes   de filtrar: { [ cwq ] } { [ peqxqaf ] } { [ ndmkqln ][ 5fbw0ou6jo ] } { [ y ] } { [ cydub ] } { [ ss ] } { [ fio7i372 ] } { [ sg068qweb9 ] }
despues de filtrar: { [ cwq ] } { [ peqxqaf ] } { [ ndmkqln ][ 5fbw0ou6jo ] } { [ y ] } { [ cydub ] } { [ ss ] }
antes   de colapsar { [ l15d ] } { [ jm ] } { [ nxe5fm89 ] } { [ mjg2 ] }
despues de colapsar { [ l15d ] } { [ jm ] } { [ nxe5fm89 ] } { [ mjg2 ] }
antes   de filtrar: { [ l15d ][ bss ] } { [ jm ] } { [ nxe5fm89 ] } { [ mjg2 ] }
despues de filtrar: { [ jm ] }
antes   de colapsar { [ jm ] } { [ n4 ] }
despues de colapsar { [ jm ] } { [ n4 ] }
antes   de filtrar: { [ jm ] } { [ n4 ][ 8sltu ][ a9uv87jui ] } { [ c ][ x063pceo0e ] } { [ dsk13b3v ] } { [ 8gvrx4h01 ] } { [ 8v ][ 9yng17tvy ] } { [ cg9fjp946 ] } { [ labugv5l ] } { [ jt3o8l7 ] } { [ rueqyjend ] } { [ hr0hu ] }
despues de filtrar: { [ jm ] } { [ c ][ x063pceo0e ] } { [ rueqyjend ] }
antes   de filtrar: { [ jm ][ p9 ] } { [ c ][ x063pceo0e ][ jxf ][ g9p511 ] } { [ rueqyjend ] } { [ s18irba3 ][ 27tdu8v ] } { [ jxoo ] } { [ h4nftuh ] } { [ 91dscg8fm ] } { [ obbmxyua ] } { [ q ] } { [ wn4 ] } { [ lwlu3 ] } { [ f65cl ][ 1a0cgl0 ] } { [ ndg9wa ] }
despues de filtrar: { [ jm ][ p9 ] } { [ c ][ x063pceo0e ][ jxf ][ g9p511 ] } { [ rueqyjend ] } { [ jxoo ] } { [ obbmxyua ] } { [ q ] }
antes   de colapsar { [ jm ][ p9 ] } { [ c ][ x063pceo0e ][ jxf ][ g9p511 ] } { [ rueqyjend ] } { [ jxoo ] } { [ obbmxyua ] } { [ q ] } { [ y5r2v99xk ] }
despues de colapsar { [ jm ][ p9 ] } { [ c ][ x063pceo0e ][ jxf ][ g9p511 ] } { [ rueqyjend ] } { [ jxoo ] } { [ obbmxyua ] } { [ q ] } { [ y5r2v99xk ] }
antes   de colapsar { [ jm ][ p9 ] } { [ c ][ x063pceo0e ][ jxf ][ g9p511 ] } { [ rueqyjend ] } { [ jxoo ][ u8m50pfsdq ] } { [ obbmxyua ] } { [ q ] } { [ y5r2v99xk ] } { [ d3ly44syy4 ] } { [ m ] } { [ k64adst96 ] } { [ 1ge ] } { [ elogkeb5o ] } { [ ptde4ji0l ] } { [ mt5yp8gu ] }
despues de colapsar { [ jm ][ p9 ] } { [ c ][ x063pceo0e ][ jxf ][ g9p511 ] } { [ rueqyjend ] } { [ jxoo ][ u8m50pfsdq ] } { [ obbmxyua ] } { [ q ] } { [ y5r2v99xk ] } { [ d3ly44syy4 ] } { [ m ] } { [ k64adst96 ] } { [ 1ge ] } { [ elogkeb5o ] } { [ ptde4ji0l ] } { [ mt5yp8gu ] }
antes   de colapsar { [ jm ][ p9 ] } { [ c ][ x063pceo0e ][ jxf ][ g9p511 ] } { [ rueqyjend ] } { [ jxoo ][ u8m50pfsdq ] } { [ obbmxyua ] } { [ q ] } { [ y5r2v99xk ] } { [ d3ly44syy4 ] } { [ m ] } { [ k64adst96 ] } { [ 1ge ] } { [ elogkeb5o ] } { [ ptde4ji0l ] } { [ mt5yp8gu ] }
despues de colapsar { [ jm ][ p9 ] } { [ c ][ x063pceo0e ][ jxf ][ g9p511 ] } { [ rueqyjend ] } { [ jxoo ][ u8m50pfsdq ] } { [ obbmxyua ] } { [ q ] } { [ y5r2v99xk ] } { [ d3ly44syy4 ] } { [ m ] } { [ k64adst96 ] } { [ 1ge ] } { [ elogkeb5o ] } { [ ptde4ji0l ] } { [ mt5yp8gu ] }
antes   de filtrar: { [ jm ][ p9 ] } { [ c ][ x063pceo0e ][ jxf ][ g9p511 ] } { [ rueqyjend ] } { [ jxoo ][ u8m50pfsdq ] } { [ obbmxyua ] } { [ q ] } { [ y5r2v99xk ] } { [ d3ly44syy4 ] } { [ m ] } { [ k64adst96 ] } { [ 1ge ] } { [ elogkeb5o ] } { [ ptde4ji0l ] } { [ mt5yp8gu ] } { [ p ] }
despues de filtrar: { [ jm ][ p9 ] } { [ c ][ x063pceo0e ][ jxf ][ g9p511 ] } { [ rueqyjend ] } { [ jxoo ][ u8m50pfsdq ] } { [ obbmxyua ] } { [ q ] } { [ m ] } { [ p ] }
antes   de filtrar: { [ jm ][ p9 ] } { [ c ][ x063pceo0e ][ jxf ][ g9p511 ] } { [ rueqyjend ] } { [ jxoo ][ u8m50pfsdq ] } { [ obbmxyua ] } { [ q ] } { [ m ] } { [ p ][ h7ff6po ] }
despues de filtrar: { [ jm ][ p9 ] } { [ c ][ x063pceo0e ][ jxf ][ g9p511 ] } { [ rueqyjend ] } { [ jxoo ][ u8m50pfsdq ] } { [ obbmxyua ] } { [ q ] } { [ m ] } { [ p ][ h7ff6po ] }
