antes   de filtrar: { [ rhbleb ] } { [ xa6fo7ig ] }
despues de filtrar: { [ rhbleb ] }
antes   de filtrar: { [ rhbleb ] }
despues de filtrar: { [ rhbleb ] }
antes   de colapsar { [ rhbleb ][ ti0tqi ] } { [ hhsr ] } { [ 6m057 ] } { [ fq ] } { [ pv6lpn0w ][ l08 ] }
despues de colapsar { [ rhbleb ][ ti0tqi ] } { [ hhsr ] } { [ 6m057 ] } { [ fq ] } { [ plv068lpn0 ] }
antes   de filtrar: { [ rhbleb ][ ti0tqi ] } { [ hhsr ] } { [ 6m057 ] } { [ fq ] } { [ plv068lpn0 ] } { [ msrx7lf0vt ] }
despues de filtrar: { [ rhbleb ][ ti0tqi ] } { [ hhsr ] } { [ fq ] }
antes   de colapsar { [ rhbleb ][ ti0tqi ][ lwiwdj ] } { [ hhsr ] } { [ fq ] } { [ 5m6gcd ] } { [ qb3b ] }
despues de colapsar { [ rhbleb ][ ti0tqi ][ lwiwdj ] } { [ hhsr ] } { [ fq ] } { [ 5m6gcd ] } { [ qb3b ] }
antes   de colapsar { [ rhbleb ][ ti0tqi ][ lwiwdj ] } { [ hhsr ] } { [ fq ] } { [ 5m6gcd ] } { [ qb3b ] }
despues de colapsar { [ rhbleb ][ ti0tqi ][ lwiwdj ] } { [ hhsr ] } { [ fq ] } { [ 5m6gcd ] } { [ qb3b ] }
antes   de filtrar: { [ rhbleb ][ ti0tqi ][ lwiwdj ][ 83xs6a ] } { [ hhsr ] } { [ fq ][ 88uvy3 ][ 81 ] } { [ 5m6gcd ][ ctmdygjs7 ] } { [ qb3b ] } { [ d907vq42x7 ] } { [ xfejqh ] } { [ 97b2q441 ] } { [ f4jo7 ] } { [ hg7o2h ] } { [ yiwbx5hu ] } { [ plsk4f5 ] }
despues de filtrar: { [ rhbleb ][ ti0tqi ][ lwiwdj ][ 83xs6a ] } { [ hhsr ] } { [ fq ][ 88uvy3 ][ 81 ] } { [ xfejqh ] }
antes   de colapsar { [ rhbleb ][ ti0tqi ][ lwiwdj ][ 83xs6a ] } { [ hhsr ] } { [ fq ][ 88uvy3 ][ 81 ][ fnnx5w ] } { [ xfejqh ][ 29jv ] } { [ yax1ik ] } { [ aidsb5 ][ mux ] } { [ byy7c ] } { [ mk ] } { [ 4uyhi ] } { [ dp5swtpfv5 ] } { [ p ] }
despues de colapsar { [ rhbleb ][ ti0tqi ][ lwiwdj ][ 83xs6a ] } { [ hhsr ] } { [ fq ][ 88uvy3 ][ 81 ][ fnnx5w ] } { [ xfejqh ][ 29jv ] } { [ yax1ik ] } { [ amiudxsb5 ] } { [ byy7c ] } { [ mk ] } { [ 4uyhi ] } { [ dp5swtpfv5 ] } { [ p ] }
antes   de colapsar { [ rhbleb ][ ti0tqi ][ lwiwdj ][ 83xs6a ][ vdy0ji ] } { [ hhsr ][ f3os48dx ] } { [ fq ][ 88uvy3 ][ 81 ][ fnnx5w ][ d9nvnuyn ] } { [ xfejqh ][ 29jv ] } { [ yax1ik ] } { [ amiudxsb5 ] } { [ byy7c ][ j2sgcsjlc ] } { [ mk ] } { [ 4uyhi ] } { [ dp5swtpfv5 ] } { [ p ] } { [ cw9 ] } { [ 0it ] } { [ txciu19hq ] } { [ 9gtth7pij ] } { [ 9vh ] } { [ 31 ] } { [ 2d3h29qlii ] } { [ a1ps ] } { [ 1 ] } { [ f4k92vh ] }
despues de colapsar { [ rhbleb ][ ti0tqi ][ lwiwdj ][ 83xs6a ][ vdy0ji ] } { [ hhsr ][ f3os48dx ] } { [ fq ][ 88uvy3 ][ 81 ][ fnnx5w ][ d9nvnuyn ] } { [ xfejqh ][ 29jv ] } { [ yax1ik ] } { [ amiudxsb5 ] } { [ bjy2ys7gcc ] } { [ mk ] } { [ 4uyhi ] } { [ dp5swtpfv5 ] } { [ p ] } { [ cw9 ] } { [ 0it ] } { [ txciu19hq ] } { [ 9gtth7pij ] } { [ 9vh ] } { [ 31 ] } { [ 2d3h29qlii ] } { [ a1ps ] } { [ 1 ] } { [ f4k92vh ] }
antes   de filtrar: { [ rhbleb ][ ti0tqi ][ lwiwdj ][ 83xs6a ][ vdy0ji ] } { [ hhsr ][ f3os48dx ] } { [ fq ][ 88uvy3 ][ 81 ][ fnnx5w ][ d9nvnuyn ] } { [ xfejqh ][ 29jv ] } { [ yax1ik ] } { [ amiudxsb5 ] } { [ bjy2ys7gcc ] } { [ mk ] } { [ 4uyhi ] } { [ dp5swtpfv5 ] } { [ p ] } { [ cw9 ] } { [ 0it ] } { [ txciu19hq ] } { [ 9gtth7pij ] } { [ 9vh ] } { [ 31 ] } { [ 2d3h29qlii ] } { [ a1ps ] } { [ 1 ] } { [ f4k92vh ] }
despues de filtrar: { [ rhbleb ][ ti0tqi ][ lwiwdj ][ 83xs6a ][ vdy0ji ] } { [ hhsr ][ f3os48dx ] } { [ fq ][ 88uvy3 ][ 81 ][ fnnx5w ][ d9nvnuyn ] } { [ xfejqh ][ 29jv ] } { [ mk ] } { [ p ] }
antes   de colapsar <vacia>
despues de colapsar <vacia>
antes   de filtrar: { [ 3119 ] } { [ 5568 ] }
despues de filtrar: { [ 3119 ] } { [ 5568 ] }
antes   de colapsar { [ 3119 ] } { [ 5568 ] } { [ 5837 ] } { [ 7026 ] }
despues de colapsar { [ 3119 ] } { [ 5568 ] } { [ 5837 ] } { [ 7026 ] }
antes   de filtrar: { [ 3119 ] } { [ 5568 ] } { [ 5837 ] } { [ 7026 ] }
despues de filtrar: { [ 3119 ] } { [ 5568 ] } { [ 5837 ] }
antes   de colapsar { [ 3119 ][ 4266 ][ 4339 ] } { [ 5568 ][ 4542 ] } { [ 5837 ] } { [ 9242 ] }
despues de colapsar { [ 3119 ][ 4266 ][ 4339 ] } { [ 5568 ][ 4542 ] } { [ 5837 ] } { [ 9242 ] }
antes   de colapsar { [ 3119 ][ 4266 ][ 4339 ][ 1216 ] } { [ 5568 ][ 4542 ] } { [ 5837 ] } { [ 9242 ] } { [ 6286 ] }
despues de colapsar { [ 3119 ][ 4266 ][ 4339 ][ 1216 ] } { [ 5568 ][ 4542 ] } { [ 5837 ] } { [ 9242 ] } { [ 6286 ] }
antes   de filtrar: { [ 3119 ][ 4266 ][ 4339 ][ 1216 ] } { [ 5568 ][ 4542 ] } { [ 5837 ] } { [ 9242 ] } { [ 6286 ] } { [ 8466 ] } { [ 3851 ] } { [ 1691 ] } { [ 7184 ] } { [ 9342 ] } { [ 9759 ] } { [ 4902 ][ 5337 ] } { [ 5016 ] } { [ 2958 ] } { [ 7289 ] } { [ 6234 ] }
despues de filtrar: { [ 3119 ][ 4266 ][ 4339 ][ 1216 ] } { [ 5568 ][ 4542 ] } { [ 5837 ] } { [ 9242 ] } { [ 6286 ] } { [ 8466 ] } { [ 3851 ] } { [ 1691 ] } { [ 7184 ] } { [ 9342 ] } { [ 9759 ] } { [ 2958 ] } { [ 7289 ] } { [ 6234 ] }
antes   de filtrar: { [ 3119 ][ 4266 ][ 4339 ][ 1216 ] } { [ 5568 ][ 4542 ] } { [ 5837 ] } { [ 9242 ] } { [ 6286 ] } { [ 8466 ] } { [ 3851 ] } { [ 1691 ] } { [ 7184 ] } { [ 9342 ] } { [ 9759 ] } { [ 2958 ] } { [ 7289 ] } { [ 6234 ] } { [ 1896 ] } { [ 9839 ] } { [ 7229 ] }
despues de filtrar: { [ 3119 ][ 4266 ][ 4339 ][ 1216 ] } { [ 5568 ][ 4542 ] } { [ 5837 ] } { [ 9242 ] } { [ 6286 ] } { [ 8466 ] } { [ 3851 ] } { [ 1691 ] } { [ 7184 ] } { [ 9342 ] } { [ 9759 ] } { [ 2958 ] } { [ 7289 ] } { [ 6234 ] } { [ 1896 ] } { [ 9839 ] } { [ 7229 ] }
antes   de colapsar { [ 3119 ][ 4266 ][ 4339 ][ 1216 ] } { [ 5568 ][ 4542 ] } { [ 5837 ] } { [ 9242 ] } { [ 6286 ] } { [ 8466 ] } { [ 3851 ] } { [ 1691 ] } { [ 7184 ] } { [ 9342 ] } { [ 9759 ] } { [ 2958 ] } { [ 7289 ] } { [ 6234 ] } { [ 1896 ] } { [ 9839 ] } { [ 7229 ] } { [ 8071 ] } { [ 528 ] } { [ 269 ] } { [ 7588 ] }
despues de colapsar { [ 3119 ][ 4266 ][ 4339 ][ 1216 ] } { [ 5568 ][ 4542 ] } { [ 5837 ] } { [ 9242 ] } { [ 6286 ] } { [ 8466 ] } { [ 3851 ] } { [ 1691 ] } { [ 7184 ] } { [ 9342 ] } { [ 9759 ] } { [ 2958 ] } { [ 7289 ] } { [ 6234 ] } { [ 1896 ] } { [ 9839 ] } { [ 7229 ] } { [ 8071 ] } { [ 528 ] } { [ 269 ] } { [ 7588 ] }
antes   de filtrar: { [ 3119 ][ 4266 ][ 4339 ][ 1216 ] } { [ 5568 ][ 4542 ] } { [ 5837 ] } { [ 9242 ] } { [ 6286 ] } { [ 8466 ] } { [ 3851 ][ 4357 ] } { [ 1691 ] } { [ 7184 ] } { [ 9342 ] } { [ 9759 ] } { [ 2958 ] } { [ 7289 ] } { [ 6234 ] } { [ 1896 ] } { [ 9839 ] } { [ 7229 ] } { [ 8071 ][ 9546 ] } { [ 528 ][ 4008 ] } { [ 269 ] } { [ 7588 ] } { [ 5257 ] }
despues de filtrar: { [ 3119 ][ 4266 ][ 4339 ][ 1216 ] } { [ 5568 ][ 4542 ] } { [ 5837 ] } { [ 9242 ] } { [ 6286 ] } { [ 8466 ] } { [ 3851 ][ 4357 ] } { [ 1691 ] } { [ 7184 ] } { [ 9342 ] } { [ 9759 ] } { [ 2958 ] } { [ 7289 ] } { [ 6234 ] } { [ 1896 ] } { [ 9839 ] } { [ 7229 ] } { [ 528 ][ 4008 ] } { [ 269 ] } { [ 7588 ] } { [ 5257 ] }
antes   de filtrar: { [ 36.379061 ] } { [ -18.355218 ] } { [ 60.685531 ] } { [ 10.780711 ] } { [ 10.339552 ] } { [ 10.309820 ] } { [ 57.913230 ] } { [ 10.080659 ] } { [ 3.773830 ] } { [ 13.043507 ] }
despues de filtrar: { [ 36.379061 ] } { [ -18.355218 ] } { [ 10.339552 ] } { [ 10.309820 ] } { [ 10.080659 ] } { [ 13.043507 ] }
antes   de filtrar: { [ 36.379061 ] } { [ -18.355218 ][ 12.887137 ] } { [ 10.339552 ] } { [ 10.309820 ] } { [ 10.080659 ][ 27.692428 ] } { [ 13.043507 ] }
despues de filtrar: { [ 36.379061 ] } { [ -18.355218 ][ 12.887137 ] } { [ 10.339552 ] } { [ 10.309820 ] } { [ 10.080659 ][ 27.692428 ] } { [ 13.043507 ] }
antes   de filtrar: { [ 36.379061 ] } { [ -18.355218 ][ 12.887137 ] } { [ 10.339552 ] } { [ 10.309820 ] } { [ 10.080659 ][ 27.692428 ] } { [ 13.043507 ] }
despues de filtrar: { [ 36.379061 ] } { [ -18.355218 ][ 12.887137 ] } { [ 10.339552 ] } { [ 10.309820 ] } { [ 10.080659 ][ 27.692428 ] } { [ 13.043507 ] }
antes   de colapsar { [ 36.379061 ] } { [ -18.355218 ][ 12.887137 ] } { [ 10.339552 ] } { [ 10.309820 ] } { [ 10.080659 ][ 27.692428 ] } { [ 13.043507 ] }
despues de colapsar { [ 36.379061 ] } { [ -18.355218 ][ 12.887137 ] } { [ 10.339552 ] } { [ 10.309820 ] } { [ 10.080659 ][ 27.692428 ] } { [ 13.043507 ] }
antes   de filtrar: { [ 36.379061 ] } { [ -18.355218 ][ 12.887137 ] } { [ 10.339552 ] } { [ 10.309820 ] } { [ 10.080659 ][ 27.692428 ] } { [ 13.043507 ] } { [ 25.996729 ] }
despues de filtrar: { [ 36.379061 ] } { [ -18.355218 ][ 12.887137 ] } { [ 10.339552 ] } { [ 10.309820 ] } { [ 10.080659 ][ 27.692428 ] } { [ 13.043507 ] }
antes   de colapsar { [ 36.379061 ] } { [ -18.355218 ][ 12.887137 ] } { [ 10.339552 ][ 70.437377 ] } { [ 10.309820 ][ -14.766059 ][ 53.215746 ][ -13.682370 ] } { [ 10.080659 ][ 27.692428 ][ 3.527765 ] } { [ 13.043507 ][ 42.006082 ] } { [ 14.988290 ] } { [ 56.213779 ] } { [ 63.091745 ] } { [ 58.085080 ] } { [ 27.265681 ] }
despues de colapsar { [ 36.379061 ] } { [ -18.355218 ][ 12.887137 ] } { [ 10.339552 ][ 70.437377 ] } { [ 10.309820 ][ -14.766059 ][ 53.215746 ][ -13.682370 ] } { [ 10.080659 ][ 27.692428 ][ 3.527765 ] } { [ 13.043507 ][ 42.006082 ] } { [ 14.988290 ] } { [ 56.213779 ] } { [ 63.091745 ] } { [ 58.085080 ] } { [ 27.265681 ] }
antes   de colapsar { [ 36.379061 ] } { [ -18.355218 ][ 12.887137 ] } { [ 10.339552 ][ 70.437377 ] } { [ 10.309820 ][ -14.766059 ][ 53.215746 ][ -13.682370 ] } { [ 10.080659 ][ 27.692428 ][ 3.527765 ][ -3.897833 ] } { [ 13.043507 ][ 42.006082 ] } { [ 14.988290 ][ 10.417779 ] } { [ 56.213779 ] } { [ 63.091745 ] } { [ 58.085080 ] } { [ 27.265681 ] } { [ 14.542652 ] } { [ 51.782696 ] } { [ 17.737697 ] } { [ 73.160602 ] }
despues de colapsar { [ 36.379061 ] } { [ -18.355218 ][ 12.887137 ] } { [ 10.339552 ][ 70.437377 ] } { [ 10.309820 ][ -14.766059 ][ 53.215746 ][ -13.682370 ] } { [ 10.080659 ][ 27.692428 ][ 3.527765 ][ -3.897833 ] } { [ 13.043507 ][ 42.006082 ] } { [ 5.040443 ] } { [ 56.213779 ] } { [ 63.091745 ] } { [ 58.085080 ] } { [ 27.265681 ] } { [ 14.542652 ] } { [ 51.782696 ] } { [ 17.737697 ] } { [ 73.160602 ] }
antes   de colapsar { [ 36.379061 ] } { [ -18.355218 ][ 12.887137 ] } { [ 10.339552 ][ 70.437377 ] } { [ 10.309820 ][ -14.766059 ][ 53.215746 ][ -13.682370 ] } { [ 10.080659 ][ 27.692428 ][ 3.527765 ][ -3.897833 ] } { [ 13.043507 ][ 42.006082 ] } { [ 5.040443 ] } { [ 56.213779 ] } { [ 63.091745 ] } { [ 58.085080 ] } { [ 27.265681 ] } { [ 14.542652 ] } { [ 51.782696 ] } { [ 17.737697 ] } { [ 73.160602 ] }
despues de colapsar { [ 36.379061 ] } { [ -18.355218 ][ 12.887137 ] } { [ 10.339552 ][ 70.437377 ] } { [ 10.309820 ][ -14.766059 ][ 53.215746 ][ -13.682370 ] } { [ 10.080659 ][ 27.692428 ][ 3.527765 ][ -3.897833 ] } { [ 13.043507 ][ 42.006082 ] } { [ 5.040443 ] } { [ 56.213779 ] } { [ 63.091745 ] } { [ 58.085080 ] } { [ 27.265681 ] } { [ 14.542652 ] } { [ 51.782696 ] } { [ 17.737697 ] } { [ 73.160602 ] }
antes   de colapsar { [ 36.379061 ] } { [ -18.355218 ][ 12.887137 ] } { [ 10.339552 ][ 70.437377 ] } { [ 10.309820 ][ -14.766059 ][ 53.215746 ][ -13.682370 ] } { [ 10.080659 ][ 27.692428 ][ 3.527765 ][ -3.897833 ] } { [ 13.043507 ][ 42.006082 ] } { [ 5.040443 ] } { [ 56.213779 ] } { [ 63.091745 ] } { [ 58.085080 ] } { [ 27.265681 ] } { [ 14.542652 ] } { [ 51.782696 ] } { [ 17.737697 ] } { [ 73.160602 ] } { [ 8.911762 ] } { [ 6.421395 ] } { [ -8.805902 ] } { [ 51.637418 ] } { [ 18.949312 ][ -9.773395 ] } { [ 7.741458 ] } { [ 68.846521 ] }
despues de colapsar { [ 36.379061 ] } { [ -18.355218 ][ 12.887137 ] } { [ 10.339552 ][ 70.437377 ] } { [ 10.309820 ][ -14.766059 ][ 53.215746 ][ -13.682370 ] } { [ 10.080659 ][ 27.692428 ][ 3.527765 ][ -3.897833 ] } { [ 13.043507 ][ 42.006082 ] } { [ 5.040443 ] } { [ 56.213779 ] } { [ 63.091745 ] } { [ 58.085080 ] } { [ 27.265681 ] } { [ 14.542652 ] } { [ 51.782696 ] } { [ 17.737697 ] } { [ 73.160602 ] } { [ 8.911762 ] } { [ 6.421395 ] } { [ -8.805902 ] } { [ 51.637418 ] } { [ 3.029178 ] } { [ 7.741458 ] } { [ 68.846521 ] }
antes   de filtrar: { [ 36.379061 ] } { [ -18.355218 ][ 12.887137 ][ 55.231063 ] } { [ 10.339552 ][ 70.437377 ] } { [ 10.309820 ][ -14.766059 ][ 53.215746 ][ -13.682370 ] } { [ 10.080659 ][ 27.692428 ][ 3.527765 ][ -3.897833 ] } { [ 13.043507 ][ 42.006082 ] } { [ 5.040443 ] } { [ 56.213779 ] } { [ 63.091745 ] } { [ 58.085080 ] } { [ 27.265681 ] } { [ 14.542652 ] } { [ 51.782696 ] } { [ 17.737697 ] } { [ 73.160602 ] } { [ 8.911762 ] } { [ 6.421395 ] } { [ -8.805902 ] } { [ 51.637418 ] } { [ 3.029178 ] } { [ 7.741458 ] } { [ 68.846521 ] } { [ 3.725309 ] } { [ 55.190917 ] }
despues de filtrar: { [ 36.379061 ] } { [ -18.355218 ][ 12.887137 ][ 55.231063 ] } { [ 10.339552 ][ 70.437377 ] } { [ 10.309820 ][ -14.766059 ][ 53.215746 ][ -13.682370 ] } { [ 10.080659 ][ 27.692428 ][ 3.527765 ][ -3.897833 ] } { [ 13.043507 ][ 42.006082 ] } { [ 5.040443 ] } { [ 56.213779 ] } { [ 63.091745 ] } { [ 58.085080 ] } { [ 27.265681 ] } { [ 73.160602 ] } { [ 6.421395 ] } { [ -8.805902 ] } { [ 3.029178 ] } { [ 55.190917 ] }
antes   de filtrar: { [ 62.801707 ][ 65.848656 ][ -4.690157 ][ 35.220513 ][ -21.756583 ] } { [ -20.662236 ] } { [ 26.351995 ][ 53.927389 ] } { [ 71.003635 ][ -6.941115 ] } { [ 38.561778 ][ 29.699042 ] } { [ -17.524686 ] } { [ -24.909585 ] }
despues de filtrar: { [ -20.662236 ] } { [ 26.351995 ][ 53.927389 ] } { [ 71.003635 ][ -6.941115 ] } { [ -17.524686 ] } { [ -24.909585 ] }
antes   de filtrar: { [ -20.662236 ] } { [ 26.351995 ][ 53.927389 ][ 56.659514 ] } { [ 71.003635 ][ -6.941115 ] } { [ -17.524686 ] } { [ -24.909585 ] } { [ -14.486074 ] } { [ 72.503628 ] }
despues de filtrar: { [ -20.662236 ] } { [ 26.351995 ][ 53.927389 ][ 56.659514 ] } { [ 71.003635 ][ -6.941115 ] } { [ -17.524686 ] } { [ -24.909585 ] } { [ -14.486074 ] }
antes   de filtrar: { [ -20.662236 ] } { [ 26.351995 ][ 53.927389 ][ 56.659514 ][ 1.527053 ] } { [ 71.003635 ][ -6.941115 ] } { [ -17.524686 ] } { [ -24.909585 ] } { [ -14.486074 ] } { [ 68.448918 ] } { [ -19.784124 ] } { [ -14.377379 ] } { [ -6.580268 ] } { [ -19.234096 ] }
despues de filtrar: { [ -20.662236 ] } { [ 26.351995 ][ 53.927389 ][ 56.659514 ][ 1.527053 ] } { [ 71.003635 ][ -6.941115 ] } { [ -17.524686 ] } { [ -24.909585 ] } { [ -14.486074 ] } { [ 68.448918 ] } { [ -19.784124 ] } { [ -14.377379 ] } { [ -6.580268 ] } { [ -19.234096 ] }
antes   de colapsar { [ -20.662236 ] } { [ 26.351995 ][ 53.927389 ][ 56.659514 ][ 1.527053 ][ 66.520093 ] } { [ 71.003635 ][ -6.941115 ] } { [ -17.524686 ] } { [ -24.909585 ] } { [ -14.486074 ] } { [ 68.448918 ] } { [ -19.784124 ] } { [ -14.377379 ] } { [ -6.580268 ] } { [ -19.234096 ] }
despues de colapsar { [ -20.662236 ] } { [ 26.351995 ][ 53.927389 ][ 56.659514 ][ 1.527053 ][ 66.520093 ] } { [ 71.003635 ][ -6.941115 ] } { [ -17.524686 ] } { [ -24.909585 ] } { [ -14.486074 ] } { [ 68.448918 ] } { [ -19.784124 ] } { [ -14.377379 ] } { [ -6.580268 ] } { [ -19.234096 ] }
antes   de filtrar: { [ -20.662236 ] } { [ 26.351995 ][ 53.927389 ][ 56.659514 ][ 1.527053 ][ 66.520093 ] } { [ 71.003635 ][ -6.941115 ] } { [ -17.524686 ] } { [ -24.909585 ] } { [ -14.486074 ] } { [ 68.448918 ] } { [ -19.784124 ] } { [ -14.377379 ] } { [ -6.580268 ] } { [ -19.234096 ] }
despues de filtrar: { [ -20.662236 ] } { [ 26.351995 ][ 53.927389 ][ 56.659514 ][ 1.527053 ][ 66.520093 ] } { [ 71.003635 ][ -6.941115 ] } { [ -17.524686 ] } { [ -24.909585 ] } { [ -14.486074 ] } { [ 68.448918 ] } { [ -19.784124 ] } { [ -14.377379 ] } { [ -6.580268 ] } { [ -19.234096 ] }
antes   de filtrar: { [ -20.662236 ] } { [ 26.351995 ][ 53.927389 ][ 56.659514 ][ 1.527053 ][ 66.520093 ] } { [ 71.003635 ][ -6.941115 ] } { [ -17.524686 ] } { [ -24.909585 ] } { [ -14.486074 ] } { [ 68.448918 ] } { [ -19.784124 ] } { [ -14.377379 ] } { [ -6.580268 ] } { [ -19.234096 ] }
despues de filtrar: { [ -20.662236 ] } { [ 26.351995 ][ 53.927389 ][ 56.659514 ][ 1.527053 ][ 66.520093 ] } { [ 71.003635 ][ -6.941115 ] } { [ -17.524686 ] } { [ -24.909585 ] } { [ -14.486074 ] } { [ 68.448918 ] } { [ -19.784124 ] } { [ -14.377379 ] } { [ -6.580268 ] } { [ -19.234096 ] }
antes   de colapsar { [ -20.662236 ] } { [ 26.351995 ][ 53.927389 ][ 56.659514 ][ 1.527053 ][ 66.520093 ] } { [ 71.003635 ][ -6.941115 ][ -19.099671 ] } { [ -17.524686 ] } { [ -24.909585 ][ 15.432453 ] } { [ -14.486074 ] } { [ 68.448918 ] } { [ -19.784124 ] } { [ -14.377379 ] } { [ -6.580268 ][ 12.080699 ] } { [ -19.234096 ] } { [ 32.197156 ] } { [ -10.185603 ] } { [ 46.495977 ] } { [ 69.002663 ] }
despues de colapsar { [ -20.662236 ] } { [ 26.351995 ][ 53.927389 ][ 56.659514 ][ 1.527053 ][ 66.520093 ] } { [ 71.003635 ][ -6.941115 ][ -19.099671 ] } { [ -17.524686 ] } { [ -24.909585 ][ 15.432453 ] } { [ -14.486074 ] } { [ 68.448918 ] } { [ -19.784124 ] } { [ -14.377379 ] } { [ -6.580268 ][ 12.080699 ] } { [ -19.234096 ] } { [ 32.197156 ] } { [ -10.185603 ] } { [ 46.495977 ] } { [ 69.002663 ] }
antes   de colapsar { [ -20.662236 ] } { [ 26.351995 ][ 53.927389 ][ 56.659514 ][ 1.527053 ][ 66.520093 ] } { [ 71.003635 ][ -6.941115 ][ -19.099671 ] } { [ -17.524686 ] } { [ -24.909585 ][ 15.432453 ] } { [ -14.486074 ] } { [ 68.448918 ] } { [ -19.784124 ] } { [ -14.377379 ] } { [ -6.580268 ][ 12.080699 ] } { [ -19.234096 ] } { [ 32.197156 ] } { [ -10.185603 ] } { [ 46.495977 ] } { [ 69.002663 ] } { [ 31.221208 ] } { [ 30.606304 ] } { [ 4.152853 ] }
despues de colapsar { [ -20.662236 ] } { [ 26.351995 ][ 53.927389 ][ 56.659514 ][ 1.527053 ][ 66.520093 ] } { [ 71.003635 ][ -6.941115 ][ -19.099671 ] } { [ -17.524686 ] } { [ -24.909585 ][ 15.432453 ] } { [ -14.486074 ] } { [ 68.448918 ] } { [ -19.784124 ] } { [ -14.377379 ] } { [ -6.580268 ][ 12.080699 ] } { [ -19.234096 ] } { [ 32.197156 ] } { [ -10.185603 ] } { [ 46.495977 ] } { [ 69.002663 ] } { [ 31.221208 ] } { [ 30.606304 ] } { [ 4.152853 ] }
antes   de colapsar { [ -20.662236 ] } { [ 26.351995 ][ 53.927389 ][ 56.659514 ][ 1.527053 ][ 66.520093 ] } { [ 71.003635 ][ -6.941115 ][ -19.099671 ] } { [ -17.524686 ] } { [ -24.909585 ][ 15.432453 ] } { [ -14.486074 ] } { [ 68.448918 ] } { [ -19.784124 ] } { [ -14.377379 ] } { [ -6.580268 ][ 12.080699 ] } { [ -19.234096 ] } { [ 32.197156 ] } { [ -10.185603 ] } { [ 46.495977 ] } { [ 69.002663 ] } { [ 31.221208 ] } { [ 30.606304 ] } { [ 4.152853 ] } { [ 65.020246 ] } { [ 27.149322 ] } { [ -14.502156 ] }
despues de colapsar { [ -20.662236 ] } { [ 26.351995 ][ 53.927389 ][ 56.659514 ][ 1.527053 ][ 66.520093 ] } { [ 71.003635 ][ -6.941115 ][ -19.099671 ] } { [ -17.524686 ] } { [ -24.909585 ][ 15.432453 ] } { [ -14.486074 ] } { [ 68.448918 ] } { [ -19.784124 ] } { [ -14.377379 ] } { [ -6.580268 ][ 12.080699 ] } { [ -19.234096 ] } { [ 32.197156 ] } { [ -10.185603 ] } { [ 46.495977 ] } { [ 69.002663 ] } { [ 31.221208 ] } { [ 30.606304 ] } { [ 4.152853 ] } { [ 65.020246 ] } { [ 27.149322 ] } { [ -14.502156 ] }
antes   de colapsar { [ -20.662236 ] } { [ 26.351995 ][ 53.927389 ][ 56.659514 ][ 1.527053 ][ 66.520093 ] } { [ 71.003635 ][ -6.941115 ][ -19.099671 ] } { [ -17.524686 ] } { [ -24.909585 ][ 15.432453 ] } { [ -14.486074 ] } { [ 68.448918 ] } { [ -19.784124 ] } { [ -14.377379 ] } { [ -6.580268 ][ 12.080699 ] } { [ -19.234096 ] } { [ 32.197156 ] } { [ -10.185603 ] } { [ 46.495977 ] } { [ 69.002663 ] } { [ 31.221208 ] } { [ 30.606304 ] } { [ 4.152853 ] } { [ 65.020246 ] } { [ 27.149322 ] } { [ -14.502156 ] } { [ 74.902669 ] } { [ 6.477035 ] } { [ 34.997155 ] }
despues de colapsar { [ -20.662236 ] } { [ 26.351995 ][ 53.927389 ][ 56.659514 ][ 1.527053 ][ 66.520093 ] } { [ 71.003635 ][ -6.941115 ][ -19.099671 ] } { [ -17.524686 ] } { [ -24.909585 ][ 15.432453 ] } { [ -14.486074 ] } { [ 68.448918 ] } { [ -19.784124 ] } { [ -14.377379 ] } { [ -6.580268 ][ 12.080699 ] } { [ -19.234096 ] } { [ 32.197156 ] } { [ -10.185603 ] } { [ 46.495977 ] } { [ 69.002663 ] } { [ 31.221208 ] } { [ 30.606304 ] } { [ 4.152853 ] } { [ 65.020246 ] } { [ 27.149322 ] } { [ -14.502156 ] } { [ 74.902669 ] } { [ 6.477035 ] } { [ 34.997155 ] }
antes   de filtrar: <vacia>
despues de filtrar: <vacia>
antes   de colapsar { [ a ] }
despues de colapsar { [ a ] }
antes   de filtrar: { [ a ][ ay46wtcw ] } { [ 92muvdy77u ] } { [ deahun0k ][ a5ourrk12h ] } { [ ora ] } { [ w5vng9q59 ] }
despues de filtrar: { [ a ][ ay46wtcw ] } { [ ora ] }
antes   de colapsar { [ a ][ ay46wtcw ] } { [ ora ][ dihd ] } { [ i ] } { [ get ] } { [ 8hr9ixh5i ] } { [ adau22omw ] } { [ q ] } { [ 10qlnxh8 ] } { [ rg ] } { [ f ] }
despues de colapsar { [ a ][ ay46wtcw ] } { [ ora ][ dihd ] } { [ i ] } { [ get ] } { [ 8hr9ixh5i ] } { [ adau22omw ] } { [ q ] } { [ 10qlnxh8 ] } { [ rg ] } { [ f ] }
antes   de colapsar { [ a ][ ay46wtcw ] } { [ ora ][ dihd ] } { [ i ] } { [ get ][ vhgqf ] } { [ 8hr9ixh5i ] } { [ adau22omw ] } { [ q ] } { [ 10qlnxh8 ] } { [ rg ][ e2k1jutq4 ] } { [ f ] } { [ w ] } { [ r ] } { [ hyt0kr ] } { [ v2y5kfy ] } { [ 2itug3ihc4 ] } { [ hvuqsej00y ] } { [ p3l95r98 ] } { [ wkq4jb ] } { [ i88ch ] } { [ 9ww88 ] }
despues de colapsar { [ a ][ ay46wtcw ] } { [ ora ][ dihd ] } { [ i ] } { [ get ][ vhgqf ] } { [ 8hr9ixh5i ] } { [ adau22omw ] } { [ q ] } { [ 10qlnxh8 ] } { [ rg ][ e2k1jutq4 ] } { [ f ] } { [ w ] } { [ r ] } { [ hyt0kr ] } { [ v2y5kfy ] } { [ 2itug3ihc4 ] } { [ hvuqsej00y ] } { [ p3l95r98 ] } { [ wkq4jb ] } { [ i88ch ] } { [ 9ww88 ] }
antes   de filtrar: { [ a ][ ay46wtcw ] } { [ ora ][ dihd ] } { [ i ] } { [ get ][ vhgqf ] } { [ 8hr9ixh5i ] } { [ adau22omw ] } { [ q ] } { [ 10qlnxh8 ] } { [ rg ][ e2k1jutq4 ] } { [ f ] } { [ w ] } { [ r ] } { [ hyt0kr ] } { [ v2y5kfy ] } { [ 2itug3ihc4 ] } { [ hvuqsej00y ] } { [ p3l95r98 ] } { [ wkq4jb ] } { [ i88ch ] } { [ 9ww88 ] } { [ 1f9voaj65 ] }
despues de filtrar: { [ a ][ ay46wtcw ] } { [ ora ][ dihd ] } { [ i ] } { [ get ][ vhgqf ] } { [ q ] } { [ rg ][ e2k1jutq4 ] } { [ f ] } { [ w ] } { [ r ] }
antes   de filtrar: { [ a ][ ay46wtcw ] } { [ ora ][ dihd ] } { [ i ] } { [ get ][ vhgqf ] } { [ q ] } { [ rg ][ e2k1jutq4 ] } { [ f ] } { [ w ] } { [ r ] } { [ y5bce ] }
despues de filtrar: { [ a ][ ay46wtcw ] } { [ ora ][ dihd ] } { [ i ] } { [ get ][ vhgqf ] } { [ q ] } { [ rg ][ e2k1jutq4 ] } { [ f ] } { [ w ] } { [ r ] }
antes   de filtrar: { [ a ][ ay46wtcw ] } { [ ora ][ dihd ][ t4a65vdbc ][ 0jjwhi ] } { [ i ] } { [ get ][ vhgqf ] } { [ q ] } { [ rg ][ e2k1jutq4 ] } { [ f ] } { [ w ] } { [ r ] } { [ ry99y1d ][ o4jhnu ] } { [ umko ] }
despues de filtrar: { [ a ][ ay46wtcw ] } { [ ora ][ dihd ][ t4a65vdbc ][ 0jjwhi ] } { [ i ] } { [ get ][ vhgqf ] } { [ q ] } { [ rg ][ e2k1jutq4 ] } { [ f ] } { [ w ] } { [ r ] } { [ umko ] }
antes   de colapsar { [ a ][ ay46wtcw ] } { [ ora ][ dihd ][ t4a65vdbc ][ 0jjwhi ] } { [ i ] } { [ get ][ vhgqf ] } { [ q ][ 9yvhfe ] } { [ rg ][ e2k1jutq4 ] } { [ f ][ 32wbjyk5l ][ fnls0p5 ] } { [ w ] } { [ r ] } { [ umko ] } { [ wips6 ] } { [ hq6 ] } { [ b3eigy1kb ] } { [ dpr6x33myj ] } { [ h9umtdnk ][ sum5vvv7 ] } { [ 9l5 ] } { [ wnea54a4 ] }
despues de colapsar { [ a ][ ay46wtcw ] } { [ ora ][ dihd ][ t4a65vdbc ][ 0jjwhi ] } { [ i ] } { [ get ][ vhgqf ] } { [ q ][ 9yvhfe ] } { [ rg ][ e2k1jutq4 ] } { [ f ][ 32wbjyk5l ][ fnls0p5 ] } { [ w ] } { [ r ] } { [ umko ] } { [ wips6 ] } { [ hq6 ] } { [ b3eigy1kb ] } { [ dpr6x33myj ] } { [ hs9uumm5tv ] } { [ 9l5 ] } { [ wnea54a4 ] }
antes   de colapsar { [ a ][ ay46wtcw ] } { [ ora ][ dihd ][ t4a65vdbc ][ 0jjwhi ] } { [ i ] } { [ get ][ vhgqf ] } { [ q ][ 9yvhfe ] } { [ rg ][ e2k1jutq4 ] } { [ f ][ 32wbjyk5l ][ fnls0p5 ] } { [ w ] } { [ r ] } { [ umko ] } { [ wips6 ] } { [ hq6 ] } { [ b3eigy1kb ] } { [ dpr6x33myj ] } { [ hs9uumm5tv ] } { [ 9l5 ] } { [ wnea54a4 ] } { [ fer5pa ] } { [ elv ] }
despues de colapsar { [ a ][ ay46wtcw ] } { [ ora ][ dihd ][ t4a65vdbc ][ 0jjwhi ] } { [ i ] } { [ get ][ vhgqf ] } { [ q ][ 9yvhfe ] } { [ rg ][ e2k1jutq4 ] } { [ f ][ 32wbjyk5l ][ fnls0p5 ] } { [ w ] } { [ r ] } { [ umko ] } { [ wips6 ] } { [ hq6 ] } { [ b3eigy1kb ] } { [ dpr6x33myj ] } { [ hs9uumm5tv ] } { [ 9l5 ] } { [ wnea54a4 ] } { [ fer5pa ] } { [ elv ] }
