antes   de filtrar: { [ -4.690336 ] } { [ -4.374468 ] } { [ 39.841848 ] } { [ -15.908680 ] } { [ -12.081242 ] } { [ 15.219217 ] } { [ -3.567379 ] } { [ 47.681542 ] }
despues de filtrar: { [ -4.690336 ] } { [ -4.374468 ] } { [ -15.908680 ] } { [ -12.081242 ] } { [ 15.219217 ] } { [ -3.567379 ] }
antes   de filtrar: { [ -4.690336 ] } { [ -4.374468 ][ 10.329337 ] } { [ -15.908680 ] } { [ -12.081242 ][ 61.570996 ] } { [ 15.219217 ] } { [ -3.567379 ] } { [ -12.206851 ] } { [ 48.730914 ][ 55.611370 ] } { [ 57.817416 ] } { [ 71.298977 ] }
despues de filtrar: { [ -4.690336 ] } { [ -4.374468 ][ 10.329337 ] } { [ -15.908680 ] } { [ -12.081242 ][ 61.570996 ] } { [ 15.219217 ] } { [ -3.567379 ] } { [ -12.206851 ] } { [ 71.298977 ] }
antes   de colapsar { [ -4.690336 ] } { [ -4.374468 ][ 10.329337 ] } { [ -15.908680 ] } { [ -12.081242 ][ 61.570996 ] } { [ 15.219217 ] } { [ -3.567379 ] } { [ -12.206851 ] } { [ 71.298977 ] }
despues de colapsar { [ -4.690336 ] } { [ -4.374468 ][ 10.329337 ] } { [ -15.908680 ] } { [ -12.081242 ][ 61.570996 ] } { [ 15.219217 ] } { [ -3.567379 ] } { [ -12.206851 ] } { [ 71.298977 ] }
antes   de colapsar { [ -4.690336 ][ 14.517941 ] } { [ -4.374468 ][ 10.329337 ] } { [ -15.908680 ] } { [ -12.081242 ][ 61.570996 ] } { [ 15.219217 ] } { [ -3.567379 ] } { [ -12.206851 ] } { [ 71.298977 ] } { [ 18.137050 ] } { [ 8.430295 ][ 69.875595 ] } { [ 11.418648 ] } { [ -24.201110 ] } { [ 13.377078 ] }
despues de colapsar { [ -4.690336 ][ 14.517941 ] } { [ -4.374468 ][ 10.329337 ] } { [ -15.908680 ] } { [ -12.081242 ][ 61.570996 ] } { [ 15.219217 ] } { [ -3.567379 ] } { [ -12.206851 ] } { [ 71.298977 ] } { [ 18.137050 ] } { [ 8.430295 ][ 69.875595 ] } { [ 11.418648 ] } { [ -24.201110 ] } { [ 13.377078 ] }
antes   de filtrar: { [ -4.690336 ][ 14.517941 ] } { [ -4.374468 ][ 10.329337 ] } { [ -15.908680 ] } { [ -12.081242 ][ 61.570996 ] } { [ 15.219217 ] } { [ -3.567379 ] } { [ -12.206851 ] } { [ 71.298977 ] } { [ 18.137050 ] } { [ 8.430295 ][ 69.875595 ] } { [ 11.418648 ] } { [ -24.201110 ] } { [ 13.377078 ] } { [ 20.505314 ] }
despues de filtrar: { [ -4.690336 ][ 14.517941 ] } { [ -4.374468 ][ 10.329337 ] } { [ -15.908680 ] } { [ -12.081242 ][ 61.570996 ] } { [ 15.219217 ] } { [ -3.567379 ] } { [ -12.206851 ] } { [ 71.298977 ] } { [ 18.137050 ] } { [ 8.430295 ][ 69.875595 ] } { [ 11.418648 ] } { [ -24.201110 ] } { [ 13.377078 ] }
antes   de colapsar { [ -4.690336 ][ 14.517941 ] } { [ -4.374468 ][ 10.329337 ] } { [ -15.908680 ] } { [ -12.081242 ][ 61.570996 ] } { [ 15.219217 ] } { [ -3.567379 ] } { [ -12.206851 ] } { [ 71.298977 ] } { [ 18.137050 ] } { [ 8.430295 ][ 69.875595 ] } { [ 11.418648 ] } { [ -24.201110 ] } { [ 13.377078 ] } { [ -19.267460 ] }
despues de colapsar { [ -4.690336 ][ 14.517941 ] } { [ -4.374468 ][ 10.329337 ] } { [ -15.908680 ] } { [ -12.081242 ][ 61.570996 ] } { [ 15.219217 ] } { [ -3.567379 ] } { [ -12.206851 ] } { [ 71.298977 ] } { [ 18.137050 ] } { [ 8.430295 ][ 69.875595 ] } { [ 11.418648 ] } { [ -24.201110 ] } { [ 13.377078 ] } { [ -19.267460 ] }
antes   de colapsar { [ -4.690336 ][ 14.517941 ] } { [ -4.374468 ][ 10.329337 ] } { [ -15.908680 ][ 48.891491 ] } { [ -12.081242 ][ 61.570996 ] } { [ 15.219217 ] } { [ -3.567379 ] } { [ -12.206851 ] } { [ 71.298977 ] } { [ 18.137050 ] } { [ 8.430295 ][ 69.875595 ] } { [ 11.418648 ] } { [ -24.201110 ] } { [ 13.377078 ] } { [ -19.267460 ] } { [ 66.967913 ] } { [ 70.635856 ] } { [ 38.778493 ] } { [ 18.778984 ] }
despues de colapsar { [ -4.690336 ][ 14.517941 ] } { [ -4.374468 ][ 10.329337 ] } { [ -15.908680 ][ 48.891491 ] } { [ -12.081242 ][ 61.570996 ] } { [ 15.219217 ] } { [ -3.567379 ] } { [ -12.206851 ] } { [ 71.298977 ] } { [ 18.137050 ] } { [ 8.430295 ][ 69.875595 ] } { [ 11.418648 ] } { [ -24.201110 ] } { [ 13.377078 ] } { [ -19.267460 ] } { [ 66.967913 ] } { [ 70.635856 ] } { [ 38.778493 ] } { [ 18.778984 ] }
antes   de filtrar: { [ -4.690336 ][ 14.517941 ] } { [ -4.374468 ][ 10.329337 ] } { [ -15.908680 ][ 48.891491 ] } { [ -12.081242 ][ 61.570996 ] } { [ 15.219217 ] } { [ -3.567379 ] } { [ -12.206851 ] } { [ 71.298977 ] } { [ 18.137050 ] } { [ 8.430295 ][ 69.875595 ] } { [ 11.418648 ] } { [ -24.201110 ] } { [ 13.377078 ] } { [ -19.267460 ] } { [ 66.967913 ] } { [ 70.635856 ] } { [ 38.778493 ] } { [ 18.778984 ] } { [ -0.072237 ] }
despues de filtrar: { [ -4.690336 ][ 14.517941 ] } { [ -4.374468 ][ 10.329337 ] } { [ -15.908680 ][ 48.891491 ] } { [ -12.081242 ][ 61.570996 ] } { [ 15.219217 ] } { [ -3.567379 ] } { [ -12.206851 ] } { [ 71.298977 ] } { [ 18.137050 ] } { [ 8.430295 ][ 69.875595 ] } { [ 11.418648 ] } { [ -24.201110 ] } { [ 13.377078 ] } { [ -19.267460 ] } { [ -0.072237 ] }
antes   de colapsar { [ -4.690336 ][ 14.517941 ] } { [ -4.374468 ][ 10.329337 ] } { [ -15.908680 ][ 48.891491 ][ 16.397989 ] } { [ -12.081242 ][ 61.570996 ][ -11.324390 ] } { [ 15.219217 ][ 29.108108 ] } { [ -3.567379 ][ 21.776553 ] } { [ -12.206851 ] } { [ 71.298977 ] } { [ 18.137050 ] } { [ 8.430295 ][ 69.875595 ][ -16.469542 ] } { [ 11.418648 ] } { [ -24.201110 ] } { [ 13.377078 ] } { [ -19.267460 ][ 13.756543 ] } { [ -0.072237 ] } { [ 55.550268 ] } { [ 14.555341 ] } { [ -6.946199 ] } { [ -0.109261 ] } { [ 18.521919 ] } { [ -4.320814 ] } { [ 21.523928 ] }
despues de colapsar { [ -4.690336 ][ 14.517941 ] } { [ -4.374468 ][ 10.329337 ] } { [ -15.908680 ][ 48.891491 ][ 16.397989 ] } { [ -12.081242 ][ 61.570996 ][ -11.324390 ] } { [ 15.219217 ][ 29.108108 ] } { [ -3.567379 ][ 21.776553 ] } { [ -12.206851 ] } { [ 71.298977 ] } { [ 18.137050 ] } { [ 8.430295 ][ 69.875595 ][ -16.469542 ] } { [ 11.418648 ] } { [ -24.201110 ] } { [ 13.377078 ] } { [ -19.267460 ][ 13.756543 ] } { [ -0.072237 ] } { [ 55.550268 ] } { [ 14.555341 ] } { [ -6.946199 ] } { [ -0.109261 ] } { [ 18.521919 ] } { [ -4.320814 ] } { [ 21.523928 ] }
antes   de filtrar: { [ -4.690336 ][ 14.517941 ] } { [ -4.374468 ][ 10.329337 ] } { [ -15.908680 ][ 48.891491 ][ 16.397989 ] } { [ -12.081242 ][ 61.570996 ][ -11.324390 ] } { [ 15.219217 ][ 29.108108 ] } { [ -3.567379 ][ 21.776553 ] } { [ -12.206851 ] } { [ 71.298977 ] } { [ 18.137050 ] } { [ 8.430295 ][ 69.875595 ][ -16.469542 ] } { [ 11.418648 ] } { [ -24.201110 ] } { [ 13.377078 ] } { [ -19.267460 ][ 13.756543 ] } { [ -0.072237 ] } { [ 55.550268 ] } { [ 14.555341 ] } { [ -6.946199 ] } { [ -0.109261 ] } { [ 18.521919 ] } { [ -4.320814 ] } { [ 21.523928 ] } { [ 34.178248 ] } { [ -20.782044 ] } { [ -3.797153 ] } { [ -20.046840 ] } { [ 67.424969 ] }
despues de filtrar: { [ -4.690336 ][ 14.517941 ] } { [ -4.374468 ][ 10.329337 ] } { [ -15.908680 ][ 48.891491 ][ 16.397989 ] } { [ -12.081242 ][ 61.570996 ][ -11.324390 ] } { [ 15.219217 ][ 29.108108 ] } { [ -3.567379 ][ 21.776553 ] } { [ -12.206851 ] } { [ 71.298977 ] } { [ 18.137050 ] } { [ 8.430295 ][ 69.875595 ][ -16.469542 ] } { [ 11.418648 ] } { [ -24.201110 ] } { [ 13.377078 ] } { [ -19.267460 ][ 13.756543 ] } { [ -0.072237 ] } { [ -6.946199 ] } { [ -0.109261 ] } { [ -4.320814 ] } { [ 34.178248 ] } { [ -20.782044 ] } { [ -3.797153 ] } { [ -20.046840 ] } { [ 67.424969 ] }
antes   de filtrar: { [ iv4l0w8pu5 ][ 7mqgej ] } { [ 12tn ] } { [ trc ][ po0b ][ we5 ] }
despues de filtrar: { [ trc ][ po0b ][ we5 ] }
antes   de filtrar: { [ trc ][ po0b ][ we5 ][ 1pay88oo ][ h ] } { [ tyrorkyk ][ urib ][ 5beh8lhw ] } { [ dqc3omh ] } { [ 1ae4h3v ] } { [ b ] } { [ 7ace5 ] }
despues de filtrar: { [ trc ][ po0b ][ we5 ][ 1pay88oo ][ h ] } { [ tyrorkyk ][ urib ][ 5beh8lhw ] } { [ b ] }
antes   de colapsar { [ trc ][ po0b ][ we5 ][ 1pay88oo ][ h ] } { [ tyrorkyk ][ urib ][ 5beh8lhw ] } { [ b ] } { [ 31gm2adjk3 ] }
despues de colapsar { [ trc ][ po0b ][ we5 ][ 1pay88oo ][ h ] } { [ tyrorkyk ][ urib ][ 5beh8lhw ] } { [ b ] } { [ 31gm2adjk3 ] }
antes   de colapsar { [ trc ][ po0b ][ we5 ][ 1pay88oo ][ h ] } { [ tyrorkyk ][ urib ][ 5beh8lhw ] } { [ b ] } { [ 31gm2adjk3 ] } { [ c7vcwjsoc0 ] } { [ ru6e5157 ] } { [ c53 ] } { [ 2q ] }
despues de colapsar { [ trc ][ po0b ][ we5 ][ 1pay88oo ][ h ] } { [ tyrorkyk ][ urib ][ 5beh8lhw ] } { [ b ] } { [ 31gm2adjk3 ] } { [ c7vcwjsoc0 ] } { [ ru6e5157 ] } { [ c53 ] } { [ 2q ] }
antes   de colapsar { [ trc ][ po0b ][ we5 ][ 1pay88oo ][ h ] } { [ tyrorkyk ][ urib ][ 5beh8lhw ] } { [ b ] } { [ 31gm2adjk3 ] } { [ c7vcwjsoc0 ] } { [ ru6e5157 ] } { [ c53 ] } { [ 2q ] } { [ i4f ][ 9uf5md ] }
despues de colapsar { [ trc ][ po0b ][ we5 ][ 1pay88oo ][ h ] } { [ tyrorkyk ][ urib ][ 5beh8lhw ] } { [ b ] } { [ 31gm2adjk3 ] } { [ c7vcwjsoc0 ] } { [ ru6e5157 ] } { [ c53 ] } { [ 2q ] } { [ i94uff5md ] }
antes   de filtrar: { [ trc ][ po0b ][ we5 ][ 1pay88oo ][ h ] } { [ tyrorkyk ][ urib ][ 5beh8lhw ] } { [ b ] } { [ 31gm2adjk3 ] } { [ c7vcwjsoc0 ][ w9842 ] } { [ ru6e5157 ] } { [ c53 ] } { [ 2q ] } { [ i94uff5md ] } { [ x1qs9 ] }
despues de filtrar: { [ trc ][ po0b ][ we5 ][ 1pay88oo ][ h ] } { [ tyrorkyk ][ urib ][ 5beh8lhw ] } { [ b ] }
antes   de filtrar: { [ trc ][ po0b ][ we5 ][ 1pay88oo ][ h ] } { [ tyrorkyk ][ urib ][ 5beh8lhw ] } { [ b ][ dxnx645w0 ] } { [ 2eu ] } { [ elwutdq6n ] } { [ air1cn76fb ] } { [ hniykvdg ] } { [ miioyou ] } { [ oxvjwgo4 ] } { [ 3t8 ] } { [ 80ql ] } { [ jee ] } { [ 5m7m ] } { [ gofpi ] } { [ l2sjr972m ] }
despues de filtrar: { [ trc ][ po0b ][ we5 ][ 1pay88oo ][ h ] } { [ tyrorkyk ][ urib ][ 5beh8lhw ] } { [ b ][ dxnx645w0 ] } { [ hniykvdg ] } { [ miioyou ] } { [ jee ] } { [ gofpi ] }
antes   de colapsar { [ trc ][ po0b ][ we5 ][ 1pay88oo ][ h ] } { [ tyrorkyk ][ urib ][ 5beh8lhw ] } { [ b ][ dxnx645w0 ] } { [ hniykvdg ] } { [ miioyou ] } { [ jee ] } { [ gofpi ] }
despues de colapsar { [ trc ][ po0b ][ we5 ][ 1pay88oo ][ h ] } { [ tyrorkyk ][ urib ][ 5beh8lhw ] } { [ b ][ dxnx645w0 ] } { [ hniykvdg ] } { [ miioyou ] } { [ jee ] } { [ gofpi ] }
antes   de filtrar: { [ trc ][ po0b ][ we5 ][ 1pay88oo ][ h ] } { [ tyrorkyk ][ urib ][ 5beh8lhw ] } { [ b ][ dxnx645w0 ] } { [ hniykvdg ] } { [ miioyou ] } { [ jee ] } { [ gofpi ] }
despues de filtrar: { [ trc ][ po0b ][ we5 ][ 1pay88oo ][ h ] } { [ tyrorkyk ][ urib ][ 5beh8lhw ] } { [ b ][ dxnx645w0 ] } { [ hniykvdg ] } { [ miioyou ] } { [ jee ] } { [ gofpi ] }
antes   de colapsar { [ trc ][ po0b ][ we5 ][ 1pay88oo ][ h ] } { [ tyrorkyk ][ urib ][ 5beh8lhw ] } { [ b ][ dxnx645w0 ] } { [ hniykvdg ] } { [ miioyou ] } { [ jee ] } { [ gofpi ] } { [ 9sr ] } { [ c2w ] } { [ n5xq9 ] }
despues de colapsar { [ trc ][ po0b ][ we5 ][ 1pay88oo ][ h ] } { [ tyrorkyk ][ urib ][ 5beh8lhw ] } { [ b ][ dxnx645w0 ] } { [ hniykvdg ] } { [ miioyou ] } { [ jee ] } { [ gofpi ] } { [ 9sr ] } { [ c2w ] } { [ n5xq9 ] }
antes   de filtrar: { [ 5fsv ] } { [ 478ot2fy ][ ylqa75eny ] } { [ k22lvc ][ mkmiqxpw ] } { [ qstf ] } { [ t9o ] }
despues de filtrar: { [ qstf ] }
antes   de filtrar: { [ qstf ] } { [ utgh8jtu3s ][ ti7f ] } { [ r ] } { [ yg7j4vuw8 ] } { [ 3x08 ] } { [ 84tabkl ] } { [ umm47gwxi0 ] } { [ 6qdblfch1 ] } { [ 77tr31c1a ] } { [ w3pm8 ] } { [ gyxo5ut ] } { [ re4j3206ac ] } { [ kkpgw4q ] } { [ q0lkmatgla ] }
despues de filtrar: { [ qstf ] } { [ r ] }
antes   de filtrar: { [ qstf ][ m0bij8 ] } { [ r ] } { [ md ] }
despues de filtrar: { [ qstf ][ m0bij8 ] } { [ r ] } { [ md ] }
antes   de colapsar { [ qstf ][ m0bij8 ] } { [ r ] } { [ md ] } { [ ul8jl1 ] }
despues de colapsar { [ qstf ][ m0bij8 ] } { [ r ] } { [ md ] } { [ ul8jl1 ] }
antes   de filtrar: { [ qstf ][ m0bij8 ] } { [ r ] } { [ md ] } { [ ul8jl1 ] }
despues de filtrar: { [ qstf ][ m0bij8 ] } { [ r ] } { [ md ] }
antes   de colapsar { [ qstf ][ m0bij8 ] } { [ r ] } { [ md ] } { [ sxb5o08f4 ] } { [ ujv ] } { [ wu4 ] }
despues de colapsar { [ qstf ][ m0bij8 ] } { [ r ] } { [ md ] } { [ sxb5o08f4 ] } { [ ujv ] } { [ wu4 ] }
antes   de colapsar { [ qstf ][ m0bij8 ] } { [ r ] } { [ md ] } { [ sxb5o08f4 ] } { [ ujv ] } { [ wu4 ][ si ][ n6ed ] }
despues de colapsar { [ qstf ][ m0bij8 ] } { [ r ] } { [ md ] } { [ sxb5o08f4 ] } { [ ujv ] } { [ wns6ueid4 ] }
antes   de colapsar { [ qstf ][ m0bij8 ] } { [ r ] } { [ md ] } { [ sxb5o08f4 ] } { [ ujv ] } { [ wns6ueid4 ] } { [ t ] }
despues de colapsar { [ qstf ][ m0bij8 ] } { [ r ] } { [ md ] } { [ sxb5o08f4 ] } { [ ujv ] } { [ wns6ueid4 ] } { [ t ] }
antes   de filtrar: { [ qstf ][ m0bij8 ] } { [ r ] } { [ md ] } { [ sxb5o08f4 ] } { [ ujv ] } { [ wns6ueid4 ][ 9368 ] } { [ t ] } { [ ah ] }
despues de filtrar: { [ qstf ][ m0bij8 ] } { [ r ] } { [ md ] } { [ ujv ] } { [ t ] } { [ ah ] }
antes   de colapsar { [ qstf ][ m0bij8 ] } { [ r ] } { [ md ] } { [ ujv ] } { [ t ][ d0l7k8 ][ 5n2vvr3 ] } { [ ah ] } { [ g7q03k1 ] } { [ 9o60h4b ] } { [ 41fvn2 ] } { [ f ] } { [ xtf6rwh ][ iw9gmd9iw ] } { [ d50ar ] }
despues de colapsar { [ qstf ][ m0bij8 ] } { [ r ] } { [ md ] } { [ ujv ] } { [ t ][ d0l7k8 ][ 5n2vvr3 ] } { [ ah ] } { [ g7q03k1 ] } { [ 9o60h4b ] } { [ 41fvn2 ] } { [ f ] } { [ xitwf96grm ] } { [ d50ar ] }
antes   de filtrar: { [ 65.145040 ] } { [ 67.979686 ] }
despues de filtrar: { [ 65.145040 ] }
antes   de colapsar { [ 65.145040 ] } { [ 38.406895 ] }
despues de colapsar { [ 65.145040 ] } { [ 38.406895 ] }
antes   de filtrar: { [ 65.145040 ][ -23.120561 ] } { [ 38.406895 ] } { [ -11.639355 ] } { [ 12.320598 ] }
despues de filtrar: { [ 65.145040 ][ -23.120561 ] } { [ 38.406895 ] } { [ -11.639355 ] } { [ 12.320598 ] }
antes   de colapsar { [ 65.145040 ][ -23.120561 ][ -3.692585 ][ -4.304043 ] } { [ 38.406895 ][ 60.002325 ] } { [ -11.639355 ][ 56.575046 ] } { [ 12.320598 ] }
despues de colapsar { [ 65.145040 ][ -23.120561 ][ -3.692585 ][ -4.304043 ] } { [ 38.406895 ][ 60.002325 ] } { [ -11.639355 ][ 56.575046 ] } { [ 12.320598 ] }
antes   de colapsar { [ 65.145040 ][ -23.120561 ][ -3.692585 ][ -4.304043 ] } { [ 38.406895 ][ 60.002325 ] } { [ -11.639355 ][ 56.575046 ] } { [ 12.320598 ] } { [ 67.152030 ] } { [ 15.971421 ] }
despues de colapsar { [ 65.145040 ][ -23.120561 ][ -3.692585 ][ -4.304043 ] } { [ 38.406895 ][ 60.002325 ] } { [ -11.639355 ][ 56.575046 ] } { [ 12.320598 ] } { [ 67.152030 ] } { [ 15.971421 ] }
antes   de filtrar: { [ 65.145040 ][ -23.120561 ][ -3.692585 ][ -4.304043 ] } { [ 38.406895 ][ 60.002325 ] } { [ -11.639355 ][ 56.575046 ] } { [ 12.320598 ] } { [ 67.152030 ] } { [ 15.971421 ] } { [ -23.559140 ] }
despues de filtrar: { [ 65.145040 ][ -23.120561 ][ -3.692585 ][ -4.304043 ] } { [ 38.406895 ][ 60.002325 ] } { [ -11.639355 ][ 56.575046 ] } { [ 12.320598 ] } { [ 67.152030 ] } { [ -23.559140 ] }
antes   de filtrar: { [ 65.145040 ][ -23.120561 ][ -3.692585 ][ -4.304043 ] } { [ 38.406895 ][ 60.002325 ] } { [ -11.639355 ][ 56.575046 ] } { [ 12.320598 ] } { [ 67.152030 ][ 4.047167 ] } { [ -23.559140 ][ 59.619164 ] } { [ 59.892022 ] } { [ 74.753435 ] } { [ 16.267794 ] }
despues de filtrar: { [ 65.145040 ][ -23.120561 ][ -3.692585 ][ -4.304043 ] } { [ 38.406895 ][ 60.002325 ] } { [ -11.639355 ][ 56.575046 ] } { [ 12.320598 ] } { [ 67.152030 ][ 4.047167 ] } { [ -23.559140 ][ 59.619164 ] } { [ 16.267794 ] }
antes   de filtrar: { [ 65.145040 ][ -23.120561 ][ -3.692585 ][ -4.304043 ] } { [ 38.406895 ][ 60.002325 ] } { [ -11.639355 ][ 56.575046 ] } { [ 12.320598 ] } { [ 67.152030 ][ 4.047167 ] } { [ -23.559140 ][ 59.619164 ] } { [ 16.267794 ] } { [ 35.955521 ] } { [ -14.629571 ] }
despues de filtrar: { [ 65.145040 ][ -23.120561 ][ -3.692585 ][ -4.304043 ] } { [ 38.406895 ][ 60.002325 ] } { [ -11.639355 ][ 56.575046 ] } { [ 12.320598 ] } { [ 67.152030 ][ 4.047167 ] } { [ -23.559140 ][ 59.619164 ] } { [ 16.267794 ] } { [ -14.629571 ] }
antes   de colapsar { [ 65.145040 ][ -23.120561 ][ -3.692585 ][ -4.304043 ] } { [ 38.406895 ][ 60.002325 ] } { [ -11.639355 ][ 56.575046 ][ 23.827671 ] } { [ 12.320598 ] } { [ 67.152030 ][ 4.047167 ] } { [ -23.559140 ][ 59.619164 ] } { [ 16.267794 ] } { [ -14.629571 ] }
despues de colapsar { [ 65.145040 ][ -23.120561 ][ -3.692585 ][ -4.304043 ] } { [ 38.406895 ][ 60.002325 ] } { [ -11.639355 ][ 56.575046 ][ 23.827671 ] } { [ 12.320598 ] } { [ 67.152030 ][ 4.047167 ] } { [ -23.559140 ][ 59.619164 ] } { [ 16.267794 ] } { [ -14.629571 ] }
antes   de colapsar { [ 65.145040 ][ -23.120561 ][ -3.692585 ][ -4.304043 ] } { [ 38.406895 ][ 60.002325 ] } { [ -11.639355 ][ 56.575046 ][ 23.827671 ] } { [ 12.320598 ] } { [ 67.152030 ][ 4.047167 ] } { [ -23.559140 ][ 59.619164 ] } { [ 16.267794 ] } { [ -14.629571 ] }
despues de colapsar { [ 65.145040 ][ -23.120561 ][ -3.692585 ][ -4.304043 ] } { [ 38.406895 ][ 60.002325 ] } { [ -11.639355 ][ 56.575046 ][ 23.827671 ] } { [ 12.320598 ] } { [ 67.152030 ][ 4.047167 ] } { [ -23.559140 ][ 59.619164 ] } { [ 16.267794 ] } { [ -14.629571 ] }
antes   de colapsar { [ 2690 ] } { [ 8606 ] } { [ 9172 ][ 7757 ] }
despues de colapsar { [ 2690 ] } { [ 8606 ] } { [ 9172 ][ 7757 ] }
antes   de colapsar { [ 2690 ][ 3968 ] } { [ 8606 ] } { [ 9172 ][ 7757 ][ 5185 ] } { [ 4455 ][ 6816 ] } { [ 5961 ] } { [ 2635 ] } { [ 7737 ] }
despues de colapsar { [ 3267 ] } { [ 8606 ] } { [ 9172 ][ 7757 ][ 5185 ] } { [ 4455 ][ 6816 ] } { [ 5961 ] } { [ 2635 ] } { [ 7737 ] }
antes   de filtrar: { [ 3267 ] } { [ 8606 ] } { [ 9172 ][ 7757 ][ 5185 ] } { [ 4455 ][ 6816 ] } { [ 5961 ] } { [ 2635 ] } { [ 7737 ] }
despues de filtrar: { [ 3267 ] } { [ 9172 ][ 7757 ][ 5185 ] } { [ 4455 ][ 6816 ] } { [ 5961 ] } { [ 2635 ] } { [ 7737 ] }
antes   de filtrar: { [ 3267 ] } { [ 9172 ][ 7757 ][ 5185 ] } { [ 4455 ][ 6816 ] } { [ 5961 ][ 1745 ] } { [ 2635 ] } { [ 7737 ] } { [ 5104 ] }
despues de filtrar: { [ 3267 ] } { [ 9172 ][ 7757 ][ 5185 ] } { [ 4455 ][ 6816 ] } { [ 5961 ][ 1745 ] } { [ 2635 ] } { [ 7737 ] }
antes   de colapsar { [ 3267 ] } { [ 9172 ][ 7757 ][ 5185 ] } { [ 4455 ][ 6816 ] } { [ 5961 ][ 1745 ] } { [ 2635 ] } { [ 7737 ] } { [ 5523 ] }
despues de colapsar { [ 3267 ] } { [ 9172 ][ 7757 ][ 5185 ] } { [ 4455 ][ 6816 ] } { [ 5961 ][ 1745 ] } { [ 2635 ] } { [ 7737 ] } { [ 5523 ] }
antes   de colapsar { [ 3267 ] } { [ 9172 ][ 7757 ][ 5185 ] } { [ 4455 ][ 6816 ] } { [ 5961 ][ 1745 ] } { [ 2635 ] } { [ 7737 ] } { [ 5523 ] } { [ 6350 ] } { [ 5742 ][ 7965 ] } { [ 5730 ] } { [ 5293 ] } { [ 3069 ] }
despues de colapsar { [ 3267 ] } { [ 9172 ][ 7757 ][ 5185 ] } { [ 4455 ][ 6816 ] } { [ 5961 ][ 1745 ] } { [ 2635 ] } { [ 7737 ] } { [ 5523 ] } { [ 6350 ] } { [ 5742 ][ 7965 ] } { [ 5730 ] } { [ 5293 ] } { [ 3069 ] }
antes   de colapsar { [ 3267 ] } { [ 9172 ][ 7757 ][ 5185 ] } { [ 4455 ][ 6816 ] } { [ 5961 ][ 1745 ] } { [ 2635 ] } { [ 7737 ] } { [ 5523 ] } { [ 6350 ] } { [ 5742 ][ 7965 ][ 1014 ] } { [ 5730 ] } { [ 5293 ] } { [ 3069 ] } { [ 5795 ] } { [ 6483 ] } { [ 9314 ] } { [ 8852 ] }
despues de colapsar { [ 3267 ] } { [ 9172 ][ 7757 ][ 5185 ] } { [ 4455 ][ 6816 ] } { [ 5961 ][ 1745 ] } { [ 2635 ] } { [ 7737 ] } { [ 5523 ] } { [ 6350 ] } { [ 5742 ][ 7965 ][ 1014 ] } { [ 5730 ] } { [ 5293 ] } { [ 3069 ] } { [ 5795 ] } { [ 6483 ] } { [ 9314 ] } { [ 8852 ] }
antes   de filtrar: { [ 3267 ][ 9326 ] } { [ 9172 ][ 7757 ][ 5185 ] } { [ 4455 ][ 6816 ] } { [ 5961 ][ 1745 ] } { [ 2635 ] } { [ 7737 ] } { [ 5523 ] } { [ 6350 ][ 883 ] } { [ 5742 ][ 7965 ][ 1014 ] } { [ 5730 ] } { [ 5293 ] } { [ 3069 ] } { [ 5795 ] } { [ 6483 ][ 3988 ] } { [ 9314 ] } { [ 8852 ] } { [ 3340 ] } { [ 7366 ] } { [ 6322 ] } { [ 8124 ] } { [ 6079 ] }
despues de filtrar: { [ 3267 ][ 9326 ] } { [ 9172 ][ 7757 ][ 5185 ] } { [ 4455 ][ 6816 ] } { [ 5961 ][ 1745 ] } { [ 2635 ] } { [ 7737 ] } { [ 5523 ] } { [ 5742 ][ 7965 ][ 1014 ] } { [ 5293 ] } { [ 5795 ] } { [ 6483 ][ 3988 ] } { [ 9314 ] } { [ 8852 ] } { [ 7366 ] } { [ 6322 ] } { [ 8124 ] }
antes   de filtrar: { [ 3267 ][ 9326 ] } { [ 9172 ][ 7757 ][ 5185 ] } { [ 4455 ][ 6816 ] } { [ 5961 ][ 1745 ][ 6033 ] } { [ 2635 ] } { [ 7737 ] } { [ 5523 ] } { [ 5742 ][ 7965 ][ 1014 ] } { [ 5293 ] } { [ 5795 ][ 2841 ] } { [ 6483 ][ 3988 ] } { [ 9314 ] } { [ 8852 ] } { [ 7366 ] } { [ 6322 ] } { [ 8124 ] } { [ 406 ] }
despues de filtrar: { [ 3267 ][ 9326 ] } { [ 9172 ][ 7757 ][ 5185 ] } { [ 4455 ][ 6816 ] } { [ 5961 ][ 1745 ][ 6033 ] } { [ 2635 ] } { [ 7737 ] } { [ 5523 ] } { [ 5742 ][ 7965 ][ 1014 ] } { [ 5293 ] } { [ 5795 ][ 2841 ] } { [ 6483 ][ 3988 ] } { [ 9314 ] } { [ 8852 ] } { [ 7366 ] } { [ 6322 ] } { [ 8124 ] }
antes   de filtrar: { [ 3267 ][ 9326 ] } { [ 9172 ][ 7757 ][ 5185 ] } { [ 4455 ][ 6816 ] } { [ 5961 ][ 1745 ][ 6033 ] } { [ 2635 ] } { [ 7737 ] } { [ 5523 ] } { [ 5742 ][ 7965 ][ 1014 ] } { [ 5293 ][ 5386 ] } { [ 5795 ][ 2841 ] } { [ 6483 ][ 3988 ] } { [ 9314 ][ 3797 ] } { [ 8852 ] } { [ 7366 ] } { [ 6322 ] } { [ 8124 ] } { [ 9750 ] } { [ 9075 ] } { [ 2118 ] } { [ 6112 ] } { [ 8999 ] } { [ 3700 ] }
despues de filtrar: { [ 3267 ][ 9326 ] } { [ 9172 ][ 7757 ][ 5185 ] } { [ 4455 ][ 6816 ] } { [ 5961 ][ 1745 ][ 6033 ] } { [ 2635 ] } { [ 7737 ] } { [ 5523 ] } { [ 5742 ][ 7965 ][ 1014 ] } { [ 5293 ][ 5386 ] } { [ 5795 ][ 2841 ] } { [ 6483 ][ 3988 ] } { [ 9314 ][ 3797 ] } { [ 8852 ] } { [ 7366 ] } { [ 6322 ] } { [ 8124 ] } { [ 2118 ] } { [ 6112 ] } { [ 8999 ] }
