antes   de colapsar { [ 4.455005 ] }
despues de colapsar { [ 4.455005 ] }
antes   de filtrar: { [ 4.455005 ][ 60.852610 ] }
despues de filtrar: { [ 4.455005 ][ 60.852610 ] }
antes   de colapsar { [ 4.455005 ][ 60.852610 ][ 37.470104 ] } { [ 22.152767 ][ 5.367986 ] } { [ 51.266507 ] } { [ -20.272321 ] } { [ 8.814885 ] }
despues de colapsar { [ 4.455005 ][ 60.852610 ][ 37.470104 ] } { [ 22.152767 ][ 5.367986 ] } { [ 51.266507 ] } { [ -20.272321 ] } { [ 8.814885 ] }
antes   de filtrar: { [ 4.455005 ][ 60.852610 ][ 37.470104 ] } { [ 22.152767 ][ 5.367986 ] } { [ 51.266507 ] } { [ -20.272321 ] } { [ 8.814885 ] } { [ 12.473758 ] }
despues de filtrar: { [ 4.455005 ][ 60.852610 ][ 37.470104 ] } { [ 22.152767 ][ 5.367986 ] } { [ 51.266507 ] } { [ -20.272321 ] } { [ 12.473758 ] }
antes   de filtrar: { [ 4.455005 ][ 60.852610 ][ 37.470104 ] } { [ 22.152767 ][ 5.367986 ] } { [ 51.266507 ] } { [ -20.272321 ] } { [ 12.473758 ] } { [ 52.611146 ][ -17.315284 ] } { [ 29.558136 ] } { [ -9.815400 ] } { [ -14.579235 ] } { [ 7.562378 ] } { [ 39.557232 ] } { [ 14.071031 ] } { [ 29.978410 ] } { [ 36.409955 ] } { [ 30.844567 ] }
despues de filtrar: { [ 4.455005 ][ 60.852610 ][ 37.470104 ] } { [ 22.152767 ][ 5.367986 ] } { [ 51.266507 ] } { [ -20.272321 ] } { [ 12.473758 ] } { [ -9.815400 ] } { [ -14.579235 ] } { [ 14.071031 ] } { [ 36.409955 ] }
antes   de filtrar: { [ 4.455005 ][ 60.852610 ][ 37.470104 ] } { [ 22.152767 ][ 5.367986 ] } { [ 51.266507 ] } { [ -20.272321 ] } { [ 12.473758 ] } { [ -9.815400 ] } { [ -14.579235 ] } { [ 14.071031 ] } { [ 36.409955 ] }
despues de filtrar: { [ 4.455005 ][ 60.852610 ][ 37.470104 ] } { [ 22.152767 ][ 5.367986 ] } { [ 51.266507 ] } { [ -20.272321 ] } { [ 12.473758 ] } { [ -9.815400 ] } { [ -14.579235 ] } { [ 14.071031 ] } { [ 36.409955 ] }
antes   de colapsar { [ 4.455005 ][ 60.852610 ][ 37.470104 ] } { [ 22.152767 ][ 5.367986 ][ 19.303173 ] } { [ 51.266507 ] } { [ -20.272321 ] } { [ 12.473758 ] } { [ -9.815400 ][ 53.876900 ] } { [ -14.579235 ] } { [ 14.071031 ] } { [ 36.409955 ] } { [ 50.127113 ] } { [ 49.921792 ] } { [ 63.736273 ] } { [ 6.029482 ] } { [ -3.033748 ] } { [ 44.477611 ] } { [ 8.009275 ] } { [ 42.483666 ] } { [ 33.355424 ] } { [ 70.383555 ] } { [ -20.063407 ] }
despues de colapsar { [ 4.455005 ][ 60.852610 ][ 37.470104 ] } { [ 22.152767 ][ 5.367986 ][ 19.303173 ] } { [ 51.266507 ] } { [ -20.272321 ] } { [ 12.473758 ] } { [ -9.815400 ][ 53.876900 ] } { [ -14.579235 ] } { [ 14.071031 ] } { [ 36.409955 ] } { [ 50.127113 ] } { [ 49.921792 ] } { [ 63.736273 ] } { [ 6.029482 ] } { [ -3.033748 ] } { [ 44.477611 ] } { [ 8.009275 ] } { [ 42.483666 ] } { [ 33.355424 ] } { [ 70.383555 ] } { [ -20.063407 ] }
antes   de colapsar { [ 4.455005 ][ 60.852610 ][ 37.470104 ] } { [ 22.152767 ][ 5.367986 ][ 19.303173 ] } { [ 51.266507 ] } { [ -20.272321 ] } { [ 12.473758 ] } { [ -9.815400 ][ 53.876900 ] } { [ -14.579235 ] } { [ 14.071031 ] } { [ 36.409955 ] } { [ 50.127113 ] } { [ 49.921792 ] } { [ 63.736273 ] } { [ 6.029482 ] } { [ -3.033748 ] } { [ 44.477611 ] } { [ 8.009275 ] } { [ 42.483666 ][ -24.627604 ] } { [ 33.355424 ] } { [ 70.383555 ] } { [ -20.063407 ] } { [ 71.341252 ] } { [ -24.567085 ][ -4.079999 ] } { [ 3.508952 ] } { [ -18.805716 ] }
despues de colapsar { [ 4.455005 ][ 60.852610 ][ 37.470104 ] } { [ 22.152767 ][ 5.367986 ][ 19.303173 ] } { [ 51.266507 ] } { [ -20.272321 ] } { [ 12.473758 ] } { [ -9.815400 ][ 53.876900 ] } { [ -14.579235 ] } { [ 14.071031 ] } { [ 36.409955 ] } { [ 50.127113 ] } { [ 49.921792 ] } { [ 63.736273 ] } { [ 6.029482 ] } { [ -3.033748 ] } { [ 44.477611 ] } { [ 8.009275 ] } { [ 42.483666 ][ -24.627604 ] } { [ 33.355424 ] } { [ 70.383555 ] } { [ -20.063407 ] } { [ 71.341252 ] } { [ -24.567085 ][ -4.079999 ] } { [ 3.508952 ] } { [ -18.805716 ] }
antes   de filtrar: { [ 4.455005 ][ 60.852610 ][ 37.470104 ] } { [ 22.152767 ][ 5.367986 ][ 19.303173 ] } { [ 51.266507 ] } { [ -20.272321 ] } { [ 12.473758 ] } { [ -9.815400 ][ 53.876900 ] } { [ -14.579235 ] } { [ 14.071031 ][ 53.593269 ] } { [ 36.409955 ] } { [ 50.127113 ] } { [ 49.921792 ] } { [ 63.736273 ] } { [ 6.029482 ] } { [ -3.033748 ] } { [ 44.477611 ] } { [ 8.009275 ] } { [ 42.483666 ][ -24.627604 ] } { [ 33.355424 ][ 31.000671 ] } { [ 70.383555 ] } { [ -20.063407 ] } { [ 71.341252 ] } { [ -24.567085 ][ -4.079999 ] } { [ 3.508952 ] } { [ -18.805716 ] }
despues de filtrar: { [ 4.455005 ][ 60.852610 ][ 37.470104 ] } { [ 22.152767 ][ 5.367986 ][ 19.303173 ] } { [ 51.266507 ] } { [ -20.272321 ] } { [ 12.473758 ] } { [ -9.815400 ][ 53.876900 ] } { [ -14.579235 ] } { [ 14.071031 ][ 53.593269 ] } { [ 36.409955 ] } { [ 50.127113 ] } { [ 6.029482 ] } { [ -3.033748 ] } { [ 44.477611 ] } { [ 8.009275 ] } { [ 42.483666 ][ -24.627604 ] } { [ 33.355424 ][ 31.000671 ] } { [ 70.383555 ] } { [ -20.063407 ] } { [ 71.341252 ] } { [ -24.567085 ][ -4.079999 ] } { [ -18.805716 ] }
antes   de colapsar { [ 4.455005 ][ 60.852610 ][ 37.470104 ] } { [ 22.152767 ][ 5.367986 ][ 19.303173 ] } { [ 51.266507 ] } { [ -20.272321 ] } { [ 12.473758 ][ 62.598851 ] } { [ -9.815400 ][ 53.876900 ] } { [ -14.579235 ] } { [ 14.071031 ][ 53.593269 ] } { [ 36.409955 ] } { [ 50.127113 ] } { [ 6.029482 ][ -15.048256 ] } { [ -3.033748 ] } { [ 44.477611 ] } { [ 8.009275 ] } { [ 42.483666 ][ -24.627604 ] } { [ 33.355424 ][ 31.000671 ] } { [ 70.383555 ] } { [ -20.063407 ] } { [ 71.341252 ][ -22.878660 ] } { [ -24.567085 ][ -4.079999 ] } { [ -18.805716 ] } { [ 45.671322 ] } { [ 40.449049 ] } { [ 33.264994 ] } { [ 10.753932 ] }
despues de colapsar { [ 4.455005 ][ 60.852610 ][ 37.470104 ] } { [ 22.152767 ][ 5.367986 ][ 19.303173 ] } { [ 51.266507 ] } { [ -20.272321 ] } { [ 12.473758 ][ 62.598851 ] } { [ -9.815400 ][ 53.876900 ] } { [ -14.579235 ] } { [ 14.071031 ][ 53.593269 ] } { [ 36.409955 ] } { [ 50.127113 ] } { [ 6.029482 ][ -15.048256 ] } { [ -3.033748 ] } { [ 44.477611 ] } { [ 8.009275 ] } { [ 42.483666 ][ -24.627604 ] } { [ 33.355424 ][ 31.000671 ] } { [ 70.383555 ] } { [ -20.063407 ] } { [ 71.341252 ][ -22.878660 ] } { [ -24.567085 ][ -4.079999 ] } { [ -18.805716 ] } { [ 45.671322 ] } { [ 40.449049 ] } { [ 33.264994 ] } { [ 10.753932 ] }
antes   de filtrar: { [ 70.469358 ][ 34.889902 ] }
despues de filtrar: { [ 70.469358 ][ 34.889902 ] }
antes   de colapsar { [ 70.469358 ][ 34.889902 ] }
despues de colapsar { [ 70.469358 ][ 34.889902 ] }
antes   de colapsar { [ 70.469358 ][ 34.889902 ] } { [ 21.345799 ][ 17.963344 ] } { [ 57.895041 ][ -20.512671 ] } { [ 63.729201 ] } { [ 41.535153 ] } { [ 65.436400 ] } { [ 54.134740 ] }
despues de colapsar { [ 70.469358 ][ 34.889902 ] } { [ 21.345799 ][ 17.963344 ] } { [ 6.114112 ] } { [ 63.729201 ] } { [ 41.535153 ] } { [ 65.436400 ] } { [ 54.134740 ] }
antes   de colapsar { [ 70.469358 ][ 34.889902 ] } { [ 21.345799 ][ 17.963344 ] } { [ 6.114112 ][ -15.904151 ] } { [ 63.729201 ] } { [ 41.535153 ][ -5.772880 ] } { [ 65.436400 ] } { [ 54.134740 ] }
despues de colapsar { [ 70.469358 ][ 34.889902 ] } { [ 21.345799 ][ 17.963344 ] } { [ 6.114112 ][ -15.904151 ] } { [ 63.729201 ] } { [ 5.980157 ] } { [ 65.436400 ] } { [ 54.134740 ] }
antes   de filtrar: { [ 70.469358 ][ 34.889902 ] } { [ 21.345799 ][ 17.963344 ][ 54.132874 ] } { [ 6.114112 ][ -15.904151 ] } { [ 63.729201 ][ -16.620628 ] } { [ 5.980157 ] } { [ 65.436400 ][ 63.882262 ] } { [ 54.134740 ] } { [ -16.605439 ][ 2.704052 ] } { [ 58.968146 ] } { [ 69.228484 ] } { [ 50.529556 ][ 32.695588 ] } { [ -7.082645 ] } { [ 65.679340 ] } { [ 26.929366 ] } { [ 59.376896 ] } { [ 41.825627 ] } { [ 34.872679 ] } { [ -4.349709 ] } { [ -13.961086 ] } { [ 61.224345 ] } { [ 74.011868 ] } { [ 63.542331 ] } { [ -19.102088 ] }
despues de filtrar: { [ 70.469358 ][ 34.889902 ] } { [ 21.345799 ][ 17.963344 ][ 54.132874 ] } { [ 6.114112 ][ -15.904151 ] } { [ 65.436400 ][ 63.882262 ] } { [ 54.134740 ] } { [ -16.605439 ][ 2.704052 ] } { [ 69.228484 ] } { [ -7.082645 ] } { [ 59.376896 ] } { [ -4.349709 ] } { [ -13.961086 ] } { [ 61.224345 ] } { [ 74.011868 ] } { [ -19.102088 ] }
antes   de filtrar: { [ 70.469358 ][ 34.889902 ] } { [ 21.345799 ][ 17.963344 ][ 54.132874 ] } { [ 6.114112 ][ -15.904151 ] } { [ 65.436400 ][ 63.882262 ] } { [ 54.134740 ] } { [ -16.605439 ][ 2.704052 ] } { [ 69.228484 ] } { [ -7.082645 ] } { [ 59.376896 ] } { [ -4.349709 ] } { [ -13.961086 ] } { [ 61.224345 ] } { [ 74.011868 ] } { [ -19.102088 ] } { [ -5.196064 ] } { [ 13.856429 ] } { [ 33.026317 ] }
despues de filtrar: { [ 70.469358 ][ 34.889902 ] } { [ 21.345799 ][ 17.963344 ][ 54.132874 ] } { [ 6.114112 ][ -15.904151 ] } { [ 65.436400 ][ 63.882262 ] } { [ 54.134740 ] } { [ -16.605439 ][ 2.704052 ] } { [ 69.228484 ] } { [ -7.082645 ] } { [ 59.376896 ] } { [ -4.349709 ] } { [ -13.961086 ] } { [ 61.224345 ] } { [ 74.011868 ] } { [ -19.102088 ] } { [ -5.196064 ] } { [ 33.026317 ] }
antes   de filtrar: { [ 70.469358 ][ 34.889902 ] } { [ 21.345799 ][ 17.963344 ][ 54.132874 ] } { [ 6.114112 ][ -15.904151 ] } { [ 65.436400 ][ 63.882262 ] } { [ 54.134740 ] } { [ -16.605439 ][ 2.704052 ] } { [ 69.228484 ] } { [ -7.082645 ] } { [ 59.376896 ] } { [ -4.349709 ] } { [ -13.961086 ] } { [ 61.224345 ] } { [ 74.011868 ] } { [ -19.102088 ] } { [ -5.196064 ] } { [ 33.026317 ] }
despues de filtrar: { [ 70.469358 ][ 34.889902 ] } { [ 21.345799 ][ 17.963344 ][ 54.132874 ] } { [ 6.114112 ][ -15.904151 ] } { [ 65.436400 ][ 63.882262 ] } { [ 54.134740 ] } { [ -16.605439 ][ 2.704052 ] } { [ 69.228484 ] } { [ -7.082645 ] } { [ 59.376896 ] } { [ -4.349709 ] } { [ -13.961086 ] } { [ 61.224345 ] } { [ 74.011868 ] } { [ -19.102088 ] } { [ -5.196064 ] } { [ 33.026317 ] }
antes   de filtrar: { [ 70.469358 ][ 34.889902 ] } { [ 21.345799 ][ 17.963344 ][ 54.132874 ] } { [ 6.114112 ][ -15.904151 ] } { [ 65.436400 ][ 63.882262 ] } { [ 54.134740 ] } { [ -16.605439 ][ 2.704052 ] } { [ 69.228484 ] } { [ -7.082645 ][ -20.308923 ] } { [ 59.376896 ][ 34.202661 ] } { [ -4.349709 ] } { [ -13.961086 ] } { [ 61.224345 ][ 74.839301 ] } { [ 74.011868 ] } { [ -19.102088 ] } { [ -5.196064 ] } { [ 33.026317 ] } { [ 73.426126 ] } { [ -14.171789 ] } { [ 60.049544 ] } { [ 24.178842 ] }
despues de filtrar: { [ 70.469358 ][ 34.889902 ] } { [ 21.345799 ][ 17.963344 ][ 54.132874 ] } { [ 6.114112 ][ -15.904151 ] } { [ 65.436400 ][ 63.882262 ] } { [ 54.134740 ] } { [ -16.605439 ][ 2.704052 ] } { [ 69.228484 ] } { [ -7.082645 ][ -20.308923 ] } { [ 59.376896 ][ 34.202661 ] } { [ -4.349709 ] } { [ -13.961086 ] } { [ 61.224345 ][ 74.839301 ] } { [ 74.011868 ] } { [ -19.102088 ] } { [ -5.196064 ] } { [ 33.026317 ] } { [ 73.426126 ] } { [ -14.171789 ] } { [ 60.049544 ] } { [ 24.178842 ] }
antes   de colapsar { [ 70.469358 ][ 34.889902 ] } { [ 21.345799 ][ 17.963344 ][ 54.132874 ] } { [ 6.114112 ][ -15.904151 ] } { [ 65.436400 ][ 63.882262 ] } { [ 54.134740 ] } { [ -16.605439 ][ 2.704052 ] } { [ 69.228484 ] } { [ -7.082645 ][ -20.308923 ] } { [ 59.376896 ][ 34.202661 ] } { [ -4.349709 ] } { [ -13.961086 ] } { [ 61.224345 ][ 74.839301 ] } { [ 74.011868 ] } { [ -19.102088 ] } { [ -5.196064 ] } { [ 33.026317 ][ -0.154992 ] } { [ 73.426126 ] } { [ -14.171789 ] } { [ 60.049544 ] } { [ 24.178842 ] } { [ 3.002709 ] } { [ -12.047488 ] }
despues de colapsar { [ 70.469358 ][ 34.889902 ] } { [ 21.345799 ][ 17.963344 ][ 54.132874 ] } { [ 6.114112 ][ -15.904151 ] } { [ 65.436400 ][ 63.882262 ] } { [ 54.134740 ] } { [ -16.605439 ][ 2.704052 ] } { [ 69.228484 ] } { [ -7.082645 ][ -20.308923 ] } { [ 59.376896 ][ 34.202661 ] } { [ -4.349709 ] } { [ -13.961086 ] } { [ 61.224345 ][ 74.839301 ] } { [ 74.011868 ] } { [ -19.102088 ] } { [ -5.196064 ] } { [ 33.026317 ][ -0.154992 ] } { [ 73.426126 ] } { [ -14.171789 ] } { [ 60.049544 ] } { [ 24.178842 ] } { [ 3.002709 ] } { [ -12.047488 ] }
antes   de colapsar { [ 70.469358 ][ 34.889902 ] } { [ 21.345799 ][ 17.963344 ][ 54.132874 ] } { [ 6.114112 ][ -15.904151 ] } { [ 65.436400 ][ 63.882262 ] } { [ 54.134740 ] } { [ -16.605439 ][ 2.704052 ] } { [ 69.228484 ] } { [ -7.082645 ][ -20.308923 ] } { [ 59.376896 ][ 34.202661 ] } { [ -4.349709 ] } { [ -13.961086 ] } { [ 61.224345 ][ 74.839301 ] } { [ 74.011868 ] } { [ -19.102088 ] } { [ -5.196064 ] } { [ 33.026317 ][ -0.154992 ] } { [ 73.426126 ] } { [ -14.171789 ][ -12.357072 ] } { [ 60.049544 ] } { [ 24.178842 ] } { [ 3.002709 ] } { [ -12.047488 ] } { [ 56.072082 ] } { [ -15.286979 ] } { [ 62.604630 ] }
despues de colapsar { [ 70.469358 ][ 34.889902 ] } { [ 21.345799 ][ 17.963344 ][ 54.132874 ] } { [ 6.114112 ][ -15.904151 ] } { [ 65.436400 ][ 63.882262 ] } { [ 54.134740 ] } { [ -16.605439 ][ 2.704052 ] } { [ 69.228484 ] } { [ -7.082645 ][ -20.308923 ] } { [ 59.376896 ][ 34.202661 ] } { [ -4.349709 ] } { [ -13.961086 ] } { [ 61.224345 ][ 74.839301 ] } { [ 74.011868 ] } { [ -19.102088 ] } { [ -5.196064 ] } { [ 33.026317 ][ -0.154992 ] } { [ 73.426126 ] } { [ -14.171789 ][ -12.357072 ] } { [ 60.049544 ] } { [ 24.178842 ] } { [ 3.002709 ] } { [ -12.047488 ] } { [ 56.072082 ] } { [ -15.286979 ] } { [ 62.604630 ] }
antes   de colapsar { [ ri4ek2cy ] }
despues de colapsar { [ ri4ek2cy ] }
antes   de filtrar: { [ ri4ek2cy ][ mulxbqweh ] } { [ 7u ] } { [ au7 ][ jhct ] } { [ j0 ] }
despues de filtrar: <vacia>
antes   de filtrar: { [ 2 ][ v2v4 ] } { [ 9gr6pspq ][ niljx ] } { [ n ] }
despues de filtrar: { [ n ] }
antes   de colapsar { [ n ][ 2x ] } { [ b02ocgd ] } { [ 37hmr6qggp ] } { [ 63b754x8a ] } { [ 1 ] }
despues de colapsar { [ n ][ 2x ] } { [ b02ocgd ] } { [ 37hmr6qggp ] } { [ 63b754x8a ] } { [ 1 ] }
antes   de colapsar { [ n ][ 2x ] } { [ b02ocgd ] } { [ 37hmr6qggp ][ 8ygx ] } { [ 63b754x8a ] } { [ 1 ] } { [ dpn2ukv ] } { [ n ][ mqnxhpc ] } { [ ed2v7cu ] }
despues de colapsar { [ n ][ 2x ] } { [ b02ocgd ] } { [ 387yhgmxr6 ] } { [ 63b754x8a ] } { [ 1 ] } { [ dpn2ukv ] } { [ n ][ mqnxhpc ] } { [ ed2v7cu ] }
antes   de colapsar { [ n ][ 2x ] } { [ b02ocgd ] } { [ 387yhgmxr6 ] } { [ 63b754x8a ] } { [ 1 ] } { [ dpn2ukv ] } { [ n ][ mqnxhpc ] } { [ ed2v7cu ] } { [ iyoglxjm ] } { [ anthc ] }
despues de colapsar { [ n ][ 2x ] } { [ b02ocgd ] } { [ 387yhgmxr6 ] } { [ 63b754x8a ] } { [ 1 ] } { [ dpn2ukv ] } { [ n ][ mqnxhpc ] } { [ ed2v7cu ] } { [ iyoglxjm ] } { [ anthc ] }
antes   de filtrar: { [ n ][ 2x ] } { [ b02ocgd ] } { [ 387yhgmxr6 ] } { [ 63b754x8a ][ xkn5kdyuh1 ] } { [ 1 ] } { [ dpn2ukv ] } { [ n ][ mqnxhpc ] } { [ ed2v7cu ] } { [ iyoglxjm ] } { [ anthc ] }
despues de filtrar: { [ n ][ 2x ] } { [ n ][ mqnxhpc ] } { [ iyoglxjm ] } { [ anthc ] }
antes   de colapsar { [ n ][ 2x ] } { [ n ][ mqnxhpc ] } { [ iyoglxjm ] } { [ anthc ] } { [ co ][ g8qtxa1 ][ oywvf2xki4 ] } { [ qe0ee3h ] } { [ m7widxs ] } { [ 9wpk0qhkhp ] } { [ tqlswpb14n ] } { [ 7d5ubmy ] }
despues de colapsar { [ n ][ 2x ] } { [ n ][ mqnxhpc ] } { [ iyoglxjm ] } { [ anthc ] } { [ co ][ g8qtxa1 ][ oywvf2xki4 ] } { [ qe0ee3h ] } { [ m7widxs ] } { [ 9wpk0qhkhp ] } { [ tqlswpb14n ] } { [ 7d5ubmy ] }
antes   de filtrar: { [ n ][ 2x ] } { [ n ][ mqnxhpc ] } { [ iyoglxjm ] } { [ anthc ][ 7jru ] } { [ co ][ g8qtxa1 ][ oywvf2xki4 ] } { [ qe0ee3h ] } { [ m7widxs ] } { [ 9wpk0qhkhp ] } { [ tqlswpb14n ] } { [ 7d5ubmy ] } { [ 3 ] }
despues de filtrar: { [ n ][ 2x ] } { [ n ][ mqnxhpc ] } { [ iyoglxjm ] } { [ anthc ][ 7jru ] } { [ co ][ g8qtxa1 ][ oywvf2xki4 ] }
antes   de filtrar: { [ n ][ 2x ] } { [ n ][ mqnxhpc ][ fg3 ] } { [ iyoglxjm ] } { [ anthc ][ 7jru ][ 3o4 ] } { [ co ][ g8qtxa1 ][ oywvf2xki4 ][ ec4n ] } { [ 2ba5bo ] } { [ vf ] } { [ 4yj ] } { [ f1s785w76 ] } { [ o5aytvbcte ] } { [ x ] } { [ by7u4y4l ] } { [ ppdna1tu1v ] }
despues de filtrar: { [ n ][ 2x ] } { [ n ][ mqnxhpc ][ fg3 ] } { [ iyoglxjm ] } { [ anthc ][ 7jru ][ 3o4 ] } { [ co ][ g8qtxa1 ][ oywvf2xki4 ][ ec4n ] } { [ vf ] } { [ x ] }
antes   de colapsar <vacia>
despues de colapsar <vacia>
antes   de colapsar { [ -5.293872 ][ 20.731938 ] } { [ 36.256199 ] }
despues de colapsar { [ -5.293872 ][ 20.731938 ] } { [ 36.256199 ] }
antes   de filtrar: { [ -5.293872 ][ 20.731938 ][ 23.429459 ] } { [ 36.256199 ] } { [ -7.232663 ] } { [ -7.019878 ] } { [ 25.574448 ] } { [ 63.948324 ] } { [ -16.189171 ] } { [ -16.433829 ] }
despues de filtrar: { [ -5.293872 ][ 20.731938 ][ 23.429459 ] } { [ 36.256199 ] } { [ -7.232663 ] } { [ -7.019878 ] } { [ -16.189171 ] } { [ -16.433829 ] }
antes   de filtrar: { [ -5.293872 ][ 20.731938 ][ 23.429459 ] } { [ 36.256199 ] } { [ -7.232663 ] } { [ -7.019878 ][ 42.811194 ] } { [ -16.189171 ] } { [ -16.433829 ] } { [ -20.060594 ] }
despues de filtrar: { [ -5.293872 ][ 20.731938 ][ 23.429459 ] } { [ 36.256199 ] } { [ -7.232663 ] } { [ -7.019878 ][ 42.811194 ] } { [ -16.189171 ] } { [ -16.433829 ] } { [ -20.060594 ] }
antes   de colapsar { [ -5.293872 ][ 20.731938 ][ 23.429459 ] } { [ 36.256199 ][ -8.534577 ] } { [ -7.232663 ] } { [ -7.019878 ][ 42.811194 ][ 39.222595 ] } { [ -16.189171 ] } { [ -16.433829 ] } { [ -20.060594 ] } { [ -16.733609 ] } { [ -20.358828 ] } { [ 50.636340 ] } { [ 64.374228 ] }
despues de colapsar { [ -5.293872 ][ 20.731938 ][ 23.429459 ] } { [ 36.256199 ][ -8.534577 ] } { [ -7.232663 ] } { [ -7.019878 ][ 42.811194 ][ 39.222595 ] } { [ -16.189171 ] } { [ -16.433829 ] } { [ -20.060594 ] } { [ -16.733609 ] } { [ -20.358828 ] } { [ 50.636340 ] } { [ 64.374228 ] }
antes   de filtrar: { [ -5.293872 ][ 20.731938 ][ 23.429459 ] } { [ 36.256199 ][ -8.534577 ][ 36.515214 ] } { [ -7.232663 ] } { [ -7.019878 ][ 42.811194 ][ 39.222595 ] } { [ -16.189171 ] } { [ -16.433829 ][ -20.300257 ] } { [ -20.060594 ] } { [ -16.733609 ][ -20.636072 ] } { [ -20.358828 ][ 57.488255 ] } { [ 50.636340 ] } { [ 64.374228 ] } { [ 18.072529 ] } { [ 63.973663 ] } { [ -8.432306 ] } { [ 37.956956 ] } { [ 37.662431 ] } { [ -10.876837 ] }
despues de filtrar: { [ -5.293872 ][ 20.731938 ][ 23.429459 ] } { [ 36.256199 ][ -8.534577 ][ 36.515214 ] } { [ -7.232663 ] } { [ -7.019878 ][ 42.811194 ][ 39.222595 ] } { [ -16.189171 ] } { [ -16.433829 ][ -20.300257 ] } { [ -20.060594 ] } { [ -16.733609 ][ -20.636072 ] } { [ -20.358828 ][ 57.488255 ] } { [ 64.374228 ] } { [ 18.072529 ] } { [ -8.432306 ] } { [ -10.876837 ] }
antes   de colapsar { [ -5.293872 ][ 20.731938 ][ 23.429459 ] } { [ 36.256199 ][ -8.534577 ][ 36.515214 ] } { [ -7.232663 ] } { [ -7.019878 ][ 42.811194 ][ 39.222595 ] } { [ -16.189171 ] } { [ -16.433829 ][ -20.300257 ] } { [ -20.060594 ] } { [ -16.733609 ][ -20.636072 ] } { [ -20.358828 ][ 57.488255 ] } { [ 64.374228 ] } { [ 18.072529 ] } { [ -8.432306 ] } { [ -10.876837 ] } { [ 72.011052 ][ 73.842976 ] } { [ 68.749637 ] } { [ 50.954334 ] }
despues de colapsar { [ -5.293872 ][ 20.731938 ][ 23.429459 ] } { [ 36.256199 ][ -8.534577 ][ 36.515214 ] } { [ -7.232663 ] } { [ -7.019878 ][ 42.811194 ][ 39.222595 ] } { [ -16.189171 ] } { [ -16.433829 ][ -20.300257 ] } { [ -20.060594 ] } { [ -16.733609 ][ -20.636072 ] } { [ -20.358828 ][ 57.488255 ] } { [ 64.374228 ] } { [ 18.072529 ] } { [ -8.432306 ] } { [ -10.876837 ] } { [ 72.011052 ][ 73.842976 ] } { [ 68.749637 ] } { [ 50.954334 ] }
antes   de filtrar: { [ -5.293872 ][ 20.731938 ][ 23.429459 ] } { [ 36.256199 ][ -8.534577 ][ 36.515214 ] } { [ -7.232663 ] } { [ -7.019878 ][ 42.811194 ][ 39.222595 ] } { [ -16.189171 ] } { [ -16.433829 ][ -20.300257 ] } { [ -20.060594 ] } { [ -16.733609 ][ -20.636072 ] } { [ -20.358828 ][ 57.488255 ] } { [ 64.374228 ] } { [ 18.072529 ] } { [ -8.432306 ] } { [ -10.876837 ] } { [ 72.011052 ][ 73.842976 ] } { [ 68.749637 ] } { [ 50.954334 ] } { [ 37.753302 ] } { [ 50.698233 ] } { [ -17.518989 ] } { [ -23.743671 ] } { [ 4.620354 ] }
despues de filtrar: { [ -5.293872 ][ 20.731938 ][ 23.429459 ] } { [ 36.256199 ][ -8.534577 ][ 36.515214 ] } { [ -7.232663 ] } { [ -7.019878 ][ 42.811194 ][ 39.222595 ] } { [ -16.189171 ] } { [ -16.433829 ][ -20.300257 ] } { [ -20.060594 ] } { [ -16.733609 ][ -20.636072 ] } { [ -20.358828 ][ 57.488255 ] } { [ 64.374228 ] } { [ 18.072529 ] } { [ -8.432306 ] } { [ -10.876837 ] } { [ 72.011052 ][ 73.842976 ] } { [ -17.518989 ] } { [ -23.743671 ] }
antes   de colapsar { [ -5.293872 ][ 20.731938 ][ 23.429459 ] } { [ 36.256199 ][ -8.534577 ][ 36.515214 ] } { [ -7.232663 ] } { [ -7.019878 ][ 42.811194 ][ 39.222595 ] } { [ -16.189171 ] } { [ -16.433829 ][ -20.300257 ] } { [ -20.060594 ] } { [ -16.733609 ][ -20.636072 ] } { [ -20.358828 ][ 57.488255 ] } { [ 64.374228 ] } { [ 18.072529 ] } { [ -8.432306 ] } { [ -10.876837 ] } { [ 72.011052 ][ 73.842976 ] } { [ -17.518989 ] } { [ -23.743671 ] } { [ 31.151194 ] } { [ 73.637483 ] }
despues de colapsar { [ -5.293872 ][ 20.731938 ][ 23.429459 ] } { [ 36.256199 ][ -8.534577 ][ 36.515214 ] } { [ -7.232663 ] } { [ -7.019878 ][ 42.811194 ][ 39.222595 ] } { [ -16.189171 ] } { [ -16.433829 ][ -20.300257 ] } { [ -20.060594 ] } { [ -16.733609 ][ -20.636072 ] } { [ -20.358828 ][ 57.488255 ] } { [ 64.374228 ] } { [ 18.072529 ] } { [ -8.432306 ] } { [ -10.876837 ] } { [ 72.011052 ][ 73.842976 ] } { [ -17.518989 ] } { [ -23.743671 ] } { [ 31.151194 ] } { [ 73.637483 ] }
antes   de filtrar: { [ -5.293872 ][ 20.731938 ][ 23.429459 ] } { [ 36.256199 ][ -8.534577 ][ 36.515214 ] } { [ -7.232663 ] } { [ -7.019878 ][ 42.811194 ][ 39.222595 ][ 63.650460 ] } { [ -16.189171 ] } { [ -16.433829 ][ -20.300257 ][ 27.509478 ] } { [ -20.060594 ] } { [ -16.733609 ][ -20.636072 ] } { [ -20.358828 ][ 57.488255 ] } { [ 64.374228 ] } { [ 18.072529 ] } { [ -8.432306 ] } { [ -10.876837 ] } { [ 72.011052 ][ 73.842976 ] } { [ -17.518989 ] } { [ -23.743671 ] } { [ 31.151194 ][ -7.200852 ] } { [ 73.637483 ][ -7.583182 ] } { [ 47.191498 ] } { [ 34.304072 ] } { [ -20.385455 ] } { [ -13.041654 ] } { [ 68.257763 ] } { [ 47.577859 ] } { [ -16.024819 ] }
despues de filtrar: { [ -5.293872 ][ 20.731938 ][ 23.429459 ] } { [ 36.256199 ][ -8.534577 ][ 36.515214 ] } { [ -7.232663 ] } { [ -7.019878 ][ 42.811194 ][ 39.222595 ][ 63.650460 ] } { [ -16.189171 ] } { [ -16.433829 ][ -20.300257 ][ 27.509478 ] } { [ -20.060594 ] } { [ -16.733609 ][ -20.636072 ] } { [ -20.358828 ][ 57.488255 ] } { [ 64.374228 ] } { [ 18.072529 ] } { [ -8.432306 ] } { [ -10.876837 ] } { [ 72.011052 ][ 73.842976 ] } { [ -17.518989 ] } { [ -23.743671 ] } { [ 31.151194 ][ -7.200852 ] } { [ 47.191498 ] } { [ 34.304072 ] } { [ -20.385455 ] } { [ -13.041654 ] } { [ 68.257763 ] } { [ -16.024819 ] }
antes   de colapsar <vacia>
despues de colapsar <vacia>
antes   de colapsar { [ 6927 ] }
despues de colapsar { [ 6927 ] }
antes   de colapsar { [ 6927 ] } { [ 6760 ] } { [ 9697 ] } { [ 752 ] } { [ 3872 ][ 6747 ] } { [ 265 ] }
despues de colapsar { [ 6927 ] } { [ 6760 ] } { [ 9697 ] } { [ 752 ] } { [ 3872 ][ 6747 ] } { [ 265 ] }
antes   de filtrar: { [ 6927 ] } { [ 6760 ] } { [ 9697 ] } { [ 752 ][ 2059 ] } { [ 3872 ][ 6747 ] } { [ 265 ] } { [ 5099 ] } { [ 4531 ] } { [ 9324 ] } { [ 2626 ] } { [ 3358 ] }
despues de filtrar: { [ 6927 ] } { [ 9697 ] } { [ 752 ][ 2059 ] } { [ 3872 ][ 6747 ] } { [ 265 ] } { [ 4531 ] } { [ 9324 ] } { [ 2626 ] } { [ 3358 ] }
antes   de filtrar: { [ 6927 ] } { [ 9697 ] } { [ 752 ][ 2059 ] } { [ 3872 ][ 6747 ] } { [ 265 ] } { [ 4531 ] } { [ 9324 ] } { [ 2626 ] } { [ 3358 ] } { [ 1548 ] } { [ 2570 ] }
despues de filtrar: { [ 6927 ] } { [ 9697 ] } { [ 752 ][ 2059 ] } { [ 3872 ][ 6747 ] } { [ 265 ] } { [ 4531 ] } { [ 9324 ] } { [ 2626 ] } { [ 3358 ] } { [ 1548 ] }
antes   de colapsar { [ 6927 ] } { [ 9697 ][ 1246 ] } { [ 752 ][ 2059 ][ 8287 ][ 7630 ] } { [ 3872 ][ 6747 ] } { [ 265 ] } { [ 4531 ] } { [ 9324 ][ 1811 ] } { [ 2626 ] } { [ 3358 ] } { [ 1548 ] } { [ 3625 ] } { [ 8410 ] }
despues de colapsar { [ 6927 ] } { [ 9697 ][ 1246 ] } { [ 752 ][ 2059 ][ 8287 ][ 7630 ] } { [ 3872 ][ 6747 ] } { [ 265 ] } { [ 4531 ] } { [ 9324 ][ 1811 ] } { [ 2626 ] } { [ 3358 ] } { [ 1548 ] } { [ 3625 ] } { [ 8410 ] }
antes   de filtrar: { [ 6927 ] } { [ 9697 ][ 1246 ] } { [ 752 ][ 2059 ][ 8287 ][ 7630 ] } { [ 3872 ][ 6747 ] } { [ 265 ] } { [ 4531 ] } { [ 9324 ][ 1811 ] } { [ 2626 ] } { [ 3358 ] } { [ 1548 ] } { [ 3625 ] } { [ 8410 ] }
despues de filtrar: { [ 6927 ] } { [ 9697 ][ 1246 ] } { [ 752 ][ 2059 ][ 8287 ][ 7630 ] } { [ 3872 ][ 6747 ] } { [ 265 ] } { [ 4531 ] } { [ 9324 ][ 1811 ] } { [ 2626 ] } { [ 3358 ] } { [ 1548 ] } { [ 3625 ] }
antes   de colapsar { [ 6927 ] } { [ 9697 ][ 1246 ][ 6516 ] } { [ 752 ][ 2059 ][ 8287 ][ 7630 ] } { [ 3872 ][ 6747 ][ 1993 ] } { [ 265 ] } { [ 4531 ][ 4139 ] } { [ 9324 ][ 1811 ] } { [ 2626 ] } { [ 3358 ] } { [ 1548 ] } { [ 3625 ] } { [ 2900 ] } { [ 2853 ] } { [ 9581 ] } { [ 1594 ][ 7488 ] } { [ 6928 ] } { [ 1481 ] } { [ 7044 ] }
despues de colapsar { [ 6927 ] } { [ 9697 ][ 1246 ][ 6516 ] } { [ 752 ][ 2059 ][ 8287 ][ 7630 ] } { [ 3872 ][ 6747 ][ 1993 ] } { [ 265 ] } { [ 4531 ][ 4139 ] } { [ 9324 ][ 1811 ] } { [ 2626 ] } { [ 3358 ] } { [ 1548 ] } { [ 3625 ] } { [ 2900 ] } { [ 2853 ] } { [ 9581 ] } { [ 1594 ][ 7488 ] } { [ 6928 ] } { [ 1481 ] } { [ 7044 ] }
antes   de filtrar: { [ 6927 ] } { [ 9697 ][ 1246 ][ 6516 ] } { [ 752 ][ 2059 ][ 8287 ][ 7630 ] } { [ 3872 ][ 6747 ][ 1993 ] } { [ 265 ] } { [ 4531 ][ 4139 ] } { [ 9324 ][ 1811 ] } { [ 2626 ] } { [ 3358 ] } { [ 1548 ] } { [ 3625 ] } { [ 2900 ] } { [ 2853 ] } { [ 9581 ] } { [ 1594 ][ 7488 ] } { [ 6928 ] } { [ 1481 ] } { [ 7044 ] }
despues de filtrar: { [ 6927 ] } { [ 9697 ][ 1246 ][ 6516 ] } { [ 752 ][ 2059 ][ 8287 ][ 7630 ] } { [ 3872 ][ 6747 ][ 1993 ] } { [ 265 ] } { [ 4531 ][ 4139 ] } { [ 9324 ][ 1811 ] } { [ 2626 ] } { [ 3358 ] } { [ 1548 ] } { [ 3625 ] } { [ 2853 ] } { [ 9581 ] } { [ 1594 ][ 7488 ] } { [ 6928 ] } { [ 1481 ] }
antes   de filtrar: { [ 6927 ] } { [ 9697 ][ 1246 ][ 6516 ] } { [ 752 ][ 2059 ][ 8287 ][ 7630 ] } { [ 3872 ][ 6747 ][ 1993 ] } { [ 265 ] } { [ 4531 ][ 4139 ] } { [ 9324 ][ 1811 ][ 2120 ][ 1899 ] } { [ 2626 ] } { [ 3358 ] } { [ 1548 ] } { [ 3625 ] } { [ 2853 ] } { [ 9581 ] } { [ 1594 ][ 7488 ] } { [ 6928 ] } { [ 1481 ][ 6524 ] } { [ 4374 ] } { [ 546 ] } { [ 8927 ] } { [ 2354 ] } { [ 499 ] } { [ 6460 ] } { [ 3907 ] } { [ 2767 ] } { [ 2250 ][ 8481 ] } { [ 181 ] } { [ 8781 ] } { [ 8677 ] }
despues de filtrar: { [ 6927 ] } { [ 9697 ][ 1246 ][ 6516 ] } { [ 752 ][ 2059 ][ 8287 ][ 7630 ] } { [ 3872 ][ 6747 ][ 1993 ] } { [ 265 ] } { [ 4531 ][ 4139 ] } { [ 9324 ][ 1811 ][ 2120 ][ 1899 ] } { [ 2626 ] } { [ 3358 ] } { [ 1548 ] } { [ 3625 ] } { [ 2853 ] } { [ 9581 ] } { [ 1594 ][ 7488 ] } { [ 6928 ] } { [ 1481 ][ 6524 ] } { [ 4374 ] } { [ 546 ] } { [ 8927 ] } { [ 2354 ] } { [ 499 ] } { [ 2767 ] } { [ 181 ] } { [ 8781 ] } { [ 8677 ] }
