antes   de filtrar: { [ 48.193302 ][ -24.169139 ] } { [ 40.820436 ] } { [ 17.148126 ] } { [ 65.143741 ] } { [ 15.002502 ] }
despues de filtrar: { [ 48.193302 ][ -24.169139 ] } { [ 17.148126 ] } { [ 65.143741 ] } { [ 15.002502 ] }
antes   de colapsar { [ 48.193302 ][ -24.169139 ] } { [ 17.148126 ] } { [ 65.143741 ] } { [ 15.002502 ] } { [ 4.905143 ] } { [ 19.215748 ] } { [ 68.070826 ] }
despues de colapsar { [ 48.193302 ][ -24.169139 ] } { [ 17.148126 ] } { [ 65.143741 ] } { [ 15.002502 ] } { [ 4.905143 ] } { [ 19.215748 ] } { [ 68.070826 ] }
antes   de filtrar: { [ 48.193302 ][ -24.169139 ][ 27.769426 ] } { [ 17.148126 ][ 63.672512 ] } { [ 65.143741 ] } { [ 15.002502 ][ 44.801060 ][ -18.125443 ][ -13.718824 ] } { [ 4.905143 ][ 33.901833 ] } { [ 19.215748 ] } { [ 68.070826 ] } { [ 68.034398 ] } { [ 8.268487 ] } { [ 47.516458 ] } { [ 74.153176 ][ -1.848048 ] } { [ 62.140284 ] } { [ 59.298450 ] }
despues de filtrar: { [ 48.193302 ][ -24.169139 ][ 27.769426 ] } { [ 17.148126 ][ 63.672512 ] } { [ 65.143741 ] } { [ 15.002502 ][ 44.801060 ][ -18.125443 ][ -13.718824 ] } { [ 19.215748 ] } { [ 68.070826 ] } { [ 68.034398 ] } { [ 8.268487 ] } { [ 74.153176 ][ -1.848048 ] } { [ 62.140284 ] } { [ 59.298450 ] }
antes   de filtrar: { [ 48.193302 ][ -24.169139 ][ 27.769426 ] } { [ 17.148126 ][ 63.672512 ] } { [ 65.143741 ] } { [ 15.002502 ][ 44.801060 ][ -18.125443 ][ -13.718824 ] } { [ 19.215748 ] } { [ 68.070826 ] } { [ 68.034398 ] } { [ 8.268487 ] } { [ 74.153176 ][ -1.848048 ] } { [ 62.140284 ] } { [ 59.298450 ] } { [ 43.053698 ] }
despues de filtrar: { [ 48.193302 ][ -24.169139 ][ 27.769426 ] } { [ 17.148126 ][ 63.672512 ] } { [ 65.143741 ] } { [ 15.002502 ][ 44.801060 ][ -18.125443 ][ -13.718824 ] } { [ 19.215748 ] } { [ 68.070826 ] } { [ 68.034398 ] } { [ 8.268487 ] } { [ 74.153176 ][ -1.848048 ] } { [ 62.140284 ] } { [ 59.298450 ] } { [ 43.053698 ] }
antes   de colapsar { [ 48.193302 ][ -24.169139 ][ 27.769426 ] } { [ 17.148126 ][ 63.672512 ] } { [ 65.143741 ] } { [ 15.002502 ][ 44.801060 ][ -18.125443 ][ -13.718824 ] } { [ 19.215748 ] } { [ 68.070826 ] } { [ 68.034398 ] } { [ 8.268487 ][ 41.695091 ] } { [ 74.153176 ][ -1.848048 ] } { [ 62.140284 ] } { [ 59.298450 ] } { [ 43.053698 ] } { [ -1.527926 ] } { [ 30.982013 ] } { [ -20.487013 ] } { [ 50.993400 ] } { [ 68.350689 ][ -16.204578 ] }
despues de colapsar { [ 48.193302 ][ -24.169139 ][ 27.769426 ] } { [ 17.148126 ][ 63.672512 ] } { [ 65.143741 ] } { [ 15.002502 ][ 44.801060 ][ -18.125443 ][ -13.718824 ] } { [ 19.215748 ] } { [ 68.070826 ] } { [ 68.034398 ] } { [ 8.268487 ][ 41.695091 ] } { [ 74.153176 ][ -1.848048 ] } { [ 62.140284 ] } { [ 59.298450 ] } { [ 43.053698 ] } { [ -1.527926 ] } { [ 30.982013 ] } { [ -20.487013 ] } { [ 50.993400 ] } { [ 68.350689 ][ -16.204578 ] }
antes   de colapsar { [ 48.193302 ][ -24.169139 ][ 27.769426 ] } { [ 17.148126 ][ 63.672512 ] } { [ 65.143741 ] } { [ 15.002502 ][ 44.801060 ][ -18.125443 ][ -13.718824 ] } { [ 19.215748 ] } { [ 68.070826 ] } { [ 68.034398 ] } { [ 8.268487 ][ 41.695091 ] } { [ 74.153176 ][ -1.848048 ] } { [ 62.140284 ] } { [ 59.298450 ] } { [ 43.053698 ] } { [ -1.527926 ] } { [ 30.982013 ] } { [ -20.487013 ] } { [ 50.993400 ] } { [ 68.350689 ][ -16.204578 ][ 27.487780 ] } { [ 12.710882 ] } { [ -21.819588 ] }
despues de colapsar { [ 48.193302 ][ -24.169139 ][ 27.769426 ] } { [ 17.148126 ][ 63.672512 ] } { [ 65.143741 ] } { [ 15.002502 ][ 44.801060 ][ -18.125443 ][ -13.718824 ] } { [ 19.215748 ] } { [ 68.070826 ] } { [ 68.034398 ] } { [ 8.268487 ][ 41.695091 ] } { [ 74.153176 ][ -1.848048 ] } { [ 62.140284 ] } { [ 59.298450 ] } { [ 43.053698 ] } { [ -1.527926 ] } { [ 30.982013 ] } { [ -20.487013 ] } { [ 50.993400 ] } { [ 68.350689 ][ -16.204578 ][ 27.487780 ] } { [ 12.710882 ] } { [ -21.819588 ] }
antes   de colapsar { [ 48.193302 ][ -24.169139 ][ 27.769426 ] } { [ 17.148126 ][ 63.672512 ] } { [ 65.143741 ] } { [ 15.002502 ][ 44.801060 ][ -18.125443 ][ -13.718824 ] } { [ 19.215748 ] } { [ 68.070826 ] } { [ 68.034398 ] } { [ 8.268487 ][ 41.695091 ] } { [ 74.153176 ][ -1.848048 ] } { [ 62.140284 ] } { [ 59.298450 ] } { [ 43.053698 ] } { [ -1.527926 ] } { [ 30.982013 ] } { [ -20.487013 ] } { [ 50.993400 ] } { [ 68.350689 ][ -16.204578 ][ 27.487780 ] } { [ 12.710882 ] } { [ -21.819588 ] }
despues de colapsar { [ 48.193302 ][ -24.169139 ][ 27.769426 ] } { [ 17.148126 ][ 63.672512 ] } { [ 65.143741 ] } { [ 15.002502 ][ 44.801060 ][ -18.125443 ][ -13.718824 ] } { [ 19.215748 ] } { [ 68.070826 ] } { [ 68.034398 ] } { [ 8.268487 ][ 41.695091 ] } { [ 74.153176 ][ -1.848048 ] } { [ 62.140284 ] } { [ 59.298450 ] } { [ 43.053698 ] } { [ -1.527926 ] } { [ 30.982013 ] } { [ -20.487013 ] } { [ 50.993400 ] } { [ 68.350689 ][ -16.204578 ][ 27.487780 ] } { [ 12.710882 ] } { [ -21.819588 ] }
antes   de filtrar: { [ 48.193302 ][ -24.169139 ][ 27.769426 ] } { [ 17.148126 ][ 63.672512 ] } { [ 65.143741 ] } { [ 15.002502 ][ 44.801060 ][ -18.125443 ][ -13.718824 ] } { [ 19.215748 ] } { [ 68.070826 ] } { [ 68.034398 ] } { [ 8.268487 ][ 41.695091 ] } { [ 74.153176 ][ -1.848048 ] } { [ 62.140284 ] } { [ 59.298450 ] } { [ 43.053698 ] } { [ -1.527926 ] } { [ 30.982013 ] } { [ -20.487013 ][ 12.677185 ] } { [ 50.993400 ] } { [ 68.350689 ][ -16.204578 ][ 27.487780 ] } { [ 12.710882 ] } { [ -21.819588 ] } { [ 12.158879 ] } { [ -24.231610 ] } { [ 58.788104 ] } { [ 33.012277 ] } { [ 56.532328 ] } { [ 54.890263 ] } { [ 35.416002 ] }
despues de filtrar: { [ 48.193302 ][ -24.169139 ][ 27.769426 ] } { [ 17.148126 ][ 63.672512 ] } { [ 65.143741 ] } { [ 15.002502 ][ 44.801060 ][ -18.125443 ][ -13.718824 ] } { [ 19.215748 ] } { [ 68.070826 ] } { [ 68.034398 ] } { [ 8.268487 ][ 41.695091 ] } { [ 74.153176 ][ -1.848048 ] } { [ 62.140284 ] } { [ 59.298450 ] } { [ 43.053698 ] } { [ -1.527926 ] } { [ -20.487013 ][ 12.677185 ] } { [ 68.350689 ][ -16.204578 ][ 27.487780 ] } { [ -21.819588 ] } { [ 12.158879 ] } { [ -24.231610 ] } { [ 33.012277 ] } { [ 35.416002 ] }
antes   de filtrar: { [ 48.193302 ][ -24.169139 ][ 27.769426 ] } { [ 17.148126 ][ 63.672512 ] } { [ 65.143741 ] } { [ 15.002502 ][ 44.801060 ][ -18.125443 ][ -13.718824 ] } { [ 19.215748 ] } { [ 68.070826 ] } { [ 68.034398 ] } { [ 8.268487 ][ 41.695091 ] } { [ 74.153176 ][ -1.848048 ] } { [ 62.140284 ] } { [ 59.298450 ] } { [ 43.053698 ] } { [ -1.527926 ] } { [ -20.487013 ][ 12.677185 ] } { [ 68.350689 ][ -16.204578 ][ 27.487780 ] } { [ -21.819588 ] } { [ 12.158879 ] } { [ -24.231610 ] } { [ 33.012277 ] } { [ 35.416002 ] } { [ 2.167393 ] } { [ 47.541958 ] } { [ -16.982138 ] } { [ 1.676979 ] } { [ 26.299608 ] }
despues de filtrar: { [ 48.193302 ][ -24.169139 ][ 27.769426 ] } { [ 17.148126 ][ 63.672512 ] } { [ 65.143741 ] } { [ 15.002502 ][ 44.801060 ][ -18.125443 ][ -13.718824 ] } { [ 19.215748 ] } { [ 68.070826 ] } { [ 68.034398 ] } { [ 8.268487 ][ 41.695091 ] } { [ 74.153176 ][ -1.848048 ] } { [ 62.140284 ] } { [ 59.298450 ] } { [ 43.053698 ] } { [ -1.527926 ] } { [ -20.487013 ][ 12.677185 ] } { [ 68.350689 ][ -16.204578 ][ 27.487780 ] } { [ -21.819588 ] } { [ 12.158879 ] } { [ -24.231610 ] } { [ 33.012277 ] } { [ 35.416002 ] } { [ 2.167393 ] } { [ -16.982138 ] } { [ 26.299608 ] }
antes   de colapsar { [ 48.193302 ][ -24.169139 ][ 27.769426 ] } { [ 17.148126 ][ 63.672512 ] } { [ 65.143741 ] } { [ 15.002502 ][ 44.801060 ][ -18.125443 ][ -13.718824 ] } { [ 19.215748 ] } { [ 68.070826 ] } { [ 68.034398 ] } { [ 8.268487 ][ 41.695091 ] } { [ 74.153176 ][ -1.848048 ] } { [ 62.140284 ] } { [ 59.298450 ] } { [ 43.053698 ] } { [ -1.527926 ] } { [ -20.487013 ][ 12.677185 ] } { [ 68.350689 ][ -16.204578 ][ 27.487780 ] } { [ -21.819588 ] } { [ 12.158879 ] } { [ -24.231610 ] } { [ 33.012277 ] } { [ 35.416002 ] } { [ 2.167393 ] } { [ -16.982138 ] } { [ 26.299608 ] } { [ 57.917372 ] }
despues de colapsar { [ 48.193302 ][ -24.169139 ][ 27.769426 ] } { [ 17.148126 ][ 63.672512 ] } { [ 65.143741 ] } { [ 15.002502 ][ 44.801060 ][ -18.125443 ][ -13.718824 ] } { [ 19.215748 ] } { [ 68.070826 ] } { [ 68.034398 ] } { [ 8.268487 ][ 41.695091 ] } { [ 74.153176 ][ -1.848048 ] } { [ 62.140284 ] } { [ 59.298450 ] } { [ 43.053698 ] } { [ -1.527926 ] } { [ -20.487013 ][ 12.677185 ] } { [ 68.350689 ][ -16.204578 ][ 27.487780 ] } { [ -21.819588 ] } { [ 12.158879 ] } { [ -24.231610 ] } { [ 33.012277 ] } { [ 35.416002 ] } { [ 2.167393 ] } { [ -16.982138 ] } { [ 26.299608 ] } { [ 57.917372 ] }
antes   de filtrar: { [ 4179 ][ 193 ] } { [ 4031 ] } { [ 925 ] }
despues de filtrar: { [ 4179 ][ 193 ] } { [ 925 ] }
antes   de filtrar: { [ 4179 ][ 193 ][ 1812 ] } { [ 925 ][ 8139 ] } { [ 1409 ] } { [ 8266 ] }
despues de filtrar: { [ 4179 ][ 193 ][ 1812 ] } { [ 925 ][ 8139 ] } { [ 8266 ] }
antes   de filtrar: { [ 4179 ][ 193 ][ 1812 ] } { [ 925 ][ 8139 ] } { [ 8266 ] } { [ 3927 ] } { [ 286 ] }
despues de filtrar: { [ 4179 ][ 193 ][ 1812 ] } { [ 925 ][ 8139 ] } { [ 8266 ] } { [ 3927 ] } { [ 286 ] }
antes   de colapsar { [ 4179 ][ 193 ][ 1812 ] } { [ 925 ][ 8139 ] } { [ 8266 ][ 6524 ] } { [ 3927 ] } { [ 286 ] } { [ 3416 ] } { [ 3310 ][ 5070 ] } { [ 4687 ][ 7141 ] } { [ 8913 ] } { [ 5741 ] }
despues de colapsar { [ 4179 ][ 193 ][ 1812 ] } { [ 925 ][ 8139 ] } { [ 8266 ][ 6524 ] } { [ 3927 ] } { [ 286 ] } { [ 3416 ] } { [ 4096 ] } { [ 4687 ][ 7141 ] } { [ 8913 ] } { [ 5741 ] }
antes   de filtrar: { [ 4179 ][ 193 ][ 1812 ] } { [ 925 ][ 8139 ] } { [ 8266 ][ 6524 ] } { [ 3927 ] } { [ 286 ] } { [ 3416 ] } { [ 4096 ] } { [ 4687 ][ 7141 ] } { [ 8913 ] } { [ 5741 ] } { [ 2201 ] }
despues de filtrar: { [ 4179 ][ 193 ][ 1812 ] } { [ 925 ][ 8139 ] } { [ 8266 ][ 6524 ] } { [ 3927 ] } { [ 286 ] } { [ 3416 ] } { [ 4687 ][ 7141 ] } { [ 8913 ] } { [ 5741 ] }
antes   de colapsar { [ 4179 ][ 193 ][ 1812 ] } { [ 925 ][ 8139 ] } { [ 8266 ][ 6524 ] } { [ 3927 ][ 5258 ] } { [ 286 ] } { [ 3416 ] } { [ 4687 ][ 7141 ] } { [ 8913 ] } { [ 5741 ] } { [ 3976 ] } { [ 7145 ] } { [ 9984 ] } { [ 3099 ] } { [ 7848 ] } { [ 9386 ] }
despues de colapsar { [ 4179 ][ 193 ][ 1812 ] } { [ 925 ][ 8139 ] } { [ 8266 ][ 6524 ] } { [ 3927 ][ 5258 ] } { [ 286 ] } { [ 3416 ] } { [ 4687 ][ 7141 ] } { [ 8913 ] } { [ 5741 ] } { [ 3976 ] } { [ 7145 ] } { [ 9984 ] } { [ 3099 ] } { [ 7848 ] } { [ 9386 ] }
antes   de colapsar { [ 4179 ][ 193 ][ 1812 ] } { [ 925 ][ 8139 ] } { [ 8266 ][ 6524 ] } { [ 3927 ][ 5258 ] } { [ 286 ] } { [ 3416 ] } { [ 4687 ][ 7141 ] } { [ 8913 ] } { [ 5741 ] } { [ 3976 ] } { [ 7145 ] } { [ 9984 ] } { [ 3099 ] } { [ 7848 ] } { [ 9386 ][ 4841 ] } { [ 888 ] } { [ 3450 ] }
despues de colapsar { [ 4179 ][ 193 ][ 1812 ] } { [ 925 ][ 8139 ] } { [ 8266 ][ 6524 ] } { [ 3927 ][ 5258 ] } { [ 286 ] } { [ 3416 ] } { [ 4687 ][ 7141 ] } { [ 8913 ] } { [ 5741 ] } { [ 3976 ] } { [ 7145 ] } { [ 9984 ] } { [ 3099 ] } { [ 7848 ] } { [ 9386 ][ 4841 ] } { [ 888 ] } { [ 3450 ] }
antes   de colapsar { [ 4179 ][ 193 ][ 1812 ] } { [ 925 ][ 8139 ] } { [ 8266 ][ 6524 ][ 2299 ][ 1887 ] } { [ 3927 ][ 5258 ] } { [ 286 ][ 6726 ] } { [ 3416 ] } { [ 4687 ][ 7141 ] } { [ 8913 ] } { [ 5741 ] } { [ 3976 ] } { [ 7145 ][ 7332 ] } { [ 9984 ] } { [ 3099 ] } { [ 7848 ] } { [ 9386 ][ 4841 ] } { [ 888 ] } { [ 3450 ] } { [ 1428 ] } { [ 7635 ] } { [ 3716 ][ 8698 ] } { [ 8511 ] } { [ 6913 ] } { [ 9899 ] } { [ 4775 ] }
despues de colapsar { [ 4179 ][ 193 ][ 1812 ] } { [ 925 ][ 8139 ] } { [ 8266 ][ 6524 ][ 2299 ][ 1887 ] } { [ 3927 ][ 5258 ] } { [ 286 ][ 6726 ] } { [ 3416 ] } { [ 4687 ][ 7141 ] } { [ 8913 ] } { [ 5741 ] } { [ 3976 ] } { [ 7145 ][ 7332 ] } { [ 9984 ] } { [ 3099 ] } { [ 7848 ] } { [ 9386 ][ 4841 ] } { [ 888 ] } { [ 3450 ] } { [ 1428 ] } { [ 7635 ] } { [ 3716 ][ 8698 ] } { [ 8511 ] } { [ 6913 ] } { [ 9899 ] } { [ 4775 ] }
antes   de filtrar: { [ 4179 ][ 193 ][ 1812 ] } { [ 925 ][ 8139 ] } { [ 8266 ][ 6524 ][ 2299 ][ 1887 ] } { [ 3927 ][ 5258 ] } { [ 286 ][ 6726 ] } { [ 3416 ] } { [ 4687 ][ 7141 ] } { [ 8913 ] } { [ 5741 ] } { [ 3976 ] } { [ 7145 ][ 7332 ] } { [ 9984 ] } { [ 3099 ] } { [ 7848 ] } { [ 9386 ][ 4841 ] } { [ 888 ] } { [ 3450 ] } { [ 1428 ] } { [ 7635 ] } { [ 3716 ][ 8698 ] } { [ 8511 ] } { [ 6913 ] } { [ 9899 ] } { [ 4775 ][ 8468 ] } { [ 743 ] } { [ 8961 ] } { [ 4533 ] } { [ 9260 ] } { [ 9850 ] }
despues de filtrar: { [ 4179 ][ 193 ][ 1812 ] } { [ 925 ][ 8139 ] } { [ 8266 ][ 6524 ][ 2299 ][ 1887 ] } { [ 3927 ][ 5258 ] } { [ 286 ][ 6726 ] } { [ 3416 ] } { [ 4687 ][ 7141 ] } { [ 8913 ] } { [ 5741 ] } { [ 3976 ] } { [ 7145 ][ 7332 ] } { [ 9984 ] } { [ 7848 ] } { [ 9386 ][ 4841 ] } { [ 888 ] } { [ 1428 ] } { [ 7635 ] } { [ 3716 ][ 8698 ] } { [ 8511 ] } { [ 6913 ] } { [ 9899 ] } { [ 4775 ][ 8468 ] } { [ 743 ] } { [ 8961 ] } { [ 4533 ] }
antes   de colapsar { [ 4179 ][ 193 ][ 1812 ] } { [ 925 ][ 8139 ] } { [ 8266 ][ 6524 ][ 2299 ][ 1887 ] } { [ 3927 ][ 5258 ] } { [ 286 ][ 6726 ] } { [ 3416 ] } { [ 4687 ][ 7141 ] } { [ 8913 ] } { [ 5741 ] } { [ 3976 ] } { [ 7145 ][ 7332 ] } { [ 9984 ] } { [ 7848 ] } { [ 9386 ][ 4841 ] } { [ 888 ] } { [ 1428 ] } { [ 7635 ] } { [ 3716 ][ 8698 ] } { [ 8511 ] } { [ 6913 ] } { [ 9899 ] } { [ 4775 ][ 8468 ] } { [ 743 ] } { [ 8961 ] } { [ 4533 ] }
despues de colapsar { [ 4179 ][ 193 ][ 1812 ] } { [ 925 ][ 8139 ] } { [ 8266 ][ 6524 ][ 2299 ][ 1887 ] } { [ 3927 ][ 5258 ] } { [ 286 ][ 6726 ] } { [ 3416 ] } { [ 4687 ][ 7141 ] } { [ 8913 ] } { [ 5741 ] } { [ 3976 ] } { [ 7145 ][ 7332 ] } { [ 9984 ] } { [ 7848 ] } { [ 9386 ][ 4841 ] } { [ 888 ] } { [ 1428 ] } { [ 7635 ] } { [ 3716 ][ 8698 ] } { [ 8511 ] } { [ 6913 ] } { [ 9899 ] } { [ 4775 ][ 8468 ] } { [ 743 ] } { [ 8961 ] } { [ 4533 ] }
antes   de filtrar: { [ hg ][ 0b ] } { [ 5l9na ][ n6wth72f ] } { [ 8f ] } { [ kl7jp ] } { [ umx6a ] } { [ po4eo ] }
despues de filtrar: { [ hg ][ 0b ] }
antes   de filtrar: { [ hg ][ 0b ] } { [ 5mo36ftd ] } { [ du9xen ] } { [ 9a87gbou ] } { [ wwtcm34 ] } { [ til ] } { [ 92bgqntq ] } { [ cc9legx5l ] } { [ plu3in ] } { [ oy4gn1mvf9 ] }
despues de filtrar: { [ hg ][ 0b ] } { [ til ] }
antes   de filtrar: { [ hg ][ 0b ][ ybpug4rrd3 ] } { [ til ] } { [ mpo33kv ] }
despues de filtrar: { [ hg ][ 0b ][ ybpug4rrd3 ] } { [ til ] }
antes   de filtrar: { [ hg ][ 0b ][ ybpug4rrd3 ][ l ] } { [ til ] } { [ bydiw4epj6 ] } { [ ar1l6f ] } { [ 70s5du ] }
despues de filtrar: { [ hg ][ 0b ][ ybpug4rrd3 ][ l ] } { [ til ] }
antes   de colapsar { [ hg ][ 0b ][ ybpug4rrd3 ][ l ][ 2jy42t80ty ] } { [ til ] } { [ soohl9sis ][ luh ] }
despues de colapsar { [ hg ][ 0b ][ ybpug4rrd3 ][ l ][ 2jy42t80ty ] } { [ til ] } { [ slouohhl9s ] }
antes   de colapsar { [ hg ][ 0b ][ ybpug4rrd3 ][ l ][ 2jy42t80ty ] } { [ til ][ yhq985m6r ] } { [ slouohhl9s ] }
despues de colapsar { [ hg ][ 0b ][ ybpug4rrd3 ][ l ][ 2jy42t80ty ] } { [ til ][ yhq985m6r ] } { [ slouohhl9s ] }
antes   de colapsar { [ hg ][ 0b ][ ybpug4rrd3 ][ l ][ 2jy42t80ty ] } { [ til ][ yhq985m6r ] } { [ slouohhl9s ] } { [ wmw3 ][ 3jcciigx4 ] } { [ 23u7fffb2s ] } { [ ge0og ] } { [ wt6 ] } { [ sc7ird ] }
despues de colapsar { [ hg ][ 0b ][ ybpug4rrd3 ][ l ][ 2jy42t80ty ] } { [ til ][ yhq985m6r ] } { [ slouohhl9s ] } { [ w3mjwc3cii ] } { [ 23u7fffb2s ] } { [ ge0og ] } { [ wt6 ] } { [ sc7ird ] }
antes   de colapsar { [ hg ][ 0b ][ ybpug4rrd3 ][ l ][ 2jy42t80ty ] } { [ til ][ yhq985m6r ] } { [ slouohhl9s ] } { [ w3mjwc3cii ] } { [ 23u7fffb2s ] } { [ ge0og ][ fc ] } { [ wt6 ] } { [ sc7ird ] } { [ o ] } { [ y ] } { [ 375wo1eqg ] } { [ kncmvw5wr ] } { [ bi5 ] }
despues de colapsar { [ hg ][ 0b ][ ybpug4rrd3 ][ l ][ 2jy42t80ty ] } { [ til ][ yhq985m6r ] } { [ slouohhl9s ] } { [ w3mjwc3cii ] } { [ 23u7fffb2s ] } { [ gfec0og ] } { [ wt6 ] } { [ sc7ird ] } { [ o ] } { [ y ] } { [ 375wo1eqg ] } { [ kncmvw5wr ] } { [ bi5 ] }
antes   de colapsar { [ hg ][ 0b ][ ybpug4rrd3 ][ l ][ 2jy42t80ty ] } { [ til ][ yhq985m6r ] } { [ slouohhl9s ] } { [ w3mjwc3cii ] } { [ 23u7fffb2s ] } { [ gfec0og ] } { [ wt6 ] } { [ sc7ird ] } { [ o ] } { [ y ] } { [ 375wo1eqg ] } { [ kncmvw5wr ] } { [ bi5 ] } { [ bemh ] }
despues de colapsar { [ hg ][ 0b ][ ybpug4rrd3 ][ l ][ 2jy42t80ty ] } { [ til ][ yhq985m6r ] } { [ slouohhl9s ] } { [ w3mjwc3cii ] } { [ 23u7fffb2s ] } { [ gfec0og ] } { [ wt6 ] } { [ sc7ird ] } { [ o ] } { [ y ] } { [ 375wo1eqg ] } { [ kncmvw5wr ] } { [ bi5 ] } { [ bemh ] }
antes   de filtrar: { [ hg ][ 0b ][ ybpug4rrd3 ][ l ][ 2jy42t80ty ] } { [ til ][ yhq985m6r ] } { [ slouohhl9s ] } { [ w3mjwc3cii ] } { [ 23u7fffb2s ] } { [ gfec0og ] } { [ wt6 ] } { [ sc7ird ] } { [ o ] } { [ y ] } { [ 375wo1eqg ] } { [ kncmvw5wr ] } { [ bi5 ] } { [ bemh ] } { [ predx3y2b ] }
despues de filtrar: { [ hg ][ 0b ][ ybpug4rrd3 ][ l ][ 2jy42t80ty ] } { [ til ][ yhq985m6r ] } { [ o ] } { [ y ] } { [ bemh ] }
antes   de filtrar: { [ 404 ] } { [ 5125 ] } { [ 1301 ] } { [ 6068 ] } { [ 8429 ] } { [ 4148 ] } { [ 6131 ] } { [ 8457 ] }
despues de filtrar: { [ 5125 ] } { [ 8429 ] } { [ 4148 ] } { [ 6131 ] } { [ 8457 ] }
antes   de filtrar: { [ 5125 ] } { [ 8429 ] } { [ 4148 ] } { [ 6131 ] } { [ 8457 ] } { [ 2379 ] }
despues de filtrar: { [ 5125 ] } { [ 8429 ] } { [ 4148 ] } { [ 6131 ] } { [ 8457 ] } { [ 2379 ] }
antes   de colapsar { [ 5125 ][ 9108 ] } { [ 8429 ] } { [ 4148 ] } { [ 6131 ][ 5185 ] } { [ 8457 ] } { [ 2379 ] } { [ 5727 ] }
despues de colapsar { [ 5125 ][ 9108 ] } { [ 8429 ] } { [ 4148 ] } { [ 6131 ][ 5185 ] } { [ 8457 ] } { [ 2379 ] } { [ 5727 ] }
antes   de filtrar: { [ 5125 ][ 9108 ] } { [ 8429 ] } { [ 4148 ] } { [ 6131 ][ 5185 ] } { [ 8457 ] } { [ 2379 ] } { [ 5727 ] } { [ 7012 ] } { [ 5748 ] } { [ 330 ] }
despues de filtrar: { [ 5125 ][ 9108 ] } { [ 8429 ] } { [ 4148 ] } { [ 6131 ][ 5185 ] } { [ 8457 ] } { [ 2379 ] } { [ 5727 ] } { [ 5748 ] }
antes   de colapsar { [ 5125 ][ 9108 ] } { [ 8429 ] } { [ 4148 ] } { [ 6131 ][ 5185 ] } { [ 8457 ] } { [ 2379 ] } { [ 5727 ] } { [ 5748 ] }
despues de colapsar { [ 5125 ][ 9108 ] } { [ 8429 ] } { [ 4148 ] } { [ 6131 ][ 5185 ] } { [ 8457 ] } { [ 2379 ] } { [ 5727 ] } { [ 5748 ] }
antes   de colapsar { [ 5125 ][ 9108 ] } { [ 8429 ] } { [ 4148 ] } { [ 6131 ][ 5185 ] } { [ 8457 ][ 7242 ] } { [ 2379 ] } { [ 5727 ] } { [ 5748 ] } { [ 4092 ][ 708 ] } { [ 8390 ][ 1958 ] } { [ 7427 ] }
despues de colapsar { [ 5125 ][ 9108 ] } { [ 8429 ] } { [ 4148 ] } { [ 6131 ][ 5185 ] } { [ 8457 ][ 7242 ] } { [ 2379 ] } { [ 5727 ] } { [ 5748 ] } { [ 1702 ] } { [ 4053 ] } { [ 7427 ] }
antes   de filtrar: { [ 5125 ][ 9108 ] } { [ 8429 ] } { [ 4148 ] } { [ 6131 ][ 5185 ][ 7212 ] } { [ 8457 ][ 7242 ] } { [ 2379 ] } { [ 5727 ] } { [ 5748 ] } { [ 1702 ] } { [ 4053 ] } { [ 7427 ] }
despues de filtrar: { [ 5125 ][ 9108 ] } { [ 8429 ] } { [ 4148 ] } { [ 6131 ][ 5185 ][ 7212 ] } { [ 8457 ][ 7242 ] } { [ 2379 ] } { [ 5727 ] } { [ 5748 ] } { [ 7427 ] }
antes   de colapsar { [ 5125 ][ 9108 ] } { [ 8429 ] } { [ 4148 ][ 6894 ] } { [ 6131 ][ 5185 ][ 7212 ] } { [ 8457 ][ 7242 ] } { [ 2379 ] } { [ 5727 ][ 3340 ] } { [ 5748 ] } { [ 7427 ] } { [ 3156 ] } { [ 3726 ] }
despues de colapsar { [ 5125 ][ 9108 ] } { [ 8429 ] } { [ 4148 ][ 6894 ] } { [ 6131 ][ 5185 ][ 7212 ] } { [ 8457 ][ 7242 ] } { [ 2379 ] } { [ 5727 ][ 3340 ] } { [ 5748 ] } { [ 7427 ] } { [ 3156 ] } { [ 3726 ] }
antes   de filtrar: { [ 5125 ][ 9108 ] } { [ 8429 ] } { [ 4148 ][ 6894 ][ 8082 ] } { [ 6131 ][ 5185 ][ 7212 ][ 3876 ] } { [ 8457 ][ 7242 ] } { [ 2379 ] } { [ 5727 ][ 3340 ] } { [ 5748 ] } { [ 7427 ] } { [ 3156 ] } { [ 3726 ] } { [ 4658 ][ 5478 ] } { [ 4896 ] } { [ 969 ] } { [ 4456 ] } { [ 7979 ][ 670 ] } { [ 6671 ][ 8856 ] } { [ 8778 ] } { [ 1110 ] } { [ 9070 ] }
despues de filtrar: { [ 5125 ][ 9108 ] } { [ 8429 ] } { [ 4148 ][ 6894 ][ 8082 ] } { [ 6131 ][ 5185 ][ 7212 ][ 3876 ] } { [ 8457 ][ 7242 ] } { [ 2379 ] } { [ 5727 ][ 3340 ] } { [ 5748 ] } { [ 7427 ] } { [ 3156 ] } { [ 3726 ] } { [ 4658 ][ 5478 ] } { [ 4896 ] } { [ 969 ] } { [ 4456 ] } { [ 7979 ][ 670 ] } { [ 6671 ][ 8856 ] } { [ 8778 ] }
antes   de colapsar { [ 5125 ][ 9108 ] } { [ 8429 ] } { [ 4148 ][ 6894 ][ 8082 ] } { [ 6131 ][ 5185 ][ 7212 ][ 3876 ] } { [ 8457 ][ 7242 ] } { [ 2379 ] } { [ 5727 ][ 3340 ] } { [ 5748 ] } { [ 7427 ] } { [ 3156 ] } { [ 3726 ] } { [ 4658 ][ 5478 ] } { [ 4896 ] } { [ 969 ] } { [ 4456 ] } { [ 7979 ][ 670 ][ 846 ] } { [ 6671 ][ 8856 ] } { [ 8778 ] } { [ 4539 ] }
despues de colapsar { [ 5125 ][ 9108 ] } { [ 8429 ] } { [ 4148 ][ 6894 ][ 8082 ] } { [ 6131 ][ 5185 ][ 7212 ][ 3876 ] } { [ 8457 ][ 7242 ] } { [ 2379 ] } { [ 5727 ][ 3340 ] } { [ 5748 ] } { [ 7427 ] } { [ 3156 ] } { [ 3726 ] } { [ 4658 ][ 5478 ] } { [ 4896 ] } { [ 969 ] } { [ 4456 ] } { [ 7979 ][ 670 ][ 846 ] } { [ 6671 ][ 8856 ] } { [ 8778 ] } { [ 4539 ] }
antes   de colapsar { [ 4419 ][ 3003 ] } { [ 9000 ] } { [ 9966 ] }
despues de colapsar { [ 4419 ][ 3003 ] } { [ 9000 ] } { [ 9966 ] }
antes   de filtrar: { [ 4419 ][ 3003 ] } { [ 9000 ] } { [ 9966 ] }
despues de filtrar: { [ 4419 ][ 3003 ] } { [ 9966 ] }
antes   de filtrar: { [ 4419 ][ 3003 ] } { [ 9966 ] } { [ 5827 ] }
despues de filtrar: { [ 4419 ][ 3003 ] } { [ 9966 ] } { [ 5827 ] }
antes   de filtrar: { [ 4419 ][ 3003 ] } { [ 9966 ] } { [ 5827 ] }
despues de filtrar: { [ 4419 ][ 3003 ] } { [ 9966 ] } { [ 5827 ] }
antes   de colapsar { [ 4419 ][ 3003 ] } { [ 9966 ] } { [ 5827 ] } { [ 2711 ] }
despues de colapsar { [ 4419 ][ 3003 ] } { [ 9966 ] } { [ 5827 ] } { [ 2711 ] }
antes   de colapsar { [ 4419 ][ 3003 ] } { [ 9966 ][ 6526 ] } { [ 5827 ] } { [ 2711 ][ 61 ] } { [ 6439 ] } { [ 7757 ] }
despues de colapsar { [ 4419 ][ 3003 ] } { [ 9966 ][ 6526 ] } { [ 5827 ] } { [ 2711 ][ 61 ] } { [ 6439 ] } { [ 7757 ] }
antes   de filtrar: { [ 4419 ][ 3003 ] } { [ 9966 ][ 6526 ] } { [ 5827 ] } { [ 2711 ][ 61 ] } { [ 6439 ] } { [ 7757 ][ 7402 ] }
despues de filtrar: { [ 4419 ][ 3003 ] } { [ 9966 ][ 6526 ] } { [ 5827 ] } { [ 2711 ][ 61 ] } { [ 6439 ] } { [ 7757 ][ 7402 ] }
antes   de filtrar: { [ 4419 ][ 3003 ][ 1843 ] } { [ 9966 ][ 6526 ] } { [ 5827 ] } { [ 2711 ][ 61 ] } { [ 6439 ][ 3734 ][ 1366 ] } { [ 7757 ][ 7402 ] } { [ 4727 ] } { [ 5627 ] } { [ 4824 ] } { [ 8839 ] } { [ 8926 ] } { [ 9589 ] } { [ 1527 ] } { [ 1962 ] } { [ 7709 ] }
despues de filtrar: { [ 4419 ][ 3003 ][ 1843 ] } { [ 9966 ][ 6526 ] } { [ 5827 ] } { [ 2711 ][ 61 ] } { [ 6439 ][ 3734 ][ 1366 ] } { [ 7757 ][ 7402 ] } { [ 4727 ] } { [ 5627 ] } { [ 4824 ] } { [ 8839 ] } { [ 8926 ] } { [ 9589 ] } { [ 1527 ] } { [ 1962 ] }
antes   de colapsar { [ 4419 ][ 3003 ][ 1843 ] } { [ 9966 ][ 6526 ] } { [ 5827 ] } { [ 2711 ][ 61 ] } { [ 6439 ][ 3734 ][ 1366 ] } { [ 7757 ][ 7402 ] } { [ 4727 ] } { [ 5627 ][ 8814 ] } { [ 4824 ] } { [ 8839 ] } { [ 8926 ] } { [ 9589 ] } { [ 1527 ] } { [ 1962 ] } { [ 9439 ][ 2686 ] } { [ 8099 ][ 5559 ] } { [ 4142 ] } { [ 1213 ] } { [ 4261 ][ 6473 ][ 2932 ][ 7975 ] } { [ 6129 ] } { [ 9497 ] } { [ 6448 ] } { [ 1453 ] }
despues de colapsar { [ 4419 ][ 3003 ][ 1843 ] } { [ 9966 ][ 6526 ] } { [ 5827 ] } { [ 2711 ][ 61 ] } { [ 6439 ][ 3734 ][ 1366 ] } { [ 7757 ][ 7402 ] } { [ 4727 ] } { [ 5627 ][ 8814 ] } { [ 4824 ] } { [ 8839 ] } { [ 8926 ] } { [ 9589 ] } { [ 1527 ] } { [ 1962 ] } { [ 9439 ][ 2686 ] } { [ 6709 ] } { [ 4142 ] } { [ 1213 ] } { [ 4261 ][ 6473 ][ 2932 ][ 7975 ] } { [ 6129 ] } { [ 9497 ] } { [ 6448 ] } { [ 1453 ] }
antes   de colapsar { [ 4419 ][ 3003 ][ 1843 ] } { [ 9966 ][ 6526 ] } { [ 5827 ] } { [ 2711 ][ 61 ] } { [ 6439 ][ 3734 ][ 1366 ] } { [ 7757 ][ 7402 ] } { [ 4727 ] } { [ 5627 ][ 8814 ] } { [ 4824 ] } { [ 8839 ] } { [ 8926 ] } { [ 9589 ] } { [ 1527 ] } { [ 1962 ] } { [ 9439 ][ 2686 ] } { [ 6709 ] } { [ 4142 ][ 2209 ] } { [ 1213 ] } { [ 4261 ][ 6473 ][ 2932 ][ 7975 ] } { [ 6129 ] } { [ 9497 ] } { [ 6448 ] } { [ 1453 ] } { [ 7322 ] } { [ 6693 ][ 5756 ] } { [ 8264 ] } { [ 8043 ] } { [ 6787 ] } { [ 9861 ] } { [ 5090 ] } { [ 6201 ] } { [ 9978 ] } { [ 657 ] }
despues de colapsar { [ 4419 ][ 3003 ][ 1843 ] } { [ 9966 ][ 6526 ] } { [ 5827 ] } { [ 2711 ][ 61 ] } { [ 6439 ][ 3734 ][ 1366 ] } { [ 7757 ][ 7402 ] } { [ 4727 ] } { [ 5627 ][ 8814 ] } { [ 4824 ] } { [ 8839 ] } { [ 8926 ] } { [ 9589 ] } { [ 1527 ] } { [ 1962 ] } { [ 9439 ][ 2686 ] } { [ 6709 ] } { [ 4142 ][ 2209 ] } { [ 1213 ] } { [ 4261 ][ 6473 ][ 2932 ][ 7975 ] } { [ 6129 ] } { [ 9497 ] } { [ 6448 ] } { [ 1453 ] } { [ 7322 ] } { [ 6693 ][ 5756 ] } { [ 8264 ] } { [ 8043 ] } { [ 6787 ] } { [ 9861 ] } { [ 5090 ] } { [ 6201 ] } { [ 9978 ] } { [ 657 ] }
