antes   de filtrar: { [ 821 ][ 8190 ] } { [ 9135 ] } { [ 2531 ] }
despues de filtrar: { [ 821 ][ 8190 ] } { [ 9135 ] } { [ 2531 ] }
antes   de colapsar { [ 821 ][ 8190 ][ 4749 ] } { [ 9135 ] } { [ 2531 ] } { [ 5472 ] }
despues de colapsar { [ 821 ][ 8190 ][ 4749 ] } { [ 9135 ] } { [ 2531 ] } { [ 5472 ] }
antes   de filtrar: { [ 821 ][ 8190 ][ 4749 ][ 1839 ] } { [ 9135 ] } { [ 2531 ] } { [ 5472 ] } { [ 4998 ] } { [ 837 ] } { [ 4770 ] }
despues de filtrar: { [ 821 ][ 8190 ][ 4749 ][ 1839 ] } { [ 9135 ] } { [ 2531 ] } { [ 5472 ] } { [ 4998 ] } { [ 837 ] }
antes   de colapsar { [ 821 ][ 8190 ][ 4749 ][ 1839 ] } { [ 9135 ][ 1981 ] } { [ 2531 ] } { [ 5472 ] } { [ 4998 ] } { [ 837 ] } { [ 4815 ] }
despues de colapsar { [ 821 ][ 8190 ][ 4749 ][ 1839 ] } { [ 9135 ][ 1981 ] } { [ 2531 ] } { [ 5472 ] } { [ 4998 ] } { [ 837 ] } { [ 4815 ] }
antes   de colapsar { [ 821 ][ 8190 ][ 4749 ][ 1839 ] } { [ 9135 ][ 1981 ] } { [ 2531 ] } { [ 5472 ] } { [ 4998 ] } { [ 837 ] } { [ 4815 ] } { [ 125 ] } { [ 5338 ] } { [ 2289 ] } { [ 6647 ] }
despues de colapsar { [ 821 ][ 8190 ][ 4749 ][ 1839 ] } { [ 9135 ][ 1981 ] } { [ 2531 ] } { [ 5472 ] } { [ 4998 ] } { [ 837 ] } { [ 4815 ] } { [ 125 ] } { [ 5338 ] } { [ 2289 ] } { [ 6647 ] }
antes   de colapsar { [ 821 ][ 8190 ][ 4749 ][ 1839 ] } { [ 9135 ][ 1981 ] } { [ 2531 ] } { [ 5472 ] } { [ 4998 ] } { [ 837 ] } { [ 4815 ] } { [ 125 ] } { [ 5338 ] } { [ 2289 ] } { [ 6647 ] }
despues de colapsar { [ 821 ][ 8190 ][ 4749 ][ 1839 ] } { [ 9135 ][ 1981 ] } { [ 2531 ] } { [ 5472 ] } { [ 4998 ] } { [ 837 ] } { [ 4815 ] } { [ 125 ] } { [ 5338 ] } { [ 2289 ] } { [ 6647 ] }
antes   de filtrar: { [ 821 ][ 8190 ][ 4749 ][ 1839 ] } { [ 9135 ][ 1981 ] } { [ 2531 ] } { [ 5472 ] } { [ 4998 ] } { [ 837 ] } { [ 4815 ] } { [ 125 ] } { [ 5338 ] } { [ 2289 ] } { [ 6647 ] } { [ 5591 ] } { [ 3963 ] } { [ 7042 ] } { [ 6163 ] } { [ 6217 ] } { [ 7900 ] } { [ 825 ] }
despues de filtrar: { [ 821 ][ 8190 ][ 4749 ][ 1839 ] } { [ 9135 ][ 1981 ] } { [ 2531 ] } { [ 5472 ] } { [ 4998 ] } { [ 837 ] } { [ 4815 ] } { [ 125 ] } { [ 5338 ] } { [ 2289 ] } { [ 6647 ] } { [ 5591 ] } { [ 3963 ] } { [ 6163 ] } { [ 6217 ] } { [ 825 ] }
antes   de colapsar { [ 821 ][ 8190 ][ 4749 ][ 1839 ][ 1373 ] } { [ 9135 ][ 1981 ] } { [ 2531 ][ 5011 ] } { [ 5472 ][ 8885 ][ 7580 ] } { [ 4998 ] } { [ 837 ][ 1481 ] } { [ 4815 ] } { [ 125 ][ 787 ] } { [ 5338 ] } { [ 2289 ] } { [ 6647 ] } { [ 5591 ] } { [ 3963 ] } { [ 6163 ] } { [ 6217 ] } { [ 825 ] } { [ 6007 ] } { [ 4485 ] } { [ 8560 ] } { [ 1149 ] } { [ 9732 ] } { [ 1965 ] }
despues de colapsar { [ 821 ][ 8190 ][ 4749 ][ 1839 ][ 1373 ] } { [ 9135 ][ 1981 ] } { [ 2531 ][ 5011 ] } { [ 5472 ][ 8885 ][ 7580 ] } { [ 4998 ] } { [ 837 ][ 1481 ] } { [ 4815 ] } { [ 125 ][ 787 ] } { [ 5338 ] } { [ 2289 ] } { [ 6647 ] } { [ 5591 ] } { [ 3963 ] } { [ 6163 ] } { [ 6217 ] } { [ 825 ] } { [ 6007 ] } { [ 4485 ] } { [ 8560 ] } { [ 1149 ] } { [ 9732 ] } { [ 1965 ] }
antes   de filtrar: { [ 821 ][ 8190 ][ 4749 ][ 1839 ][ 1373 ] } { [ 9135 ][ 1981 ] } { [ 2531 ][ 5011 ] } { [ 5472 ][ 8885 ][ 7580 ] } { [ 4998 ] } { [ 837 ][ 1481 ] } { [ 4815 ] } { [ 125 ][ 787 ] } { [ 5338 ] } { [ 2289 ] } { [ 6647 ] } { [ 5591 ] } { [ 3963 ] } { [ 6163 ] } { [ 6217 ] } { [ 825 ] } { [ 6007 ] } { [ 4485 ] } { [ 8560 ] } { [ 1149 ] } { [ 9732 ] } { [ 1965 ] } { [ 8469 ] } { [ 6381 ] } { [ 4570 ] }
despues de filtrar: { [ 821 ][ 8190 ][ 4749 ][ 1839 ][ 1373 ] } { [ 9135 ][ 1981 ] } { [ 2531 ][ 5011 ] } { [ 5472 ][ 8885 ][ 7580 ] } { [ 4998 ] } { [ 837 ][ 1481 ] } { [ 4815 ] } { [ 125 ][ 787 ] } { [ 5338 ] } { [ 2289 ] } { [ 6647 ] } { [ 5591 ] } { [ 3963 ] } { [ 6163 ] } { [ 6217 ] } { [ 825 ] } { [ 4485 ] } { [ 1149 ] } { [ 9732 ] } { [ 1965 ] } { [ 8469 ] } { [ 6381 ] }
antes   de filtrar: { [ 821 ][ 8190 ][ 4749 ][ 1839 ][ 1373 ] } { [ 9135 ][ 1981 ][ 629 ] } { [ 2531 ][ 5011 ] } { [ 5472 ][ 8885 ][ 7580 ][ 3282 ] } { [ 4998 ] } { [ 837 ][ 1481 ] } { [ 4815 ][ 2677 ] } { [ 125 ][ 787 ] } { [ 5338 ] } { [ 2289 ] } { [ 6647 ][ 3479 ] } { [ 5591 ] } { [ 3963 ] } { [ 6163 ][ 7780 ] } { [ 6217 ] } { [ 825 ] } { [ 4485 ] } { [ 1149 ] } { [ 9732 ] } { [ 1965 ] } { [ 8469 ] } { [ 6381 ] } { [ 4174 ] } { [ 1149 ] } { [ 1131 ] } { [ 3346 ] } { [ 7331 ] } { [ 1400 ] } { [ 2485 ] }
despues de filtrar: { [ 821 ][ 8190 ][ 4749 ][ 1839 ][ 1373 ] } { [ 9135 ][ 1981 ][ 629 ] } { [ 2531 ][ 5011 ] } { [ 5472 ][ 8885 ][ 7580 ][ 3282 ] } { [ 4998 ] } { [ 837 ][ 1481 ] } { [ 4815 ][ 2677 ] } { [ 125 ][ 787 ] } { [ 5338 ] } { [ 2289 ] } { [ 6647 ][ 3479 ] } { [ 5591 ] } { [ 3963 ] } { [ 6163 ][ 7780 ] } { [ 6217 ] } { [ 825 ] } { [ 4485 ] } { [ 1149 ] } { [ 9732 ] } { [ 1965 ] } { [ 8469 ] } { [ 6381 ] } { [ 4174 ] } { [ 1149 ] } { [ 1131 ] } { [ 3346 ] } { [ 7331 ] } { [ 2485 ] }
antes   de filtrar: <vacia>
despues de filtrar: <vacia>
antes   de colapsar <vacia>
despues de colapsar <vacia>
antes   de colapsar { [ smo ] }
despues de colapsar { [ smo ] }
antes   de filtrar: { [ smo ] } { [ ej34a ] } { [ gbkdafd9 ] } { [ haua7ph ] } { [ r9legoim ] } { [ ku1ud4 ] } { [ fafio2u ] }
despues de filtrar: { [ smo ] }
antes   de filtrar: { [ smo ][ 14w5iku4xg ][ c9j9l34qk ] }
despues de filtrar: { [ smo ][ 14w5iku4xg ][ c9j9l34qk ] }
antes   de colapsar { [ smo ][ 14w5iku4xg ][ c9j9l34qk ][ w3f14 ] } { [ l0iniapmk5 ] } { [ qlkd2anou ] } { [ en9qnvhl ][ 5q1ye7573x ][ v6ph9 ][ vk9n6v8e8s ] } { [ pjkuhm ][ yq ] } { [ 3 ] } { [ 8yf7lhs3 ] } { [ 9jggw ] } { [ yb ] } { [ 8r0g1b ] } { [ 94q ] }
despues de colapsar { [ smo ][ 14w5iku4xg ][ c9j9l34qk ][ w3f14 ] } { [ l0iniapmk5 ] } { [ qlkd2anou ] } { [ evvk596nn6 ] } { [ pjkuhm ][ yq ] } { [ 3 ] } { [ 8yf7lhs3 ] } { [ 9jggw ] } { [ yb ] } { [ 8r0g1b ] } { [ 94q ] }
antes   de colapsar { [ smo ][ 14w5iku4xg ][ c9j9l34qk ][ w3f14 ] } { [ l0iniapmk5 ][ 9 ] } { [ qlkd2anou ] } { [ evvk596nn6 ] } { [ pjkuhm ][ yq ] } { [ 3 ][ 87 ] } { [ 8yf7lhs3 ] } { [ 9jggw ] } { [ yb ][ ch ][ yyh9a6n ] } { [ 8r0g1b ][ rovxf4 ] } { [ 94q ] } { [ ycp06te ] } { [ 52nti ] } { [ wcn9cvm ] } { [ m0njy ] }
despues de colapsar { [ smo ][ 14w5iku4xg ][ c9j9l34qk ][ w3f14 ] } { [ l90iniapmk ] } { [ qlkd2anou ] } { [ evvk596nn6 ] } { [ pjkuhm ][ yq ] } { [ 387 ] } { [ 8yf7lhs3 ] } { [ 9jggw ] } { [ yb ][ ch ][ yyh9a6n ] } { [ 8rro0vgx1f ] } { [ 94q ] } { [ ycp06te ] } { [ 52nti ] } { [ wcn9cvm ] } { [ m0njy ] }
antes   de colapsar { [ smo ][ 14w5iku4xg ][ c9j9l34qk ][ w3f14 ] } { [ l90iniapmk ] } { [ qlkd2anou ] } { [ evvk596nn6 ] } { [ pjkuhm ][ yq ][ 2ygmx ] } { [ 387 ] } { [ 8yf7lhs3 ] } { [ 9jggw ] } { [ yb ][ ch ][ yyh9a6n ] } { [ 8rro0vgx1f ] } { [ 94q ] } { [ ycp06te ][ 6oc7u17x ] } { [ 52nti ] } { [ wcn9cvm ] } { [ m0njy ] } { [ t ] } { [ 6ln7ykbp ] } { [ xgn8 ] } { [ a6eo3n ] } { [ f215d57iy ] } { [ wtno ] } { [ 38b ] } { [ e0frayyeie ] } { [ p ] }
despues de colapsar { [ smo ][ 14w5iku4xg ][ c9j9l34qk ][ w3f14 ] } { [ l90iniapmk ] } { [ qlkd2anou ] } { [ evvk596nn6 ] } { [ pjkuhm ][ yq ][ 2ygmx ] } { [ 387 ] } { [ 8yf7lhs3 ] } { [ 9jggw ] } { [ yb ][ ch ][ yyh9a6n ] } { [ 8rro0vgx1f ] } { [ 94q ] } { [ y6copc076u ] } { [ 52nti ] } { [ wcn9cvm ] } { [ m0njy ] } { [ t ] } { [ 6ln7ykbp ] } { [ xgn8 ] } { [ a6eo3n ] } { [ f215d57iy ] } { [ wtno ] } { [ 38b ] } { [ e0frayyeie ] } { [ p ] }
antes   de filtrar: { [ smo ][ 14w5iku4xg ][ c9j9l34qk ][ w3f14 ] } { [ l90iniapmk ] } { [ qlkd2anou ] } { [ evvk596nn6 ] } { [ pjkuhm ][ yq ][ 2ygmx ] } { [ 387 ] } { [ 8yf7lhs3 ] } { [ 9jggw ] } { [ yb ][ ch ][ yyh9a6n ] } { [ 8rro0vgx1f ] } { [ 94q ] } { [ y6copc076u ] } { [ 52nti ] } { [ wcn9cvm ] } { [ m0njy ] } { [ t ] } { [ 6ln7ykbp ] } { [ xgn8 ] } { [ a6eo3n ] } { [ f215d57iy ] } { [ wtno ] } { [ 38b ] } { [ e0frayyeie ] } { [ p ] } { [ 703h ] } { [ 2wn ] } { [ sgcch8stwv ] } { [ pclq1p ] } { [ oyaxd ] }
despues de filtrar: { [ smo ][ 14w5iku4xg ][ c9j9l34qk ][ w3f14 ] } { [ pjkuhm ][ yq ][ 2ygmx ] } { [ yb ][ ch ][ yyh9a6n ] } { [ t ] } { [ wtno ] } { [ p ] } { [ oyaxd ] }
antes   de filtrar: { [ smo ][ 14w5iku4xg ][ c9j9l34qk ][ w3f14 ] } { [ pjkuhm ][ yq ][ 2ygmx ] } { [ yb ][ ch ][ yyh9a6n ] } { [ t ] } { [ wtno ] } { [ p ] } { [ oyaxd ][ ty6dmyd ] }
despues de filtrar: { [ smo ][ 14w5iku4xg ][ c9j9l34qk ][ w3f14 ] } { [ pjkuhm ][ yq ][ 2ygmx ] } { [ yb ][ ch ][ yyh9a6n ] } { [ t ] } { [ wtno ] } { [ p ] } { [ oyaxd ][ ty6dmyd ] }
antes   de colapsar { [ papef68 ][ w00 ] } { [ fh ] } { [ idumq ] } { [ mmr6fq ] } { [ kltoi ] } { [ j785a67im ] } { [ h ] } { [ 620qg90nxl ] } { [ oxokv9a6ic ][ 9cjrnlibw ] } { [ 5kst ] }
despues de colapsar { [ pwa0p0ef68 ] } { [ fh ] } { [ idumq ] } { [ mmr6fq ] } { [ kltoi ] } { [ j785a67im ] } { [ h ] } { [ 620qg90nxl ] } { [ o9xcojkrvn ] } { [ 5kst ] }
antes   de filtrar: { [ pwa0p0ef68 ] } { [ fh ][ n03 ] } { [ idumq ] } { [ mmr6fq ] } { [ kltoi ] } { [ j785a67im ] } { [ h ] } { [ 620qg90nxl ] } { [ o9xcojkrvn ] } { [ 5kst ] }
despues de filtrar: { [ fh ][ n03 ] } { [ idumq ] } { [ kltoi ] } { [ h ] }
antes   de filtrar: { [ fh ][ n03 ] } { [ idumq ] } { [ kltoi ] } { [ h ] }
despues de filtrar: { [ fh ][ n03 ] } { [ idumq ] } { [ kltoi ] } { [ h ] }
antes   de filtrar: { [ fh ][ n03 ] } { [ idumq ] } { [ kltoi ] } { [ h ] } { [ gnala7 ] } { [ qjs93u3k9 ] } { [ d7i018 ] } { [ yjx71 ] }
despues de filtrar: { [ fh ][ n03 ] } { [ idumq ] } { [ kltoi ] } { [ h ] }
antes   de filtrar: { [ fh ][ n03 ] } { [ idumq ] } { [ kltoi ] } { [ h ] } { [ mfjg82u3c8 ] } { [ dnhoygo9 ] } { [ rodyff ] } { [ 3vhc2rg0lv ] }
despues de filtrar: { [ fh ][ n03 ] } { [ idumq ] } { [ kltoi ] } { [ h ] } { [ rodyff ] }
antes   de colapsar { [ fh ][ n03 ] } { [ idumq ] } { [ kltoi ] } { [ h ] } { [ rodyff ] } { [ thn ] } { [ 0df8 ] }
despues de colapsar { [ fh ][ n03 ] } { [ idumq ] } { [ kltoi ] } { [ h ] } { [ rodyff ] } { [ thn ] } { [ 0df8 ] }
antes   de colapsar { [ fh ][ n03 ] } { [ idumq ] } { [ kltoi ] } { [ h ] } { [ rodyff ] } { [ thn ] } { [ 0df8 ] } { [ 4r4vsdq0dk ] }
despues de colapsar { [ fh ][ n03 ] } { [ idumq ] } { [ kltoi ] } { [ h ] } { [ rodyff ] } { [ thn ] } { [ 0df8 ] } { [ 4r4vsdq0dk ] }
antes   de filtrar: { [ fh ][ n03 ][ ch082ry9 ] } { [ idumq ] } { [ kltoi ][ 54w4c ] } { [ h ] } { [ rodyff ][ rlw7 ][ jfjv ] } { [ thn ] } { [ 0df8 ] } { [ 4r4vsdq0dk ] } { [ 9q4jus ][ y206tfsp1 ] } { [ aif ] } { [ ulacjv4p ] } { [ 04liq ] } { [ kvic4v ][ uea ] } { [ k65 ] } { [ hejbx3 ] } { [ emkei ] } { [ unv2m8nea ] } { [ j04u ] } { [ whge ] }
despues de filtrar: { [ fh ][ n03 ][ ch082ry9 ] } { [ idumq ] } { [ kltoi ][ 54w4c ] } { [ h ] } { [ rodyff ][ rlw7 ][ jfjv ] } { [ thn ] } { [ aif ] } { [ emkei ] } { [ whge ] }
antes   de colapsar { [ fh ][ n03 ][ ch082ry9 ][ dcmxq ] } { [ idumq ] } { [ kltoi ][ 54w4c ] } { [ h ][ k6qvv8m ] } { [ rodyff ][ rlw7 ][ jfjv ] } { [ thn ] } { [ aif ][ a4j ] } { [ emkei ] } { [ whge ] } { [ 3y ] }
despues de colapsar { [ fh ][ n03 ][ ch082ry9 ][ dcmxq ] } { [ idumq ] } { [ kltoi ][ 54w4c ] } { [ h ][ k6qvv8m ] } { [ rodyff ][ rlw7 ][ jfjv ] } { [ thn ] } { [ aif ][ a4j ] } { [ emkei ] } { [ whge ] } { [ 3y ] }
antes   de colapsar { [ fh ][ n03 ][ ch082ry9 ][ dcmxq ] } { [ idumq ][ 6 ] } { [ kltoi ][ 54w4c ] } { [ h ][ k6qvv8m ] } { [ rodyff ][ rlw7 ][ jfjv ][ twmrxe0knn ] } { [ thn ] } { [ aif ][ a4j ] } { [ emkei ] } { [ whge ] } { [ 3y ] } { [ h1pvtj ] } { [ ed0 ][ 8lnvyph ] }
despues de colapsar { [ fh ][ n03 ][ ch082ry9 ][ dcmxq ] } { [ idumq ][ 6 ] } { [ kltoi ][ 54w4c ] } { [ h ][ k6qvv8m ] } { [ rodyff ][ rlw7 ][ jfjv ][ twmrxe0knn ] } { [ thn ] } { [ aif ][ a4j ] } { [ emkei ] } { [ whge ] } { [ 3y ] } { [ h1pvtj ] } { [ e8dl0nvyph ] }
antes   de colapsar { [ 76rg7 ] } { [ va61 ][ wvvv6 ][ x ] } { [ g ] }
despues de colapsar { [ 76rg7 ] } { [ vxwav6v1v6 ] } { [ g ] }
antes   de filtrar: { [ 76rg7 ] } { [ vxwav6v1v6 ] } { [ g ] }
despues de filtrar: { [ g ] }
antes   de filtrar: { [ g ] }
despues de filtrar: { [ g ] }
antes   de colapsar { [ g ][ k1 ][ 4xgyx ][ t ] } { [ 6m9agyrs ] } { [ qks3 ] } { [ kp140rla ] }
despues de colapsar { [ g ][ k1 ][ 4xgyx ][ t ] } { [ 6m9agyrs ] } { [ qks3 ] } { [ kp140rla ] }
antes   de colapsar { [ g ][ k1 ][ 4xgyx ][ t ] } { [ 6m9agyrs ] } { [ qks3 ] } { [ kp140rla ] }
despues de colapsar { [ g ][ k1 ][ 4xgyx ][ t ] } { [ 6m9agyrs ] } { [ qks3 ] } { [ kp140rla ] }
antes   de filtrar: { [ g ][ k1 ][ 4xgyx ][ t ] } { [ 6m9agyrs ] } { [ qks3 ] } { [ kp140rla ] } { [ b14enwo5hs ][ 2n4 ] }
despues de filtrar: { [ g ][ k1 ][ 4xgyx ][ t ] }
antes   de colapsar { [ g ][ k1 ][ 4xgyx ][ t ] }
despues de colapsar { [ g ][ k1 ][ 4xgyx ][ t ] }
antes   de filtrar: { [ g ][ k1 ][ 4xgyx ][ t ][ xxnhp ] } { [ 6yogq3sf ] } { [ 02hh6 ] } { [ wbu2 ] }
despues de filtrar: { [ g ][ k1 ][ 4xgyx ][ t ][ xxnhp ] }
antes   de filtrar: { [ g ][ k1 ][ 4xgyx ][ t ][ xxnhp ][ pym8ffq ] } { [ 4e44 ] } { [ 86b ] }
despues de filtrar: { [ g ][ k1 ][ 4xgyx ][ t ][ xxnhp ][ pym8ffq ] }
antes   de colapsar { [ g ][ k1 ][ 4xgyx ][ t ][ xxnhp ][ pym8ffq ] } { [ euea6j6c ][ ax1yb ][ jk ] } { [ gg633 ][ e2g6yth3w ] } { [ e ] } { [ sl25 ] } { [ 57h19 ][ ehwb9g0ej3 ] } { [ 779bly743p ] } { [ 11p9mcbn0s ] } { [ l3c ] } { [ r9qb2 ] } { [ 0lama ] } { [ eaxf10sp7 ] } { [ k8omjvc8 ] } { [ kd ] }
despues de colapsar { [ g ][ k1 ][ 4xgyx ][ t ][ xxnhp ][ pym8ffq ] } { [ ejakuxe1ay ] } { [ geg26g363y ] } { [ e ] } { [ sl25 ] } { [ 5e7hhw1b99 ] } { [ 779bly743p ] } { [ 11p9mcbn0s ] } { [ l3c ] } { [ r9qb2 ] } { [ 0lama ] } { [ eaxf10sp7 ] } { [ k8omjvc8 ] } { [ kd ] }
antes   de filtrar: { [ 44on9 ] } { [ kqp19 ] } { [ sibiip ] }
despues de filtrar: { [ sibiip ] }
antes   de colapsar { [ sibiip ] } { [ frtcw ][ 2di9ce ] } { [ dq1nc41g ] } { [ 4mfdm ] } { [ vk ][ hksy0 ] } { [ dekicb23 ] }
despues de colapsar { [ sibiip ] } { [ frtcw ][ 2di9ce ] } { [ dq1nc41g ] } { [ 4mfdm ] } { [ vk ][ hksy0 ] } { [ dekicb23 ] }
antes   de colapsar { [ sibiip ] } { [ frtcw ][ 2di9ce ] } { [ dq1nc41g ][ bgl2ws ] } { [ 4mfdm ] } { [ vk ][ hksy0 ] } { [ dekicb23 ][ rdix7ecu5p ] } { [ 0w ] }
despues de colapsar { [ sibiip ] } { [ frtcw ][ 2di9ce ] } { [ dbqg1ln2cw ] } { [ 4mfdm ] } { [ vk ][ hksy0 ] } { [ dredkiixc7 ] } { [ 0w ] }
antes   de filtrar: { [ sibiip ] } { [ frtcw ][ 2di9ce ] } { [ dbqg1ln2cw ][ lylrq ] } { [ 4mfdm ] } { [ vk ][ hksy0 ] } { [ dredkiixc7 ] } { [ 0w ] } { [ yi8f41uc0a ] } { [ jif994 ] } { [ 2f34e8 ] } { [ l ] } { [ en18fal9 ] } { [ q062ccx ] }
despues de filtrar: { [ sibiip ] } { [ frtcw ][ 2di9ce ] } { [ vk ][ hksy0 ] } { [ l ] }
antes   de colapsar { [ sibiip ] } { [ frtcw ][ 2di9ce ] } { [ vk ][ hksy0 ] } { [ l ][ uuhn90y1m ] } { [ sb7hia1bpw ] } { [ hchqd67u ] } { [ 3oci0x6jr ] }
despues de colapsar { [ sibiip ] } { [ frtcw ][ 2di9ce ] } { [ vk ][ hksy0 ] } { [ l ][ uuhn90y1m ] } { [ sb7hia1bpw ] } { [ hchqd67u ] } { [ 3oci0x6jr ] }
antes   de filtrar: { [ sibiip ] } { [ frtcw ][ 2di9ce ][ 3462lj ] } { [ vk ][ hksy0 ] } { [ l ][ uuhn90y1m ] } { [ sb7hia1bpw ] } { [ hchqd67u ] } { [ 3oci0x6jr ] }
despues de filtrar: { [ sibiip ] } { [ frtcw ][ 2di9ce ][ 3462lj ] } { [ vk ][ hksy0 ] } { [ l ][ uuhn90y1m ] }
antes   de colapsar { [ sibiip ][ sbv3uw02 ][ sbovbo ] } { [ frtcw ][ 2di9ce ][ 3462lj ] } { [ vk ][ hksy0 ][ 65y8345q6 ] } { [ l ][ uuhn90y1m ][ spj ] } { [ toq ] } { [ 7rsh4hvmo1 ] } { [ suqcf ] } { [ yr84n ] } { [ 5ywy ] } { [ b ] }
despues de colapsar { [ sibiip ][ sbv3uw02 ][ sbovbo ] } { [ frtcw ][ 2di9ce ][ 3462lj ] } { [ vk ][ hksy0 ][ 65y8345q6 ] } { [ l ][ uuhn90y1m ][ spj ] } { [ toq ] } { [ 7rsh4hvmo1 ] } { [ suqcf ] } { [ yr84n ] } { [ 5ywy ] } { [ b ] }
antes   de colapsar { [ sibiip ][ sbv3uw02 ][ sbovbo ] } { [ frtcw ][ 2di9ce ][ 3462lj ] } { [ vk ][ hksy0 ][ 65y8345q6 ] } { [ l ][ uuhn90y1m ][ spj ] } { [ toq ] } { [ 7rsh4hvmo1 ] } { [ suqcf ] } { [ yr84n ] } { [ 5ywy ] } { [ b ][ nfng ] } { [ h ] }
despues de colapsar { [ sibiip ][ sbv3uw02 ][ sbovbo ] } { [ frtcw ][ 2di9ce ][ 3462lj ] } { [ vk ][ hksy0 ][ 65y8345q6 ] } { [ l ][ uuhn90y1m ][ spj ] } { [ toq ] } { [ 7rsh4hvmo1 ] } { [ suqcf ] } { [ yr84n ] } { [ 5ywy ] } { [ b ][ nfng ] } { [ h ] }
antes   de filtrar: { [ sibiip ][ sbv3uw02 ][ sbovbo ] } { [ frtcw ][ 2di9ce ][ 3462lj ] } { [ vk ][ hksy0 ][ 65y8345q6 ] } { [ l ][ uuhn90y1m ][ spj ] } { [ toq ] } { [ 7rsh4hvmo1 ] } { [ suqcf ] } { [ yr84n ] } { [ 5ywy ] } { [ b ][ nfng ] } { [ h ] }
despues de filtrar: { [ sibiip ][ sbv3uw02 ][ sbovbo ] } { [ frtcw ][ 2di9ce ][ 3462lj ] } { [ vk ][ hksy0 ][ 65y8345q6 ] } { [ l ][ uuhn90y1m ][ spj ] } { [ toq ] } { [ suqcf ] } { [ b ][ nfng ] } { [ h ] }
antes   de filtrar: { [ sibiip ][ sbv3uw02 ][ sbovbo ] } { [ frtcw ][ 2di9ce ][ 3462lj ][ 0skm ] } { [ vk ][ hksy0 ][ 65y8345q6 ] } { [ l ][ uuhn90y1m ][ spj ] } { [ toq ] } { [ suqcf ] } { [ b ][ nfng ] } { [ h ] } { [ 9yrbqjx ] } { [ p3afs ][ cbuyy4 ] } { [ o730vk ] } { [ 6oh ] } { [ owuh ] } { [ enwv6mxjk0 ] } { [ i6dy2 ] } { [ h ] }
despues de filtrar: { [ sibiip ][ sbv3uw02 ][ sbovbo ] } { [ frtcw ][ 2di9ce ][ 3462lj ][ 0skm ] } { [ vk ][ hksy0 ][ 65y8345q6 ] } { [ l ][ uuhn90y1m ][ spj ] } { [ toq ] } { [ suqcf ] } { [ b ][ nfng ] } { [ h ] } { [ owuh ] } { [ h ] }
