antes   de filtrar: <vacia>
despues de filtrar: <vacia>
antes   de filtrar: { [ 54.160772 ] }
despues de filtrar: { [ 54.160772 ] }
antes   de colapsar { [ 54.160772 ][ -1.381666 ] } { [ 35.273433 ] }
despues de colapsar { [ 54.160772 ][ -1.381666 ] } { [ 35.273433 ] }
antes   de colapsar { [ 54.160772 ][ -1.381666 ] } { [ 35.273433 ][ 7.703962 ] } { [ 47.320920 ][ -24.598391 ] } { [ 12.469603 ][ 13.554998 ] } { [ 30.143783 ] } { [ 73.792173 ] } { [ 14.160223 ] } { [ 14.885960 ] } { [ 35.017457 ] } { [ 65.921830 ] }
despues de colapsar { [ 54.160772 ][ -1.381666 ] } { [ 35.273433 ][ 7.703962 ] } { [ 47.320920 ][ -24.598391 ] } { [ 12.469603 ][ 13.554998 ] } { [ 30.143783 ] } { [ 73.792173 ] } { [ 14.160223 ] } { [ 14.885960 ] } { [ 35.017457 ] } { [ 65.921830 ] }
antes   de colapsar { [ 54.160772 ][ -1.381666 ] } { [ 35.273433 ][ 7.703962 ] } { [ 47.320920 ][ -24.598391 ] } { [ 12.469603 ][ 13.554998 ] } { [ 30.143783 ] } { [ 73.792173 ] } { [ 14.160223 ] } { [ 14.885960 ] } { [ 35.017457 ] } { [ 65.921830 ] }
despues de colapsar { [ 54.160772 ][ -1.381666 ] } { [ 35.273433 ][ 7.703962 ] } { [ 47.320920 ][ -24.598391 ] } { [ 12.469603 ][ 13.554998 ] } { [ 30.143783 ] } { [ 73.792173 ] } { [ 14.160223 ] } { [ 14.885960 ] } { [ 35.017457 ] } { [ 65.921830 ] }
antes   de colapsar { [ 54.160772 ][ -1.381666 ] } { [ 35.273433 ][ 7.703962 ] } { [ 47.320920 ][ -24.598391 ] } { [ 12.469603 ][ 13.554998 ] } { [ 30.143783 ] } { [ 73.792173 ] } { [ 14.160223 ] } { [ 14.885960 ] } { [ 35.017457 ] } { [ 65.921830 ] } { [ 51.348681 ] }
despues de colapsar { [ 54.160772 ][ -1.381666 ] } { [ 35.273433 ][ 7.703962 ] } { [ 47.320920 ][ -24.598391 ] } { [ 12.469603 ][ 13.554998 ] } { [ 30.143783 ] } { [ 73.792173 ] } { [ 14.160223 ] } { [ 14.885960 ] } { [ 35.017457 ] } { [ 65.921830 ] } { [ 51.348681 ] }
antes   de colapsar { [ 54.160772 ][ -1.381666 ] } { [ 35.273433 ][ 7.703962 ] } { [ 47.320920 ][ -24.598391 ] } { [ 12.469603 ][ 13.554998 ] } { [ 30.143783 ] } { [ 73.792173 ] } { [ 14.160223 ] } { [ 14.885960 ][ 46.292971 ] } { [ 35.017457 ][ -17.404342 ] } { [ 65.921830 ] } { [ 51.348681 ] }
despues de colapsar { [ 54.160772 ][ -1.381666 ] } { [ 35.273433 ][ 7.703962 ] } { [ 47.320920 ][ -24.598391 ] } { [ 12.469603 ][ 13.554998 ] } { [ 30.143783 ] } { [ 73.792173 ] } { [ 14.160223 ] } { [ 7.821696 ] } { [ 35.017457 ][ -17.404342 ] } { [ 65.921830 ] } { [ 51.348681 ] }
antes   de filtrar: { [ 54.160772 ][ -1.381666 ] } { [ 35.273433 ][ 7.703962 ] } { [ 47.320920 ][ -24.598391 ] } { [ 12.469603 ][ 13.554998 ] } { [ 30.143783 ] } { [ 73.792173 ][ 59.142541 ] } { [ 14.160223 ] } { [ 7.821696 ] } { [ 35.017457 ][ -17.404342 ] } { [ 65.921830 ] } { [ 51.348681 ] } { [ 1.545725 ] }
despues de filtrar: { [ 54.160772 ][ -1.381666 ] } { [ 35.273433 ][ 7.703962 ] } { [ 47.320920 ][ -24.598391 ] } { [ 12.469603 ][ 13.554998 ] } { [ 30.143783 ] } { [ 14.160223 ] } { [ 35.017457 ][ -17.404342 ] } { [ 51.348681 ] }
antes   de filtrar: { [ 54.160772 ][ -1.381666 ] } { [ 35.273433 ][ 7.703962 ] } { [ 47.320920 ][ -24.598391 ][ -8.751531 ] } { [ 12.469603 ][ 13.554998 ] } { [ 30.143783 ] } { [ 14.160223 ] } { [ 35.017457 ][ -17.404342 ][ 60.334732 ] } { [ 51.348681 ] } { [ 28.699279 ] } { [ 43.333935 ] } { [ 27.696277 ] } { [ 31.784017 ] } { [ 24.265662 ] } { [ 60.995102 ] } { [ 60.807873 ] } { [ 71.545397 ] }
despues de filtrar: { [ 54.160772 ][ -1.381666 ] } { [ 35.273433 ][ 7.703962 ] } { [ 47.320920 ][ -24.598391 ][ -8.751531 ] } { [ 12.469603 ][ 13.554998 ] } { [ 30.143783 ] } { [ 14.160223 ] } { [ 35.017457 ][ -17.404342 ][ 60.334732 ] } { [ 51.348681 ] } { [ 43.333935 ] } { [ 24.265662 ] }
antes   de filtrar: { [ 54.160772 ][ -1.381666 ] } { [ 35.273433 ][ 7.703962 ] } { [ 47.320920 ][ -24.598391 ][ -8.751531 ] } { [ 12.469603 ][ 13.554998 ][ -19.024779 ] } { [ 30.143783 ] } { [ 14.160223 ] } { [ 35.017457 ][ -17.404342 ][ 60.334732 ] } { [ 51.348681 ][ 67.870566 ] } { [ 43.333935 ] } { [ 24.265662 ] } { [ 70.679723 ] } { [ -6.313211 ] } { [ 6.297427 ] } { [ -8.617606 ] }
despues de filtrar: { [ 54.160772 ][ -1.381666 ] } { [ 35.273433 ][ 7.703962 ] } { [ 47.320920 ][ -24.598391 ][ -8.751531 ] } { [ 12.469603 ][ 13.554998 ][ -19.024779 ] } { [ 30.143783 ] } { [ 14.160223 ] } { [ 35.017457 ][ -17.404342 ][ 60.334732 ] } { [ 51.348681 ][ 67.870566 ] } { [ 43.333935 ] } { [ 24.265662 ] } { [ -6.313211 ] } { [ 6.297427 ] } { [ -8.617606 ] }
antes   de colapsar { [ 73.375203 ][ 49.238582 ][ 24.209683 ][ 24.767096 ] } { [ 9.558514 ][ 51.319179 ] } { [ 71.182594 ] } { [ 52.939762 ] } { [ 35.988239 ] }
despues de colapsar { [ 73.375203 ][ 49.238582 ][ 24.209683 ][ 24.767096 ] } { [ 7.802416 ] } { [ 71.182594 ] } { [ 52.939762 ] } { [ 35.988239 ] }
antes   de filtrar: { [ 73.375203 ][ 49.238582 ][ 24.209683 ][ 24.767096 ] } { [ 7.802416 ] } { [ 71.182594 ] } { [ 52.939762 ][ 4.552065 ] } { [ 35.988239 ] } { [ 31.777437 ][ 24.000643 ] } { [ 21.665837 ] } { [ 66.781638 ] } { [ 21.366902 ] }
despues de filtrar: { [ 73.375203 ][ 49.238582 ][ 24.209683 ][ 24.767096 ] } { [ 71.182594 ] } { [ 21.366902 ] }
antes   de colapsar { [ 73.375203 ][ 49.238582 ][ 24.209683 ][ 24.767096 ] } { [ 71.182594 ][ 25.487167 ] } { [ 21.366902 ][ 63.372794 ] } { [ -9.535228 ] } { [ -19.396659 ] } { [ 11.062945 ] }
despues de colapsar { [ 73.375203 ][ 49.238582 ][ 24.209683 ][ 24.767096 ] } { [ 71.182594 ][ 25.487167 ] } { [ 21.366902 ][ 63.372794 ] } { [ -9.535228 ] } { [ -19.396659 ] } { [ 11.062945 ] }
antes   de filtrar: { [ 73.375203 ][ 49.238582 ][ 24.209683 ][ 24.767096 ] } { [ 71.182594 ][ 25.487167 ] } { [ 21.366902 ][ 63.372794 ] } { [ -9.535228 ] } { [ -19.396659 ][ 40.109469 ] } { [ 11.062945 ] } { [ 55.300087 ] } { [ -21.584565 ] }
despues de filtrar: { [ 73.375203 ][ 49.238582 ][ 24.209683 ][ 24.767096 ] } { [ 71.182594 ][ 25.487167 ] } { [ 21.366902 ][ 63.372794 ] } { [ -9.535228 ] } { [ -19.396659 ][ 40.109469 ] } { [ 11.062945 ] } { [ 55.300087 ] } { [ -21.584565 ] }
antes   de colapsar { [ 73.375203 ][ 49.238582 ][ 24.209683 ][ 24.767096 ] } { [ 71.182594 ][ 25.487167 ] } { [ 21.366902 ][ 63.372794 ] } { [ -9.535228 ] } { [ -19.396659 ][ 40.109469 ] } { [ 11.062945 ] } { [ 55.300087 ] } { [ -21.584565 ] }
despues de colapsar { [ 73.375203 ][ 49.238582 ][ 24.209683 ][ 24.767096 ] } { [ 71.182594 ][ 25.487167 ] } { [ 21.366902 ][ 63.372794 ] } { [ -9.535228 ] } { [ -19.396659 ][ 40.109469 ] } { [ 11.062945 ] } { [ 55.300087 ] } { [ -21.584565 ] }
antes   de colapsar { [ 73.375203 ][ 49.238582 ][ 24.209683 ][ 24.767096 ] } { [ 71.182594 ][ 25.487167 ] } { [ 21.366902 ][ 63.372794 ] } { [ -9.535228 ] } { [ -19.396659 ][ 40.109469 ] } { [ 11.062945 ] } { [ 55.300087 ] } { [ -21.584565 ] } { [ 19.929177 ] } { [ 41.319491 ] }
despues de colapsar { [ 73.375203 ][ 49.238582 ][ 24.209683 ][ 24.767096 ] } { [ 71.182594 ][ 25.487167 ] } { [ 21.366902 ][ 63.372794 ] } { [ -9.535228 ] } { [ -19.396659 ][ 40.109469 ] } { [ 11.062945 ] } { [ 55.300087 ] } { [ -21.584565 ] } { [ 19.929177 ] } { [ 41.319491 ] }
antes   de filtrar: { [ 73.375203 ][ 49.238582 ][ 24.209683 ][ 24.767096 ] } { [ 71.182594 ][ 25.487167 ] } { [ 21.366902 ][ 63.372794 ] } { [ -9.535228 ] } { [ -19.396659 ][ 40.109469 ] } { [ 11.062945 ][ -13.917622 ] } { [ 55.300087 ] } { [ -21.584565 ] } { [ 19.929177 ] } { [ 41.319491 ] } { [ 23.110834 ] } { [ -12.403658 ] } { [ -13.325152 ] } { [ -6.494823 ] } { [ 54.583608 ] }
despues de filtrar: { [ 73.375203 ][ 49.238582 ][ 24.209683 ][ 24.767096 ] } { [ 71.182594 ][ 25.487167 ] } { [ 21.366902 ][ 63.372794 ] } { [ -9.535228 ] } { [ -19.396659 ][ 40.109469 ] } { [ 11.062945 ][ -13.917622 ] } { [ 55.300087 ] } { [ -21.584565 ] } { [ 41.319491 ] } { [ 23.110834 ] } { [ -12.403658 ] } { [ -13.325152 ] } { [ -6.494823 ] }
antes   de colapsar { [ 73.375203 ][ 49.238582 ][ 24.209683 ][ 24.767096 ] } { [ 71.182594 ][ 25.487167 ] } { [ 21.366902 ][ 63.372794 ] } { [ -9.535228 ] } { [ -19.396659 ][ 40.109469 ] } { [ 11.062945 ][ -13.917622 ] } { [ 55.300087 ] } { [ -21.584565 ] } { [ 41.319491 ] } { [ 23.110834 ] } { [ -12.403658 ] } { [ -13.325152 ] } { [ -6.494823 ] }
despues de colapsar { [ 73.375203 ][ 49.238582 ][ 24.209683 ][ 24.767096 ] } { [ 71.182594 ][ 25.487167 ] } { [ 21.366902 ][ 63.372794 ] } { [ -9.535228 ] } { [ -19.396659 ][ 40.109469 ] } { [ 11.062945 ][ -13.917622 ] } { [ 55.300087 ] } { [ -21.584565 ] } { [ 41.319491 ] } { [ 23.110834 ] } { [ -12.403658 ] } { [ -13.325152 ] } { [ -6.494823 ] }
antes   de filtrar: { [ 73.375203 ][ 49.238582 ][ 24.209683 ][ 24.767096 ] } { [ 71.182594 ][ 25.487167 ] } { [ 21.366902 ][ 63.372794 ] } { [ -9.535228 ] } { [ -19.396659 ][ 40.109469 ] } { [ 11.062945 ][ -13.917622 ] } { [ 55.300087 ] } { [ -21.584565 ] } { [ 41.319491 ] } { [ 23.110834 ] } { [ -12.403658 ] } { [ -13.325152 ][ 65.622396 ] } { [ -6.494823 ] } { [ 2.809004 ] } { [ -14.175554 ] }
despues de filtrar: { [ 73.375203 ][ 49.238582 ][ 24.209683 ][ 24.767096 ] } { [ 71.182594 ][ 25.487167 ] } { [ 21.366902 ][ 63.372794 ] } { [ -9.535228 ] } { [ -19.396659 ][ 40.109469 ] } { [ 11.062945 ][ -13.917622 ] } { [ 55.300087 ] } { [ -21.584565 ] } { [ 41.319491 ] } { [ 23.110834 ] } { [ -12.403658 ] } { [ -13.325152 ][ 65.622396 ] } { [ -6.494823 ] } { [ -14.175554 ] }
antes   de filtrar: { [ 73.375203 ][ 49.238582 ][ 24.209683 ][ 24.767096 ] } { [ 71.182594 ][ 25.487167 ] } { [ 21.366902 ][ 63.372794 ] } { [ -9.535228 ] } { [ -19.396659 ][ 40.109469 ] } { [ 11.062945 ][ -13.917622 ] } { [ 55.300087 ] } { [ -21.584565 ] } { [ 41.319491 ] } { [ 23.110834 ] } { [ -12.403658 ] } { [ -13.325152 ][ 65.622396 ] } { [ -6.494823 ] } { [ -14.175554 ] } { [ 5.895920 ] }
despues de filtrar: { [ 73.375203 ][ 49.238582 ][ 24.209683 ][ 24.767096 ] } { [ 71.182594 ][ 25.487167 ] } { [ 21.366902 ][ 63.372794 ] } { [ -9.535228 ] } { [ -19.396659 ][ 40.109469 ] } { [ 11.062945 ][ -13.917622 ] } { [ 55.300087 ] } { [ -21.584565 ] } { [ 41.319491 ] } { [ 23.110834 ] } { [ -12.403658 ] } { [ -13.325152 ][ 65.622396 ] } { [ -6.494823 ] } { [ -14.175554 ] }
antes   de filtrar: { [ vib749r ][ piy57 ][ 6mmtj4am ][ ff0iju ] } { [ kox7f ] } { [ 8ox3x ] } { [ dlfarq4 ][ k0otgp ] } { [ 12 ][ qqagswjkgp ] } { [ gf2me0dese ] }
despues de filtrar: <vacia>
antes   de colapsar <vacia>
despues de colapsar <vacia>
antes   de filtrar: { [ xsdvi ] } { [ 3y ] } { [ tp ] } { [ v5di ] } { [ 5ge5cu ] }
despues de filtrar: { [ xsdvi ] } { [ tp ] }
antes   de colapsar { [ xsdvi ] } { [ tp ][ c ] }
despues de colapsar { [ xsdvi ] } { [ tp ][ c ] }
antes   de colapsar { [ xsdvi ] } { [ tp ][ c ] }
despues de colapsar { [ xsdvi ] } { [ tp ][ c ] }
antes   de colapsar { [ xsdvi ][ q5en ] } { [ tp ][ c ][ 9qf85h ] } { [ msjf3 ] }
despues de colapsar { [ xsdvi ][ q5en ] } { [ tp ][ c ][ 9qf85h ] } { [ msjf3 ] }
antes   de filtrar: { [ xsdvi ][ q5en ][ c16lbm7 ] } { [ tp ][ c ][ 9qf85h ] } { [ msjf3 ][ h0q ] } { [ qofso8 ] } { [ q29yip07 ] } { [ 2e36p4 ] } { [ n00 ] } { [ sbbb3o0p ][ 4f913hrlq ] } { [ 0t8i90 ] } { [ ch1 ] } { [ j3mq ] } { [ 7f96h0prk1 ] } { [ ost49 ] } { [ j2 ] } { [ 4cfmfv ] } { [ ct ] }
despues de filtrar: { [ xsdvi ][ q5en ][ c16lbm7 ] } { [ tp ][ c ][ 9qf85h ] } { [ ct ] }
antes   de filtrar: { [ xsdvi ][ q5en ][ c16lbm7 ][ spauu4 ][ i ] } { [ tp ][ c ][ 9qf85h ] } { [ ct ] } { [ 2r ] }
despues de filtrar: { [ xsdvi ][ q5en ][ c16lbm7 ][ spauu4 ][ i ] } { [ tp ][ c ][ 9qf85h ] } { [ ct ] }
antes   de colapsar { [ xsdvi ][ q5en ][ c16lbm7 ][ spauu4 ][ i ] } { [ tp ][ c ][ 9qf85h ] } { [ ct ] } { [ qwtpheo ] } { [ p3k ] } { [ vr5ibw3rc1 ] } { [ kmkteb ] } { [ w6p ] } { [ v6uo ] }
despues de colapsar { [ xsdvi ][ q5en ][ c16lbm7 ][ spauu4 ][ i ] } { [ tp ][ c ][ 9qf85h ] } { [ ct ] } { [ qwtpheo ] } { [ p3k ] } { [ vr5ibw3rc1 ] } { [ kmkteb ] } { [ w6p ] } { [ v6uo ] }
antes   de filtrar: { [ xsdvi ][ q5en ][ c16lbm7 ][ spauu4 ][ i ] } { [ tp ][ c ][ 9qf85h ] } { [ ct ] } { [ qwtpheo ] } { [ p3k ] } { [ vr5ibw3rc1 ] } { [ kmkteb ] } { [ w6p ] } { [ v6uo ] } { [ u4pto0 ][ 82 ] } { [ 7ay ] } { [ arcsphysr ] }
despues de filtrar: { [ xsdvi ][ q5en ][ c16lbm7 ][ spauu4 ][ i ] } { [ tp ][ c ][ 9qf85h ] } { [ ct ] } { [ qwtpheo ] } { [ kmkteb ] } { [ arcsphysr ] }
antes   de filtrar: <vacia>
despues de filtrar: <vacia>
antes   de filtrar: <vacia>
despues de filtrar: <vacia>
antes   de colapsar { [ 4435 ] }
despues de colapsar { [ 4435 ] }
antes   de colapsar { [ 4435 ] } { [ 4260 ] } { [ 2617 ] } { [ 6555 ] }
despues de colapsar { [ 4435 ] } { [ 4260 ] } { [ 2617 ] } { [ 6555 ] }
antes   de filtrar: { [ 4435 ] } { [ 4260 ][ 9729 ] } { [ 2617 ][ 8801 ][ 702 ] } { [ 6555 ] } { [ 1697 ] } { [ 6338 ] } { [ 7884 ] } { [ 1293 ] }
despues de filtrar: { [ 4435 ] } { [ 2617 ][ 8801 ][ 702 ] } { [ 6555 ] } { [ 1697 ] } { [ 6338 ] } { [ 7884 ] } { [ 1293 ] }
antes   de colapsar { [ 4435 ] } { [ 2617 ][ 8801 ][ 702 ] } { [ 6555 ] } { [ 1697 ][ 9045 ] } { [ 6338 ][ 8459 ] } { [ 7884 ][ 180 ] } { [ 1293 ] } { [ 7963 ] } { [ 6748 ] } { [ 5272 ] } { [ 6028 ] } { [ 9865 ] }
despues de colapsar { [ 4435 ] } { [ 2617 ][ 8801 ][ 702 ] } { [ 6555 ] } { [ 1697 ][ 9045 ] } { [ 6338 ][ 8459 ] } { [ 7884 ][ 180 ] } { [ 1293 ] } { [ 7963 ] } { [ 6748 ] } { [ 5272 ] } { [ 6028 ] } { [ 9865 ] }
antes   de filtrar: { [ 4435 ] } { [ 2617 ][ 8801 ][ 702 ] } { [ 6555 ] } { [ 1697 ][ 9045 ] } { [ 6338 ][ 8459 ] } { [ 7884 ][ 180 ] } { [ 1293 ] } { [ 7963 ] } { [ 6748 ] } { [ 5272 ] } { [ 6028 ] } { [ 9865 ] }
despues de filtrar: { [ 4435 ] } { [ 2617 ][ 8801 ][ 702 ] } { [ 6555 ] } { [ 1697 ][ 9045 ] } { [ 6338 ][ 8459 ] } { [ 7884 ][ 180 ] } { [ 1293 ] } { [ 7963 ] } { [ 6748 ] } { [ 5272 ] } { [ 9865 ] }
antes   de colapsar { [ 4435 ] } { [ 2617 ][ 8801 ][ 702 ] } { [ 6555 ][ 572 ] } { [ 1697 ][ 9045 ] } { [ 6338 ][ 8459 ] } { [ 7884 ][ 180 ][ 1037 ] } { [ 1293 ] } { [ 7963 ] } { [ 6748 ] } { [ 5272 ] } { [ 9865 ] } { [ 7143 ] } { [ 4417 ] } { [ 7802 ] } { [ 3417 ] } { [ 6256 ] } { [ 6022 ] } { [ 169 ] } { [ 756 ] }
despues de colapsar { [ 4435 ] } { [ 2617 ][ 8801 ][ 702 ] } { [ 6555 ][ 572 ] } { [ 1697 ][ 9045 ] } { [ 6338 ][ 8459 ] } { [ 7884 ][ 180 ][ 1037 ] } { [ 1293 ] } { [ 7963 ] } { [ 6748 ] } { [ 5272 ] } { [ 9865 ] } { [ 7143 ] } { [ 4417 ] } { [ 7802 ] } { [ 3417 ] } { [ 6256 ] } { [ 6022 ] } { [ 169 ] } { [ 756 ] }
antes   de filtrar: { [ 4435 ] } { [ 2617 ][ 8801 ][ 702 ] } { [ 6555 ][ 572 ] } { [ 1697 ][ 9045 ] } { [ 6338 ][ 8459 ] } { [ 7884 ][ 180 ][ 1037 ] } { [ 1293 ] } { [ 7963 ] } { [ 6748 ] } { [ 5272 ] } { [ 9865 ] } { [ 7143 ] } { [ 4417 ] } { [ 7802 ] } { [ 3417 ] } { [ 6256 ] } { [ 6022 ] } { [ 169 ] } { [ 756 ] } { [ 9260 ] }
despues de filtrar: { [ 4435 ] } { [ 2617 ][ 8801 ][ 702 ] } { [ 6555 ][ 572 ] } { [ 1697 ][ 9045 ] } { [ 6338 ][ 8459 ] } { [ 7884 ][ 180 ][ 1037 ] } { [ 1293 ] } { [ 7963 ] } { [ 6748 ] } { [ 5272 ] } { [ 9865 ] } { [ 7143 ] } { [ 4417 ] } { [ 3417 ] } { [ 6256 ] } { [ 169 ] } { [ 756 ] }
antes   de colapsar { [ 4435 ] } { [ 2617 ][ 8801 ][ 702 ] } { [ 6555 ][ 572 ] } { [ 1697 ][ 9045 ] } { [ 6338 ][ 8459 ] } { [ 7884 ][ 180 ][ 1037 ] } { [ 1293 ] } { [ 7963 ] } { [ 6748 ] } { [ 5272 ] } { [ 9865 ] } { [ 7143 ] } { [ 4417 ] } { [ 3417 ] } { [ 6256 ] } { [ 169 ] } { [ 756 ] } { [ 545 ] }
despues de colapsar { [ 4435 ] } { [ 2617 ][ 8801 ][ 702 ] } { [ 6555 ][ 572 ] } { [ 1697 ][ 9045 ] } { [ 6338 ][ 8459 ] } { [ 7884 ][ 180 ][ 1037 ] } { [ 1293 ] } { [ 7963 ] } { [ 6748 ] } { [ 5272 ] } { [ 9865 ] } { [ 7143 ] } { [ 4417 ] } { [ 3417 ] } { [ 6256 ] } { [ 169 ] } { [ 756 ] } { [ 545 ] }
antes   de filtrar: { [ 8677 ] } { [ 6614 ][ 9060 ] } { [ 3865 ][ 7412 ] } { [ 3498 ] } { [ 8654 ] }
despues de filtrar: { [ 8677 ] } { [ 6614 ][ 9060 ] } { [ 3865 ][ 7412 ] } { [ 3498 ] } { [ 8654 ] }
antes   de filtrar: { [ 8677 ] } { [ 6614 ][ 9060 ] } { [ 3865 ][ 7412 ] } { [ 3498 ][ 6345 ] } { [ 8654 ] } { [ 3741 ] }
despues de filtrar: { [ 8677 ] } { [ 6614 ][ 9060 ] } { [ 3865 ][ 7412 ] } { [ 3498 ][ 6345 ] } { [ 8654 ] } { [ 3741 ] }
antes   de filtrar: { [ 8677 ] } { [ 6614 ][ 9060 ] } { [ 3865 ][ 7412 ][ 7973 ] } { [ 3498 ][ 6345 ] } { [ 8654 ] } { [ 3741 ][ 1982 ] } { [ 5651 ] } { [ 1337 ] } { [ 4082 ][ 2559 ] } { [ 8284 ] } { [ 128 ] } { [ 6759 ] } { [ 2984 ] } { [ 1676 ] } { [ 5987 ] } { [ 5260 ] } { [ 3095 ] } { [ 8884 ] } { [ 2749 ] } { [ 4952 ] } { [ 7580 ] }
despues de filtrar: { [ 8677 ] } { [ 6614 ][ 9060 ] } { [ 3865 ][ 7412 ][ 7973 ] } { [ 3498 ][ 6345 ] } { [ 8654 ] } { [ 3741 ][ 1982 ] } { [ 5651 ] } { [ 1337 ] } { [ 8284 ] } { [ 128 ] } { [ 6759 ] } { [ 2984 ] } { [ 1676 ] } { [ 5987 ] } { [ 8884 ] } { [ 2749 ] } { [ 4952 ] }
antes   de colapsar { [ 8677 ][ 1145 ] } { [ 6614 ][ 9060 ] } { [ 3865 ][ 7412 ][ 7973 ] } { [ 3498 ][ 6345 ] } { [ 8654 ] } { [ 3741 ][ 1982 ] } { [ 5651 ] } { [ 1337 ] } { [ 8284 ] } { [ 128 ] } { [ 6759 ] } { [ 2984 ] } { [ 1676 ] } { [ 5987 ] } { [ 8884 ] } { [ 2749 ] } { [ 4952 ] } { [ 1089 ] } { [ 5179 ] } { [ 6918 ] }
despues de colapsar { [ 8677 ][ 1145 ] } { [ 6614 ][ 9060 ] } { [ 3865 ][ 7412 ][ 7973 ] } { [ 3498 ][ 6345 ] } { [ 8654 ] } { [ 3741 ][ 1982 ] } { [ 5651 ] } { [ 1337 ] } { [ 8284 ] } { [ 128 ] } { [ 6759 ] } { [ 2984 ] } { [ 1676 ] } { [ 5987 ] } { [ 8884 ] } { [ 2749 ] } { [ 4952 ] } { [ 1089 ] } { [ 5179 ] } { [ 6918 ] }
antes   de filtrar: { [ 8677 ][ 1145 ][ 3432 ] } { [ 6614 ][ 9060 ] } { [ 3865 ][ 7412 ][ 7973 ] } { [ 3498 ][ 6345 ] } { [ 8654 ] } { [ 3741 ][ 1982 ] } { [ 5651 ] } { [ 1337 ] } { [ 8284 ] } { [ 128 ] } { [ 6759 ] } { [ 2984 ][ 718 ] } { [ 1676 ] } { [ 5987 ] } { [ 8884 ] } { [ 2749 ] } { [ 4952 ] } { [ 1089 ] } { [ 5179 ] } { [ 6918 ] }
despues de filtrar: { [ 8677 ][ 1145 ][ 3432 ] } { [ 6614 ][ 9060 ] } { [ 3865 ][ 7412 ][ 7973 ] } { [ 3498 ][ 6345 ] } { [ 8654 ] } { [ 3741 ][ 1982 ] } { [ 5651 ] } { [ 1337 ] } { [ 8284 ] } { [ 128 ] } { [ 6759 ] } { [ 2984 ][ 718 ] } { [ 1676 ] } { [ 5987 ] } { [ 8884 ] } { [ 2749 ] } { [ 4952 ] } { [ 5179 ] } { [ 6918 ] }
antes   de colapsar { [ 8677 ][ 1145 ][ 3432 ] } { [ 6614 ][ 9060 ] } { [ 3865 ][ 7412 ][ 7973 ] } { [ 3498 ][ 6345 ] } { [ 8654 ] } { [ 3741 ][ 1982 ] } { [ 5651 ] } { [ 1337 ] } { [ 8284 ] } { [ 128 ] } { [ 6759 ] } { [ 2984 ][ 718 ] } { [ 1676 ] } { [ 5987 ] } { [ 8884 ] } { [ 2749 ] } { [ 4952 ] } { [ 5179 ] } { [ 6918 ] }
despues de colapsar { [ 8677 ][ 1145 ][ 3432 ] } { [ 6614 ][ 9060 ] } { [ 3865 ][ 7412 ][ 7973 ] } { [ 3498 ][ 6345 ] } { [ 8654 ] } { [ 3741 ][ 1982 ] } { [ 5651 ] } { [ 1337 ] } { [ 8284 ] } { [ 128 ] } { [ 6759 ] } { [ 2984 ][ 718 ] } { [ 1676 ] } { [ 5987 ] } { [ 8884 ] } { [ 2749 ] } { [ 4952 ] } { [ 5179 ] } { [ 6918 ] }
antes   de colapsar { [ 8677 ][ 1145 ][ 3432 ] } { [ 6614 ][ 9060 ] } { [ 3865 ][ 7412 ][ 7973 ] } { [ 3498 ][ 6345 ] } { [ 8654 ] } { [ 3741 ][ 1982 ] } { [ 5651 ] } { [ 1337 ] } { [ 8284 ][ 9301 ] } { [ 128 ] } { [ 6759 ] } { [ 2984 ][ 718 ] } { [ 1676 ] } { [ 5987 ] } { [ 8884 ] } { [ 2749 ] } { [ 4952 ] } { [ 5179 ][ 9600 ] } { [ 6918 ] } { [ 2595 ] } { [ 4382 ] }
despues de colapsar { [ 8677 ][ 1145 ][ 3432 ] } { [ 6614 ][ 9060 ] } { [ 3865 ][ 7412 ][ 7973 ] } { [ 3498 ][ 6345 ] } { [ 8654 ] } { [ 3741 ][ 1982 ] } { [ 5651 ] } { [ 1337 ] } { [ 8284 ][ 9301 ] } { [ 128 ] } { [ 6759 ] } { [ 2984 ][ 718 ] } { [ 1676 ] } { [ 5987 ] } { [ 8884 ] } { [ 2749 ] } { [ 4952 ] } { [ 5179 ][ 9600 ] } { [ 6918 ] } { [ 2595 ] } { [ 4382 ] }
antes   de colapsar { [ 8677 ][ 1145 ][ 3432 ] } { [ 6614 ][ 9060 ] } { [ 3865 ][ 7412 ][ 7973 ] } { [ 3498 ][ 6345 ] } { [ 8654 ] } { [ 3741 ][ 1982 ] } { [ 5651 ] } { [ 1337 ] } { [ 8284 ][ 9301 ] } { [ 128 ] } { [ 6759 ] } { [ 2984 ][ 718 ] } { [ 1676 ] } { [ 5987 ] } { [ 8884 ] } { [ 2749 ] } { [ 4952 ] } { [ 5179 ][ 9600 ] } { [ 6918 ] } { [ 2595 ] } { [ 4382 ] } { [ 4133 ] }
despues de colapsar { [ 8677 ][ 1145 ][ 3432 ] } { [ 6614 ][ 9060 ] } { [ 3865 ][ 7412 ][ 7973 ] } { [ 3498 ][ 6345 ] } { [ 8654 ] } { [ 3741 ][ 1982 ] } { [ 5651 ] } { [ 1337 ] } { [ 8284 ][ 9301 ] } { [ 128 ] } { [ 6759 ] } { [ 2984 ][ 718 ] } { [ 1676 ] } { [ 5987 ] } { [ 8884 ] } { [ 2749 ] } { [ 4952 ] } { [ 5179 ][ 9600 ] } { [ 6918 ] } { [ 2595 ] } { [ 4382 ] } { [ 4133 ] }
antes   de colapsar { [ 8677 ][ 1145 ][ 3432 ] } { [ 6614 ][ 9060 ] } { [ 3865 ][ 7412 ][ 7973 ] } { [ 3498 ][ 6345 ] } { [ 8654 ] } { [ 3741 ][ 1982 ] } { [ 5651 ] } { [ 1337 ] } { [ 8284 ][ 9301 ] } { [ 128 ] } { [ 6759 ] } { [ 2984 ][ 718 ] } { [ 1676 ] } { [ 5987 ] } { [ 8884 ] } { [ 2749 ] } { [ 4952 ] } { [ 5179 ][ 9600 ] } { [ 6918 ] } { [ 2595 ] } { [ 4382 ] } { [ 4133 ] } { [ 2424 ] }
despues de colapsar { [ 8677 ][ 1145 ][ 3432 ] } { [ 6614 ][ 9060 ] } { [ 3865 ][ 7412 ][ 7973 ] } { [ 3498 ][ 6345 ] } { [ 8654 ] } { [ 3741 ][ 1982 ] } { [ 5651 ] } { [ 1337 ] } { [ 8284 ][ 9301 ] } { [ 128 ] } { [ 6759 ] } { [ 2984 ][ 718 ] } { [ 1676 ] } { [ 5987 ] } { [ 8884 ] } { [ 2749 ] } { [ 4952 ] } { [ 5179 ][ 9600 ] } { [ 6918 ] } { [ 2595 ] } { [ 4382 ] } { [ 4133 ] } { [ 2424 ] }
antes   de filtrar: { [ 8677 ][ 1145 ][ 3432 ] } { [ 6614 ][ 9060 ] } { [ 3865 ][ 7412 ][ 7973 ] } { [ 3498 ][ 6345 ] } { [ 8654 ] } { [ 3741 ][ 1982 ] } { [ 5651 ] } { [ 1337 ] } { [ 8284 ][ 9301 ] } { [ 128 ] } { [ 6759 ] } { [ 2984 ][ 718 ] } { [ 1676 ] } { [ 5987 ] } { [ 8884 ] } { [ 2749 ] } { [ 4952 ] } { [ 5179 ][ 9600 ][ 8263 ] } { [ 6918 ] } { [ 2595 ] } { [ 4382 ] } { [ 4133 ] } { [ 2424 ] } { [ 2155 ] } { [ 3242 ] }
despues de filtrar: { [ 8677 ][ 1145 ][ 3432 ] } { [ 6614 ][ 9060 ] } { [ 3865 ][ 7412 ][ 7973 ] } { [ 3498 ][ 6345 ] } { [ 8654 ] } { [ 3741 ][ 1982 ] } { [ 5651 ] } { [ 1337 ] } { [ 8284 ][ 9301 ] } { [ 128 ] } { [ 6759 ] } { [ 2984 ][ 718 ] } { [ 1676 ] } { [ 5987 ] } { [ 8884 ] } { [ 2749 ] } { [ 4952 ] } { [ 5179 ][ 9600 ][ 8263 ] } { [ 6918 ] } { [ 2595 ] } { [ 4382 ] } { [ 4133 ] } { [ 2424 ] } { [ 2155 ] } { [ 3242 ] }
