antes   de filtrar: { [ 26.566743 ][ 32.669762 ] } { [ 43.124656 ] } { [ 7.406584 ] }
despues de filtrar: { [ 43.124656 ] } { [ 7.406584 ] }
antes   de filtrar: { [ 43.124656 ] } { [ 7.406584 ] } { [ -20.467313 ] } { [ 62.941856 ] } { [ 43.343829 ][ 33.618442 ] } { [ 52.732625 ] } { [ 15.904694 ] } { [ 1.884074 ] }
despues de filtrar: { [ 43.124656 ] } { [ 7.406584 ] } { [ -20.467313 ] } { [ 43.343829 ][ 33.618442 ] }
antes   de filtrar: { [ 43.124656 ] } { [ 7.406584 ][ -7.829275 ] } { [ -20.467313 ] } { [ 43.343829 ][ 33.618442 ] } { [ 57.970391 ] } { [ 30.183065 ][ 48.502452 ] } { [ 19.781634 ] } { [ 65.973649 ][ 40.204055 ] }
despues de filtrar: { [ 43.124656 ] } { [ 7.406584 ][ -7.829275 ] } { [ -20.467313 ] } { [ 43.343829 ][ 33.618442 ] } { [ 30.183065 ][ 48.502452 ] }
antes   de colapsar { [ 43.124656 ] } { [ 7.406584 ][ -7.829275 ] } { [ -20.467313 ] } { [ 43.343829 ][ 33.618442 ] } { [ 30.183065 ][ 48.502452 ] } { [ 37.170023 ] } { [ 19.810834 ] }
despues de colapsar { [ 43.124656 ] } { [ 7.406584 ][ -7.829275 ] } { [ -20.467313 ] } { [ 43.343829 ][ 33.618442 ] } { [ 30.183065 ][ 48.502452 ] } { [ 37.170023 ] } { [ 19.810834 ] }
antes   de colapsar { [ 43.124656 ] } { [ 7.406584 ][ -7.829275 ] } { [ -20.467313 ] } { [ 43.343829 ][ 33.618442 ] } { [ 30.183065 ][ 48.502452 ][ 66.839262 ] } { [ 37.170023 ] } { [ 19.810834 ][ -7.844836 ] } { [ -0.528010 ] } { [ 0.127724 ] } { [ 7.063959 ] } { [ -17.943316 ] }
despues de colapsar { [ 43.124656 ] } { [ 7.406584 ][ -7.829275 ] } { [ -20.467313 ] } { [ 43.343829 ][ 33.618442 ] } { [ 30.183065 ][ 48.502452 ][ 66.839262 ] } { [ 37.170023 ] } { [ 3.459190 ] } { [ -0.528010 ] } { [ 0.127724 ] } { [ 7.063959 ] } { [ -17.943316 ] }
antes   de colapsar { [ 43.124656 ] } { [ 7.406584 ][ -7.829275 ] } { [ -20.467313 ] } { [ 43.343829 ][ 33.618442 ] } { [ 30.183065 ][ 48.502452 ][ 66.839262 ] } { [ 37.170023 ] } { [ 3.459190 ] } { [ -0.528010 ] } { [ 0.127724 ] } { [ 7.063959 ] } { [ -17.943316 ] } { [ -16.264897 ] }
despues de colapsar { [ 43.124656 ] } { [ 7.406584 ][ -7.829275 ] } { [ -20.467313 ] } { [ 43.343829 ][ 33.618442 ] } { [ 30.183065 ][ 48.502452 ][ 66.839262 ] } { [ 37.170023 ] } { [ 3.459190 ] } { [ -0.528010 ] } { [ 0.127724 ] } { [ 7.063959 ] } { [ -17.943316 ] } { [ -16.264897 ] }
antes   de colapsar { [ 43.124656 ] } { [ 7.406584 ][ -7.829275 ] } { [ -20.467313 ] } { [ 43.343829 ][ 33.618442 ] } { [ 30.183065 ][ 48.502452 ][ 66.839262 ] } { [ 37.170023 ] } { [ 3.459190 ] } { [ -0.528010 ] } { [ 0.127724 ] } { [ 7.063959 ] } { [ -17.943316 ] } { [ -16.264897 ] }
despues de colapsar { [ 43.124656 ] } { [ 7.406584 ][ -7.829275 ] } { [ -20.467313 ] } { [ 43.343829 ][ 33.618442 ] } { [ 30.183065 ][ 48.502452 ][ 66.839262 ] } { [ 37.170023 ] } { [ 3.459190 ] } { [ -0.528010 ] } { [ 0.127724 ] } { [ 7.063959 ] } { [ -17.943316 ] } { [ -16.264897 ] }
antes   de colapsar { [ 43.124656 ] } { [ 7.406584 ][ -7.829275 ] } { [ -20.467313 ] } { [ 43.343829 ][ 33.618442 ][ -4.781751 ] } { [ 30.183065 ][ 48.502452 ][ 66.839262 ] } { [ 37.170023 ] } { [ 3.459190 ] } { [ -0.528010 ][ -16.904583 ] } { [ 0.127724 ][ 20.521779 ] } { [ 7.063959 ] } { [ -17.943316 ][ 72.939432 ] } { [ -16.264897 ][ -17.920932 ] } { [ 17.857012 ] } { [ 56.684564 ] } { [ -22.993202 ] } { [ -24.002870 ] } { [ -18.742526 ] } { [ 15.168436 ] } { [ 14.396980 ] }
despues de colapsar { [ 43.124656 ] } { [ 7.406584 ][ -7.829275 ] } { [ -20.467313 ] } { [ 43.343829 ][ 33.618442 ][ -4.781751 ] } { [ 30.183065 ][ 48.502452 ][ 66.839262 ] } { [ 37.170023 ] } { [ 3.459190 ] } { [ -0.528010 ][ -16.904583 ] } { [ 0.127724 ][ 20.521779 ] } { [ 7.063959 ] } { [ -17.943316 ][ 72.939432 ] } { [ -16.264897 ][ -17.920932 ] } { [ 17.857012 ] } { [ 56.684564 ] } { [ -22.993202 ] } { [ -24.002870 ] } { [ -18.742526 ] } { [ 15.168436 ] } { [ 14.396980 ] }
antes   de filtrar: { [ 43.124656 ] } { [ 7.406584 ][ -7.829275 ] } { [ -20.467313 ] } { [ 43.343829 ][ 33.618442 ][ -4.781751 ] } { [ 30.183065 ][ 48.502452 ][ 66.839262 ] } { [ 37.170023 ] } { [ 3.459190 ] } { [ -0.528010 ][ -16.904583 ] } { [ 0.127724 ][ 20.521779 ] } { [ 7.063959 ] } { [ -17.943316 ][ 72.939432 ][ 11.403067 ] } { [ -16.264897 ][ -17.920932 ] } { [ 17.857012 ] } { [ 56.684564 ] } { [ -22.993202 ] } { [ -24.002870 ] } { [ -18.742526 ] } { [ 15.168436 ] } { [ 14.396980 ] } { [ 19.629299 ] } { [ 51.668654 ] } { [ 40.124301 ] } { [ 22.576047 ] }
despues de filtrar: { [ 43.124656 ] } { [ 7.406584 ][ -7.829275 ] } { [ -20.467313 ] } { [ 43.343829 ][ 33.618442 ][ -4.781751 ] } { [ 30.183065 ][ 48.502452 ][ 66.839262 ] } { [ 37.170023 ] } { [ 3.459190 ] } { [ -0.528010 ][ -16.904583 ] } { [ 0.127724 ][ 20.521779 ] } { [ 7.063959 ] } { [ -17.943316 ][ 72.939432 ][ 11.403067 ] } { [ -16.264897 ][ -17.920932 ] } { [ -22.993202 ] } { [ -24.002870 ] } { [ -18.742526 ] } { [ 15.168436 ] } { [ 14.396980 ] } { [ 40.124301 ] }
antes   de filtrar: { [ 43.124656 ] } { [ 7.406584 ][ -7.829275 ] } { [ -20.467313 ] } { [ 43.343829 ][ 33.618442 ][ -4.781751 ] } { [ 30.183065 ][ 48.502452 ][ 66.839262 ] } { [ 37.170023 ] } { [ 3.459190 ] } { [ -0.528010 ][ -16.904583 ] } { [ 0.127724 ][ 20.521779 ] } { [ 7.063959 ] } { [ -17.943316 ][ 72.939432 ][ 11.403067 ] } { [ -16.264897 ][ -17.920932 ] } { [ -22.993202 ] } { [ -24.002870 ] } { [ -18.742526 ] } { [ 15.168436 ] } { [ 14.396980 ] } { [ 40.124301 ] }
despues de filtrar: { [ 43.124656 ] } { [ 7.406584 ][ -7.829275 ] } { [ -20.467313 ] } { [ 43.343829 ][ 33.618442 ][ -4.781751 ] } { [ 30.183065 ][ 48.502452 ][ 66.839262 ] } { [ 37.170023 ] } { [ 3.459190 ] } { [ -0.528010 ][ -16.904583 ] } { [ 0.127724 ][ 20.521779 ] } { [ 7.063959 ] } { [ -17.943316 ][ 72.939432 ][ 11.403067 ] } { [ -16.264897 ][ -17.920932 ] } { [ -22.993202 ] } { [ -24.002870 ] } { [ -18.742526 ] } { [ 15.168436 ] } { [ 14.396980 ] } { [ 40.124301 ] }
antes   de filtrar: { [ 4126 ] } { [ 7653 ] } { [ 4860 ] } { [ 4089 ] } { [ 5845 ] }
despues de filtrar: { [ 4126 ] } { [ 7653 ] } { [ 5845 ] }
antes   de filtrar: { [ 4126 ] } { [ 7653 ] } { [ 5845 ] } { [ 6283 ] } { [ 1063 ] }
despues de filtrar: { [ 4126 ] } { [ 7653 ] } { [ 5845 ] } { [ 6283 ] }
antes   de colapsar { [ 4126 ] } { [ 7653 ] } { [ 5845 ] } { [ 6283 ] } { [ 1106 ] }
despues de colapsar { [ 4126 ] } { [ 7653 ] } { [ 5845 ] } { [ 6283 ] } { [ 1106 ] }
antes   de colapsar { [ 4126 ] } { [ 7653 ] } { [ 5845 ] } { [ 6283 ][ 9805 ][ 637 ] } { [ 1106 ][ 2787 ] } { [ 7259 ] } { [ 5153 ] } { [ 6942 ][ 3180 ] }
despues de colapsar { [ 4126 ] } { [ 7653 ] } { [ 5845 ] } { [ 6283 ][ 9805 ][ 637 ] } { [ 1755 ] } { [ 7259 ] } { [ 5153 ] } { [ 6942 ][ 3180 ] }
antes   de colapsar { [ 4126 ][ 760 ] } { [ 7653 ] } { [ 5845 ] } { [ 6283 ][ 9805 ][ 637 ][ 7575 ] } { [ 1755 ] } { [ 7259 ] } { [ 5153 ] } { [ 6942 ][ 3180 ][ 9572 ] } { [ 8153 ] } { [ 249 ] } { [ 646 ] } { [ 1846 ] }
despues de colapsar { [ 4126 ][ 760 ] } { [ 7653 ] } { [ 5845 ] } { [ 6283 ][ 9805 ][ 637 ][ 7575 ] } { [ 1755 ] } { [ 7259 ] } { [ 5153 ] } { [ 6942 ][ 3180 ][ 9572 ] } { [ 8153 ] } { [ 249 ] } { [ 646 ] } { [ 1846 ] }
antes   de colapsar { [ 4126 ][ 760 ] } { [ 7653 ] } { [ 5845 ] } { [ 6283 ][ 9805 ][ 637 ][ 7575 ] } { [ 1755 ] } { [ 7259 ] } { [ 5153 ] } { [ 6942 ][ 3180 ][ 9572 ] } { [ 8153 ] } { [ 249 ] } { [ 646 ] } { [ 1846 ] } { [ 2679 ] } { [ 6056 ] }
despues de colapsar { [ 4126 ][ 760 ] } { [ 7653 ] } { [ 5845 ] } { [ 6283 ][ 9805 ][ 637 ][ 7575 ] } { [ 1755 ] } { [ 7259 ] } { [ 5153 ] } { [ 6942 ][ 3180 ][ 9572 ] } { [ 8153 ] } { [ 249 ] } { [ 646 ] } { [ 1846 ] } { [ 2679 ] } { [ 6056 ] }
antes   de filtrar: { [ 4126 ][ 760 ] } { [ 7653 ] } { [ 5845 ] } { [ 6283 ][ 9805 ][ 637 ][ 7575 ] } { [ 1755 ] } { [ 7259 ] } { [ 5153 ][ 5823 ] } { [ 6942 ][ 3180 ][ 9572 ] } { [ 8153 ] } { [ 249 ] } { [ 646 ] } { [ 1846 ] } { [ 2679 ] } { [ 6056 ] } { [ 5011 ] }
despues de filtrar: { [ 4126 ][ 760 ] } { [ 7653 ] } { [ 5845 ] } { [ 6283 ][ 9805 ][ 637 ][ 7575 ] } { [ 1755 ] } { [ 7259 ] } { [ 5153 ][ 5823 ] } { [ 6942 ][ 3180 ][ 9572 ] } { [ 8153 ] } { [ 249 ] } { [ 646 ] } { [ 1846 ] } { [ 2679 ] }
antes   de filtrar: { [ 4126 ][ 760 ] } { [ 7653 ] } { [ 5845 ] } { [ 6283 ][ 9805 ][ 637 ][ 7575 ] } { [ 1755 ] } { [ 7259 ] } { [ 5153 ][ 5823 ] } { [ 6942 ][ 3180 ][ 9572 ] } { [ 8153 ] } { [ 249 ] } { [ 646 ] } { [ 1846 ] } { [ 2679 ] }
despues de filtrar: { [ 4126 ][ 760 ] } { [ 7653 ] } { [ 5845 ] } { [ 6283 ][ 9805 ][ 637 ][ 7575 ] } { [ 1755 ] } { [ 7259 ] } { [ 5153 ][ 5823 ] } { [ 6942 ][ 3180 ][ 9572 ] } { [ 8153 ] } { [ 249 ] } { [ 646 ] } { [ 1846 ] } { [ 2679 ] }
antes   de colapsar { [ 4126 ][ 760 ][ 6903 ] } { [ 7653 ] } { [ 5845 ] } { [ 6283 ][ 9805 ][ 637 ][ 7575 ] } { [ 1755 ] } { [ 7259 ] } { [ 5153 ][ 5823 ] } { [ 6942 ][ 3180 ][ 9572 ] } { [ 8153 ] } { [ 249 ] } { [ 646 ] } { [ 1846 ][ 2712 ] } { [ 2679 ] } { [ 290 ] } { [ 9825 ] }
despues de colapsar { [ 4126 ][ 760 ][ 6903 ] } { [ 7653 ] } { [ 5845 ] } { [ 6283 ][ 9805 ][ 637 ][ 7575 ] } { [ 1755 ] } { [ 7259 ] } { [ 5153 ][ 5823 ] } { [ 6942 ][ 3180 ][ 9572 ] } { [ 8153 ] } { [ 249 ] } { [ 646 ] } { [ 1846 ][ 2712 ] } { [ 2679 ] } { [ 290 ] } { [ 9825 ] }
antes   de filtrar: { [ 4126 ][ 760 ][ 6903 ] } { [ 7653 ] } { [ 5845 ] } { [ 6283 ][ 9805 ][ 637 ][ 7575 ] } { [ 1755 ] } { [ 7259 ] } { [ 5153 ][ 5823 ] } { [ 6942 ][ 3180 ][ 9572 ] } { [ 8153 ] } { [ 249 ] } { [ 646 ][ 7618 ] } { [ 1846 ][ 2712 ][ 8896 ] } { [ 2679 ] } { [ 290 ] } { [ 9825 ] } { [ 5976 ] } { [ 2440 ][ 3157 ] } { [ 8544 ] } { [ 5982 ] } { [ 3255 ] } { [ 6540 ] } { [ 6426 ] } { [ 7743 ] } { [ 4024 ] } { [ 1429 ] } { [ 1638 ] } { [ 5115 ] }
despues de filtrar: { [ 4126 ][ 760 ][ 6903 ] } { [ 7653 ] } { [ 5845 ] } { [ 6283 ][ 9805 ][ 637 ][ 7575 ] } { [ 1755 ] } { [ 7259 ] } { [ 5153 ][ 5823 ] } { [ 6942 ][ 3180 ][ 9572 ] } { [ 8153 ] } { [ 249 ] } { [ 646 ][ 7618 ] } { [ 1846 ][ 2712 ][ 8896 ] } { [ 2679 ] } { [ 9825 ] } { [ 5976 ] } { [ 8544 ] } { [ 5982 ] } { [ 3255 ] } { [ 6426 ] } { [ 7743 ] } { [ 1429 ] } { [ 1638 ] } { [ 5115 ] }
antes   de colapsar <vacia>
despues de colapsar <vacia>
antes   de colapsar { [ 2.544163 ] }
despues de colapsar { [ 2.544163 ] }
antes   de colapsar { [ 2.544163 ][ 72.612333 ] } { [ 39.709499 ] } { [ 39.780367 ][ -14.586242 ] } { [ 73.956248 ] } { [ -15.369974 ] } { [ 3.438428 ] } { [ 67.691384 ] } { [ 46.533348 ] } { [ 11.969062 ] } { [ 29.407915 ] }
despues de colapsar { [ 8.669285 ] } { [ 39.709499 ] } { [ 5.019375 ] } { [ 73.956248 ] } { [ -15.369974 ] } { [ 3.438428 ] } { [ 67.691384 ] } { [ 46.533348 ] } { [ 11.969062 ] } { [ 29.407915 ] }
antes   de filtrar: { [ 8.669285 ] } { [ 39.709499 ] } { [ 5.019375 ] } { [ 73.956248 ] } { [ -15.369974 ] } { [ 3.438428 ] } { [ 67.691384 ] } { [ 46.533348 ] } { [ 11.969062 ] } { [ 29.407915 ] } { [ 25.132663 ] }
despues de filtrar: { [ 5.019375 ] } { [ -15.369974 ] } { [ 3.438428 ] } { [ 29.407915 ] } { [ 25.132663 ] }
antes   de filtrar: { [ 5.019375 ] } { [ -15.369974 ][ 66.222956 ] } { [ 3.438428 ] } { [ 29.407915 ][ 71.606571 ] } { [ 25.132663 ] } { [ 59.711645 ] } { [ 9.745614 ] } { [ -16.729056 ] } { [ -4.491149 ] } { [ 11.272905 ] } { [ 51.470069 ][ 66.051437 ] } { [ -6.759195 ] }
despues de filtrar: { [ 5.019375 ] } { [ -15.369974 ][ 66.222956 ] } { [ 3.438428 ] } { [ 29.407915 ][ 71.606571 ] } { [ 25.132663 ] } { [ -16.729056 ] } { [ -4.491149 ] } { [ 11.272905 ] } { [ 51.470069 ][ 66.051437 ] } { [ -6.759195 ] }
antes   de colapsar { [ 5.019375 ] } { [ -15.369974 ][ 66.222956 ] } { [ 3.438428 ] } { [ 29.407915 ][ 71.606571 ] } { [ 25.132663 ] } { [ -16.729056 ] } { [ -4.491149 ] } { [ 11.272905 ] } { [ 51.470069 ][ 66.051437 ] } { [ -6.759195 ] } { [ 25.410892 ] } { [ -7.621516 ] }
despues de colapsar { [ 5.019375 ] } { [ -15.369974 ][ 66.222956 ] } { [ 3.438428 ] } { [ 29.407915 ][ 71.606571 ] } { [ 25.132663 ] } { [ -16.729056 ] } { [ -4.491149 ] } { [ 11.272905 ] } { [ 51.470069 ][ 66.051437 ] } { [ -6.759195 ] } { [ 25.410892 ] } { [ -7.621516 ] }
antes   de filtrar: { [ 5.019375 ] } { [ -15.369974 ][ 66.222956 ] } { [ 3.438428 ] } { [ 29.407915 ][ 71.606571 ] } { [ 25.132663 ] } { [ -16.729056 ][ 49.048432 ] } { [ -4.491149 ][ 72.854484 ] } { [ 11.272905 ][ 54.502393 ] } { [ 51.470069 ][ 66.051437 ] } { [ -6.759195 ][ 51.495905 ] } { [ 25.410892 ] } { [ -7.621516 ] } { [ 24.478897 ] } { [ 71.267812 ] } { [ -13.374525 ] } { [ 56.419986 ] }
despues de filtrar: { [ 5.019375 ] } { [ -15.369974 ][ 66.222956 ] } { [ 3.438428 ] } { [ 29.407915 ][ 71.606571 ] } { [ 25.132663 ] } { [ -16.729056 ][ 49.048432 ] } { [ -4.491149 ][ 72.854484 ] } { [ 11.272905 ][ 54.502393 ] } { [ 51.470069 ][ 66.051437 ] } { [ -6.759195 ][ 51.495905 ] } { [ 25.410892 ] } { [ -7.621516 ] } { [ 24.478897 ] } { [ 71.267812 ] } { [ -13.374525 ] } { [ 56.419986 ] }
antes   de filtrar: { [ 5.019375 ] } { [ -15.369974 ][ 66.222956 ][ 39.324241 ] } { [ 3.438428 ] } { [ 29.407915 ][ 71.606571 ] } { [ 25.132663 ] } { [ -16.729056 ][ 49.048432 ] } { [ -4.491149 ][ 72.854484 ] } { [ 11.272905 ][ 54.502393 ][ 10.381818 ] } { [ 51.470069 ][ 66.051437 ] } { [ -6.759195 ][ 51.495905 ] } { [ 25.410892 ] } { [ -7.621516 ] } { [ 24.478897 ] } { [ 71.267812 ] } { [ -13.374525 ] } { [ 56.419986 ] }
despues de filtrar: { [ 5.019375 ] } { [ -15.369974 ][ 66.222956 ][ 39.324241 ] } { [ 3.438428 ] } { [ 29.407915 ][ 71.606571 ] } { [ 25.132663 ] } { [ -16.729056 ][ 49.048432 ] } { [ -4.491149 ][ 72.854484 ] } { [ 11.272905 ][ 54.502393 ][ 10.381818 ] } { [ 51.470069 ][ 66.051437 ] } { [ -6.759195 ][ 51.495905 ] } { [ 25.410892 ] } { [ -7.621516 ] } { [ 24.478897 ] } { [ 71.267812 ] } { [ -13.374525 ] } { [ 56.419986 ] }
antes   de colapsar { [ 5.019375 ][ 50.065015 ] } { [ -15.369974 ][ 66.222956 ][ 39.324241 ] } { [ 3.438428 ] } { [ 29.407915 ][ 71.606571 ] } { [ 25.132663 ] } { [ -16.729056 ][ 49.048432 ] } { [ -4.491149 ][ 72.854484 ] } { [ 11.272905 ][ 54.502393 ][ 10.381818 ][ 58.457322 ] } { [ 51.470069 ][ 66.051437 ] } { [ -6.759195 ][ 51.495905 ] } { [ 25.410892 ] } { [ -7.621516 ] } { [ 24.478897 ] } { [ 71.267812 ] } { [ -13.374525 ] } { [ 56.419986 ] } { [ 14.955731 ] } { [ -8.310351 ] } { [ -6.410512 ] }
despues de colapsar { [ 5.019375 ][ 50.065015 ] } { [ -15.369974 ][ 66.222956 ][ 39.324241 ] } { [ 3.438428 ] } { [ 29.407915 ][ 71.606571 ] } { [ 25.132663 ] } { [ -16.729056 ][ 49.048432 ] } { [ -4.491149 ][ 72.854484 ] } { [ 11.272905 ][ 54.502393 ][ 10.381818 ][ 58.457322 ] } { [ 51.470069 ][ 66.051437 ] } { [ -6.759195 ][ 51.495905 ] } { [ 25.410892 ] } { [ -7.621516 ] } { [ 24.478897 ] } { [ 71.267812 ] } { [ -13.374525 ] } { [ 56.419986 ] } { [ 14.955731 ] } { [ -8.310351 ] } { [ -6.410512 ] }
antes   de filtrar: { [ 5.019375 ][ 50.065015 ] } { [ -15.369974 ][ 66.222956 ][ 39.324241 ] } { [ 3.438428 ] } { [ 29.407915 ][ 71.606571 ] } { [ 25.132663 ] } { [ -16.729056 ][ 49.048432 ] } { [ -4.491149 ][ 72.854484 ] } { [ 11.272905 ][ 54.502393 ][ 10.381818 ][ 58.457322 ][ -4.939291 ] } { [ 51.470069 ][ 66.051437 ] } { [ -6.759195 ][ 51.495905 ] } { [ 25.410892 ] } { [ -7.621516 ] } { [ 24.478897 ] } { [ 71.267812 ] } { [ -13.374525 ] } { [ 56.419986 ] } { [ 14.955731 ] } { [ -8.310351 ] } { [ -6.410512 ] } { [ 26.638637 ] } { [ -15.988116 ] } { [ -4.115139 ] } { [ 43.175261 ] } { [ 25.959846 ] } { [ 29.554636 ] } { [ -14.513037 ] }
despues de filtrar: { [ 5.019375 ][ 50.065015 ] } { [ -15.369974 ][ 66.222956 ][ 39.324241 ] } { [ 3.438428 ] } { [ 29.407915 ][ 71.606571 ] } { [ 25.132663 ] } { [ -16.729056 ][ 49.048432 ] } { [ -4.491149 ][ 72.854484 ] } { [ 11.272905 ][ 54.502393 ][ 10.381818 ][ 58.457322 ][ -4.939291 ] } { [ 51.470069 ][ 66.051437 ] } { [ -6.759195 ][ 51.495905 ] } { [ 25.410892 ] } { [ -7.621516 ] } { [ 24.478897 ] } { [ 71.267812 ] } { [ -13.374525 ] } { [ 56.419986 ] } { [ -8.310351 ] } { [ -6.410512 ] } { [ -15.988116 ] } { [ -4.115139 ] } { [ 43.175261 ] } { [ -14.513037 ] }
antes   de filtrar: { [ 5416 ] } { [ 5688 ] } { [ 3084 ] } { [ 6263 ] } { [ 8407 ] }
despues de filtrar: { [ 5416 ] } { [ 5688 ] } { [ 6263 ] }
antes   de filtrar: { [ 5416 ] } { [ 5688 ] } { [ 6263 ] }
despues de filtrar: { [ 5416 ] } { [ 5688 ] } { [ 6263 ] }
antes   de colapsar { [ 5416 ][ 1278 ] } { [ 5688 ][ 6023 ] } { [ 6263 ] } { [ 2168 ] } { [ 7922 ][ 6229 ] } { [ 244 ] }
despues de colapsar { [ 5416 ][ 1278 ] } { [ 5688 ][ 6023 ] } { [ 6263 ] } { [ 2168 ] } { [ 7922 ][ 6229 ] } { [ 244 ] }
antes   de colapsar { [ 5416 ][ 1278 ] } { [ 5688 ][ 6023 ] } { [ 6263 ] } { [ 2168 ] } { [ 7922 ][ 6229 ] } { [ 244 ] } { [ 2129 ] } { [ 163 ] }
despues de colapsar { [ 5416 ][ 1278 ] } { [ 5688 ][ 6023 ] } { [ 6263 ] } { [ 2168 ] } { [ 7922 ][ 6229 ] } { [ 244 ] } { [ 2129 ] } { [ 163 ] }
antes   de colapsar { [ 5416 ][ 1278 ] } { [ 5688 ][ 6023 ] } { [ 6263 ] } { [ 2168 ][ 6984 ] } { [ 7922 ][ 6229 ] } { [ 244 ] } { [ 2129 ] } { [ 163 ] } { [ 927 ] } { [ 2583 ] } { [ 3396 ] } { [ 8654 ] } { [ 4101 ] }
despues de colapsar { [ 5416 ][ 1278 ] } { [ 5688 ][ 6023 ] } { [ 6263 ] } { [ 2168 ][ 6984 ] } { [ 7922 ][ 6229 ] } { [ 244 ] } { [ 2129 ] } { [ 163 ] } { [ 927 ] } { [ 2583 ] } { [ 3396 ] } { [ 8654 ] } { [ 4101 ] }
antes   de colapsar { [ 5416 ][ 1278 ] } { [ 5688 ][ 6023 ] } { [ 6263 ] } { [ 2168 ][ 6984 ] } { [ 7922 ][ 6229 ] } { [ 244 ] } { [ 2129 ] } { [ 163 ] } { [ 927 ] } { [ 2583 ] } { [ 3396 ] } { [ 8654 ] } { [ 4101 ] }
despues de colapsar { [ 5416 ][ 1278 ] } { [ 5688 ][ 6023 ] } { [ 6263 ] } { [ 2168 ][ 6984 ] } { [ 7922 ][ 6229 ] } { [ 244 ] } { [ 2129 ] } { [ 163 ] } { [ 927 ] } { [ 2583 ] } { [ 3396 ] } { [ 8654 ] } { [ 4101 ] }
antes   de colapsar { [ 5416 ][ 1278 ] } { [ 5688 ][ 6023 ] } { [ 6263 ] } { [ 2168 ][ 6984 ] } { [ 7922 ][ 6229 ] } { [ 244 ] } { [ 2129 ] } { [ 163 ] } { [ 927 ] } { [ 2583 ] } { [ 3396 ] } { [ 8654 ] } { [ 4101 ] } { [ 5424 ] } { [ 9137 ] } { [ 1937 ] } { [ 1626 ] } { [ 3869 ] }
despues de colapsar { [ 5416 ][ 1278 ] } { [ 5688 ][ 6023 ] } { [ 6263 ] } { [ 2168 ][ 6984 ] } { [ 7922 ][ 6229 ] } { [ 244 ] } { [ 2129 ] } { [ 163 ] } { [ 927 ] } { [ 2583 ] } { [ 3396 ] } { [ 8654 ] } { [ 4101 ] } { [ 5424 ] } { [ 9137 ] } { [ 1937 ] } { [ 1626 ] } { [ 3869 ] }
antes   de filtrar: { [ 5416 ][ 1278 ] } { [ 5688 ][ 6023 ] } { [ 6263 ][ 2712 ] } { [ 2168 ][ 6984 ][ 1999 ] } { [ 7922 ][ 6229 ] } { [ 244 ] } { [ 2129 ] } { [ 163 ] } { [ 927 ] } { [ 2583 ] } { [ 3396 ][ 3042 ] } { [ 8654 ] } { [ 4101 ] } { [ 5424 ] } { [ 9137 ] } { [ 1937 ] } { [ 1626 ] } { [ 3869 ][ 8229 ] } { [ 6548 ] } { [ 1578 ] } { [ 8555 ] } { [ 958 ] } { [ 5041 ] } { [ 2577 ] } { [ 8864 ][ 1131 ] } { [ 4694 ] } { [ 9944 ] }
despues de filtrar: { [ 5416 ][ 1278 ] } { [ 5688 ][ 6023 ] } { [ 6263 ][ 2712 ] } { [ 2168 ][ 6984 ][ 1999 ] } { [ 7922 ][ 6229 ] } { [ 244 ] } { [ 2129 ] } { [ 163 ] } { [ 927 ] } { [ 2583 ] } { [ 3396 ][ 3042 ] } { [ 8654 ] } { [ 5424 ] } { [ 9137 ] } { [ 1937 ] } { [ 1626 ] } { [ 3869 ][ 8229 ] } { [ 6548 ] } { [ 1578 ] } { [ 8555 ] } { [ 958 ] } { [ 2577 ] } { [ 8864 ][ 1131 ] } { [ 4694 ] } { [ 9944 ] }
antes   de filtrar: { [ 5416 ][ 1278 ] } { [ 5688 ][ 6023 ] } { [ 6263 ][ 2712 ] } { [ 2168 ][ 6984 ][ 1999 ] } { [ 7922 ][ 6229 ] } { [ 244 ] } { [ 2129 ] } { [ 163 ] } { [ 927 ] } { [ 2583 ] } { [ 3396 ][ 3042 ] } { [ 8654 ] } { [ 5424 ][ 547 ][ 2952 ] } { [ 9137 ] } { [ 1937 ] } { [ 1626 ] } { [ 3869 ][ 8229 ] } { [ 6548 ] } { [ 1578 ] } { [ 8555 ] } { [ 958 ] } { [ 2577 ] } { [ 8864 ][ 1131 ] } { [ 4694 ] } { [ 9944 ] } { [ 4869 ] } { [ 3955 ] } { [ 5134 ] } { [ 9227 ] } { [ 7952 ] } { [ 5586 ] }
despues de filtrar: { [ 5416 ][ 1278 ] } { [ 5688 ][ 6023 ] } { [ 6263 ][ 2712 ] } { [ 2168 ][ 6984 ][ 1999 ] } { [ 7922 ][ 6229 ] } { [ 244 ] } { [ 2129 ] } { [ 163 ] } { [ 927 ] } { [ 2583 ] } { [ 3396 ][ 3042 ] } { [ 8654 ] } { [ 5424 ][ 547 ][ 2952 ] } { [ 9137 ] } { [ 1937 ] } { [ 1626 ] } { [ 3869 ][ 8229 ] } { [ 6548 ] } { [ 1578 ] } { [ 8555 ] } { [ 958 ] } { [ 2577 ] } { [ 8864 ][ 1131 ] } { [ 4694 ] } { [ 9944 ] } { [ 4869 ] } { [ 3955 ] } { [ 5134 ] } { [ 9227 ] } { [ 7952 ] } { [ 5586 ] }
antes   de filtrar: { [ 5416 ][ 1278 ] } { [ 5688 ][ 6023 ] } { [ 6263 ][ 2712 ][ 6426 ] } { [ 2168 ][ 6984 ][ 1999 ] } { [ 7922 ][ 6229 ] } { [ 244 ] } { [ 2129 ] } { [ 163 ] } { [ 927 ] } { [ 2583 ] } { [ 3396 ][ 3042 ] } { [ 8654 ] } { [ 5424 ][ 547 ][ 2952 ] } { [ 9137 ] } { [ 1937 ] } { [ 1626 ] } { [ 3869 ][ 8229 ] } { [ 6548 ] } { [ 1578 ] } { [ 8555 ] } { [ 958 ][ 8213 ] } { [ 2577 ] } { [ 8864 ][ 1131 ] } { [ 4694 ] } { [ 9944 ] } { [ 4869 ] } { [ 3955 ] } { [ 5134 ] } { [ 9227 ] } { [ 7952 ] } { [ 5586 ] } { [ 5175 ] }
despues de filtrar: { [ 5416 ][ 1278 ] } { [ 5688 ][ 6023 ] } { [ 6263 ][ 2712 ][ 6426 ] } { [ 2168 ][ 6984 ][ 1999 ] } { [ 7922 ][ 6229 ] } { [ 244 ] } { [ 2129 ] } { [ 163 ] } { [ 927 ] } { [ 2583 ] } { [ 3396 ][ 3042 ] } { [ 8654 ] } { [ 5424 ][ 547 ][ 2952 ] } { [ 9137 ] } { [ 1937 ] } { [ 1626 ] } { [ 3869 ][ 8229 ] } { [ 6548 ] } { [ 1578 ] } { [ 8555 ] } { [ 958 ][ 8213 ] } { [ 2577 ] } { [ 8864 ][ 1131 ] } { [ 4694 ] } { [ 9944 ] } { [ 4869 ] } { [ 3955 ] } { [ 5134 ] } { [ 9227 ] } { [ 7952 ] } { [ 5586 ] } { [ 5175 ] }
antes   de colapsar { [ 8.990647 ] }
despues de colapsar { [ 8.990647 ] }
antes   de colapsar { [ 8.990647 ] } { [ 58.471499 ] }
despues de colapsar { [ 8.990647 ] } { [ 58.471499 ] }
antes   de colapsar { [ 8.990647 ][ -10.717567 ] } { [ 58.471499 ] } { [ 71.381486 ] } { [ -10.543999 ] } { [ -14.046512 ] } { [ -17.242259 ] }
despues de colapsar { [ -nan ] } { [ 58.471499 ] } { [ 71.381486 ] } { [ -10.543999 ] } { [ -14.046512 ] } { [ -17.242259 ] }
antes   de colapsar { [ -nan ] } { [ 58.471499 ] } { [ 71.381486 ] } { [ -10.543999 ][ -10.676332 ] } { [ -14.046512 ] } { [ -17.242259 ] } { [ 44.180344 ] } { [ 30.052103 ] } { [ -13.963540 ] } { [ 4.289438 ] } { [ 36.285510 ] } { [ 42.442155 ] } { [ 36.267304 ] }
despues de colapsar { [ -nan ] } { [ 58.471499 ] } { [ 71.381486 ] } { [ -10.543999 ][ -10.676332 ] } { [ -14.046512 ] } { [ -17.242259 ] } { [ 44.180344 ] } { [ 30.052103 ] } { [ -13.963540 ] } { [ 4.289438 ] } { [ 36.285510 ] } { [ 42.442155 ] } { [ 36.267304 ] }
antes   de colapsar { [ -nan ] } { [ 58.471499 ] } { [ 71.381486 ] } { [ -10.543999 ][ -10.676332 ] } { [ -14.046512 ] } { [ -17.242259 ] } { [ 44.180344 ] } { [ 30.052103 ][ -21.826087 ] } { [ -13.963540 ] } { [ 4.289438 ] } { [ 36.285510 ] } { [ 42.442155 ] } { [ 36.267304 ] } { [ 24.349576 ] } { [ 72.017693 ] } { [ -1.293006 ] }
despues de colapsar { [ -nan ] } { [ 58.471499 ] } { [ 71.381486 ] } { [ -10.543999 ][ -10.676332 ] } { [ -14.046512 ] } { [ -17.242259 ] } { [ 44.180344 ] } { [ 30.052103 ][ -21.826087 ] } { [ -13.963540 ] } { [ 4.289438 ] } { [ 36.285510 ] } { [ 42.442155 ] } { [ 36.267304 ] } { [ 24.349576 ] } { [ 72.017693 ] } { [ -1.293006 ] }
antes   de filtrar: { [ -nan ] } { [ 58.471499 ] } { [ 71.381486 ][ 5.506397 ] } { [ -10.543999 ][ -10.676332 ] } { [ -14.046512 ] } { [ -17.242259 ] } { [ 44.180344 ] } { [ 30.052103 ][ -21.826087 ] } { [ -13.963540 ] } { [ 4.289438 ] } { [ 36.285510 ] } { [ 42.442155 ] } { [ 36.267304 ] } { [ 24.349576 ] } { [ 72.017693 ] } { [ -1.293006 ][ 42.539254 ] } { [ 28.984492 ] } { [ -14.852216 ][ 47.840730 ] } { [ 56.560835 ] } { [ 56.980415 ] } { [ 47.416812 ] } { [ -22.525175 ] }
despues de filtrar: { [ -nan ] } { [ 58.471499 ] } { [ 71.381486 ][ 5.506397 ] } { [ -10.543999 ][ -10.676332 ] } { [ -14.046512 ] } { [ -17.242259 ] } { [ 44.180344 ] } { [ 30.052103 ][ -21.826087 ] } { [ -13.963540 ] } { [ 4.289438 ] } { [ 36.285510 ] } { [ 42.442155 ] } { [ 36.267304 ] } { [ 24.349576 ] } { [ 72.017693 ] } { [ -1.293006 ][ 42.539254 ] } { [ -14.852216 ][ 47.840730 ] } { [ 47.416812 ] } { [ -22.525175 ] }
antes   de filtrar: { [ -nan ] } { [ 58.471499 ] } { [ 71.381486 ][ 5.506397 ] } { [ -10.543999 ][ -10.676332 ] } { [ -14.046512 ][ 43.679074 ] } { [ -17.242259 ] } { [ 44.180344 ] } { [ 30.052103 ][ -21.826087 ] } { [ -13.963540 ] } { [ 4.289438 ] } { [ 36.285510 ] } { [ 42.442155 ] } { [ 36.267304 ] } { [ 24.349576 ] } { [ 72.017693 ] } { [ -1.293006 ][ 42.539254 ] } { [ -14.852216 ][ 47.840730 ] } { [ 47.416812 ] } { [ -22.525175 ] } { [ 11.631368 ] } { [ 61.540356 ] } { [ 12.553532 ] } { [ -15.298420 ] }
despues de filtrar: { [ -nan ] } { [ 58.471499 ] } { [ 71.381486 ][ 5.506397 ] } { [ -10.543999 ][ -10.676332 ] } { [ -14.046512 ][ 43.679074 ] } { [ -17.242259 ] } { [ 44.180344 ] } { [ 30.052103 ][ -21.826087 ] } { [ -13.963540 ] } { [ 4.289438 ] } { [ 36.285510 ] } { [ 42.442155 ] } { [ 36.267304 ] } { [ 24.349576 ] } { [ 72.017693 ] } { [ -1.293006 ][ 42.539254 ] } { [ -14.852216 ][ 47.840730 ] } { [ 47.416812 ] } { [ -22.525175 ] } { [ -15.298420 ] }
antes   de filtrar: { [ -nan ] } { [ 58.471499 ] } { [ 71.381486 ][ 5.506397 ] } { [ -10.543999 ][ -10.676332 ] } { [ -14.046512 ][ 43.679074 ] } { [ -17.242259 ] } { [ 44.180344 ] } { [ 30.052103 ][ -21.826087 ] } { [ -13.963540 ] } { [ 4.289438 ] } { [ 36.285510 ][ -22.341115 ] } { [ 42.442155 ] } { [ 36.267304 ] } { [ 24.349576 ] } { [ 72.017693 ] } { [ -1.293006 ][ 42.539254 ] } { [ -14.852216 ][ 47.840730 ] } { [ 47.416812 ] } { [ -22.525175 ] } { [ -15.298420 ] } { [ 6.540731 ] }
despues de filtrar: { [ -nan ] } { [ 58.471499 ] } { [ 71.381486 ][ 5.506397 ] } { [ -10.543999 ][ -10.676332 ] } { [ -14.046512 ][ 43.679074 ] } { [ -17.242259 ] } { [ 44.180344 ] } { [ 30.052103 ][ -21.826087 ] } { [ -13.963540 ] } { [ 4.289438 ] } { [ 36.285510 ][ -22.341115 ] } { [ 42.442155 ] } { [ 36.267304 ] } { [ 24.349576 ] } { [ 72.017693 ] } { [ -1.293006 ][ 42.539254 ] } { [ -14.852216 ][ 47.840730 ] } { [ 47.416812 ] } { [ -22.525175 ] } { [ -15.298420 ] }
antes   de filtrar: { [ -nan ] } { [ 58.471499 ] } { [ 71.381486 ][ 5.506397 ] } { [ -10.543999 ][ -10.676332 ] } { [ -14.046512 ][ 43.679074 ][ 14.531987 ] } { [ -17.242259 ] } { [ 44.180344 ] } { [ 30.052103 ][ -21.826087 ] } { [ -13.963540 ] } { [ 4.289438 ] } { [ 36.285510 ][ -22.341115 ] } { [ 42.442155 ] } { [ 36.267304 ] } { [ 24.349576 ] } { [ 72.017693 ] } { [ -1.293006 ][ 42.539254 ] } { [ -14.852216 ][ 47.840730 ] } { [ 47.416812 ] } { [ -22.525175 ] } { [ -15.298420 ] } { [ 30.496475 ] } { [ 53.633297 ] } { [ 14.848948 ] } { [ -9.553443 ] }
despues de filtrar: { [ -nan ] } { [ 58.471499 ] } { [ 71.381486 ][ 5.506397 ] } { [ -10.543999 ][ -10.676332 ] } { [ -14.046512 ][ 43.679074 ][ 14.531987 ] } { [ -17.242259 ] } { [ 44.180344 ] } { [ 30.052103 ][ -21.826087 ] } { [ -13.963540 ] } { [ 4.289438 ] } { [ 36.285510 ][ -22.341115 ] } { [ 42.442155 ] } { [ 36.267304 ] } { [ 24.349576 ] } { [ 72.017693 ] } { [ -1.293006 ][ 42.539254 ] } { [ -14.852216 ][ 47.840730 ] } { [ 47.416812 ] } { [ -22.525175 ] } { [ -15.298420 ] } { [ 30.496475 ] } { [ -9.553443 ] }
antes   de filtrar: { [ -nan ] } { [ 58.471499 ] } { [ 71.381486 ][ 5.506397 ] } { [ -10.543999 ][ -10.676332 ] } { [ -14.046512 ][ 43.679074 ][ 14.531987 ] } { [ -17.242259 ] } { [ 44.180344 ] } { [ 30.052103 ][ -21.826087 ] } { [ -13.963540 ] } { [ 4.289438 ] } { [ 36.285510 ][ -22.341115 ] } { [ 42.442155 ] } { [ 36.267304 ] } { [ 24.349576 ] } { [ 72.017693 ] } { [ -1.293006 ][ 42.539254 ] } { [ -14.852216 ][ 47.840730 ] } { [ 47.416812 ] } { [ -22.525175 ] } { [ -15.298420 ] } { [ 30.496475 ] } { [ -9.553443 ] }
despues de filtrar: { [ -nan ] } { [ 58.471499 ] } { [ 71.381486 ][ 5.506397 ] } { [ -10.543999 ][ -10.676332 ] } { [ -14.046512 ][ 43.679074 ][ 14.531987 ] } { [ -17.242259 ] } { [ 44.180344 ] } { [ 30.052103 ][ -21.826087 ] } { [ -13.963540 ] } { [ 4.289438 ] } { [ 36.285510 ][ -22.341115 ] } { [ 42.442155 ] } { [ 36.267304 ] } { [ 24.349576 ] } { [ 72.017693 ] } { [ -1.293006 ][ 42.539254 ] } { [ -14.852216 ][ 47.840730 ] } { [ 47.416812 ] } { [ -22.525175 ] } { [ -15.298420 ] } { [ 30.496475 ] } { [ -9.553443 ] }
