antes   de colapsar { [ j8 ] } { [ 775v08 ] } { [ r2kucofrr ] } { [ 6qnnr ][ auu0ss ] } { [ yfj ] } { [ 9uo ] } { [ p245advee2 ] } { [ s5ld3nvlpa ] } { [ fub ] }
despues de colapsar { [ j8 ] } { [ 775v08 ] } { [ r2kucofrr ] } { [ 6aqunun0rs ] } { [ yfj ] } { [ 9uo ] } { [ p245advee2 ] } { [ s5ld3nvlpa ] } { [ fub ] }
antes   de colapsar { [ j8 ] } { [ 775v08 ] } { [ r2kucofrr ] } { [ 6aqunun0rs ] } { [ yfj ] } { [ 9uo ] } { [ p245advee2 ] } { [ s5ld3nvlpa ] } { [ fub ] } { [ mn6um7 ] }
despues de colapsar { [ j8 ] } { [ 775v08 ] } { [ r2kucofrr ] } { [ 6aqunun0rs ] } { [ yfj ] } { [ 9uo ] } { [ p245advee2 ] } { [ s5ld3nvlpa ] } { [ fub ] } { [ mn6um7 ] }
antes   de filtrar: { [ j8 ] } { [ 775v08 ] } { [ r2kucofrr ] } { [ 6aqunun0rs ] } { [ yfj ] } { [ 9uo ] } { [ p245advee2 ] } { [ s5ld3nvlpa ] } { [ fub ] } { [ mn6um7 ] } { [ i6wobs ] }
despues de filtrar: { [ yfj ] } { [ fub ] }
antes   de filtrar: { [ yfj ] } { [ fub ][ y5k4 ] } { [ 6 ] } { [ wgyskv0sml ][ 89 ] }
despues de filtrar: { [ yfj ] } { [ fub ][ y5k4 ] }
antes   de filtrar: { [ yfj ] } { [ fub ][ y5k4 ] } { [ qob52tl6m1 ][ r ] } { [ v4cb ] } { [ rkjf5hn4q ] } { [ 958ar4s6 ] } { [ je78l ] } { [ 69f1g579w ] }
despues de filtrar: { [ yfj ] } { [ fub ][ y5k4 ] }
antes   de colapsar { [ yfj ] } { [ fub ][ y5k4 ][ kc9n1bm ][ ebmxw ] } { [ yaksg3og0 ] } { [ g2yc ][ a ] } { [ t6 ] }
despues de colapsar { [ yfj ] } { [ fub ][ y5k4 ][ kc9n1bm ][ ebmxw ] } { [ yaksg3og0 ] } { [ ga2yc ] } { [ t6 ] }
antes   de colapsar { [ yfj ] } { [ fub ][ y5k4 ][ kc9n1bm ][ ebmxw ][ h7f02o0 ] } { [ yaksg3og0 ] } { [ ga2yc ] } { [ t6 ] }
despues de colapsar { [ yfj ] } { [ fub ][ y5k4 ][ kc9n1bm ][ ebmxw ][ h7f02o0 ] } { [ yaksg3og0 ] } { [ ga2yc ] } { [ t6 ] }
antes   de colapsar { [ yfj ] } { [ fub ][ y5k4 ][ kc9n1bm ][ ebmxw ][ h7f02o0 ] } { [ yaksg3og0 ] } { [ ga2yc ] } { [ t6 ] } { [ tae ] }
despues de colapsar { [ yfj ] } { [ fub ][ y5k4 ][ kc9n1bm ][ ebmxw ][ h7f02o0 ] } { [ yaksg3og0 ] } { [ ga2yc ] } { [ t6 ] } { [ tae ] }
antes   de filtrar: { [ yfj ][ f ] } { [ fub ][ y5k4 ][ kc9n1bm ][ ebmxw ][ h7f02o0 ] } { [ yaksg3og0 ][ 43f ] } { [ ga2yc ] } { [ t6 ] } { [ tae ][ pd8qvj ] } { [ j ][ b473tb0l0 ] } { [ 9hllipyup ] } { [ dos5fam4 ] } { [ tjsqmx ] } { [ t9hrjwq9 ] } { [ rg4expjr ] } { [ 44r ] } { [ qu ] }
despues de filtrar: { [ yfj ][ f ] } { [ fub ][ y5k4 ][ kc9n1bm ][ ebmxw ][ h7f02o0 ] } { [ tae ][ pd8qvj ] } { [ j ][ b473tb0l0 ] } { [ tjsqmx ] } { [ qu ] }
antes   de filtrar: { [ yfj ][ f ] } { [ fub ][ y5k4 ][ kc9n1bm ][ ebmxw ][ h7f02o0 ][ jxp3lpofr ] } { [ tae ][ pd8qvj ][ g ] } { [ j ][ b473tb0l0 ] } { [ tjsqmx ] } { [ qu ] } { [ f ] } { [ x3mwmx8v ] } { [ y ] } { [ u4fhkfue4u ] }
despues de filtrar: { [ yfj ][ f ] } { [ fub ][ y5k4 ][ kc9n1bm ][ ebmxw ][ h7f02o0 ][ jxp3lpofr ] } { [ tae ][ pd8qvj ][ g ] } { [ j ][ b473tb0l0 ] } { [ tjsqmx ] } { [ qu ] } { [ f ] } { [ y ] }
antes   de filtrar: { [ 7975 ] }
despues de filtrar: { [ 7975 ] }
antes   de colapsar { [ 7975 ][ 2962 ][ 9714 ] } { [ 7167 ][ 1784 ][ 8885 ] } { [ 4550 ] } { [ 1385 ] }
despues de colapsar { [ 7975 ][ 2962 ][ 9714 ] } { [ 7167 ][ 1784 ][ 8885 ] } { [ 4550 ] } { [ 1385 ] }
antes   de filtrar: { [ 7975 ][ 2962 ][ 9714 ] } { [ 7167 ][ 1784 ][ 8885 ] } { [ 4550 ] } { [ 1385 ] } { [ 2682 ][ 3349 ] }
despues de filtrar: { [ 7975 ][ 2962 ][ 9714 ] } { [ 7167 ][ 1784 ][ 8885 ] } { [ 1385 ] } { [ 2682 ][ 3349 ] }
antes   de filtrar: { [ 7975 ][ 2962 ][ 9714 ] } { [ 7167 ][ 1784 ][ 8885 ] } { [ 1385 ] } { [ 2682 ][ 3349 ] } { [ 867 ] }
despues de filtrar: { [ 7975 ][ 2962 ][ 9714 ] } { [ 7167 ][ 1784 ][ 8885 ] } { [ 1385 ] } { [ 2682 ][ 3349 ] } { [ 867 ] }
antes   de colapsar { [ 7975 ][ 2962 ][ 9714 ] } { [ 7167 ][ 1784 ][ 8885 ] } { [ 1385 ] } { [ 2682 ][ 3349 ] } { [ 867 ] }
despues de colapsar { [ 7975 ][ 2962 ][ 9714 ] } { [ 7167 ][ 1784 ][ 8885 ] } { [ 1385 ] } { [ 2682 ][ 3349 ] } { [ 867 ] }
antes   de colapsar { [ 7975 ][ 2962 ][ 9714 ] } { [ 7167 ][ 1784 ][ 8885 ] } { [ 1385 ] } { [ 2682 ][ 3349 ] } { [ 867 ] } { [ 8379 ][ 6190 ][ 1720 ] } { [ 2051 ][ 3401 ] } { [ 1542 ] } { [ 9501 ] } { [ 5694 ] }
despues de colapsar { [ 7975 ][ 2962 ][ 9714 ] } { [ 7167 ][ 1784 ][ 8885 ] } { [ 1385 ] } { [ 2682 ][ 3349 ] } { [ 867 ] } { [ 8379 ][ 6190 ][ 1720 ] } { [ 2641 ] } { [ 1542 ] } { [ 9501 ] } { [ 5694 ] }
antes   de colapsar { [ 7975 ][ 2962 ][ 9714 ] } { [ 7167 ][ 1784 ][ 8885 ] } { [ 1385 ] } { [ 2682 ][ 3349 ] } { [ 867 ] } { [ 8379 ][ 6190 ][ 1720 ] } { [ 2641 ] } { [ 1542 ] } { [ 9501 ] } { [ 5694 ] } { [ 2650 ] }
despues de colapsar { [ 7975 ][ 2962 ][ 9714 ] } { [ 7167 ][ 1784 ][ 8885 ] } { [ 1385 ] } { [ 2682 ][ 3349 ] } { [ 867 ] } { [ 8379 ][ 6190 ][ 1720 ] } { [ 2641 ] } { [ 1542 ] } { [ 9501 ] } { [ 5694 ] } { [ 2650 ] }
antes   de filtrar: { [ 7975 ][ 2962 ][ 9714 ] } { [ 7167 ][ 1784 ][ 8885 ] } { [ 1385 ] } { [ 2682 ][ 3349 ] } { [ 867 ] } { [ 8379 ][ 6190 ][ 1720 ] } { [ 2641 ] } { [ 1542 ] } { [ 9501 ] } { [ 5694 ] } { [ 2650 ] } { [ 3310 ] } { [ 7631 ] } { [ 6371 ] } { [ 8074 ] } { [ 1842 ] } { [ 9257 ] }
despues de filtrar: { [ 7975 ][ 2962 ][ 9714 ] } { [ 7167 ][ 1784 ][ 8885 ] } { [ 1385 ] } { [ 2682 ][ 3349 ] } { [ 867 ] } { [ 8379 ][ 6190 ][ 1720 ] } { [ 2641 ] } { [ 1542 ] } { [ 5694 ] } { [ 7631 ] } { [ 6371 ] } { [ 1842 ] } { [ 9257 ] }
antes   de filtrar: { [ 7975 ][ 2962 ][ 9714 ] } { [ 7167 ][ 1784 ][ 8885 ] } { [ 1385 ] } { [ 2682 ][ 3349 ] } { [ 867 ] } { [ 8379 ][ 6190 ][ 1720 ] } { [ 2641 ] } { [ 1542 ] } { [ 5694 ] } { [ 7631 ] } { [ 6371 ] } { [ 1842 ] } { [ 9257 ] }
despues de filtrar: { [ 7975 ][ 2962 ][ 9714 ] } { [ 7167 ][ 1784 ][ 8885 ] } { [ 1385 ] } { [ 2682 ][ 3349 ] } { [ 867 ] } { [ 8379 ][ 6190 ][ 1720 ] } { [ 2641 ] } { [ 1542 ] } { [ 5694 ] } { [ 7631 ] } { [ 6371 ] } { [ 1842 ] } { [ 9257 ] }
antes   de colapsar { [ 7975 ][ 2962 ][ 9714 ] } { [ 7167 ][ 1784 ][ 8885 ] } { [ 1385 ] } { [ 2682 ][ 3349 ][ 1365 ] } { [ 867 ] } { [ 8379 ][ 6190 ][ 1720 ] } { [ 2641 ] } { [ 1542 ] } { [ 5694 ] } { [ 7631 ][ 3310 ] } { [ 6371 ] } { [ 1842 ] } { [ 9257 ] } { [ 3115 ] } { [ 5323 ] } { [ 7733 ] } { [ 6875 ] } { [ 8595 ] } { [ 7083 ] } { [ 4088 ] }
despues de colapsar { [ 7975 ][ 2962 ][ 9714 ] } { [ 7167 ][ 1784 ][ 8885 ] } { [ 1385 ] } { [ 2682 ][ 3349 ][ 1365 ] } { [ 867 ] } { [ 8379 ][ 6190 ][ 1720 ] } { [ 2641 ] } { [ 1542 ] } { [ 5694 ] } { [ 7631 ][ 3310 ] } { [ 6371 ] } { [ 1842 ] } { [ 9257 ] } { [ 3115 ] } { [ 5323 ] } { [ 7733 ] } { [ 6875 ] } { [ 8595 ] } { [ 7083 ] } { [ 4088 ] }
antes   de filtrar: <vacia>
despues de filtrar: <vacia>
antes   de colapsar { [ 6655 ] } { [ 9963 ][ 6172 ] } { [ 4906 ] } { [ 7297 ] } { [ 9709 ] } { [ 4383 ] }
despues de colapsar { [ 6655 ] } { [ 9963 ][ 6172 ] } { [ 4906 ] } { [ 7297 ] } { [ 9709 ] } { [ 4383 ] }
antes   de colapsar { [ 6655 ] } { [ 9963 ][ 6172 ] } { [ 4906 ] } { [ 7297 ] } { [ 9709 ] } { [ 4383 ] }
despues de colapsar { [ 6655 ] } { [ 9963 ][ 6172 ] } { [ 4906 ] } { [ 7297 ] } { [ 9709 ] } { [ 4383 ] }
antes   de filtrar: { [ 6655 ][ 3600 ] } { [ 9963 ][ 6172 ] } { [ 4906 ] } { [ 7297 ][ 5602 ] } { [ 9709 ] } { [ 4383 ] } { [ 2006 ] } { [ 7581 ] } { [ 4549 ] } { [ 1515 ] }
despues de filtrar: { [ 6655 ][ 3600 ] } { [ 9963 ][ 6172 ] } { [ 7297 ][ 5602 ] } { [ 4383 ] } { [ 7581 ] } { [ 4549 ] } { [ 1515 ] }
antes   de filtrar: { [ 6655 ][ 3600 ][ 7737 ] } { [ 9963 ][ 6172 ] } { [ 7297 ][ 5602 ] } { [ 4383 ] } { [ 7581 ] } { [ 4549 ] } { [ 1515 ] } { [ 2781 ] }
despues de filtrar: { [ 6655 ][ 3600 ][ 7737 ] } { [ 9963 ][ 6172 ] } { [ 7297 ][ 5602 ] } { [ 4383 ] } { [ 7581 ] } { [ 4549 ] } { [ 1515 ] } { [ 2781 ] }
antes   de colapsar { [ 6655 ][ 3600 ][ 7737 ] } { [ 9963 ][ 6172 ] } { [ 7297 ][ 5602 ] } { [ 4383 ] } { [ 7581 ][ 2489 ] } { [ 4549 ] } { [ 1515 ] } { [ 2781 ] } { [ 5115 ] } { [ 2207 ] } { [ 6237 ] } { [ 2603 ] } { [ 9100 ][ 9321 ] }
despues de colapsar { [ 6655 ][ 3600 ][ 7737 ] } { [ 9963 ][ 6172 ] } { [ 7297 ][ 5602 ] } { [ 4383 ] } { [ 7581 ][ 2489 ] } { [ 4549 ] } { [ 1515 ] } { [ 2781 ] } { [ 5115 ] } { [ 2207 ] } { [ 6237 ] } { [ 2603 ] } { [ 9209 ] }
antes   de filtrar: { [ 6655 ][ 3600 ][ 7737 ] } { [ 9963 ][ 6172 ][ 8920 ] } { [ 7297 ][ 5602 ] } { [ 4383 ] } { [ 7581 ][ 2489 ] } { [ 4549 ] } { [ 1515 ] } { [ 2781 ] } { [ 5115 ] } { [ 2207 ] } { [ 6237 ] } { [ 2603 ] } { [ 9209 ] } { [ 8339 ] } { [ 5059 ] } { [ 4884 ] } { [ 2057 ] } { [ 1749 ] }
despues de filtrar: { [ 6655 ][ 3600 ][ 7737 ] } { [ 9963 ][ 6172 ][ 8920 ] } { [ 7297 ][ 5602 ] } { [ 4383 ] } { [ 7581 ][ 2489 ] } { [ 4549 ] } { [ 1515 ] } { [ 2781 ] } { [ 5115 ] } { [ 6237 ] } { [ 8339 ] } { [ 4884 ] } { [ 1749 ] }
antes   de filtrar: { [ 6655 ][ 3600 ][ 7737 ] } { [ 9963 ][ 6172 ][ 8920 ] } { [ 7297 ][ 5602 ] } { [ 4383 ] } { [ 7581 ][ 2489 ] } { [ 4549 ] } { [ 1515 ] } { [ 2781 ] } { [ 5115 ] } { [ 6237 ] } { [ 8339 ] } { [ 4884 ] } { [ 1749 ] } { [ 935 ] } { [ 817 ] } { [ 6571 ] } { [ 6798 ] }
despues de filtrar: { [ 6655 ][ 3600 ][ 7737 ] } { [ 9963 ][ 6172 ][ 8920 ] } { [ 7297 ][ 5602 ] } { [ 4383 ] } { [ 7581 ][ 2489 ] } { [ 4549 ] } { [ 1515 ] } { [ 2781 ] } { [ 5115 ] } { [ 6237 ] } { [ 8339 ] } { [ 4884 ] } { [ 1749 ] } { [ 935 ] } { [ 817 ] } { [ 6571 ] } { [ 6798 ] }
antes   de colapsar { [ 6655 ][ 3600 ][ 7737 ] } { [ 9963 ][ 6172 ][ 8920 ] } { [ 7297 ][ 5602 ] } { [ 4383 ] } { [ 7581 ][ 2489 ] } { [ 4549 ][ 9953 ] } { [ 1515 ] } { [ 2781 ] } { [ 5115 ] } { [ 6237 ] } { [ 8339 ] } { [ 4884 ] } { [ 1749 ] } { [ 935 ] } { [ 817 ] } { [ 6571 ] } { [ 6798 ] } { [ 4979 ] } { [ 5540 ] }
despues de colapsar { [ 6655 ][ 3600 ][ 7737 ] } { [ 9963 ][ 6172 ][ 8920 ] } { [ 7297 ][ 5602 ] } { [ 4383 ] } { [ 7581 ][ 2489 ] } { [ 4549 ][ 9953 ] } { [ 1515 ] } { [ 2781 ] } { [ 5115 ] } { [ 6237 ] } { [ 8339 ] } { [ 4884 ] } { [ 1749 ] } { [ 935 ] } { [ 817 ] } { [ 6571 ] } { [ 6798 ] } { [ 4979 ] } { [ 5540 ] }
antes   de colapsar { [ 6655 ][ 3600 ][ 7737 ] } { [ 9963 ][ 6172 ][ 8920 ] } { [ 7297 ][ 5602 ] } { [ 4383 ] } { [ 7581 ][ 2489 ][ 6412 ] } { [ 4549 ][ 9953 ] } { [ 1515 ] } { [ 2781 ] } { [ 5115 ] } { [ 6237 ] } { [ 8339 ] } { [ 4884 ] } { [ 1749 ] } { [ 935 ] } { [ 817 ] } { [ 6571 ] } { [ 6798 ] } { [ 4979 ] } { [ 5540 ][ 5311 ] } { [ 9603 ] } { [ 5841 ] } { [ 8647 ] } { [ 9478 ] } { [ 4349 ] } { [ 4130 ] }
despues de colapsar { [ 6655 ][ 3600 ][ 7737 ] } { [ 9963 ][ 6172 ][ 8920 ] } { [ 7297 ][ 5602 ] } { [ 4383 ] } { [ 7581 ][ 2489 ][ 6412 ] } { [ 4549 ][ 9953 ] } { [ 1515 ] } { [ 2781 ] } { [ 5115 ] } { [ 6237 ] } { [ 8339 ] } { [ 4884 ] } { [ 1749 ] } { [ 935 ] } { [ 817 ] } { [ 6571 ] } { [ 6798 ] } { [ 4979 ] } { [ 5424 ] } { [ 9603 ] } { [ 5841 ] } { [ 8647 ] } { [ 9478 ] } { [ 4349 ] } { [ 4130 ] }
antes   de colapsar { [ 4132 ][ 4992 ] } { [ 5475 ][ 975 ][ 2126 ] } { [ 5067 ] } { [ 6657 ] }
despues de colapsar { [ 4132 ][ 4992 ] } { [ 5475 ][ 975 ][ 2126 ] } { [ 5067 ] } { [ 6657 ] }
antes   de filtrar: { [ 4132 ][ 4992 ][ 9504 ] } { [ 5475 ][ 975 ][ 2126 ][ 7578 ] } { [ 5067 ][ 3179 ] } { [ 6657 ][ 3673 ] } { [ 9947 ] } { [ 8681 ] } { [ 5279 ] } { [ 2515 ][ 4502 ] } { [ 8680 ][ 3442 ] } { [ 8930 ] } { [ 7282 ] } { [ 8541 ] } { [ 7734 ] } { [ 5393 ] } { [ 7583 ] } { [ 3096 ] } { [ 9773 ] } { [ 8186 ] } { [ 6450 ] } { [ 5723 ] } { [ 7268 ] }
despues de filtrar: { [ 4132 ][ 4992 ][ 9504 ] } { [ 5475 ][ 975 ][ 2126 ][ 7578 ] } { [ 6657 ][ 3673 ] } { [ 9947 ] } { [ 8681 ] } { [ 5279 ] } { [ 2515 ][ 4502 ] } { [ 7282 ] } { [ 8541 ] } { [ 7734 ] } { [ 5393 ] } { [ 7583 ] } { [ 9773 ] } { [ 8186 ] } { [ 5723 ] } { [ 7268 ] }
antes   de filtrar: { [ 4132 ][ 4992 ][ 9504 ] } { [ 5475 ][ 975 ][ 2126 ][ 7578 ] } { [ 6657 ][ 3673 ] } { [ 9947 ] } { [ 8681 ] } { [ 5279 ] } { [ 2515 ][ 4502 ] } { [ 7282 ] } { [ 8541 ] } { [ 7734 ] } { [ 5393 ] } { [ 7583 ] } { [ 9773 ] } { [ 8186 ] } { [ 5723 ] } { [ 7268 ] }
despues de filtrar: { [ 4132 ][ 4992 ][ 9504 ] } { [ 5475 ][ 975 ][ 2126 ][ 7578 ] } { [ 6657 ][ 3673 ] } { [ 9947 ] } { [ 8681 ] } { [ 5279 ] } { [ 2515 ][ 4502 ] } { [ 7282 ] } { [ 8541 ] } { [ 7734 ] } { [ 5393 ] } { [ 7583 ] } { [ 9773 ] } { [ 8186 ] } { [ 5723 ] } { [ 7268 ] }
antes   de colapsar { [ 4132 ][ 4992 ][ 9504 ] } { [ 5475 ][ 975 ][ 2126 ][ 7578 ] } { [ 6657 ][ 3673 ][ 807 ] } { [ 9947 ] } { [ 8681 ] } { [ 5279 ] } { [ 2515 ][ 4502 ] } { [ 7282 ] } { [ 8541 ] } { [ 7734 ] } { [ 5393 ] } { [ 7583 ] } { [ 9773 ] } { [ 8186 ] } { [ 5723 ] } { [ 7268 ] } { [ 9512 ] } { [ 6431 ] }
despues de colapsar { [ 4132 ][ 4992 ][ 9504 ] } { [ 5475 ][ 975 ][ 2126 ][ 7578 ] } { [ 6657 ][ 3673 ][ 807 ] } { [ 9947 ] } { [ 8681 ] } { [ 5279 ] } { [ 2515 ][ 4502 ] } { [ 7282 ] } { [ 8541 ] } { [ 7734 ] } { [ 5393 ] } { [ 7583 ] } { [ 9773 ] } { [ 8186 ] } { [ 5723 ] } { [ 7268 ] } { [ 9512 ] } { [ 6431 ] }
antes   de colapsar { [ 4132 ][ 4992 ][ 9504 ] } { [ 5475 ][ 975 ][ 2126 ][ 7578 ] } { [ 6657 ][ 3673 ][ 807 ] } { [ 9947 ] } { [ 8681 ] } { [ 5279 ] } { [ 2515 ][ 4502 ][ 4337 ] } { [ 7282 ] } { [ 8541 ] } { [ 7734 ] } { [ 5393 ] } { [ 7583 ] } { [ 9773 ] } { [ 8186 ] } { [ 5723 ] } { [ 7268 ] } { [ 9512 ] } { [ 6431 ] } { [ 6866 ] } { [ 6628 ] }
despues de colapsar { [ 4132 ][ 4992 ][ 9504 ] } { [ 5475 ][ 975 ][ 2126 ][ 7578 ] } { [ 6657 ][ 3673 ][ 807 ] } { [ 9947 ] } { [ 8681 ] } { [ 5279 ] } { [ 2515 ][ 4502 ][ 4337 ] } { [ 7282 ] } { [ 8541 ] } { [ 7734 ] } { [ 5393 ] } { [ 7583 ] } { [ 9773 ] } { [ 8186 ] } { [ 5723 ] } { [ 7268 ] } { [ 9512 ] } { [ 6431 ] } { [ 6866 ] } { [ 6628 ] }
antes   de colapsar { [ 4132 ][ 4992 ][ 9504 ] } { [ 5475 ][ 975 ][ 2126 ][ 7578 ] } { [ 6657 ][ 3673 ][ 807 ][ 7534 ] } { [ 9947 ] } { [ 8681 ] } { [ 5279 ] } { [ 2515 ][ 4502 ][ 4337 ] } { [ 7282 ] } { [ 8541 ] } { [ 7734 ] } { [ 5393 ] } { [ 7583 ] } { [ 9773 ] } { [ 8186 ] } { [ 5723 ] } { [ 7268 ] } { [ 9512 ] } { [ 6431 ] } { [ 6866 ] } { [ 6628 ] } { [ 910 ] } { [ 9286 ] }
despues de colapsar { [ 4132 ][ 4992 ][ 9504 ] } { [ 5475 ][ 975 ][ 2126 ][ 7578 ] } { [ 6657 ][ 3673 ][ 807 ][ 7534 ] } { [ 9947 ] } { [ 8681 ] } { [ 5279 ] } { [ 2515 ][ 4502 ][ 4337 ] } { [ 7282 ] } { [ 8541 ] } { [ 7734 ] } { [ 5393 ] } { [ 7583 ] } { [ 9773 ] } { [ 8186 ] } { [ 5723 ] } { [ 7268 ] } { [ 9512 ] } { [ 6431 ] } { [ 6866 ] } { [ 6628 ] } { [ 910 ] } { [ 9286 ] }
antes   de filtrar: { [ 4132 ][ 4992 ][ 9504 ] } { [ 5475 ][ 975 ][ 2126 ][ 7578 ] } { [ 6657 ][ 3673 ][ 807 ][ 7534 ] } { [ 9947 ] } { [ 8681 ] } { [ 5279 ] } { [ 2515 ][ 4502 ][ 4337 ] } { [ 7282 ] } { [ 8541 ] } { [ 7734 ] } { [ 5393 ] } { [ 7583 ] } { [ 9773 ] } { [ 8186 ] } { [ 5723 ] } { [ 7268 ] } { [ 9512 ] } { [ 6431 ] } { [ 6866 ] } { [ 6628 ] } { [ 910 ] } { [ 9286 ] }
despues de filtrar: { [ 4132 ][ 4992 ][ 9504 ] } { [ 5475 ][ 975 ][ 2126 ][ 7578 ] } { [ 6657 ][ 3673 ][ 807 ][ 7534 ] } { [ 9947 ] } { [ 8681 ] } { [ 5279 ] } { [ 2515 ][ 4502 ][ 4337 ] } { [ 7282 ] } { [ 8541 ] } { [ 7734 ] } { [ 5393 ] } { [ 7583 ] } { [ 9773 ] } { [ 8186 ] } { [ 5723 ] } { [ 7268 ] } { [ 9512 ] } { [ 6431 ] } { [ 6866 ] } { [ 6628 ] } { [ 9286 ] }
antes   de colapsar { [ 4132 ][ 4992 ][ 9504 ] } { [ 5475 ][ 975 ][ 2126 ][ 7578 ] } { [ 6657 ][ 3673 ][ 807 ][ 7534 ] } { [ 9947 ] } { [ 8681 ] } { [ 5279 ] } { [ 2515 ][ 4502 ][ 4337 ] } { [ 7282 ] } { [ 8541 ] } { [ 7734 ] } { [ 5393 ] } { [ 7583 ] } { [ 9773 ] } { [ 8186 ] } { [ 5723 ] } { [ 7268 ] } { [ 9512 ] } { [ 6431 ] } { [ 6866 ] } { [ 6628 ] } { [ 9286 ] } { [ 4595 ] }
despues de colapsar { [ 4132 ][ 4992 ][ 9504 ] } { [ 5475 ][ 975 ][ 2126 ][ 7578 ] } { [ 6657 ][ 3673 ][ 807 ][ 7534 ] } { [ 9947 ] } { [ 8681 ] } { [ 5279 ] } { [ 2515 ][ 4502 ][ 4337 ] } { [ 7282 ] } { [ 8541 ] } { [ 7734 ] } { [ 5393 ] } { [ 7583 ] } { [ 9773 ] } { [ 8186 ] } { [ 5723 ] } { [ 7268 ] } { [ 9512 ] } { [ 6431 ] } { [ 6866 ] } { [ 6628 ] } { [ 9286 ] } { [ 4595 ] }
antes   de filtrar: { [ 4132 ][ 4992 ][ 9504 ] } { [ 5475 ][ 975 ][ 2126 ][ 7578 ] } { [ 6657 ][ 3673 ][ 807 ][ 7534 ] } { [ 9947 ] } { [ 8681 ] } { [ 5279 ] } { [ 2515 ][ 4502 ][ 4337 ] } { [ 7282 ] } { [ 8541 ] } { [ 7734 ] } { [ 5393 ] } { [ 7583 ] } { [ 9773 ] } { [ 8186 ] } { [ 5723 ] } { [ 7268 ] } { [ 9512 ] } { [ 6431 ] } { [ 6866 ] } { [ 6628 ] } { [ 9286 ] } { [ 4595 ] } { [ 4773 ] } { [ 6383 ] }
despues de filtrar: { [ 4132 ][ 4992 ][ 9504 ] } { [ 5475 ][ 975 ][ 2126 ][ 7578 ] } { [ 6657 ][ 3673 ][ 807 ][ 7534 ] } { [ 9947 ] } { [ 8681 ] } { [ 5279 ] } { [ 2515 ][ 4502 ][ 4337 ] } { [ 7282 ] } { [ 8541 ] } { [ 7734 ] } { [ 5393 ] } { [ 7583 ] } { [ 9773 ] } { [ 8186 ] } { [ 5723 ] } { [ 7268 ] } { [ 9512 ] } { [ 6431 ] } { [ 6866 ] } { [ 6628 ] } { [ 9286 ] } { [ 4595 ] } { [ 4773 ] } { [ 6383 ] }
antes   de filtrar: { [ 4132 ][ 4992 ][ 9504 ] } { [ 5475 ][ 975 ][ 2126 ][ 7578 ] } { [ 6657 ][ 3673 ][ 807 ][ 7534 ] } { [ 9947 ] } { [ 8681 ] } { [ 5279 ] } { [ 2515 ][ 4502 ][ 4337 ] } { [ 7282 ] } { [ 8541 ] } { [ 7734 ] } { [ 5393 ] } { [ 7583 ] } { [ 9773 ] } { [ 8186 ] } { [ 5723 ] } { [ 7268 ] } { [ 9512 ] } { [ 6431 ] } { [ 6866 ] } { [ 6628 ] } { [ 9286 ] } { [ 4595 ] } { [ 4773 ] } { [ 6383 ] } { [ 7122 ] }
despues de filtrar: { [ 4132 ][ 4992 ][ 9504 ] } { [ 5475 ][ 975 ][ 2126 ][ 7578 ] } { [ 6657 ][ 3673 ][ 807 ][ 7534 ] } { [ 9947 ] } { [ 8681 ] } { [ 5279 ] } { [ 2515 ][ 4502 ][ 4337 ] } { [ 7282 ] } { [ 8541 ] } { [ 7734 ] } { [ 5393 ] } { [ 7583 ] } { [ 9773 ] } { [ 8186 ] } { [ 5723 ] } { [ 7268 ] } { [ 9512 ] } { [ 6431 ] } { [ 6866 ] } { [ 6628 ] } { [ 9286 ] } { [ 4595 ] } { [ 4773 ] } { [ 6383 ] } { [ 7122 ] }
antes   de colapsar { [ 7655 ] } { [ 9766 ] } { [ 8975 ][ 2957 ] } { [ 9843 ] } { [ 265 ][ 3058 ] } { [ 2952 ] } { [ 1462 ] }
despues de colapsar { [ 7655 ] } { [ 9766 ] } { [ 8975 ][ 2957 ] } { [ 9843 ] } { [ 265 ][ 3058 ] } { [ 2952 ] } { [ 1462 ] }
antes   de filtrar: { [ 7655 ] } { [ 9766 ] } { [ 8975 ][ 2957 ] } { [ 9843 ] } { [ 265 ][ 3058 ] } { [ 2952 ] } { [ 1462 ] } { [ 5215 ] } { [ 4575 ] }
despues de filtrar: { [ 7655 ] } { [ 9766 ] } { [ 8975 ][ 2957 ] } { [ 9843 ] } { [ 265 ][ 3058 ] } { [ 2952 ] } { [ 1462 ] } { [ 5215 ] } { [ 4575 ] }
antes   de colapsar { [ 7655 ] } { [ 9766 ] } { [ 8975 ][ 2957 ] } { [ 9843 ] } { [ 265 ][ 3058 ] } { [ 2952 ] } { [ 1462 ] } { [ 5215 ] } { [ 4575 ] } { [ 1261 ] }
despues de colapsar { [ 7655 ] } { [ 9766 ] } { [ 8975 ][ 2957 ] } { [ 9843 ] } { [ 265 ][ 3058 ] } { [ 2952 ] } { [ 1462 ] } { [ 5215 ] } { [ 4575 ] } { [ 1261 ] }
antes   de filtrar: { [ 7655 ] } { [ 9766 ] } { [ 8975 ][ 2957 ] } { [ 9843 ][ 1121 ] } { [ 265 ][ 3058 ] } { [ 2952 ] } { [ 1462 ] } { [ 5215 ] } { [ 4575 ] } { [ 1261 ][ 7479 ] } { [ 1205 ] } { [ 7661 ] } { [ 5434 ] } { [ 7566 ] } { [ 2118 ] } { [ 7146 ] }
despues de filtrar: { [ 7655 ] } { [ 9766 ] } { [ 8975 ][ 2957 ] } { [ 9843 ][ 1121 ] } { [ 265 ][ 3058 ] } { [ 2952 ] } { [ 1462 ] } { [ 5215 ] } { [ 4575 ] } { [ 1261 ][ 7479 ] } { [ 7661 ] } { [ 5434 ] } { [ 7566 ] } { [ 2118 ] } { [ 7146 ] }
antes   de filtrar: { [ 7655 ] } { [ 9766 ] } { [ 8975 ][ 2957 ] } { [ 9843 ][ 1121 ] } { [ 265 ][ 3058 ] } { [ 2952 ] } { [ 1462 ] } { [ 5215 ] } { [ 4575 ] } { [ 1261 ][ 7479 ] } { [ 7661 ][ 1033 ] } { [ 5434 ] } { [ 7566 ] } { [ 2118 ] } { [ 7146 ] } { [ 3904 ] } { [ 5439 ] }
despues de filtrar: { [ 7655 ] } { [ 9766 ] } { [ 8975 ][ 2957 ] } { [ 9843 ][ 1121 ] } { [ 265 ][ 3058 ] } { [ 2952 ] } { [ 1462 ] } { [ 5215 ] } { [ 4575 ] } { [ 1261 ][ 7479 ] } { [ 7661 ][ 1033 ] } { [ 5434 ] } { [ 7566 ] } { [ 2118 ] } { [ 7146 ] } { [ 5439 ] }
antes   de colapsar { [ 7655 ] } { [ 9766 ] } { [ 8975 ][ 2957 ][ 2567 ] } { [ 9843 ][ 1121 ] } { [ 265 ][ 3058 ] } { [ 2952 ][ 3475 ] } { [ 1462 ] } { [ 5215 ] } { [ 4575 ] } { [ 1261 ][ 7479 ] } { [ 7661 ][ 1033 ] } { [ 5434 ] } { [ 7566 ] } { [ 2118 ] } { [ 7146 ] } { [ 5439 ] } { [ 488 ] } { [ 1071 ] } { [ 4179 ] }
despues de colapsar { [ 7655 ] } { [ 9766 ] } { [ 8975 ][ 2957 ][ 2567 ] } { [ 9843 ][ 1121 ] } { [ 265 ][ 3058 ] } { [ 2952 ][ 3475 ] } { [ 1462 ] } { [ 5215 ] } { [ 4575 ] } { [ 1261 ][ 7479 ] } { [ 7661 ][ 1033 ] } { [ 5434 ] } { [ 7566 ] } { [ 2118 ] } { [ 7146 ] } { [ 5439 ] } { [ 488 ] } { [ 1071 ] } { [ 4179 ] }
antes   de colapsar { [ 7655 ] } { [ 9766 ] } { [ 8975 ][ 2957 ][ 2567 ] } { [ 9843 ][ 1121 ] } { [ 265 ][ 3058 ] } { [ 2952 ][ 3475 ] } { [ 1462 ] } { [ 5215 ] } { [ 4575 ] } { [ 1261 ][ 7479 ] } { [ 7661 ][ 1033 ] } { [ 5434 ] } { [ 7566 ] } { [ 2118 ][ 1955 ] } { [ 7146 ] } { [ 5439 ] } { [ 488 ] } { [ 1071 ] } { [ 4179 ] }
despues de colapsar { [ 7655 ] } { [ 9766 ] } { [ 8975 ][ 2957 ][ 2567 ] } { [ 9843 ][ 1121 ] } { [ 265 ][ 3058 ] } { [ 2952 ][ 3475 ] } { [ 1462 ] } { [ 5215 ] } { [ 4575 ] } { [ 1261 ][ 7479 ] } { [ 7661 ][ 1033 ] } { [ 5434 ] } { [ 7566 ] } { [ 2118 ][ 1955 ] } { [ 7146 ] } { [ 5439 ] } { [ 488 ] } { [ 1071 ] } { [ 4179 ] }
antes   de colapsar { [ 7655 ][ 5891 ] } { [ 9766 ] } { [ 8975 ][ 2957 ][ 2567 ] } { [ 9843 ][ 1121 ] } { [ 265 ][ 3058 ] } { [ 2952 ][ 3475 ] } { [ 1462 ] } { [ 5215 ] } { [ 4575 ] } { [ 1261 ][ 7479 ] } { [ 7661 ][ 1033 ] } { [ 5434 ] } { [ 7566 ] } { [ 2118 ][ 1955 ] } { [ 7146 ] } { [ 5439 ] } { [ 488 ] } { [ 1071 ] } { [ 4179 ] }
despues de colapsar { [ 7655 ][ 5891 ] } { [ 9766 ] } { [ 8975 ][ 2957 ][ 2567 ] } { [ 9843 ][ 1121 ] } { [ 265 ][ 3058 ] } { [ 2952 ][ 3475 ] } { [ 1462 ] } { [ 5215 ] } { [ 4575 ] } { [ 1261 ][ 7479 ] } { [ 7661 ][ 1033 ] } { [ 5434 ] } { [ 7566 ] } { [ 2118 ][ 1955 ] } { [ 7146 ] } { [ 5439 ] } { [ 488 ] } { [ 1071 ] } { [ 4179 ] }
antes   de filtrar: { [ 7655 ][ 5891 ] } { [ 9766 ] } { [ 8975 ][ 2957 ][ 2567 ] } { [ 9843 ][ 1121 ] } { [ 265 ][ 3058 ] } { [ 2952 ][ 3475 ] } { [ 1462 ] } { [ 5215 ] } { [ 4575 ] } { [ 1261 ][ 7479 ] } { [ 7661 ][ 1033 ] } { [ 5434 ] } { [ 7566 ] } { [ 2118 ][ 1955 ] } { [ 7146 ] } { [ 5439 ] } { [ 488 ] } { [ 1071 ] } { [ 4179 ] }
despues de filtrar: { [ 7655 ][ 5891 ] } { [ 9766 ] } { [ 8975 ][ 2957 ][ 2567 ] } { [ 9843 ][ 1121 ] } { [ 265 ][ 3058 ] } { [ 2952 ][ 3475 ] } { [ 1462 ] } { [ 5215 ] } { [ 4575 ] } { [ 1261 ][ 7479 ] } { [ 7661 ][ 1033 ] } { [ 5434 ] } { [ 7566 ] } { [ 2118 ][ 1955 ] } { [ 7146 ] } { [ 5439 ] } { [ 488 ] } { [ 4179 ] }
antes   de filtrar: { [ 7655 ][ 5891 ] } { [ 9766 ] } { [ 8975 ][ 2957 ][ 2567 ] } { [ 9843 ][ 1121 ] } { [ 265 ][ 3058 ] } { [ 2952 ][ 3475 ] } { [ 1462 ] } { [ 5215 ] } { [ 4575 ] } { [ 1261 ][ 7479 ] } { [ 7661 ][ 1033 ] } { [ 5434 ] } { [ 7566 ][ 1296 ][ 7061 ] } { [ 2118 ][ 1955 ][ 6182 ] } { [ 7146 ] } { [ 5439 ] } { [ 488 ] } { [ 4179 ] } { [ 2430 ] } { [ 8017 ] } { [ 2826 ] } { [ 6948 ] } { [ 1691 ] } { [ 6692 ] } { [ 8173 ] } { [ 9399 ] } { [ 1185 ] } { [ 8631 ] } { [ 8993 ] }
despues de filtrar: { [ 7655 ][ 5891 ] } { [ 9766 ] } { [ 8975 ][ 2957 ][ 2567 ] } { [ 9843 ][ 1121 ] } { [ 265 ][ 3058 ] } { [ 2952 ][ 3475 ] } { [ 1462 ] } { [ 5215 ] } { [ 4575 ] } { [ 1261 ][ 7479 ] } { [ 7661 ][ 1033 ] } { [ 5434 ] } { [ 7566 ][ 1296 ][ 7061 ] } { [ 2118 ][ 1955 ][ 6182 ] } { [ 7146 ] } { [ 5439 ] } { [ 488 ] } { [ 4179 ] } { [ 2826 ] } { [ 6948 ] } { [ 1691 ] } { [ 6692 ] } { [ 8173 ] } { [ 9399 ] } { [ 1185 ] } { [ 8631 ] } { [ 8993 ] }
