antes   de colapsar { [ d6bwfwk ][ v ] }
despues de colapsar { [ dv6bwfwk ] }
antes   de colapsar { [ dv6bwfwk ][ e4u ][ nv ] } { [ lqwgkqxxd ][ 2k ][ e0 ] } { [ xr44mita ][ f2amxomeg8 ] } { [ 1vlob5 ] } { [ oj4osk ] } { [ oxpswog ] }
despues de colapsar { [ dnevv46ubw ] } { [ lqwgkqxxd ][ 2k ][ e0 ] } { [ xfr24a4mmx ] } { [ 1vlob5 ] } { [ oj4osk ] } { [ oxpswog ] }
antes   de filtrar: { [ dnevv46ubw ] } { [ lqwgkqxxd ][ 2k ][ e0 ] } { [ xfr24a4mmx ] } { [ 1vlob5 ] } { [ oj4osk ] } { [ oxpswog ] } { [ sm9ey ] }
despues de filtrar: { [ lqwgkqxxd ][ 2k ][ e0 ] } { [ oxpswog ] }
antes   de filtrar: { [ lqwgkqxxd ][ 2k ][ e0 ] } { [ oxpswog ] } { [ 2 ] }
despues de filtrar: { [ lqwgkqxxd ][ 2k ][ e0 ] } { [ oxpswog ] }
antes   de filtrar: { [ lqwgkqxxd ][ 2k ][ e0 ] } { [ oxpswog ] } { [ 7 ] }
despues de filtrar: { [ lqwgkqxxd ][ 2k ][ e0 ] } { [ oxpswog ] }
antes   de colapsar { [ lqwgkqxxd ][ 2k ][ e0 ] } { [ oxpswog ][ niapg5jv ] } { [ m5x ] } { [ ke3v ] } { [ 9bjw ] }
despues de colapsar { [ lqwgkqxxd ][ 2k ][ e0 ] } { [ oxpswog ][ niapg5jv ] } { [ m5x ] } { [ ke3v ] } { [ 9bjw ] }
antes   de colapsar { [ lqwgkqxxd ][ 2k ][ e0 ] } { [ oxpswog ][ niapg5jv ] } { [ m5x ] } { [ ke3v ] } { [ 9bjw ] } { [ 23gfyt ] } { [ dbx12aill8 ] }
despues de colapsar { [ lqwgkqxxd ][ 2k ][ e0 ] } { [ oxpswog ][ niapg5jv ] } { [ m5x ] } { [ ke3v ] } { [ 9bjw ] } { [ 23gfyt ] } { [ dbx12aill8 ] }
antes   de colapsar { [ lqwgkqxxd ][ 2k ][ e0 ] } { [ oxpswog ][ niapg5jv ] } { [ m5x ] } { [ ke3v ][ glgq5m ] } { [ 9bjw ] } { [ 23gfyt ] } { [ dbx12aill8 ] } { [ vu7ro3s ] }
despues de colapsar { [ lqwgkqxxd ][ 2k ][ e0 ] } { [ oxpswog ][ niapg5jv ] } { [ m5x ] } { [ kgel3gvq5m ] } { [ 9bjw ] } { [ 23gfyt ] } { [ dbx12aill8 ] } { [ vu7ro3s ] }
antes   de filtrar: { [ lqwgkqxxd ][ 2k ][ e0 ] } { [ oxpswog ][ niapg5jv ] } { [ m5x ] } { [ kgel3gvq5m ] } { [ 9bjw ] } { [ 23gfyt ] } { [ dbx12aill8 ] } { [ vu7ro3s ] } { [ iuct09t ] } { [ g8jt031 ][ eos3sl ] } { [ 0 ] }
despues de filtrar: { [ lqwgkqxxd ][ 2k ][ e0 ] } { [ oxpswog ][ niapg5jv ] }
antes   de filtrar: { [ lqwgkqxxd ][ 2k ][ e0 ] } { [ oxpswog ][ niapg5jv ][ ed1t417wpe ][ a2m5mxk3qq ] } { [ nx2lqfjip ][ 1 ] } { [ bhi ] } { [ xwowcg ][ x ] } { [ k3 ] } { [ wqpvvpj7tk ] } { [ j4of6t7hka ] } { [ 2kj6evn ] } { [ 34 ] }
despues de filtrar: { [ lqwgkqxxd ][ 2k ][ e0 ] } { [ oxpswog ][ niapg5jv ][ ed1t417wpe ][ a2m5mxk3qq ] } { [ bhi ] } { [ xwowcg ][ x ] }
antes   de filtrar: { [ 6769 ] } { [ 5536 ] }
despues de filtrar: { [ 6769 ] } { [ 5536 ] }
antes   de colapsar { [ 6769 ] } { [ 5536 ] } { [ 7869 ] }
despues de colapsar { [ 6769 ] } { [ 5536 ] } { [ 7869 ] }
antes   de colapsar { [ 6769 ] } { [ 5536 ] } { [ 7869 ] } { [ 6632 ] } { [ 3490 ] } { [ 3851 ] }
despues de colapsar { [ 6769 ] } { [ 5536 ] } { [ 7869 ] } { [ 6632 ] } { [ 3490 ] } { [ 3851 ] }
antes   de filtrar: { [ 6769 ] } { [ 5536 ] } { [ 7869 ][ 4267 ] } { [ 6632 ] } { [ 3490 ] } { [ 3851 ] } { [ 2843 ] } { [ 9608 ][ 9294 ] } { [ 2790 ][ 5396 ] } { [ 4562 ] } { [ 6811 ] }
despues de filtrar: { [ 6769 ] } { [ 5536 ] } { [ 7869 ][ 4267 ] } { [ 6632 ] } { [ 3851 ] } { [ 2843 ] } { [ 4562 ] } { [ 6811 ] }
antes   de colapsar { [ 6769 ] } { [ 5536 ] } { [ 7869 ][ 4267 ] } { [ 6632 ][ 3389 ] } { [ 3851 ] } { [ 2843 ] } { [ 4562 ] } { [ 6811 ] } { [ 5216 ] } { [ 7075 ] } { [ 1566 ] }
despues de colapsar { [ 6769 ] } { [ 5536 ] } { [ 7869 ][ 4267 ] } { [ 6632 ][ 3389 ] } { [ 3851 ] } { [ 2843 ] } { [ 4562 ] } { [ 6811 ] } { [ 5216 ] } { [ 7075 ] } { [ 1566 ] }
antes   de filtrar: { [ 6769 ] } { [ 5536 ] } { [ 7869 ][ 4267 ] } { [ 6632 ][ 3389 ] } { [ 3851 ] } { [ 2843 ] } { [ 4562 ] } { [ 6811 ] } { [ 5216 ] } { [ 7075 ] } { [ 1566 ] } { [ 3244 ] } { [ 7638 ] } { [ 8467 ] }
despues de filtrar: { [ 6769 ] } { [ 5536 ] } { [ 7869 ][ 4267 ] } { [ 6632 ][ 3389 ] } { [ 3851 ] } { [ 2843 ] } { [ 4562 ] } { [ 6811 ] } { [ 5216 ] } { [ 1566 ] } { [ 3244 ] } { [ 7638 ] } { [ 8467 ] }
antes   de colapsar { [ 6769 ] } { [ 5536 ] } { [ 7869 ][ 4267 ] } { [ 6632 ][ 3389 ] } { [ 3851 ] } { [ 2843 ] } { [ 4562 ] } { [ 6811 ] } { [ 5216 ] } { [ 1566 ] } { [ 3244 ] } { [ 7638 ] } { [ 8467 ] }
despues de colapsar { [ 6769 ] } { [ 5536 ] } { [ 7869 ][ 4267 ] } { [ 6632 ][ 3389 ] } { [ 3851 ] } { [ 2843 ] } { [ 4562 ] } { [ 6811 ] } { [ 5216 ] } { [ 1566 ] } { [ 3244 ] } { [ 7638 ] } { [ 8467 ] }
antes   de filtrar: { [ 6769 ] } { [ 5536 ] } { [ 7869 ][ 4267 ] } { [ 6632 ][ 3389 ][ 9814 ] } { [ 3851 ] } { [ 2843 ][ 2610 ] } { [ 4562 ] } { [ 6811 ] } { [ 5216 ] } { [ 1566 ] } { [ 3244 ] } { [ 7638 ] } { [ 8467 ] } { [ 2302 ] }
despues de filtrar: { [ 6769 ] } { [ 5536 ] } { [ 7869 ][ 4267 ] } { [ 6632 ][ 3389 ][ 9814 ] } { [ 3851 ] } { [ 2843 ][ 2610 ] } { [ 4562 ] } { [ 6811 ] } { [ 5216 ] } { [ 1566 ] } { [ 3244 ] } { [ 7638 ] } { [ 8467 ] }
antes   de colapsar { [ 6769 ] } { [ 5536 ] } { [ 7869 ][ 4267 ] } { [ 6632 ][ 3389 ][ 9814 ] } { [ 3851 ] } { [ 2843 ][ 2610 ] } { [ 4562 ] } { [ 6811 ] } { [ 5216 ] } { [ 1566 ] } { [ 3244 ] } { [ 7638 ] } { [ 8467 ] } { [ 822 ] }
despues de colapsar { [ 6769 ] } { [ 5536 ] } { [ 7869 ][ 4267 ] } { [ 6632 ][ 3389 ][ 9814 ] } { [ 3851 ] } { [ 2843 ][ 2610 ] } { [ 4562 ] } { [ 6811 ] } { [ 5216 ] } { [ 1566 ] } { [ 3244 ] } { [ 7638 ] } { [ 8467 ] } { [ 822 ] }
antes   de filtrar: { [ 6769 ] } { [ 5536 ] } { [ 7869 ][ 4267 ] } { [ 6632 ][ 3389 ][ 9814 ] } { [ 3851 ] } { [ 2843 ][ 2610 ] } { [ 4562 ] } { [ 6811 ] } { [ 5216 ] } { [ 1566 ] } { [ 3244 ] } { [ 7638 ] } { [ 8467 ] } { [ 822 ] } { [ 381 ] } { [ 6577 ] } { [ 3622 ] } { [ 9715 ] }
despues de filtrar: { [ 6769 ] } { [ 5536 ] } { [ 7869 ][ 4267 ] } { [ 6632 ][ 3389 ][ 9814 ] } { [ 3851 ] } { [ 2843 ][ 2610 ] } { [ 4562 ] } { [ 6811 ] } { [ 5216 ] } { [ 1566 ] } { [ 3244 ] } { [ 7638 ] } { [ 8467 ] } { [ 822 ] } { [ 381 ] } { [ 6577 ] } { [ 3622 ] } { [ 9715 ] }
antes   de colapsar { [ veg22 ] } { [ k70 ] }
despues de colapsar { [ veg22 ] } { [ k70 ] }
antes   de colapsar { [ veg22 ] } { [ k70 ] }
despues de colapsar { [ veg22 ] } { [ k70 ] }
antes   de colapsar { [ veg22 ] } { [ k70 ] } { [ wih8asu ][ 8svhjchj3f ] } { [ a36q ] } { [ 0ph8658rfk ] }
despues de colapsar { [ veg22 ] } { [ k70 ] } { [ w8ishv8haj ] } { [ a36q ] } { [ 0ph8658rfk ] }
antes   de filtrar: { [ veg22 ] } { [ k70 ] } { [ w8ishv8haj ] } { [ a36q ] } { [ 0ph8658rfk ] } { [ 3hftwy ] }
despues de filtrar: <vacia>
antes   de filtrar: { [ a69r3n5 ][ gtt ] } { [ 5o5 ][ cdshatl3g ][ itsj ] } { [ 609tp3pav ] } { [ dklj0x5 ] }
despues de filtrar: <vacia>
antes   de filtrar: { [ rf ] }
despues de filtrar: { [ rf ] }
antes   de colapsar { [ rf ] } { [ i2eybcan ] } { [ 97bb9pb ] } { [ sbxd9hhd70 ][ ci8h120g ][ mtipm ] } { [ 6 ] } { [ cy5vcuv ] } { [ l ] } { [ lg4n4ky ] }
despues de colapsar { [ rf ] } { [ i2eybcan ] } { [ 97bb9pb ] } { [ smctbiipxm ] } { [ 6 ] } { [ cy5vcuv ] } { [ l ] } { [ lg4n4ky ] }
antes   de colapsar { [ rf ][ pr24l7f5p ] } { [ i2eybcan ] } { [ 97bb9pb ] } { [ smctbiipxm ] } { [ 6 ] } { [ cy5vcuv ] } { [ l ][ f2o6 ] } { [ lg4n4ky ] } { [ 74v ] }
despues de colapsar { [ rf ][ pr24l7f5p ] } { [ i2eybcan ] } { [ 97bb9pb ] } { [ smctbiipxm ] } { [ 6 ] } { [ cy5vcuv ] } { [ l ][ f2o6 ] } { [ lg4n4ky ] } { [ 74v ] }
antes   de filtrar: { [ rf ][ pr24l7f5p ] } { [ i2eybcan ] } { [ 97bb9pb ] } { [ smctbiipxm ] } { [ 6 ] } { [ cy5vcuv ] } { [ l ][ f2o6 ] } { [ lg4n4ky ] } { [ 74v ] } { [ lgdc28h0 ] } { [ 0thh053 ] } { [ 3 ] } { [ vulvejm ] } { [ 6t7j ] } { [ 23e ] }
despues de filtrar: { [ rf ][ pr24l7f5p ] } { [ smctbiipxm ] } { [ l ][ f2o6 ] } { [ vulvejm ] }
antes   de filtrar: { [ rf ][ pr24l7f5p ] } { [ smctbiipxm ] } { [ l ][ f2o6 ][ lt3b ] } { [ vulvejm ][ m7 ][ ii ] } { [ xah8o ] } { [ p1onkeuxed ] } { [ uvie1jh0ft ] } { [ vkn7a7eh ] } { [ ut ] } { [ p3l8miua4 ] } { [ scgs ] } { [ 36514 ] } { [ bbcm9186 ] }
despues de filtrar: { [ rf ][ pr24l7f5p ] } { [ smctbiipxm ] } { [ l ][ f2o6 ][ lt3b ] } { [ vulvejm ][ m7 ][ ii ] } { [ ut ] } { [ scgs ] }
antes   de filtrar: <vacia>
despues de filtrar: <vacia>
antes   de filtrar: <vacia>
despues de filtrar: <vacia>
antes   de filtrar: { [ 29.168961 ] }
despues de filtrar: { [ 29.168961 ] }
antes   de colapsar { [ 29.168961 ][ -1.585987 ] } { [ 49.794680 ][ 28.091569 ] } { [ 46.572896 ] } { [ -6.117233 ] } { [ -22.933292 ] } { [ 4.034397 ] } { [ -15.184785 ] } { [ 40.183058 ] }
despues de colapsar { [ 29.168961 ][ -1.585987 ] } { [ 8.825319 ] } { [ 46.572896 ] } { [ -6.117233 ] } { [ -22.933292 ] } { [ 4.034397 ] } { [ -15.184785 ] } { [ 40.183058 ] }
antes   de colapsar { [ 29.168961 ][ -1.585987 ] } { [ 8.825319 ] } { [ 46.572896 ] } { [ -6.117233 ] } { [ -22.933292 ] } { [ 4.034397 ] } { [ -15.184785 ] } { [ 40.183058 ] } { [ 3.422189 ] } { [ 71.349381 ] }
despues de colapsar { [ 29.168961 ][ -1.585987 ] } { [ 8.825319 ] } { [ 46.572896 ] } { [ -6.117233 ] } { [ -22.933292 ] } { [ 4.034397 ] } { [ -15.184785 ] } { [ 40.183058 ] } { [ 3.422189 ] } { [ 71.349381 ] }
antes   de filtrar: { [ 29.168961 ][ -1.585987 ][ 25.458030 ] } { [ 8.825319 ] } { [ 46.572896 ] } { [ -6.117233 ][ 25.999122 ] } { [ -22.933292 ] } { [ 4.034397 ] } { [ -15.184785 ] } { [ 40.183058 ] } { [ 3.422189 ][ 16.784809 ][ 55.756699 ] } { [ 71.349381 ] } { [ 22.588214 ][ -11.368755 ] } { [ 48.019132 ] } { [ 54.401758 ] } { [ 57.538187 ][ 69.216406 ] } { [ 73.749427 ] } { [ 1.279222 ] } { [ 33.036762 ][ 72.714443 ] } { [ 1.877914 ] } { [ 34.267310 ] } { [ -17.791815 ] } { [ -7.176937 ] } { [ 4.617939 ] } { [ 53.568991 ] } { [ 33.349385 ] } { [ -2.933542 ] } { [ -23.029192 ] } { [ 11.552833 ] }
despues de filtrar: { [ 29.168961 ][ -1.585987 ][ 25.458030 ] } { [ -6.117233 ][ 25.999122 ] } { [ -22.933292 ] } { [ 4.034397 ] } { [ -15.184785 ] } { [ 40.183058 ] } { [ 3.422189 ][ 16.784809 ][ 55.756699 ] } { [ 71.349381 ] } { [ 48.019132 ] } { [ 54.401758 ] } { [ 1.279222 ] } { [ 33.036762 ][ 72.714443 ] } { [ 34.267310 ] } { [ -17.791815 ] } { [ -7.176937 ] } { [ 33.349385 ] } { [ -2.933542 ] } { [ -23.029192 ] }
antes   de filtrar: { [ 29.168961 ][ -1.585987 ][ 25.458030 ] } { [ -6.117233 ][ 25.999122 ] } { [ -22.933292 ] } { [ 4.034397 ] } { [ -15.184785 ] } { [ 40.183058 ] } { [ 3.422189 ][ 16.784809 ][ 55.756699 ] } { [ 71.349381 ] } { [ 48.019132 ] } { [ 54.401758 ] } { [ 1.279222 ] } { [ 33.036762 ][ 72.714443 ] } { [ 34.267310 ] } { [ -17.791815 ] } { [ -7.176937 ] } { [ 33.349385 ] } { [ -2.933542 ] } { [ -23.029192 ] }
despues de filtrar: { [ 29.168961 ][ -1.585987 ][ 25.458030 ] } { [ -6.117233 ][ 25.999122 ] } { [ -22.933292 ] } { [ 4.034397 ] } { [ -15.184785 ] } { [ 40.183058 ] } { [ 3.422189 ][ 16.784809 ][ 55.756699 ] } { [ 71.349381 ] } { [ 48.019132 ] } { [ 54.401758 ] } { [ 1.279222 ] } { [ 33.036762 ][ 72.714443 ] } { [ 34.267310 ] } { [ -17.791815 ] } { [ -7.176937 ] } { [ 33.349385 ] } { [ -2.933542 ] } { [ -23.029192 ] }
antes   de colapsar { [ 29.168961 ][ -1.585987 ][ 25.458030 ] } { [ -6.117233 ][ 25.999122 ] } { [ -22.933292 ] } { [ 4.034397 ] } { [ -15.184785 ] } { [ 40.183058 ] } { [ 3.422189 ][ 16.784809 ][ 55.756699 ] } { [ 71.349381 ] } { [ 48.019132 ][ 52.846806 ] } { [ 54.401758 ] } { [ 1.279222 ] } { [ 33.036762 ][ 72.714443 ][ 62.787199 ] } { [ 34.267310 ] } { [ -17.791815 ] } { [ -7.176937 ] } { [ 33.349385 ] } { [ -2.933542 ] } { [ -23.029192 ] } { [ 22.894330 ] } { [ 55.280751 ] } { [ 65.007548 ] }
despues de colapsar { [ 29.168961 ][ -1.585987 ][ 25.458030 ] } { [ -6.117233 ][ 25.999122 ] } { [ -22.933292 ] } { [ 4.034397 ] } { [ -15.184785 ] } { [ 40.183058 ] } { [ 3.422189 ][ 16.784809 ][ 55.756699 ] } { [ 71.349381 ] } { [ 48.019132 ][ 52.846806 ] } { [ 54.401758 ] } { [ 1.279222 ] } { [ 33.036762 ][ 72.714443 ][ 62.787199 ] } { [ 34.267310 ] } { [ -17.791815 ] } { [ -7.176937 ] } { [ 33.349385 ] } { [ -2.933542 ] } { [ -23.029192 ] } { [ 22.894330 ] } { [ 55.280751 ] } { [ 65.007548 ] }
antes   de colapsar { [ 29.168961 ][ -1.585987 ][ 25.458030 ] } { [ -6.117233 ][ 25.999122 ] } { [ -22.933292 ] } { [ 4.034397 ] } { [ -15.184785 ] } { [ 40.183058 ] } { [ 3.422189 ][ 16.784809 ][ 55.756699 ] } { [ 71.349381 ] } { [ 48.019132 ][ 52.846806 ] } { [ 54.401758 ] } { [ 1.279222 ] } { [ 33.036762 ][ 72.714443 ][ 62.787199 ] } { [ 34.267310 ] } { [ -17.791815 ] } { [ -7.176937 ] } { [ 33.349385 ] } { [ -2.933542 ][ 72.237146 ] } { [ -23.029192 ] } { [ 22.894330 ] } { [ 55.280751 ] } { [ 65.007548 ] } { [ 16.744961 ] }
despues de colapsar { [ 29.168961 ][ -1.585987 ][ 25.458030 ] } { [ -6.117233 ][ 25.999122 ] } { [ -22.933292 ] } { [ 4.034397 ] } { [ -15.184785 ] } { [ 40.183058 ] } { [ 3.422189 ][ 16.784809 ][ 55.756699 ] } { [ 71.349381 ] } { [ 48.019132 ][ 52.846806 ] } { [ 54.401758 ] } { [ 1.279222 ] } { [ 33.036762 ][ 72.714443 ][ 62.787199 ] } { [ 34.267310 ] } { [ -17.791815 ] } { [ -7.176937 ] } { [ 33.349385 ] } { [ -2.933542 ][ 72.237146 ] } { [ -23.029192 ] } { [ 22.894330 ] } { [ 55.280751 ] } { [ 65.007548 ] } { [ 16.744961 ] }
antes   de colapsar { [ 29.168961 ][ -1.585987 ][ 25.458030 ] } { [ -6.117233 ][ 25.999122 ] } { [ -22.933292 ] } { [ 4.034397 ] } { [ -15.184785 ] } { [ 40.183058 ] } { [ 3.422189 ][ 16.784809 ][ 55.756699 ] } { [ 71.349381 ] } { [ 48.019132 ][ 52.846806 ] } { [ 54.401758 ] } { [ 1.279222 ] } { [ 33.036762 ][ 72.714443 ][ 62.787199 ] } { [ 34.267310 ] } { [ -17.791815 ] } { [ -7.176937 ] } { [ 33.349385 ] } { [ -2.933542 ][ 72.237146 ] } { [ -23.029192 ] } { [ 22.894330 ] } { [ 55.280751 ] } { [ 65.007548 ] } { [ 16.744961 ] } { [ 17.589644 ] } { [ 53.915966 ] } { [ 38.334947 ] }
despues de colapsar { [ 29.168961 ][ -1.585987 ][ 25.458030 ] } { [ -6.117233 ][ 25.999122 ] } { [ -22.933292 ] } { [ 4.034397 ] } { [ -15.184785 ] } { [ 40.183058 ] } { [ 3.422189 ][ 16.784809 ][ 55.756699 ] } { [ 71.349381 ] } { [ 48.019132 ][ 52.846806 ] } { [ 54.401758 ] } { [ 1.279222 ] } { [ 33.036762 ][ 72.714443 ][ 62.787199 ] } { [ 34.267310 ] } { [ -17.791815 ] } { [ -7.176937 ] } { [ 33.349385 ] } { [ -2.933542 ][ 72.237146 ] } { [ -23.029192 ] } { [ 22.894330 ] } { [ 55.280751 ] } { [ 65.007548 ] } { [ 16.744961 ] } { [ 17.589644 ] } { [ 53.915966 ] } { [ 38.334947 ] }
antes   de filtrar: <vacia>
despues de filtrar: <vacia>
antes   de colapsar { [ c2thp7tcc ][ q94ww7ek5 ] } { [ n ] } { [ sna0g7 ] } { [ 9u09 ] } { [ 8uvv2miy ] }
despues de colapsar { [ cq29t4hwpw ] } { [ n ] } { [ sna0g7 ] } { [ 9u09 ] } { [ 8uvv2miy ] }
antes   de filtrar: { [ cq29t4hwpw ] } { [ n ] } { [ sna0g7 ] } { [ 9u09 ] } { [ 8uvv2miy ] }
despues de filtrar: { [ n ] }
antes   de filtrar: { [ n ][ y ] } { [ n ] } { [ ggg5an ] } { [ 4doue1 ][ ro11bm ] } { [ rbbr ][ 7fv78 ] } { [ 176vjv987 ] } { [ nxkqu ] } { [ f1fo66 ] }
despues de filtrar: { [ n ][ y ] } { [ n ] } { [ rbbr ][ 7fv78 ] } { [ nxkqu ] }
antes   de filtrar: { [ n ][ y ] } { [ n ][ mdtr11 ] } { [ rbbr ][ 7fv78 ] } { [ nxkqu ] } { [ vssl ] } { [ q1sn7fkh ] } { [ ulqlq5h07t ] } { [ hyjsg7mbfc ] } { [ id690u ] }
despues de filtrar: { [ n ][ y ] } { [ n ][ mdtr11 ] } { [ rbbr ][ 7fv78 ] } { [ nxkqu ] } { [ vssl ] }
antes   de colapsar { [ n ][ y ] } { [ n ][ mdtr11 ][ 9 ] } { [ rbbr ][ 7fv78 ] } { [ nxkqu ][ tt9cg ] } { [ vssl ][ tpieg113 ] } { [ iqy4m52yij ] } { [ 7qbbrkk ][ 1gw ] } { [ kp4n6bl0 ] } { [ a ] }
despues de colapsar { [ n ][ y ] } { [ n ][ mdtr11 ][ 9 ] } { [ rbbr ][ 7fv78 ] } { [ nxkqu ][ tt9cg ] } { [ vssl ][ tpieg113 ] } { [ iqy4m52yij ] } { [ 71qgbwbrkk ] } { [ kp4n6bl0 ] } { [ a ] }
antes   de filtrar: { [ n ][ y ] } { [ n ][ mdtr11 ][ 9 ] } { [ rbbr ][ 7fv78 ] } { [ nxkqu ][ tt9cg ] } { [ vssl ][ tpieg113 ] } { [ iqy4m52yij ] } { [ 71qgbwbrkk ] } { [ kp4n6bl0 ] } { [ a ] }
despues de filtrar: { [ n ][ y ] } { [ n ][ mdtr11 ][ 9 ] } { [ rbbr ][ 7fv78 ] } { [ nxkqu ][ tt9cg ] } { [ vssl ][ tpieg113 ] } { [ a ] }
antes   de colapsar { [ n ][ y ] } { [ n ][ mdtr11 ][ 9 ] } { [ rbbr ][ 7fv78 ] } { [ nxkqu ][ tt9cg ][ 3f61 ] } { [ vssl ][ tpieg113 ] } { [ a ] } { [ 4s8riy ] } { [ kx1rjlsey ][ tdr ] } { [ ba3 ] } { [ 2 ] } { [ k6ghhuyp ] } { [ 5swud3ph ] } { [ survu9o ] } { [ qfgkn0 ] }
despues de colapsar { [ n ][ y ] } { [ n ][ mdtr11 ][ 9 ] } { [ rbbr ][ 7fv78 ] } { [ nxkqu ][ tt9cg ][ 3f61 ] } { [ vssl ][ tpieg113 ] } { [ a ] } { [ 4s8riy ] } { [ ktxd1rrjls ] } { [ ba3 ] } { [ 2 ] } { [ k6ghhuyp ] } { [ 5swud3ph ] } { [ survu9o ] } { [ qfgkn0 ] }
antes   de colapsar { [ n ][ y ] } { [ n ][ mdtr11 ][ 9 ] } { [ rbbr ][ 7fv78 ] } { [ nxkqu ][ tt9cg ][ 3f61 ] } { [ vssl ][ tpieg113 ] } { [ a ] } { [ 4s8riy ] } { [ ktxd1rrjls ][ r6xjqy ] } { [ ba3 ] } { [ 2 ] } { [ k6ghhuyp ] } { [ 5swud3ph ] } { [ survu9o ] } { [ qfgkn0 ] } { [ lk6ac ] }
despues de colapsar { [ n ][ y ] } { [ n ][ mdtr11 ][ 9 ] } { [ rbbr ][ 7fv78 ] } { [ nxkqu ][ tt9cg ][ 3f61 ] } { [ vssl ][ tpieg113 ] } { [ a ] } { [ 4s8riy ] } { [ krt6xxdj1q ] } { [ ba3 ] } { [ 2 ] } { [ k6ghhuyp ] } { [ 5swud3ph ] } { [ survu9o ] } { [ qfgkn0 ] } { [ lk6ac ] }
antes   de colapsar { [ n ][ y ] } { [ n ][ mdtr11 ][ 9 ] } { [ rbbr ][ 7fv78 ] } { [ nxkqu ][ tt9cg ][ 3f61 ] } { [ vssl ][ tpieg113 ] } { [ a ] } { [ 4s8riy ] } { [ krt6xxdj1q ] } { [ ba3 ] } { [ 2 ] } { [ k6ghhuyp ] } { [ 5swud3ph ][ 395v7qd80 ] } { [ survu9o ] } { [ qfgkn0 ] } { [ lk6ac ] } { [ ctslhe264 ] } { [ qead3 ] } { [ ti ] } { [ voeuwio66c ] } { [ rg2k ] }
despues de colapsar { [ n ][ y ] } { [ n ][ mdtr11 ][ 9 ] } { [ rbbr ][ 7fv78 ] } { [ nxkqu ][ tt9cg ][ 3f61 ] } { [ vssl ][ tpieg113 ] } { [ a ] } { [ 4s8riy ] } { [ krt6xxdj1q ] } { [ ba3 ] } { [ 2 ] } { [ k6ghhuyp ] } { [ 53s9w5uvd7 ] } { [ survu9o ] } { [ qfgkn0 ] } { [ lk6ac ] } { [ ctslhe264 ] } { [ qead3 ] } { [ ti ] } { [ voeuwio66c ] } { [ rg2k ] }
