antes   de colapsar { [ ad0 ] } { [ 7kq ] } { [ k085wwbc ] } { [ e ] } { [ 036f51us9b ][ aa1xl6 ] } { [ 8i ] }
despues de colapsar { [ ad0 ] } { [ 7kq ] } { [ k085wwbc ] } { [ e ] } { [ 0a3a61fx5l ] } { [ 8i ] }
antes   de colapsar { [ ad0 ] } { [ 7kq ] } { [ k085wwbc ] } { [ e ] } { [ 0a3a61fx5l ][ q0gsto8rb ] } { [ 8i ] } { [ ii ] } { [ pydcbp3b ] }
despues de colapsar { [ ad0 ] } { [ 7kq ] } { [ k085wwbc ] } { [ e ] } { [ 0qa03gas6t ] } { [ 8i ] } { [ ii ] } { [ pydcbp3b ] }
antes   de filtrar: { [ ad0 ] } { [ 7kq ] } { [ k085wwbc ] } { [ e ][ 27 ] } { [ 0qa03gas6t ] } { [ 8i ] } { [ ii ] } { [ pydcbp3b ] } { [ nbi1m2u ] } { [ h4fpimuvj ] } { [ xuw ] }
despues de filtrar: { [ e ][ 27 ] } { [ ii ] } { [ xuw ] }
antes   de filtrar: { [ e ][ 27 ] } { [ ii ][ spv1tl20 ] } { [ xuw ][ 18runo4if ] } { [ v71xu ] } { [ 2 ] } { [ d211k ] } { [ p9qk ] }
despues de filtrar: { [ e ][ 27 ] } { [ ii ][ spv1tl20 ] } { [ xuw ][ 18runo4if ] }
antes   de colapsar { [ e ][ 27 ] } { [ ii ][ spv1tl20 ] } { [ xuw ][ 18runo4if ] } { [ et70 ][ nvmrt ][ g ] }
despues de colapsar { [ e ][ 27 ] } { [ ii ][ spv1tl20 ] } { [ xuw ][ 18runo4if ] } { [ egntv7m0rt ] }
antes   de colapsar { [ e ][ 27 ] } { [ ii ][ spv1tl20 ] } { [ xuw ][ 18runo4if ] } { [ egntv7m0rt ] }
despues de colapsar { [ e ][ 27 ] } { [ ii ][ spv1tl20 ] } { [ xuw ][ 18runo4if ] } { [ egntv7m0rt ] }
antes   de colapsar { [ e ][ 27 ] } { [ ii ][ spv1tl20 ] } { [ xuw ][ 18runo4if ] } { [ egntv7m0rt ] } { [ 9l ] }
despues de colapsar { [ e ][ 27 ] } { [ ii ][ spv1tl20 ] } { [ xuw ][ 18runo4if ] } { [ egntv7m0rt ] } { [ 9l ] }
antes   de filtrar: { [ e ][ 27 ] } { [ ii ][ spv1tl20 ][ b9sfls ] } { [ xuw ][ 18runo4if ] } { [ egntv7m0rt ][ wms2xs5 ] } { [ 9l ] } { [ visd ] } { [ 9 ][ y ] } { [ g5n53b7xp ][ brno83wew6 ] } { [ r9 ] } { [ d ] } { [ po ] } { [ 0ax2uoqyl ][ jy1fguy4p4 ] } { [ 3 ] } { [ jmtc43fi ] } { [ pbye7 ] } { [ ajb7 ] } { [ 9 ] } { [ 7 ] } { [ 6k53 ] } { [ l9 ] } { [ 63u ] }
despues de filtrar: { [ e ][ 27 ] } { [ ii ][ spv1tl20 ][ b9sfls ] } { [ xuw ][ 18runo4if ] } { [ visd ] } { [ d ] } { [ po ] }
antes   de filtrar: { [ e ][ 27 ] } { [ ii ][ spv1tl20 ][ b9sfls ][ ujn3 ] } { [ xuw ][ 18runo4if ] } { [ visd ][ jk0p5p ] } { [ d ] } { [ po ] } { [ 6cia99 ] } { [ gt61k4u ] }
despues de filtrar: { [ e ][ 27 ] } { [ ii ][ spv1tl20 ][ b9sfls ][ ujn3 ] } { [ xuw ][ 18runo4if ] } { [ visd ][ jk0p5p ] } { [ d ] } { [ po ] }
antes   de filtrar: { [ e ][ 27 ] } { [ ii ][ spv1tl20 ][ b9sfls ][ ujn3 ][ 6qe ] } { [ xuw ][ 18runo4if ] } { [ visd ][ jk0p5p ] } { [ d ] } { [ po ] }
despues de filtrar: { [ e ][ 27 ] } { [ ii ][ spv1tl20 ][ b9sfls ][ ujn3 ][ 6qe ] } { [ xuw ][ 18runo4if ] } { [ visd ][ jk0p5p ] } { [ d ] } { [ po ] }
antes   de colapsar { [ jefk5p7s3 ][ qbft2brgww ] } { [ vaqs ] } { [ btx667lpe ] } { [ l ] }
despues de colapsar { [ jqebffkt52 ] } { [ vaqs ] } { [ btx667lpe ] } { [ l ] }
antes   de colapsar { [ jqebffkt52 ] } { [ vaqs ] } { [ btx667lpe ] } { [ l ] }
despues de colapsar { [ jqebffkt52 ] } { [ vaqs ] } { [ btx667lpe ] } { [ l ] }
antes   de filtrar: { [ jqebffkt52 ] } { [ vaqs ] } { [ btx667lpe ] } { [ l ] }
despues de filtrar: { [ vaqs ] } { [ l ] }
antes   de filtrar: { [ vaqs ][ g2 ] } { [ l ] } { [ ryidf4qv7n ] } { [ 8yvpinq1t ] } { [ 6dt ] } { [ x7lgk ] } { [ 9 ] } { [ 6en ] }
despues de filtrar: { [ vaqs ][ g2 ] } { [ l ] }
antes   de colapsar { [ vaqs ][ g2 ] } { [ l ] } { [ 576 ][ g90gci822 ] } { [ o ] } { [ h4n0 ] } { [ as ] } { [ wh ][ vw7trd6 ] } { [ kt ] } { [ ytxi2 ] } { [ 3kue ] } { [ 93 ] } { [ ee6amsk ][ 38 ] } { [ v7b8v6 ] } { [ q61u ] } { [ 0bil ] } { [ gy ] } { [ xhk9jx ] } { [ 4w ] } { [ rmatb1jyk6 ] }
despues de colapsar { [ vaqs ][ g2 ] } { [ l ] } { [ 5g7960gci8 ] } { [ o ] } { [ h4n0 ] } { [ as ] } { [ wh ][ vw7trd6 ] } { [ kt ] } { [ ytxi2 ] } { [ 3kue ] } { [ 93 ] } { [ e3e86amsk ] } { [ v7b8v6 ] } { [ q61u ] } { [ 0bil ] } { [ gy ] } { [ xhk9jx ] } { [ 4w ] } { [ rmatb1jyk6 ] }
antes   de filtrar: { [ vaqs ][ g2 ] } { [ l ] } { [ 5g7960gci8 ] } { [ o ] } { [ h4n0 ] } { [ as ] } { [ wh ][ vw7trd6 ] } { [ kt ] } { [ ytxi2 ] } { [ 3kue ][ r84 ] } { [ 93 ] } { [ e3e86amsk ] } { [ v7b8v6 ][ t2qv ] } { [ q61u ] } { [ 0bil ] } { [ gy ] } { [ xhk9jx ] } { [ 4w ] } { [ rmatb1jyk6 ] }
despues de filtrar: { [ vaqs ][ g2 ] } { [ l ] } { [ o ] } { [ as ] } { [ wh ][ vw7trd6 ] } { [ kt ] } { [ gy ] }
antes   de filtrar: { [ vaqs ][ g2 ] } { [ l ] } { [ o ] } { [ as ] } { [ wh ][ vw7trd6 ][ a946tu ] } { [ kt ] } { [ gy ] } { [ 9sngci ] } { [ suop ] }
despues de filtrar: { [ vaqs ][ g2 ] } { [ l ] } { [ o ] } { [ as ] } { [ wh ][ vw7trd6 ][ a946tu ] } { [ kt ] } { [ gy ] } { [ suop ] }
antes   de filtrar: { [ vaqs ][ g2 ] } { [ l ] } { [ o ] } { [ as ] } { [ wh ][ vw7trd6 ][ a946tu ] } { [ kt ] } { [ gy ] } { [ suop ] }
despues de filtrar: { [ vaqs ][ g2 ] } { [ l ] } { [ o ] } { [ as ] } { [ wh ][ vw7trd6 ][ a946tu ] } { [ kt ] } { [ gy ] } { [ suop ] }
antes   de colapsar { [ vaqs ][ g2 ] } { [ l ] } { [ o ] } { [ as ] } { [ wh ][ vw7trd6 ][ a946tu ] } { [ kt ] } { [ gy ] } { [ suop ] } { [ vjfwm2x ][ xnap ] }
despues de colapsar { [ vaqs ][ g2 ] } { [ l ] } { [ o ] } { [ as ] } { [ wh ][ vw7trd6 ][ a946tu ] } { [ kt ] } { [ gy ] } { [ suop ] } { [ vxjnfawpm2 ] }
antes   de colapsar { [ vaqs ][ g2 ] } { [ l ] } { [ o ] } { [ as ] } { [ wh ][ vw7trd6 ][ a946tu ] } { [ kt ] } { [ gy ] } { [ suop ] } { [ vxjnfawpm2 ] }
despues de colapsar { [ vaqs ][ g2 ] } { [ l ] } { [ o ] } { [ as ] } { [ wh ][ vw7trd6 ][ a946tu ] } { [ kt ] } { [ gy ] } { [ suop ] } { [ vxjnfawpm2 ] }
antes   de filtrar: { [ f ] }
despues de filtrar: { [ f ] }
antes   de filtrar: { [ f ][ w0yakmxch ] } { [ u6 ] } { [ is5syc ] } { [ 5e6t3ld ] } { [ mwl ] } { [ t ] }
despues de filtrar: { [ f ][ w0yakmxch ] } { [ mwl ] } { [ t ] }
antes   de filtrar: { [ f ][ w0yakmxch ][ 7 ][ glk ] } { [ mwl ] } { [ t ][ q ] } { [ c6qmbnu7i ] } { [ mb7bxus8l ] } { [ gk48 ] } { [ do2x ] }
despues de filtrar: { [ f ][ w0yakmxch ][ 7 ][ glk ] } { [ mwl ] } { [ t ][ q ] }
antes   de colapsar { [ f ][ w0yakmxch ][ 7 ][ glk ] } { [ mwl ] } { [ t ][ q ] } { [ 5inh ] } { [ 2ec ] } { [ dk ] } { [ qpxqrs ] }
despues de colapsar { [ f ][ w0yakmxch ][ 7 ][ glk ] } { [ mwl ] } { [ t ][ q ] } { [ 5inh ] } { [ 2ec ] } { [ dk ] } { [ qpxqrs ] }
antes   de colapsar { [ f ][ w0yakmxch ][ 7 ][ glk ] } { [ mwl ] } { [ t ][ q ][ 0x ] } { [ 5inh ] } { [ 2ec ][ x66bbh ] } { [ dk ] } { [ qpxqrs ] } { [ 76d8m7qv ] } { [ c8 ] }
despues de colapsar { [ f ][ w0yakmxch ][ 7 ][ glk ] } { [ mwl ] } { [ t ][ q ][ 0x ] } { [ 5inh ] } { [ 2xe6c6bbh ] } { [ dk ] } { [ qpxqrs ] } { [ 76d8m7qv ] } { [ c8 ] }
antes   de filtrar: { [ f ][ w0yakmxch ][ 7 ][ glk ] } { [ mwl ] } { [ t ][ q ][ 0x ] } { [ 5inh ] } { [ 2xe6c6bbh ] } { [ dk ] } { [ qpxqrs ][ 23e1k83 ] } { [ 76d8m7qv ] } { [ c8 ][ iir5vbh ] } { [ so2sxa8 ][ 84b ] } { [ 45ve4l9iw ] } { [ clmnbr ] } { [ oj7to1h8ln ] } { [ n ] } { [ 0 ] }
despues de filtrar: { [ f ][ w0yakmxch ][ 7 ][ glk ] } { [ mwl ] } { [ t ][ q ][ 0x ] } { [ dk ] } { [ qpxqrs ][ 23e1k83 ] } { [ clmnbr ] } { [ n ] }
antes   de colapsar { [ f ][ w0yakmxch ][ 7 ][ glk ] } { [ mwl ] } { [ t ][ q ][ 0x ][ b7phm3xc06 ] } { [ dk ][ 1a2x6oqm ] } { [ qpxqrs ][ 23e1k83 ] } { [ clmnbr ] } { [ n ] } { [ sk2ell ] }
despues de colapsar { [ f ][ w0yakmxch ][ 7 ][ glk ] } { [ mwl ] } { [ t ][ q ][ 0x ][ b7phm3xc06 ] } { [ dk ][ 1a2x6oqm ] } { [ qpxqrs ][ 23e1k83 ] } { [ clmnbr ] } { [ n ] } { [ sk2ell ] }
antes   de colapsar { [ f ][ w0yakmxch ][ 7 ][ glk ] } { [ mwl ] } { [ t ][ q ][ 0x ][ b7phm3xc06 ] } { [ dk ][ 1a2x6oqm ] } { [ qpxqrs ][ 23e1k83 ] } { [ clmnbr ] } { [ n ] } { [ sk2ell ] }
despues de colapsar { [ f ][ w0yakmxch ][ 7 ][ glk ] } { [ mwl ] } { [ t ][ q ][ 0x ][ b7phm3xc06 ] } { [ dk ][ 1a2x6oqm ] } { [ qpxqrs ][ 23e1k83 ] } { [ clmnbr ] } { [ n ] } { [ sk2ell ] }
antes   de filtrar: { [ f ][ w0yakmxch ][ 7 ][ glk ] } { [ mwl ] } { [ t ][ q ][ 0x ][ b7phm3xc06 ] } { [ dk ][ 1a2x6oqm ] } { [ qpxqrs ][ 23e1k83 ] } { [ clmnbr ] } { [ n ] } { [ sk2ell ] }
despues de filtrar: { [ f ][ w0yakmxch ][ 7 ][ glk ] } { [ mwl ] } { [ t ][ q ][ 0x ][ b7phm3xc06 ] } { [ dk ][ 1a2x6oqm ] } { [ qpxqrs ][ 23e1k83 ] } { [ clmnbr ] } { [ n ] }
antes   de colapsar { [ f ][ w0yakmxch ][ 7 ][ glk ] } { [ mwl ] } { [ t ][ q ][ 0x ][ b7phm3xc06 ] } { [ dk ][ 1a2x6oqm ] } { [ qpxqrs ][ 23e1k83 ] } { [ clmnbr ] } { [ n ] } { [ 71dvt ] }
despues de colapsar { [ f ][ w0yakmxch ][ 7 ][ glk ] } { [ mwl ] } { [ t ][ q ][ 0x ][ b7phm3xc06 ] } { [ dk ][ 1a2x6oqm ] } { [ qpxqrs ][ 23e1k83 ] } { [ clmnbr ] } { [ n ] } { [ 71dvt ] }
antes   de filtrar: <vacia>
despues de filtrar: <vacia>
antes   de colapsar { [ 49.333726 ][ -0.233572 ] } { [ 46.804428 ][ -8.988988 ] } { [ 23.773644 ] }
despues de colapsar { [ 49.333726 ][ -0.233572 ] } { [ 6.149426 ] } { [ 23.773644 ] }
antes   de filtrar: { [ 49.333726 ][ -0.233572 ][ 54.178101 ] } { [ 6.149426 ] } { [ 23.773644 ] } { [ 46.045970 ][ 20.423637 ] } { [ -6.796672 ] }
despues de filtrar: { [ 49.333726 ][ -0.233572 ][ 54.178101 ] } { [ 6.149426 ] } { [ 46.045970 ][ 20.423637 ] } { [ -6.796672 ] }
antes   de filtrar: { [ 49.333726 ][ -0.233572 ][ 54.178101 ] } { [ 6.149426 ] } { [ 46.045970 ][ 20.423637 ] } { [ -6.796672 ] } { [ 4.116480 ][ -19.282750 ] } { [ 24.132280 ] } { [ 49.063671 ] }
despues de filtrar: { [ 49.333726 ][ -0.233572 ][ 54.178101 ] } { [ 6.149426 ] } { [ 46.045970 ][ 20.423637 ] } { [ -6.796672 ] } { [ 4.116480 ][ -19.282750 ] } { [ 24.132280 ] } { [ 49.063671 ] }
antes   de filtrar: { [ 49.333726 ][ -0.233572 ][ 54.178101 ] } { [ 6.149426 ] } { [ 46.045970 ][ 20.423637 ] } { [ -6.796672 ] } { [ 4.116480 ][ -19.282750 ] } { [ 24.132280 ] } { [ 49.063671 ] } { [ 51.565266 ] } { [ -24.992372 ] } { [ 70.273574 ][ 41.761085 ] } { [ 36.117597 ] } { [ 6.270848 ] } { [ 61.350471 ] } { [ -16.983514 ] } { [ 7.821353 ] }
despues de filtrar: { [ 49.333726 ][ -0.233572 ][ 54.178101 ] } { [ 6.149426 ] } { [ 46.045970 ][ 20.423637 ] } { [ -6.796672 ] } { [ 4.116480 ][ -19.282750 ] } { [ 24.132280 ] } { [ 49.063671 ] } { [ -24.992372 ] } { [ 70.273574 ][ 41.761085 ] } { [ 36.117597 ] } { [ 6.270848 ] } { [ 61.350471 ] } { [ -16.983514 ] }
antes   de colapsar { [ 49.333726 ][ -0.233572 ][ 54.178101 ] } { [ 6.149426 ] } { [ 46.045970 ][ 20.423637 ] } { [ -6.796672 ] } { [ 4.116480 ][ -19.282750 ] } { [ 24.132280 ] } { [ 49.063671 ] } { [ -24.992372 ] } { [ 70.273574 ][ 41.761085 ][ 48.224836 ] } { [ 36.117597 ] } { [ 6.270848 ] } { [ 61.350471 ] } { [ -16.983514 ] }
despues de colapsar { [ 49.333726 ][ -0.233572 ][ 54.178101 ] } { [ 6.149426 ] } { [ 46.045970 ][ 20.423637 ] } { [ -6.796672 ] } { [ 4.116480 ][ -19.282750 ] } { [ 24.132280 ] } { [ 49.063671 ] } { [ -24.992372 ] } { [ 70.273574 ][ 41.761085 ][ 48.224836 ] } { [ 36.117597 ] } { [ 6.270848 ] } { [ 61.350471 ] } { [ -16.983514 ] }
antes   de filtrar: { [ 49.333726 ][ -0.233572 ][ 54.178101 ] } { [ 6.149426 ] } { [ 46.045970 ][ 20.423637 ] } { [ -6.796672 ] } { [ 4.116480 ][ -19.282750 ] } { [ 24.132280 ] } { [ 49.063671 ] } { [ -24.992372 ] } { [ 70.273574 ][ 41.761085 ][ 48.224836 ] } { [ 36.117597 ] } { [ 6.270848 ] } { [ 61.350471 ] } { [ -16.983514 ] } { [ 53.358347 ] } { [ 1.096019 ] } { [ 69.730552 ] }
despues de filtrar: { [ 49.333726 ][ -0.233572 ][ 54.178101 ] } { [ 6.149426 ] } { [ 46.045970 ][ 20.423637 ] } { [ -6.796672 ] } { [ 4.116480 ][ -19.282750 ] } { [ 24.132280 ] } { [ 49.063671 ] } { [ -24.992372 ] } { [ 70.273574 ][ 41.761085 ][ 48.224836 ] } { [ 36.117597 ] } { [ 6.270848 ] } { [ 61.350471 ] } { [ -16.983514 ] } { [ 53.358347 ] } { [ 1.096019 ] }
antes   de colapsar { [ 49.333726 ][ -0.233572 ][ 54.178101 ] } { [ 6.149426 ] } { [ 46.045970 ][ 20.423637 ] } { [ -6.796672 ] } { [ 4.116480 ][ -19.282750 ][ -17.879295 ] } { [ 24.132280 ] } { [ 49.063671 ] } { [ -24.992372 ] } { [ 70.273574 ][ 41.761085 ][ 48.224836 ] } { [ 36.117597 ] } { [ 6.270848 ] } { [ 61.350471 ] } { [ -16.983514 ] } { [ 53.358347 ] } { [ 1.096019 ] } { [ -12.447158 ] }
despues de colapsar { [ 49.333726 ][ -0.233572 ][ 54.178101 ] } { [ 6.149426 ] } { [ 46.045970 ][ 20.423637 ] } { [ -6.796672 ] } { [ 4.116480 ][ -19.282750 ][ -17.879295 ] } { [ 24.132280 ] } { [ 49.063671 ] } { [ -24.992372 ] } { [ 70.273574 ][ 41.761085 ][ 48.224836 ] } { [ 36.117597 ] } { [ 6.270848 ] } { [ 61.350471 ] } { [ -16.983514 ] } { [ 53.358347 ] } { [ 1.096019 ] } { [ -12.447158 ] }
antes   de colapsar { [ 49.333726 ][ -0.233572 ][ 54.178101 ] } { [ 6.149426 ] } { [ 46.045970 ][ 20.423637 ] } { [ -6.796672 ] } { [ 4.116480 ][ -19.282750 ][ -17.879295 ] } { [ 24.132280 ] } { [ 49.063671 ] } { [ -24.992372 ] } { [ 70.273574 ][ 41.761085 ][ 48.224836 ] } { [ 36.117597 ] } { [ 6.270848 ] } { [ 61.350471 ] } { [ -16.983514 ] } { [ 53.358347 ] } { [ 1.096019 ] } { [ -12.447158 ] } { [ 57.368626 ] } { [ 65.841080 ] }
despues de colapsar { [ 49.333726 ][ -0.233572 ][ 54.178101 ] } { [ 6.149426 ] } { [ 46.045970 ][ 20.423637 ] } { [ -6.796672 ] } { [ 4.116480 ][ -19.282750 ][ -17.879295 ] } { [ 24.132280 ] } { [ 49.063671 ] } { [ -24.992372 ] } { [ 70.273574 ][ 41.761085 ][ 48.224836 ] } { [ 36.117597 ] } { [ 6.270848 ] } { [ 61.350471 ] } { [ -16.983514 ] } { [ 53.358347 ] } { [ 1.096019 ] } { [ -12.447158 ] } { [ 57.368626 ] } { [ 65.841080 ] }
antes   de colapsar { [ 49.333726 ][ -0.233572 ][ 54.178101 ] } { [ 6.149426 ] } { [ 46.045970 ][ 20.423637 ] } { [ -6.796672 ] } { [ 4.116480 ][ -19.282750 ][ -17.879295 ] } { [ 24.132280 ] } { [ 49.063671 ] } { [ -24.992372 ] } { [ 70.273574 ][ 41.761085 ][ 48.224836 ] } { [ 36.117597 ] } { [ 6.270848 ] } { [ 61.350471 ] } { [ -16.983514 ] } { [ 53.358347 ] } { [ 1.096019 ] } { [ -12.447158 ] } { [ 57.368626 ] } { [ 65.841080 ] }
despues de colapsar { [ 49.333726 ][ -0.233572 ][ 54.178101 ] } { [ 6.149426 ] } { [ 46.045970 ][ 20.423637 ] } { [ -6.796672 ] } { [ 4.116480 ][ -19.282750 ][ -17.879295 ] } { [ 24.132280 ] } { [ 49.063671 ] } { [ -24.992372 ] } { [ 70.273574 ][ 41.761085 ][ 48.224836 ] } { [ 36.117597 ] } { [ 6.270848 ] } { [ 61.350471 ] } { [ -16.983514 ] } { [ 53.358347 ] } { [ 1.096019 ] } { [ -12.447158 ] } { [ 57.368626 ] } { [ 65.841080 ] }
antes   de filtrar: <vacia>
despues de filtrar: <vacia>
antes   de filtrar: { [ 3991 ][ 2159 ] }
despues de filtrar: { [ 3991 ][ 2159 ] }
antes   de colapsar { [ 3991 ][ 2159 ] } { [ 2251 ] } { [ 374 ] } { [ 9452 ] } { [ 6184 ] }
despues de colapsar { [ 3991 ][ 2159 ] } { [ 2251 ] } { [ 374 ] } { [ 9452 ] } { [ 6184 ] }
antes   de filtrar: { [ 3991 ][ 2159 ] } { [ 2251 ] } { [ 374 ] } { [ 9452 ] } { [ 6184 ] } { [ 6034 ] } { [ 6659 ] } { [ 9153 ] } { [ 8211 ] } { [ 2631 ] }
despues de filtrar: { [ 3991 ][ 2159 ] } { [ 2251 ] } { [ 374 ] } { [ 9452 ] } { [ 6184 ] } { [ 6659 ] } { [ 9153 ] } { [ 8211 ] } { [ 2631 ] }
antes   de filtrar: { [ 3991 ][ 2159 ] } { [ 2251 ] } { [ 374 ] } { [ 9452 ] } { [ 6184 ] } { [ 6659 ] } { [ 9153 ] } { [ 8211 ] } { [ 2631 ] }
despues de filtrar: { [ 3991 ][ 2159 ] } { [ 2251 ] } { [ 374 ] } { [ 9452 ] } { [ 6184 ] } { [ 6659 ] } { [ 9153 ] } { [ 8211 ] } { [ 2631 ] }
antes   de filtrar: { [ 3991 ][ 2159 ][ 2595 ] } { [ 2251 ] } { [ 374 ] } { [ 9452 ] } { [ 6184 ] } { [ 6659 ] } { [ 9153 ] } { [ 8211 ] } { [ 2631 ] } { [ 7591 ] } { [ 7758 ] } { [ 4540 ] }
despues de filtrar: { [ 3991 ][ 2159 ][ 2595 ] } { [ 2251 ] } { [ 374 ] } { [ 9452 ] } { [ 6184 ] } { [ 6659 ] } { [ 9153 ] } { [ 8211 ] } { [ 2631 ] } { [ 7591 ] } { [ 7758 ] }
antes   de colapsar { [ 3991 ][ 2159 ][ 2595 ] } { [ 2251 ] } { [ 374 ] } { [ 9452 ][ 8804 ] } { [ 6184 ][ 651 ] } { [ 6659 ] } { [ 9153 ] } { [ 8211 ] } { [ 2631 ] } { [ 7591 ] } { [ 7758 ] } { [ 4389 ][ 194 ] } { [ 5738 ] } { [ 7598 ] } { [ 3154 ] } { [ 3147 ] }
despues de colapsar { [ 3991 ][ 2159 ][ 2595 ] } { [ 2251 ] } { [ 374 ] } { [ 9452 ][ 8804 ] } { [ 6184 ][ 651 ] } { [ 6659 ] } { [ 9153 ] } { [ 8211 ] } { [ 2631 ] } { [ 7591 ] } { [ 7758 ] } { [ 4389 ][ 194 ] } { [ 5738 ] } { [ 7598 ] } { [ 3154 ] } { [ 3147 ] }
antes   de colapsar { [ 3991 ][ 2159 ][ 2595 ] } { [ 2251 ] } { [ 374 ] } { [ 9452 ][ 8804 ] } { [ 6184 ][ 651 ] } { [ 6659 ] } { [ 9153 ] } { [ 8211 ] } { [ 2631 ] } { [ 7591 ] } { [ 7758 ] } { [ 4389 ][ 194 ] } { [ 5738 ] } { [ 7598 ] } { [ 3154 ] } { [ 3147 ] }
despues de colapsar { [ 3991 ][ 2159 ][ 2595 ] } { [ 2251 ] } { [ 374 ] } { [ 9452 ][ 8804 ] } { [ 6184 ][ 651 ] } { [ 6659 ] } { [ 9153 ] } { [ 8211 ] } { [ 2631 ] } { [ 7591 ] } { [ 7758 ] } { [ 4389 ][ 194 ] } { [ 5738 ] } { [ 7598 ] } { [ 3154 ] } { [ 3147 ] }
antes   de colapsar { [ 3991 ][ 2159 ][ 2595 ] } { [ 2251 ] } { [ 374 ] } { [ 9452 ][ 8804 ] } { [ 6184 ][ 651 ] } { [ 6659 ] } { [ 9153 ] } { [ 8211 ] } { [ 2631 ] } { [ 7591 ] } { [ 7758 ] } { [ 4389 ][ 194 ] } { [ 5738 ] } { [ 7598 ] } { [ 3154 ] } { [ 3147 ] } { [ 9294 ] } { [ 15 ] }
despues de colapsar { [ 3991 ][ 2159 ][ 2595 ] } { [ 2251 ] } { [ 374 ] } { [ 9452 ][ 8804 ] } { [ 6184 ][ 651 ] } { [ 6659 ] } { [ 9153 ] } { [ 8211 ] } { [ 2631 ] } { [ 7591 ] } { [ 7758 ] } { [ 4389 ][ 194 ] } { [ 5738 ] } { [ 7598 ] } { [ 3154 ] } { [ 3147 ] } { [ 9294 ] } { [ 15 ] }
antes   de colapsar { [ 3991 ][ 2159 ][ 2595 ] } { [ 2251 ] } { [ 374 ][ 1081 ] } { [ 9452 ][ 8804 ] } { [ 6184 ][ 651 ] } { [ 6659 ][ 3168 ][ 5356 ] } { [ 9153 ] } { [ 8211 ] } { [ 2631 ] } { [ 7591 ] } { [ 7758 ] } { [ 4389 ][ 194 ] } { [ 5738 ] } { [ 7598 ] } { [ 3154 ] } { [ 3147 ] } { [ 9294 ] } { [ 15 ] } { [ 6802 ][ 4494 ] } { [ 2082 ] } { [ 6723 ] } { [ 3571 ] } { [ 2545 ] } { [ 3149 ] } { [ 6433 ] } { [ 1469 ] } { [ 7570 ] }
despues de colapsar { [ 3991 ][ 2159 ][ 2595 ] } { [ 2251 ] } { [ 374 ][ 1081 ] } { [ 9452 ][ 8804 ] } { [ 6184 ][ 651 ] } { [ 6659 ][ 3168 ][ 5356 ] } { [ 9153 ] } { [ 8211 ] } { [ 2631 ] } { [ 7591 ] } { [ 7758 ] } { [ 4389 ][ 194 ] } { [ 5738 ] } { [ 7598 ] } { [ 3154 ] } { [ 3147 ] } { [ 9294 ] } { [ 15 ] } { [ 5528 ] } { [ 2082 ] } { [ 6723 ] } { [ 3571 ] } { [ 2545 ] } { [ 3149 ] } { [ 6433 ] } { [ 1469 ] } { [ 7570 ] }
