antes   de colapsar <vacia>
despues de colapsar <vacia>
antes   de filtrar: <vacia>
despues de filtrar: <vacia>
antes   de colapsar { [ 17.055984 ] } { [ 12.536101 ][ -9.663659 ][ -3.315846 ] } { [ 65.580457 ] } { [ 73.793146 ] } { [ 67.386902 ][ 28.608665 ] } { [ 18.390844 ][ 45.792632 ] } { [ 48.899267 ] } { [ 11.540017 ] } { [ 3.195292 ] } { [ 16.611559 ] } { [ 58.287311 ] }
despues de colapsar { [ 17.055984 ] } { [ -nan ] } { [ 65.580457 ] } { [ 73.793146 ] } { [ 67.386902 ][ 28.608665 ] } { [ 18.390844 ][ 45.792632 ] } { [ 48.899267 ] } { [ 11.540017 ] } { [ 3.195292 ] } { [ 16.611559 ] } { [ 58.287311 ] }
antes   de colapsar { [ 17.055984 ] } { [ -nan ] } { [ 65.580457 ] } { [ 73.793146 ] } { [ 67.386902 ][ 28.608665 ] } { [ 18.390844 ][ 45.792632 ] } { [ 48.899267 ][ -5.419173 ] } { [ 11.540017 ][ 25.115485 ] } { [ 3.195292 ] } { [ 16.611559 ] } { [ 58.287311 ] } { [ 6.287252 ] } { [ -17.050255 ] } { [ 23.070588 ] }
despues de colapsar { [ 17.055984 ] } { [ -nan ] } { [ 65.580457 ] } { [ 73.793146 ] } { [ 67.386902 ][ 28.608665 ] } { [ 18.390844 ][ 45.792632 ] } { [ 6.593944 ] } { [ 6.054379 ] } { [ 3.195292 ] } { [ 16.611559 ] } { [ 58.287311 ] } { [ 6.287252 ] } { [ -17.050255 ] } { [ 23.070588 ] }
antes   de filtrar: { [ 17.055984 ] } { [ -nan ] } { [ 65.580457 ] } { [ 73.793146 ] } { [ 67.386902 ][ 28.608665 ] } { [ 18.390844 ][ 45.792632 ] } { [ 6.593944 ] } { [ 6.054379 ] } { [ 3.195292 ] } { [ 16.611559 ] } { [ 58.287311 ] } { [ 6.287252 ] } { [ -17.050255 ] } { [ 23.070588 ] }
despues de filtrar: { [ 17.055984 ] } { [ -nan ] } { [ 67.386902 ][ 28.608665 ] } { [ 18.390844 ][ 45.792632 ] } { [ 6.054379 ] } { [ 3.195292 ] } { [ 58.287311 ] } { [ 6.287252 ] } { [ -17.050255 ] } { [ 23.070588 ] }
antes   de filtrar: { [ 17.055984 ] } { [ -nan ] } { [ 67.386902 ][ 28.608665 ] } { [ 18.390844 ][ 45.792632 ] } { [ 6.054379 ] } { [ 3.195292 ] } { [ 58.287311 ] } { [ 6.287252 ] } { [ -17.050255 ] } { [ 23.070588 ] } { [ -9.413777 ] }
despues de filtrar: { [ 17.055984 ] } { [ -nan ] } { [ 67.386902 ][ 28.608665 ] } { [ 18.390844 ][ 45.792632 ] } { [ 6.054379 ] } { [ 3.195292 ] } { [ 58.287311 ] } { [ 6.287252 ] } { [ -17.050255 ] } { [ 23.070588 ] } { [ -9.413777 ] }
antes   de colapsar { [ 17.055984 ] } { [ -nan ][ 29.226209 ] } { [ 67.386902 ][ 28.608665 ] } { [ 18.390844 ][ 45.792632 ][ -5.945974 ] } { [ 6.054379 ] } { [ 3.195292 ] } { [ 58.287311 ] } { [ 6.287252 ] } { [ -17.050255 ] } { [ 23.070588 ] } { [ -9.413777 ] } { [ 52.189607 ] } { [ -8.257062 ] } { [ -10.688339 ][ 39.334460 ] } { [ -7.942700 ] } { [ 4.546415 ] } { [ 44.760803 ] } { [ 72.342025 ] } { [ 13.867197 ] }
despues de colapsar { [ 17.055984 ] } { [ -nan ][ 29.226209 ] } { [ 67.386902 ][ 28.608665 ] } { [ 18.390844 ][ 45.792632 ][ -5.945974 ] } { [ 6.054379 ] } { [ 3.195292 ] } { [ 58.287311 ] } { [ 6.287252 ] } { [ -17.050255 ] } { [ 23.070588 ] } { [ -9.413777 ] } { [ 52.189607 ] } { [ -8.257062 ] } { [ -10.688339 ][ 39.334460 ] } { [ -7.942700 ] } { [ 4.546415 ] } { [ 44.760803 ] } { [ 72.342025 ] } { [ 13.867197 ] }
antes   de filtrar: { [ 17.055984 ] } { [ -nan ][ 29.226209 ] } { [ 67.386902 ][ 28.608665 ] } { [ 18.390844 ][ 45.792632 ][ -5.945974 ] } { [ 6.054379 ] } { [ 3.195292 ] } { [ 58.287311 ] } { [ 6.287252 ] } { [ -17.050255 ] } { [ 23.070588 ] } { [ -9.413777 ] } { [ 52.189607 ] } { [ -8.257062 ] } { [ -10.688339 ][ 39.334460 ] } { [ -7.942700 ] } { [ 4.546415 ] } { [ 44.760803 ] } { [ 72.342025 ] } { [ 13.867197 ] } { [ 10.781678 ] } { [ -24.833601 ] }
despues de filtrar: { [ 17.055984 ] } { [ -nan ][ 29.226209 ] } { [ 67.386902 ][ 28.608665 ] } { [ 18.390844 ][ 45.792632 ][ -5.945974 ] } { [ 6.054379 ] } { [ 3.195292 ] } { [ 58.287311 ] } { [ 6.287252 ] } { [ -17.050255 ] } { [ 23.070588 ] } { [ -9.413777 ] } { [ 52.189607 ] } { [ -8.257062 ] } { [ -10.688339 ][ 39.334460 ] } { [ -7.942700 ] } { [ 72.342025 ] } { [ -24.833601 ] }
antes   de colapsar { [ 17.055984 ] } { [ -nan ][ 29.226209 ] } { [ 67.386902 ][ 28.608665 ] } { [ 18.390844 ][ 45.792632 ][ -5.945974 ] } { [ 6.054379 ] } { [ 3.195292 ] } { [ 58.287311 ] } { [ 6.287252 ] } { [ -17.050255 ] } { [ 23.070588 ] } { [ -9.413777 ] } { [ 52.189607 ] } { [ -8.257062 ] } { [ -10.688339 ][ 39.334460 ] } { [ -7.942700 ] } { [ 72.342025 ] } { [ -24.833601 ] } { [ 9.455203 ] }
despues de colapsar { [ 17.055984 ] } { [ -nan ][ 29.226209 ] } { [ 67.386902 ][ 28.608665 ] } { [ 18.390844 ][ 45.792632 ][ -5.945974 ] } { [ 6.054379 ] } { [ 3.195292 ] } { [ 58.287311 ] } { [ 6.287252 ] } { [ -17.050255 ] } { [ 23.070588 ] } { [ -9.413777 ] } { [ 52.189607 ] } { [ -8.257062 ] } { [ -10.688339 ][ 39.334460 ] } { [ -7.942700 ] } { [ 72.342025 ] } { [ -24.833601 ] } { [ 9.455203 ] }
antes   de filtrar: { [ 17.055984 ] } { [ -nan ][ 29.226209 ] } { [ 67.386902 ][ 28.608665 ] } { [ 18.390844 ][ 45.792632 ][ -5.945974 ] } { [ 6.054379 ] } { [ 3.195292 ] } { [ 58.287311 ] } { [ 6.287252 ][ -18.015047 ] } { [ -17.050255 ] } { [ 23.070588 ] } { [ -9.413777 ] } { [ 52.189607 ] } { [ -8.257062 ] } { [ -10.688339 ][ 39.334460 ][ 0.856326 ] } { [ -7.942700 ][ 14.548561 ] } { [ 72.342025 ] } { [ -24.833601 ] } { [ 9.455203 ] } { [ 55.849441 ] } { [ -12.139202 ][ 45.267852 ] } { [ 21.432549 ] } { [ 28.073377 ] } { [ -12.399539 ] } { [ 70.499038 ] } { [ -22.897631 ] } { [ -6.760429 ] }
despues de filtrar: { [ 17.055984 ] } { [ -nan ][ 29.226209 ] } { [ 67.386902 ][ 28.608665 ] } { [ 18.390844 ][ 45.792632 ][ -5.945974 ] } { [ 6.054379 ] } { [ 3.195292 ] } { [ 58.287311 ] } { [ 6.287252 ][ -18.015047 ] } { [ -17.050255 ] } { [ 23.070588 ] } { [ -9.413777 ] } { [ 52.189607 ] } { [ -8.257062 ] } { [ -10.688339 ][ 39.334460 ][ 0.856326 ] } { [ -7.942700 ][ 14.548561 ] } { [ 72.342025 ] } { [ -24.833601 ] } { [ 9.455203 ] } { [ -12.139202 ][ 45.267852 ] } { [ 21.432549 ] } { [ 28.073377 ] } { [ -12.399539 ] } { [ 70.499038 ] } { [ -22.897631 ] } { [ -6.760429 ] }
antes   de colapsar { [ 9wog2hqn ] } { [ oitht ][ u ] } { [ fdp034 ] }
despues de colapsar { [ 9wog2hqn ] } { [ oitht ][ u ] } { [ fdp034 ] }
antes   de colapsar { [ 9wog2hqn ] } { [ oitht ][ u ] } { [ fdp034 ][ 4cepqdu ] } { [ xpkehmvsl ] } { [ q9wys5u ] }
despues de colapsar { [ 9wog2hqn ] } { [ oitht ][ u ] } { [ f4dcpe0p3q ] } { [ xpkehmvsl ] } { [ q9wys5u ] }
antes   de filtrar: { [ 9wog2hqn ] } { [ oitht ][ u ] } { [ f4dcpe0p3q ] } { [ xpkehmvsl ] } { [ q9wys5u ] } { [ 88bpe ] }
despues de filtrar: { [ oitht ][ u ] } { [ xpkehmvsl ] }
antes   de colapsar { [ oitht ][ u ] } { [ xpkehmvsl ] } { [ 7ha3e ] } { [ 0yj8fuvhp3 ] } { [ c ] }
despues de colapsar { [ oitht ][ u ] } { [ xpkehmvsl ] } { [ 7ha3e ] } { [ 0yj8fuvhp3 ] } { [ c ] }
antes   de colapsar { [ oitht ][ u ] } { [ xpkehmvsl ] } { [ 7ha3e ] } { [ 0yj8fuvhp3 ] } { [ c ][ 5w ] } { [ di ] }
despues de colapsar { [ oitht ][ u ] } { [ xpkehmvsl ] } { [ 7ha3e ] } { [ 0yj8fuvhp3 ] } { [ c ][ 5w ] } { [ di ] }
antes   de filtrar: { [ oitht ][ u ] } { [ xpkehmvsl ] } { [ 7ha3e ] } { [ 0yj8fuvhp3 ] } { [ c ][ 5w ] } { [ di ] } { [ vu5tgc99h ] }
despues de filtrar: { [ oitht ][ u ] } { [ xpkehmvsl ] } { [ c ][ 5w ] } { [ di ] }
antes   de filtrar: { [ oitht ][ u ][ wf4n ] } { [ xpkehmvsl ] } { [ c ][ 5w ] } { [ di ] } { [ b ] }
despues de filtrar: { [ oitht ][ u ][ wf4n ] } { [ xpkehmvsl ] } { [ c ][ 5w ] } { [ di ] } { [ b ] }
antes   de colapsar { [ oitht ][ u ][ wf4n ] } { [ xpkehmvsl ] } { [ c ][ 5w ] } { [ di ][ mqdpgtg ] } { [ b ] } { [ h6mupujumw ] } { [ qolpvmd3u ] } { [ q8b ] }
despues de colapsar { [ oitht ][ u ][ wf4n ] } { [ xpkehmvsl ] } { [ c ][ 5w ] } { [ di ][ mqdpgtg ] } { [ b ] } { [ h6mupujumw ] } { [ qolpvmd3u ] } { [ q8b ] }
antes   de filtrar: { [ oitht ][ u ][ wf4n ] } { [ xpkehmvsl ] } { [ c ][ 5w ] } { [ di ][ mqdpgtg ] } { [ b ] } { [ h6mupujumw ] } { [ qolpvmd3u ] } { [ q8b ][ 3ruuk5v2w ] } { [ a ] } { [ t ] } { [ 1n ] } { [ y ] } { [ awjm1g ] } { [ 2hmgwtn ] }
despues de filtrar: { [ oitht ][ u ][ wf4n ] } { [ xpkehmvsl ] } { [ c ][ 5w ] } { [ di ][ mqdpgtg ] } { [ b ] } { [ a ] } { [ t ] } { [ y ] }
antes   de filtrar: { [ oitht ][ u ][ wf4n ][ 5hkwrdqc ] } { [ xpkehmvsl ] } { [ c ][ 5w ] } { [ di ][ mqdpgtg ] } { [ b ] } { [ a ] } { [ t ] } { [ y ] } { [ q ] }
despues de filtrar: { [ oitht ][ u ][ wf4n ][ 5hkwrdqc ] } { [ xpkehmvsl ] } { [ c ][ 5w ] } { [ di ][ mqdpgtg ] } { [ b ] } { [ a ] } { [ t ] } { [ y ] } { [ q ] }
antes   de colapsar { [ 1691 ] } { [ 5371 ] }
despues de colapsar { [ 1691 ] } { [ 5371 ] }
antes   de filtrar: { [ 1691 ][ 3957 ] } { [ 5371 ] } { [ 5484 ] } { [ 4462 ] } { [ 6587 ] }
despues de filtrar: { [ 1691 ][ 3957 ] } { [ 5371 ] } { [ 5484 ] } { [ 4462 ] } { [ 6587 ] }
antes   de filtrar: { [ 1691 ][ 3957 ] } { [ 5371 ] } { [ 5484 ] } { [ 4462 ] } { [ 6587 ] }
despues de filtrar: { [ 1691 ][ 3957 ] } { [ 5371 ] } { [ 5484 ] } { [ 4462 ] } { [ 6587 ] }
antes   de colapsar { [ 1691 ][ 3957 ] } { [ 5371 ] } { [ 5484 ] } { [ 4462 ] } { [ 6587 ] } { [ 4821 ] } { [ 534 ] } { [ 7520 ] }
despues de colapsar { [ 1691 ][ 3957 ] } { [ 5371 ] } { [ 5484 ] } { [ 4462 ] } { [ 6587 ] } { [ 4821 ] } { [ 534 ] } { [ 7520 ] }
antes   de colapsar { [ 1691 ][ 3957 ] } { [ 5371 ] } { [ 5484 ] } { [ 4462 ] } { [ 6587 ] } { [ 4821 ] } { [ 534 ] } { [ 7520 ] } { [ 3586 ] } { [ 4757 ] } { [ 8052 ] } { [ 8458 ] }
despues de colapsar { [ 1691 ][ 3957 ] } { [ 5371 ] } { [ 5484 ] } { [ 4462 ] } { [ 6587 ] } { [ 4821 ] } { [ 534 ] } { [ 7520 ] } { [ 3586 ] } { [ 4757 ] } { [ 8052 ] } { [ 8458 ] }
antes   de colapsar { [ 1691 ][ 3957 ] } { [ 5371 ] } { [ 5484 ] } { [ 4462 ] } { [ 6587 ] } { [ 4821 ] } { [ 534 ] } { [ 7520 ] } { [ 3586 ][ 4448 ] } { [ 4757 ] } { [ 8052 ] } { [ 8458 ] } { [ 3417 ] } { [ 2668 ] }
despues de colapsar { [ 1691 ][ 3957 ] } { [ 5371 ] } { [ 5484 ] } { [ 4462 ] } { [ 6587 ] } { [ 4821 ] } { [ 534 ] } { [ 7520 ] } { [ 3586 ][ 4448 ] } { [ 4757 ] } { [ 8052 ] } { [ 8458 ] } { [ 3417 ] } { [ 2668 ] }
antes   de colapsar { [ 1691 ][ 3957 ] } { [ 5371 ] } { [ 5484 ] } { [ 4462 ] } { [ 6587 ] } { [ 4821 ] } { [ 534 ][ 6910 ] } { [ 7520 ] } { [ 3586 ][ 4448 ] } { [ 4757 ] } { [ 8052 ] } { [ 8458 ] } { [ 3417 ] } { [ 2668 ] } { [ 6460 ][ 7492 ] }
despues de colapsar { [ 1691 ][ 3957 ] } { [ 5371 ] } { [ 5484 ] } { [ 4462 ] } { [ 6587 ] } { [ 4821 ] } { [ 534 ][ 6910 ] } { [ 7520 ] } { [ 3586 ][ 4448 ] } { [ 4757 ] } { [ 8052 ] } { [ 8458 ] } { [ 3417 ] } { [ 2668 ] } { [ 6956 ] }
antes   de filtrar: { [ 1691 ][ 3957 ] } { [ 5371 ] } { [ 5484 ] } { [ 4462 ] } { [ 6587 ] } { [ 4821 ][ 9971 ] } { [ 534 ][ 6910 ] } { [ 7520 ] } { [ 3586 ][ 4448 ] } { [ 4757 ][ 2165 ][ 5644 ] } { [ 8052 ] } { [ 8458 ] } { [ 3417 ][ 9869 ] } { [ 2668 ] } { [ 6956 ] } { [ 5562 ] } { [ 3619 ] } { [ 5459 ][ 1436 ] } { [ 8050 ] } { [ 4662 ][ 2257 ] } { [ 5204 ] } { [ 4155 ] } { [ 4701 ] } { [ 2188 ] } { [ 39 ][ 9997 ] } { [ 9510 ] } { [ 826 ] } { [ 5642 ] } { [ 5600 ] }
despues de filtrar: { [ 1691 ][ 3957 ] } { [ 5371 ] } { [ 5484 ] } { [ 4462 ] } { [ 6587 ] } { [ 4821 ][ 9971 ] } { [ 534 ][ 6910 ] } { [ 3586 ][ 4448 ] } { [ 4757 ][ 2165 ][ 5644 ] } { [ 8458 ] } { [ 3417 ][ 9869 ] } { [ 2668 ] } { [ 6956 ] } { [ 5562 ] } { [ 3619 ] } { [ 5459 ][ 1436 ] } { [ 4662 ][ 2257 ] } { [ 4155 ] } { [ 2188 ] } { [ 39 ][ 9997 ] } { [ 826 ] } { [ 5642 ] }
antes   de filtrar: { [ 1691 ][ 3957 ] } { [ 5371 ][ 6197 ] } { [ 5484 ] } { [ 4462 ] } { [ 6587 ] } { [ 4821 ][ 9971 ] } { [ 534 ][ 6910 ] } { [ 3586 ][ 4448 ] } { [ 4757 ][ 2165 ][ 5644 ] } { [ 8458 ] } { [ 3417 ][ 9869 ] } { [ 2668 ] } { [ 6956 ] } { [ 5562 ][ 8378 ] } { [ 3619 ] } { [ 5459 ][ 1436 ] } { [ 4662 ][ 2257 ] } { [ 4155 ] } { [ 2188 ] } { [ 39 ][ 9997 ] } { [ 826 ] } { [ 5642 ] } { [ 1178 ] } { [ 4700 ] } { [ 2466 ] } { [ 800 ] } { [ 5427 ] } { [ 2057 ] }
despues de filtrar: { [ 1691 ][ 3957 ] } { [ 5371 ][ 6197 ] } { [ 5484 ] } { [ 4462 ] } { [ 6587 ] } { [ 4821 ][ 9971 ] } { [ 534 ][ 6910 ] } { [ 3586 ][ 4448 ] } { [ 4757 ][ 2165 ][ 5644 ] } { [ 8458 ] } { [ 3417 ][ 9869 ] } { [ 2668 ] } { [ 6956 ] } { [ 5562 ][ 8378 ] } { [ 3619 ] } { [ 5459 ][ 1436 ] } { [ 4662 ][ 2257 ] } { [ 4155 ] } { [ 2188 ] } { [ 39 ][ 9997 ] } { [ 826 ] } { [ 5642 ] } { [ 1178 ] } { [ 2466 ] } { [ 5427 ] }
antes   de filtrar: { [ 1691 ][ 3957 ] } { [ 5371 ][ 6197 ] } { [ 5484 ] } { [ 4462 ] } { [ 6587 ] } { [ 4821 ][ 9971 ] } { [ 534 ][ 6910 ] } { [ 3586 ][ 4448 ] } { [ 4757 ][ 2165 ][ 5644 ] } { [ 8458 ] } { [ 3417 ][ 9869 ] } { [ 2668 ] } { [ 6956 ] } { [ 5562 ][ 8378 ] } { [ 3619 ] } { [ 5459 ][ 1436 ] } { [ 4662 ][ 2257 ] } { [ 4155 ] } { [ 2188 ] } { [ 39 ][ 9997 ] } { [ 826 ] } { [ 5642 ][ 9018 ] } { [ 1178 ] } { [ 2466 ] } { [ 5427 ] }
despues de filtrar: { [ 1691 ][ 3957 ] } { [ 5371 ][ 6197 ] } { [ 5484 ] } { [ 4462 ] } { [ 6587 ] } { [ 4821 ][ 9971 ] } { [ 534 ][ 6910 ] } { [ 3586 ][ 4448 ] } { [ 4757 ][ 2165 ][ 5644 ] } { [ 8458 ] } { [ 3417 ][ 9869 ] } { [ 2668 ] } { [ 6956 ] } { [ 5562 ][ 8378 ] } { [ 3619 ] } { [ 5459 ][ 1436 ] } { [ 4662 ][ 2257 ] } { [ 4155 ] } { [ 2188 ] } { [ 39 ][ 9997 ] } { [ 826 ] } { [ 5642 ][ 9018 ] } { [ 1178 ] } { [ 2466 ] } { [ 5427 ] }
antes   de colapsar { [ t2rf29 ][ yjr3lg ] } { [ qxvx ] }
despues de colapsar { [ ty2jrrf32l ] } { [ qxvx ] }
antes   de colapsar { [ ty2jrrf32l ][ l2f ] } { [ qxvx ] } { [ cxwagldtrr ] } { [ wjnx5b ] } { [ ax2c97ho ] } { [ w4spgyk ][ j6nqw37 ][ s ] } { [ 3mfph ] } { [ h7l ] } { [ s2w1b ] } { [ geb479hpd ] }
despues de colapsar { [ tly22fjrrf ] } { [ qxvx ] } { [ cxwagldtrr ] } { [ wjnx5b ] } { [ ax2c97ho ] } { [ wsj46snpqg ] } { [ 3mfph ] } { [ h7l ] } { [ s2w1b ] } { [ geb479hpd ] }
antes   de filtrar: { [ tly22fjrrf ][ t ] } { [ qxvx ][ rkm90 ] } { [ cxwagldtrr ] } { [ wjnx5b ] } { [ ax2c97ho ] } { [ wsj46snpqg ] } { [ 3mfph ] } { [ h7l ] } { [ s2w1b ] } { [ geb479hpd ] } { [ jyt503y ] } { [ 7gqj ] } { [ t78vh769 ] } { [ 507g ] } { [ d7wdrj ] }
despues de filtrar: { [ qxvx ][ rkm90 ] } { [ cxwagldtrr ] }
antes   de filtrar: { [ qxvx ][ rkm90 ] } { [ cxwagldtrr ][ i26 ] }
despues de filtrar: { [ qxvx ][ rkm90 ] } { [ cxwagldtrr ][ i26 ] }
antes   de colapsar { [ qxvx ][ rkm90 ] } { [ cxwagldtrr ][ i26 ] } { [ fob1v4 ] } { [ taxhd6 ][ gu ] } { [ 5x0eeya4 ] } { [ 3a15qw06 ] } { [ w ] } { [ b83v5 ] } { [ 67104yno ][ 0 ] } { [ 17vw ] }
despues de colapsar { [ qxvx ][ rkm90 ] } { [ cxwagldtrr ][ i26 ] } { [ fob1v4 ] } { [ tgauxhd6 ] } { [ 5x0eeya4 ] } { [ 3a15qw06 ] } { [ w ] } { [ b83v5 ] } { [ 607104yno ] } { [ 17vw ] }
antes   de colapsar { [ qxvx ][ rkm90 ] } { [ cxwagldtrr ][ i26 ] } { [ fob1v4 ] } { [ tgauxhd6 ] } { [ 5x0eeya4 ] } { [ 3a15qw06 ] } { [ w ] } { [ b83v5 ] } { [ 607104yno ] } { [ 17vw ] }
despues de colapsar { [ qxvx ][ rkm90 ] } { [ cxwagldtrr ][ i26 ] } { [ fob1v4 ] } { [ tgauxhd6 ] } { [ 5x0eeya4 ] } { [ 3a15qw06 ] } { [ w ] } { [ b83v5 ] } { [ 607104yno ] } { [ 17vw ] }
antes   de filtrar: { [ qxvx ][ rkm90 ][ lfpifb3h ] } { [ cxwagldtrr ][ i26 ] } { [ fob1v4 ] } { [ tgauxhd6 ] } { [ 5x0eeya4 ] } { [ 3a15qw06 ] } { [ w ] } { [ b83v5 ] } { [ 607104yno ] } { [ 17vw ] } { [ rx ] } { [ 0buflljxq ] } { [ bk ] }
despues de filtrar: { [ qxvx ][ rkm90 ][ lfpifb3h ] } { [ cxwagldtrr ][ i26 ] } { [ w ] } { [ rx ] } { [ bk ] }
antes   de colapsar { [ qxvx ][ rkm90 ][ lfpifb3h ][ 792wfiqfv9 ] } { [ cxwagldtrr ][ i26 ] } { [ w ][ f7r0p ] } { [ rx ] } { [ bk ] } { [ 334qrtxxm ] } { [ n1mg2 ] } { [ 9y0ufx67wb ] } { [ l3p ] }
despues de colapsar { [ qxvx ][ rkm90 ][ lfpifb3h ][ 792wfiqfv9 ] } { [ cxwagldtrr ][ i26 ] } { [ w ][ f7r0p ] } { [ rx ] } { [ bk ] } { [ 334qrtxxm ] } { [ n1mg2 ] } { [ 9y0ufx67wb ] } { [ l3p ] }
antes   de filtrar: { [ qxvx ][ rkm90 ][ lfpifb3h ][ 792wfiqfv9 ] } { [ cxwagldtrr ][ i26 ] } { [ w ][ f7r0p ] } { [ rx ] } { [ bk ] } { [ 334qrtxxm ] } { [ n1mg2 ] } { [ 9y0ufx67wb ] } { [ l3p ] }
despues de filtrar: { [ qxvx ][ rkm90 ][ lfpifb3h ][ 792wfiqfv9 ] } { [ cxwagldtrr ][ i26 ] } { [ w ][ f7r0p ] } { [ rx ] } { [ bk ] }
antes   de filtrar: { [ qxvx ][ rkm90 ][ lfpifb3h ][ 792wfiqfv9 ] } { [ cxwagldtrr ][ i26 ] } { [ w ][ f7r0p ] } { [ rx ] } { [ bk ] } { [ qrl7a39xv ] }
despues de filtrar: { [ qxvx ][ rkm90 ][ lfpifb3h ][ 792wfiqfv9 ] } { [ cxwagldtrr ][ i26 ] } { [ w ][ f7r0p ] } { [ rx ] } { [ bk ] }
antes   de filtrar: { [ 4473 ] } { [ 4754 ] } { [ 7951 ] }
despues de filtrar: { [ 4473 ] } { [ 4754 ] } { [ 7951 ] }
antes   de filtrar: { [ 4473 ] } { [ 4754 ][ 3608 ] } { [ 7951 ] } { [ 5933 ] } { [ 4700 ] } { [ 3300 ] } { [ 6673 ][ 9930 ] } { [ 9773 ] } { [ 5524 ] }
despues de filtrar: { [ 4473 ] } { [ 4754 ][ 3608 ] } { [ 7951 ] } { [ 5933 ] } { [ 6673 ][ 9930 ] } { [ 9773 ] } { [ 5524 ] }
antes   de filtrar: { [ 4473 ] } { [ 4754 ][ 3608 ] } { [ 7951 ] } { [ 5933 ] } { [ 6673 ][ 9930 ] } { [ 9773 ] } { [ 5524 ] } { [ 7085 ] }
despues de filtrar: { [ 4473 ] } { [ 4754 ][ 3608 ] } { [ 7951 ] } { [ 5933 ] } { [ 6673 ][ 9930 ] } { [ 9773 ] } { [ 5524 ] }
antes   de colapsar { [ 4473 ] } { [ 4754 ][ 3608 ] } { [ 7951 ] } { [ 5933 ] } { [ 6673 ][ 9930 ] } { [ 9773 ] } { [ 5524 ] }
despues de colapsar { [ 4473 ] } { [ 4754 ][ 3608 ] } { [ 7951 ] } { [ 5933 ] } { [ 6673 ][ 9930 ] } { [ 9773 ] } { [ 5524 ] }
antes   de filtrar: { [ 4473 ] } { [ 4754 ][ 3608 ] } { [ 7951 ] } { [ 5933 ] } { [ 6673 ][ 9930 ] } { [ 9773 ] } { [ 5524 ] } { [ 5480 ] }
despues de filtrar: { [ 4473 ] } { [ 4754 ][ 3608 ] } { [ 7951 ] } { [ 5933 ] } { [ 6673 ][ 9930 ] } { [ 9773 ] } { [ 5524 ] }
antes   de colapsar { [ 4473 ] } { [ 4754 ][ 3608 ] } { [ 7951 ] } { [ 5933 ] } { [ 6673 ][ 9930 ] } { [ 9773 ] } { [ 5524 ] }
despues de colapsar { [ 4473 ] } { [ 4754 ][ 3608 ] } { [ 7951 ] } { [ 5933 ] } { [ 6673 ][ 9930 ] } { [ 9773 ] } { [ 5524 ] }
antes   de filtrar: { [ 4473 ] } { [ 4754 ][ 3608 ][ 3514 ] } { [ 7951 ] } { [ 5933 ] } { [ 6673 ][ 9930 ] } { [ 9773 ] } { [ 5524 ] }
despues de filtrar: { [ 4473 ] } { [ 4754 ][ 3608 ][ 3514 ] } { [ 7951 ] } { [ 5933 ] } { [ 6673 ][ 9930 ] } { [ 9773 ] } { [ 5524 ] }
antes   de colapsar { [ 4473 ] } { [ 4754 ][ 3608 ][ 3514 ] } { [ 7951 ] } { [ 5933 ] } { [ 6673 ][ 9930 ][ 6586 ][ 1059 ] } { [ 9773 ][ 5057 ] } { [ 5524 ] } { [ 677 ] } { [ 8498 ][ 6199 ] } { [ 6905 ] } { [ 8929 ] } { [ 6995 ] } { [ 9926 ] }
despues de colapsar { [ 4473 ] } { [ 4754 ][ 3608 ][ 3514 ] } { [ 7951 ] } { [ 5933 ] } { [ 6673 ][ 9930 ][ 6586 ][ 1059 ] } { [ 9773 ][ 5057 ] } { [ 5524 ] } { [ 677 ] } { [ 8498 ][ 6199 ] } { [ 6905 ] } { [ 8929 ] } { [ 6995 ] } { [ 9926 ] }
antes   de colapsar { [ 4473 ] } { [ 4754 ][ 3608 ][ 3514 ] } { [ 7951 ] } { [ 5933 ] } { [ 6673 ][ 9930 ][ 6586 ][ 1059 ] } { [ 9773 ][ 5057 ] } { [ 5524 ][ 7043 ] } { [ 677 ] } { [ 8498 ][ 6199 ] } { [ 6905 ] } { [ 8929 ] } { [ 6995 ] } { [ 9926 ] } { [ 6094 ] } { [ 7689 ] } { [ 4308 ] } { [ 1781 ] } { [ 1527 ] }
despues de colapsar { [ 4473 ] } { [ 4754 ][ 3608 ][ 3514 ] } { [ 7951 ] } { [ 5933 ] } { [ 6673 ][ 9930 ][ 6586 ][ 1059 ] } { [ 9773 ][ 5057 ] } { [ 5524 ][ 7043 ] } { [ 677 ] } { [ 8498 ][ 6199 ] } { [ 6905 ] } { [ 8929 ] } { [ 6995 ] } { [ 9926 ] } { [ 6094 ] } { [ 7689 ] } { [ 4308 ] } { [ 1781 ] } { [ 1527 ] }
antes   de colapsar { [ 4473 ][ 2247 ] } { [ 4754 ][ 3608 ][ 3514 ] } { [ 7951 ][ 5647 ] } { [ 5933 ] } { [ 6673 ][ 9930 ][ 6586 ][ 1059 ] } { [ 9773 ][ 5057 ] } { [ 5524 ][ 7043 ][ 3816 ] } { [ 677 ] } { [ 8498 ][ 6199 ] } { [ 6905 ][ 6621 ] } { [ 8929 ] } { [ 6995 ] } { [ 9926 ] } { [ 6094 ] } { [ 7689 ] } { [ 4308 ] } { [ 1781 ] } { [ 1527 ] } { [ 5309 ] } { [ 3635 ] } { [ 2353 ] } { [ 846 ] } { [ 2598 ] } { [ 7318 ] }
despues de colapsar { [ 4473 ][ 2247 ] } { [ 4754 ][ 3608 ][ 3514 ] } { [ 7951 ][ 5647 ] } { [ 5933 ] } { [ 6673 ][ 9930 ][ 6586 ][ 1059 ] } { [ 9773 ][ 5057 ] } { [ 5524 ][ 7043 ][ 3816 ] } { [ 677 ] } { [ 8498 ][ 6199 ] } { [ 6761 ] } { [ 8929 ] } { [ 6995 ] } { [ 9926 ] } { [ 6094 ] } { [ 7689 ] } { [ 4308 ] } { [ 1781 ] } { [ 1527 ] } { [ 5309 ] } { [ 3635 ] } { [ 2353 ] } { [ 846 ] } { [ 2598 ] } { [ 7318 ] }
