antes   de colapsar { [ n ][ s0n ] } { [ f14dd0oh2 ][ 3b5iw9 ] } { [ nf ] } { [ dkn1atsg ] } { [ iawi9xt4 ] }
despues de colapsar { [ n ][ s0n ] } { [ f31b45didw ] } { [ nf ] } { [ dkn1atsg ] } { [ iawi9xt4 ] }
antes   de filtrar: { [ n ][ s0n ][ 4g ] } { [ f31b45didw ][ n8pu4co ] } { [ nf ] } { [ dkn1atsg ] } { [ iawi9xt4 ] } { [ x8j ] } { [ m6unchwjyy ] } { [ l9 ] } { [ oj3 ] } { [ qu ] } { [ yvb ] } { [ 3usjk ] }
despues de filtrar: { [ n ][ s0n ][ 4g ] } { [ nf ] } { [ qu ] } { [ yvb ] }
antes   de filtrar: { [ n ][ s0n ][ 4g ] } { [ nf ] } { [ qu ] } { [ yvb ] } { [ k937kxd4k ] } { [ d8sl9 ] } { [ mfo1 ] } { [ kt2191 ] }
despues de filtrar: { [ n ][ s0n ][ 4g ] } { [ nf ] } { [ qu ] } { [ yvb ] }
antes   de filtrar: { [ n ][ s0n ][ 4g ] } { [ nf ] } { [ qu ][ cglm5 ] } { [ yvb ] } { [ vsoslf4c2r ] }
despues de filtrar: { [ n ][ s0n ][ 4g ] } { [ nf ] } { [ qu ][ cglm5 ] } { [ yvb ] }
antes   de colapsar { [ n ][ s0n ][ 4g ] } { [ nf ] } { [ qu ][ cglm5 ][ nyu ] } { [ yvb ] } { [ rvwbj9 ] } { [ a ] }
despues de colapsar { [ n ][ s0n ][ 4g ] } { [ nf ] } { [ qu ][ cglm5 ][ nyu ] } { [ yvb ] } { [ rvwbj9 ] } { [ a ] }
antes   de colapsar { [ n ][ s0n ][ 4g ] } { [ nf ] } { [ qu ][ cglm5 ][ nyu ] } { [ yvb ] } { [ rvwbj9 ] } { [ a ] }
despues de colapsar { [ n ][ s0n ][ 4g ] } { [ nf ] } { [ qu ][ cglm5 ][ nyu ] } { [ yvb ] } { [ rvwbj9 ] } { [ a ] }
antes   de colapsar { [ n ][ s0n ][ 4g ][ rvlqim0t ] } { [ nf ] } { [ qu ][ cglm5 ][ nyu ] } { [ yvb ] } { [ rvwbj9 ][ l03 ] } { [ a ] } { [ i ][ dqu ] }
despues de colapsar { [ n ][ s0n ][ 4g ][ rvlqim0t ] } { [ nf ] } { [ qu ][ cglm5 ][ nyu ] } { [ yvb ] } { [ rlv0w3bj9 ] } { [ a ] } { [ i ][ dqu ] }
antes   de colapsar { [ n ][ s0n ][ 4g ][ rvlqim0t ][ t ] } { [ nf ] } { [ qu ][ cglm5 ][ nyu ] } { [ yvb ] } { [ rlv0w3bj9 ] } { [ a ] } { [ i ][ dqu ] } { [ c99r2t87oj ] } { [ olr9 ] } { [ ioph7hd5qs ] } { [ 1umfihqxpd ] } { [ vdt36 ] } { [ qmn6 ] } { [ t59 ] }
despues de colapsar { [ n ][ s0n ][ 4g ][ rvlqim0t ][ t ] } { [ nf ] } { [ qu ][ cglm5 ][ nyu ] } { [ yvb ] } { [ rlv0w3bj9 ] } { [ a ] } { [ i ][ dqu ] } { [ c99r2t87oj ] } { [ olr9 ] } { [ ioph7hd5qs ] } { [ 1umfihqxpd ] } { [ vdt36 ] } { [ qmn6 ] } { [ t59 ] }
antes   de filtrar: { [ n ][ s0n ][ 4g ][ rvlqim0t ][ t ] } { [ nf ] } { [ qu ][ cglm5 ][ nyu ] } { [ yvb ] } { [ rlv0w3bj9 ] } { [ a ] } { [ i ][ dqu ] } { [ c99r2t87oj ] } { [ olr9 ][ 1orcb7wg4g ] } { [ ioph7hd5qs ] } { [ 1umfihqxpd ] } { [ vdt36 ] } { [ qmn6 ] } { [ t59 ] } { [ 1 ] }
despues de filtrar: { [ n ][ s0n ][ 4g ][ rvlqim0t ][ t ] } { [ nf ] } { [ qu ][ cglm5 ][ nyu ] } { [ yvb ] } { [ a ] } { [ i ][ dqu ] }
antes   de filtrar: { [ n ][ s0n ][ 4g ][ rvlqim0t ][ t ] } { [ nf ] } { [ qu ][ cglm5 ][ nyu ] } { [ yvb ] } { [ a ] } { [ i ][ dqu ] }
despues de filtrar: { [ n ][ s0n ][ 4g ][ rvlqim0t ][ t ] } { [ nf ] } { [ qu ][ cglm5 ][ nyu ] } { [ yvb ] } { [ a ] } { [ i ][ dqu ] }
antes   de filtrar: { [ t16 ] } { [ epk8w ] }
despues de filtrar: <vacia>
antes   de filtrar: { [ 9flx ][ lt82vf7cb ] }
despues de filtrar: <vacia>
antes   de filtrar: { [ 3hecrpr4uj ] } { [ o6 ] } { [ c ] } { [ m ] } { [ 3l ] }
despues de filtrar: { [ c ] } { [ m ] }
antes   de colapsar { [ c ] } { [ m ] } { [ gg56sya04p ] } { [ 1lwar35o ] }
despues de colapsar { [ c ] } { [ m ] } { [ gg56sya04p ] } { [ 1lwar35o ] }
antes   de colapsar { [ c ] } { [ m ] } { [ gg56sya04p ] } { [ 1lwar35o ] } { [ 2 ][ h ] } { [ m ] }
despues de colapsar { [ c ] } { [ m ] } { [ gg56sya04p ] } { [ 1lwar35o ] } { [ 2h ] } { [ m ] }
antes   de colapsar { [ c ] } { [ m ] } { [ gg56sya04p ] } { [ 1lwar35o ] } { [ 2h ][ u67 ] } { [ m ] } { [ d7fpi45p ] } { [ w1v9g4thga ] } { [ 5ob ] } { [ v6db5u77f ] } { [ 8guugd0n4n ] } { [ 4hpmqxrd9 ] } { [ syh ] } { [ rj53k9jh ] } { [ 2fouefc ][ uwqgorpkg ] } { [ mkvk ] }
despues de colapsar { [ c ] } { [ m ] } { [ gg56sya04p ] } { [ 1lwar35o ] } { [ 2uh67 ] } { [ m ] } { [ d7fpi45p ] } { [ w1v9g4thga ] } { [ 5ob ] } { [ v6db5u77f ] } { [ 8guugd0n4n ] } { [ 4hpmqxrd9 ] } { [ syh ] } { [ rj53k9jh ] } { [ 2ufwoqugeo ] } { [ mkvk ] }
antes   de colapsar { [ c ] } { [ m ] } { [ gg56sya04p ][ kl1 ] } { [ 1lwar35o ] } { [ 2uh67 ] } { [ m ] } { [ d7fpi45p ] } { [ w1v9g4thga ] } { [ 5ob ] } { [ v6db5u77f ] } { [ 8guugd0n4n ] } { [ 4hpmqxrd9 ] } { [ syh ] } { [ rj53k9jh ] } { [ 2ufwoqugeo ] } { [ mkvk ] } { [ ep4qt ] } { [ gpoy ] } { [ ajnhw5 ] } { [ 1jfygknv2 ] } { [ 817nj0g ] } { [ eia80 ] }
despues de colapsar { [ c ] } { [ m ] } { [ gkgl516sya ] } { [ 1lwar35o ] } { [ 2uh67 ] } { [ m ] } { [ d7fpi45p ] } { [ w1v9g4thga ] } { [ 5ob ] } { [ v6db5u77f ] } { [ 8guugd0n4n ] } { [ 4hpmqxrd9 ] } { [ syh ] } { [ rj53k9jh ] } { [ 2ufwoqugeo ] } { [ mkvk ] } { [ ep4qt ] } { [ gpoy ] } { [ ajnhw5 ] } { [ 1jfygknv2 ] } { [ 817nj0g ] } { [ eia80 ] }
antes   de filtrar: { [ c ][ sqqvllll ] } { [ m ] } { [ gkgl516sya ] } { [ 1lwar35o ] } { [ 2uh67 ] } { [ m ] } { [ d7fpi45p ] } { [ w1v9g4thga ] } { [ 5ob ] } { [ v6db5u77f ] } { [ 8guugd0n4n ] } { [ 4hpmqxrd9 ] } { [ syh ] } { [ rj53k9jh ] } { [ 2ufwoqugeo ][ ni78 ] } { [ mkvk ] } { [ ep4qt ] } { [ gpoy ] } { [ ajnhw5 ] } { [ 1jfygknv2 ] } { [ 817nj0g ] } { [ eia80 ] } { [ 2 ] } { [ 96gf ] }
despues de filtrar: { [ c ][ sqqvllll ] } { [ m ] } { [ m ] } { [ syh ] } { [ mkvk ] } { [ gpoy ] }
antes   de filtrar: { [ c ][ sqqvllll ] } { [ m ] } { [ m ] } { [ syh ] } { [ mkvk ] } { [ gpoy ] }
despues de filtrar: { [ c ][ sqqvllll ] } { [ m ] } { [ m ] } { [ syh ] } { [ mkvk ] } { [ gpoy ] }
antes   de colapsar { [ c ][ sqqvllll ] } { [ m ][ w ] } { [ m ][ ky4og23uie ][ 6w ][ 5sbfgsnijn ] } { [ syh ] } { [ mkvk ] } { [ gpoy ][ oyaupwft ] } { [ t3 ] } { [ eulxu2mmrh ] } { [ qa ] } { [ nx1sh6 ] } { [ kan ] } { [ 3d9qd ] }
despues de colapsar { [ c ][ sqqvllll ] } { [ m ][ w ] } { [ m ][ ky4og23uie ][ 6w ][ 5sbfgsnijn ] } { [ syh ] } { [ mkvk ] } { [ gpoy ][ oyaupwft ] } { [ t3 ] } { [ eulxu2mmrh ] } { [ qa ] } { [ nx1sh6 ] } { [ kan ] } { [ 3d9qd ] }
antes   de filtrar: { [ -24.044688 ][ 72.235198 ] } { [ 60.993093 ] }
despues de filtrar: { [ -24.044688 ][ 72.235198 ] }
antes   de colapsar { [ -24.044688 ][ 72.235198 ] } { [ -17.410879 ] } { [ 34.735542 ] } { [ 29.820656 ] } { [ 71.479881 ] } { [ -22.198407 ] }
despues de colapsar { [ -24.044688 ][ 72.235198 ] } { [ -17.410879 ] } { [ 34.735542 ] } { [ 29.820656 ] } { [ 71.479881 ] } { [ -22.198407 ] }
antes   de filtrar: { [ -24.044688 ][ 72.235198 ] } { [ -17.410879 ] } { [ 34.735542 ][ -18.451128 ] } { [ 29.820656 ] } { [ 71.479881 ] } { [ -22.198407 ] } { [ 37.257012 ] } { [ 40.109438 ] }
despues de filtrar: { [ -24.044688 ][ 72.235198 ] } { [ -17.410879 ] } { [ 71.479881 ] } { [ -22.198407 ] } { [ 37.257012 ] } { [ 40.109438 ] }
antes   de colapsar { [ -24.044688 ][ 72.235198 ] } { [ -17.410879 ] } { [ 71.479881 ] } { [ -22.198407 ] } { [ 37.257012 ] } { [ 40.109438 ] } { [ 16.214912 ] }
despues de colapsar { [ -24.044688 ][ 72.235198 ] } { [ -17.410879 ] } { [ 71.479881 ] } { [ -22.198407 ] } { [ 37.257012 ] } { [ 40.109438 ] } { [ 16.214912 ] }
antes   de colapsar { [ -24.044688 ][ 72.235198 ] } { [ -17.410879 ] } { [ 71.479881 ][ 3.228958 ] } { [ -22.198407 ] } { [ 37.257012 ] } { [ 40.109438 ] } { [ 16.214912 ][ -9.105646 ] } { [ 21.114593 ] } { [ -13.338344 ] } { [ 42.506768 ] } { [ 73.649787 ] } { [ -7.826655 ] } { [ -21.513626 ] }
despues de colapsar { [ -24.044688 ][ 72.235198 ] } { [ -17.410879 ] } { [ 71.479881 ][ 3.228958 ] } { [ -22.198407 ] } { [ 37.257012 ] } { [ 40.109438 ] } { [ 16.214912 ][ -9.105646 ] } { [ 21.114593 ] } { [ -13.338344 ] } { [ 42.506768 ] } { [ 73.649787 ] } { [ -7.826655 ] } { [ -21.513626 ] }
antes   de filtrar: { [ -24.044688 ][ 72.235198 ] } { [ -17.410879 ] } { [ 71.479881 ][ 3.228958 ] } { [ -22.198407 ] } { [ 37.257012 ] } { [ 40.109438 ] } { [ 16.214912 ][ -9.105646 ] } { [ 21.114593 ] } { [ -13.338344 ] } { [ 42.506768 ] } { [ 73.649787 ] } { [ -7.826655 ] } { [ -21.513626 ] }
despues de filtrar: { [ -24.044688 ][ 72.235198 ] } { [ -17.410879 ] } { [ 71.479881 ][ 3.228958 ] } { [ -22.198407 ] } { [ 37.257012 ] } { [ 40.109438 ] } { [ 16.214912 ][ -9.105646 ] } { [ 21.114593 ] } { [ -13.338344 ] } { [ -7.826655 ] } { [ -21.513626 ] }
antes   de colapsar { [ -24.044688 ][ 72.235198 ] } { [ -17.410879 ] } { [ 71.479881 ][ 3.228958 ] } { [ -22.198407 ][ 36.936857 ] } { [ 37.257012 ] } { [ 40.109438 ] } { [ 16.214912 ][ -9.105646 ] } { [ 21.114593 ] } { [ -13.338344 ] } { [ -7.826655 ] } { [ -21.513626 ] } { [ 21.250107 ] } { [ 65.555706 ] } { [ 38.300355 ] } { [ 25.136053 ][ 12.604814 ] } { [ 41.465997 ] } { [ 55.811355 ] } { [ 48.200734 ] } { [ 63.425823 ] } { [ 31.029297 ] } { [ 3.293446 ] } { [ 74.219166 ] }
despues de colapsar { [ -24.044688 ][ 72.235198 ] } { [ -17.410879 ] } { [ 71.479881 ][ 3.228958 ] } { [ -22.198407 ][ 36.936857 ] } { [ 37.257012 ] } { [ 40.109438 ] } { [ 16.214912 ][ -9.105646 ] } { [ 21.114593 ] } { [ -13.338344 ] } { [ -7.826655 ] } { [ -21.513626 ] } { [ 21.250107 ] } { [ 65.555706 ] } { [ 38.300355 ] } { [ 25.136053 ][ 12.604814 ] } { [ 41.465997 ] } { [ 55.811355 ] } { [ 48.200734 ] } { [ 63.425823 ] } { [ 31.029297 ] } { [ 3.293446 ] } { [ 74.219166 ] }
antes   de filtrar: { [ -24.044688 ][ 72.235198 ] } { [ -17.410879 ] } { [ 71.479881 ][ 3.228958 ] } { [ -22.198407 ][ 36.936857 ] } { [ 37.257012 ] } { [ 40.109438 ] } { [ 16.214912 ][ -9.105646 ] } { [ 21.114593 ] } { [ -13.338344 ] } { [ -7.826655 ] } { [ -21.513626 ][ -3.652378 ] } { [ 21.250107 ] } { [ 65.555706 ] } { [ 38.300355 ] } { [ 25.136053 ][ 12.604814 ] } { [ 41.465997 ] } { [ 55.811355 ] } { [ 48.200734 ] } { [ 63.425823 ] } { [ 31.029297 ] } { [ 3.293446 ] } { [ 74.219166 ] } { [ 1.117202 ] } { [ 20.897091 ][ 58.462692 ] }
despues de filtrar: { [ -24.044688 ][ 72.235198 ] } { [ -17.410879 ] } { [ 71.479881 ][ 3.228958 ] } { [ -22.198407 ][ 36.936857 ] } { [ 37.257012 ] } { [ 40.109438 ] } { [ 16.214912 ][ -9.105646 ] } { [ 21.114593 ] } { [ -13.338344 ] } { [ -7.826655 ] } { [ -21.513626 ][ -3.652378 ] } { [ 21.250107 ] } { [ 38.300355 ] } { [ 25.136053 ][ 12.604814 ] } { [ 41.465997 ] } { [ 48.200734 ] } { [ 63.425823 ] } { [ 31.029297 ] } { [ 3.293446 ] } { [ 74.219166 ] } { [ 1.117202 ] }
antes   de colapsar { [ -24.044688 ][ 72.235198 ] } { [ -17.410879 ] } { [ 71.479881 ][ 3.228958 ] } { [ -22.198407 ][ 36.936857 ] } { [ 37.257012 ] } { [ 40.109438 ] } { [ 16.214912 ][ -9.105646 ] } { [ 21.114593 ] } { [ -13.338344 ] } { [ -7.826655 ] } { [ -21.513626 ][ -3.652378 ] } { [ 21.250107 ] } { [ 38.300355 ] } { [ 25.136053 ][ 12.604814 ] } { [ 41.465997 ] } { [ 48.200734 ] } { [ 63.425823 ] } { [ 31.029297 ] } { [ 3.293446 ] } { [ 74.219166 ] } { [ 1.117202 ] }
despues de colapsar { [ -24.044688 ][ 72.235198 ] } { [ -17.410879 ] } { [ 71.479881 ][ 3.228958 ] } { [ -22.198407 ][ 36.936857 ] } { [ 37.257012 ] } { [ 40.109438 ] } { [ 16.214912 ][ -9.105646 ] } { [ 21.114593 ] } { [ -13.338344 ] } { [ -7.826655 ] } { [ -21.513626 ][ -3.652378 ] } { [ 21.250107 ] } { [ 38.300355 ] } { [ 25.136053 ][ 12.604814 ] } { [ 41.465997 ] } { [ 48.200734 ] } { [ 63.425823 ] } { [ 31.029297 ] } { [ 3.293446 ] } { [ 74.219166 ] } { [ 1.117202 ] }
antes   de filtrar: { [ -24.044688 ][ 72.235198 ] } { [ -17.410879 ] } { [ 71.479881 ][ 3.228958 ][ 63.361332 ] } { [ -22.198407 ][ 36.936857 ] } { [ 37.257012 ] } { [ 40.109438 ][ 43.189753 ] } { [ 16.214912 ][ -9.105646 ] } { [ 21.114593 ] } { [ -13.338344 ] } { [ -7.826655 ][ 32.833445 ] } { [ -21.513626 ][ -3.652378 ] } { [ 21.250107 ] } { [ 38.300355 ] } { [ 25.136053 ][ 12.604814 ] } { [ 41.465997 ] } { [ 48.200734 ] } { [ 63.425823 ] } { [ 31.029297 ] } { [ 3.293446 ] } { [ 74.219166 ] } { [ 1.117202 ] } { [ 28.675192 ] } { [ 52.135742 ] } { [ 12.582736 ] } { [ -18.284955 ] } { [ 55.486573 ] }
despues de filtrar: { [ -24.044688 ][ 72.235198 ] } { [ -17.410879 ] } { [ 71.479881 ][ 3.228958 ][ 63.361332 ] } { [ -22.198407 ][ 36.936857 ] } { [ 37.257012 ] } { [ 40.109438 ][ 43.189753 ] } { [ 16.214912 ][ -9.105646 ] } { [ 21.114593 ] } { [ -13.338344 ] } { [ -7.826655 ][ 32.833445 ] } { [ -21.513626 ][ -3.652378 ] } { [ 21.250107 ] } { [ 38.300355 ] } { [ 25.136053 ][ 12.604814 ] } { [ 41.465997 ] } { [ 48.200734 ] } { [ 63.425823 ] } { [ 31.029297 ] } { [ 3.293446 ] } { [ 74.219166 ] } { [ 1.117202 ] } { [ 52.135742 ] } { [ -18.284955 ] } { [ 55.486573 ] }
antes   de colapsar <vacia>
despues de colapsar <vacia>
antes   de filtrar: { [ 19.707274 ][ 23.441924 ] } { [ -11.279630 ] } { [ 23.202046 ][ 10.051972 ][ 52.449209 ] } { [ -19.243017 ] } { [ -2.624803 ] } { [ -17.800914 ] }
despues de filtrar: { [ -11.279630 ] } { [ 23.202046 ][ 10.051972 ][ 52.449209 ] } { [ -19.243017 ] } { [ -2.624803 ] } { [ -17.800914 ] }
antes   de colapsar { [ -11.279630 ] } { [ 23.202046 ][ 10.051972 ][ 52.449209 ] } { [ -19.243017 ] } { [ -2.624803 ] } { [ -17.800914 ] } { [ 21.715305 ] }
despues de colapsar { [ -11.279630 ] } { [ 23.202046 ][ 10.051972 ][ 52.449209 ] } { [ -19.243017 ] } { [ -2.624803 ] } { [ -17.800914 ] } { [ 21.715305 ] }
antes   de filtrar: { [ -11.279630 ] } { [ 23.202046 ][ 10.051972 ][ 52.449209 ] } { [ -19.243017 ] } { [ -2.624803 ] } { [ -17.800914 ] } { [ 21.715305 ] } { [ 64.201514 ] } { [ -2.658183 ] }
despues de filtrar: { [ -11.279630 ] } { [ 23.202046 ][ 10.051972 ][ 52.449209 ] } { [ -19.243017 ] } { [ -2.624803 ] } { [ -17.800914 ] } { [ 64.201514 ] } { [ -2.658183 ] }
antes   de filtrar: { [ -11.279630 ][ 53.660659 ] } { [ 23.202046 ][ 10.051972 ][ 52.449209 ] } { [ -19.243017 ] } { [ -2.624803 ] } { [ -17.800914 ][ -14.881517 ] } { [ 64.201514 ] } { [ -2.658183 ] } { [ -9.506758 ][ -2.021686 ] } { [ 15.994279 ] } { [ -8.640271 ] } { [ 34.988969 ] } { [ 72.026721 ] } { [ 25.669425 ] } { [ 66.810894 ] } { [ -0.209988 ] } { [ -4.624640 ] } { [ -17.686884 ][ 9.521245 ] } { [ 26.260910 ] } { [ -24.120447 ] }
despues de filtrar: { [ -11.279630 ][ 53.660659 ] } { [ 23.202046 ][ 10.051972 ][ 52.449209 ] } { [ -19.243017 ] } { [ -2.624803 ] } { [ -17.800914 ][ -14.881517 ] } { [ 64.201514 ] } { [ -2.658183 ] } { [ -9.506758 ][ -2.021686 ] } { [ -8.640271 ] } { [ 72.026721 ] } { [ -0.209988 ] } { [ -4.624640 ] } { [ -17.686884 ][ 9.521245 ] } { [ 26.260910 ] } { [ -24.120447 ] }
antes   de colapsar { [ -11.279630 ][ 53.660659 ] } { [ 23.202046 ][ 10.051972 ][ 52.449209 ] } { [ -19.243017 ] } { [ -2.624803 ] } { [ -17.800914 ][ -14.881517 ] } { [ 64.201514 ] } { [ -2.658183 ][ 49.034474 ] } { [ -9.506758 ][ -2.021686 ] } { [ -8.640271 ] } { [ 72.026721 ] } { [ -0.209988 ] } { [ -4.624640 ] } { [ -17.686884 ][ 9.521245 ] } { [ 26.260910 ] } { [ -24.120447 ] }
despues de colapsar { [ -11.279630 ][ 53.660659 ] } { [ 23.202046 ][ 10.051972 ][ 52.449209 ] } { [ -19.243017 ] } { [ -2.624803 ] } { [ -17.800914 ][ -14.881517 ] } { [ 64.201514 ] } { [ -2.658183 ][ 49.034474 ] } { [ -9.506758 ][ -2.021686 ] } { [ -8.640271 ] } { [ 72.026721 ] } { [ -0.209988 ] } { [ -4.624640 ] } { [ -17.686884 ][ 9.521245 ] } { [ 26.260910 ] } { [ -24.120447 ] }
antes   de colapsar { [ -11.279630 ][ 53.660659 ][ -4.444495 ] } { [ 23.202046 ][ 10.051972 ][ 52.449209 ] } { [ -19.243017 ] } { [ -2.624803 ] } { [ -17.800914 ][ -14.881517 ] } { [ 64.201514 ] } { [ -2.658183 ][ 49.034474 ] } { [ -9.506758 ][ -2.021686 ] } { [ -8.640271 ] } { [ 72.026721 ] } { [ -0.209988 ] } { [ -4.624640 ] } { [ -17.686884 ][ 9.521245 ] } { [ 26.260910 ] } { [ -24.120447 ] } { [ -21.417640 ] }
despues de colapsar { [ -11.279630 ][ 53.660659 ][ -4.444495 ] } { [ 23.202046 ][ 10.051972 ][ 52.449209 ] } { [ -19.243017 ] } { [ -2.624803 ] } { [ -17.800914 ][ -14.881517 ] } { [ 64.201514 ] } { [ -2.658183 ][ 49.034474 ] } { [ -9.506758 ][ -2.021686 ] } { [ -8.640271 ] } { [ 72.026721 ] } { [ -0.209988 ] } { [ -4.624640 ] } { [ -17.686884 ][ 9.521245 ] } { [ 26.260910 ] } { [ -24.120447 ] } { [ -21.417640 ] }
antes   de filtrar: { [ -11.279630 ][ 53.660659 ][ -4.444495 ] } { [ 23.202046 ][ 10.051972 ][ 52.449209 ] } { [ -19.243017 ] } { [ -2.624803 ] } { [ -17.800914 ][ -14.881517 ] } { [ 64.201514 ] } { [ -2.658183 ][ 49.034474 ] } { [ -9.506758 ][ -2.021686 ] } { [ -8.640271 ] } { [ 72.026721 ] } { [ -0.209988 ] } { [ -4.624640 ] } { [ -17.686884 ][ 9.521245 ] } { [ 26.260910 ] } { [ -24.120447 ] } { [ -21.417640 ] }
despues de filtrar: { [ -11.279630 ][ 53.660659 ][ -4.444495 ] } { [ 23.202046 ][ 10.051972 ][ 52.449209 ] } { [ -19.243017 ] } { [ -2.624803 ] } { [ -17.800914 ][ -14.881517 ] } { [ 64.201514 ] } { [ -2.658183 ][ 49.034474 ] } { [ -9.506758 ][ -2.021686 ] } { [ -8.640271 ] } { [ 72.026721 ] } { [ -0.209988 ] } { [ -4.624640 ] } { [ -17.686884 ][ 9.521245 ] } { [ 26.260910 ] } { [ -24.120447 ] } { [ -21.417640 ] }
antes   de colapsar { [ -11.279630 ][ 53.660659 ][ -4.444495 ] } { [ 23.202046 ][ 10.051972 ][ 52.449209 ][ 59.698563 ] } { [ -19.243017 ] } { [ -2.624803 ] } { [ -17.800914 ][ -14.881517 ] } { [ 64.201514 ] } { [ -2.658183 ][ 49.034474 ] } { [ -9.506758 ][ -2.021686 ] } { [ -8.640271 ] } { [ 72.026721 ] } { [ -0.209988 ] } { [ -4.624640 ] } { [ -17.686884 ][ 9.521245 ] } { [ 26.260910 ] } { [ -24.120447 ] } { [ -21.417640 ] } { [ 23.855832 ] } { [ 7.253290 ] } { [ 37.596199 ] } { [ -21.750613 ] }
despues de colapsar { [ -11.279630 ][ 53.660659 ][ -4.444495 ] } { [ 23.202046 ][ 10.051972 ][ 52.449209 ][ 59.698563 ] } { [ -19.243017 ] } { [ -2.624803 ] } { [ -17.800914 ][ -14.881517 ] } { [ 64.201514 ] } { [ -2.658183 ][ 49.034474 ] } { [ -9.506758 ][ -2.021686 ] } { [ -8.640271 ] } { [ 72.026721 ] } { [ -0.209988 ] } { [ -4.624640 ] } { [ -17.686884 ][ 9.521245 ] } { [ 26.260910 ] } { [ -24.120447 ] } { [ -21.417640 ] } { [ 23.855832 ] } { [ 7.253290 ] } { [ 37.596199 ] } { [ -21.750613 ] }
antes   de filtrar: { [ -11.279630 ][ 53.660659 ][ -4.444495 ][ 30.648448 ] } { [ 23.202046 ][ 10.051972 ][ 52.449209 ][ 59.698563 ] } { [ -19.243017 ] } { [ -2.624803 ] } { [ -17.800914 ][ -14.881517 ] } { [ 64.201514 ] } { [ -2.658183 ][ 49.034474 ] } { [ -9.506758 ][ -2.021686 ] } { [ -8.640271 ] } { [ 72.026721 ] } { [ -0.209988 ] } { [ -4.624640 ] } { [ -17.686884 ][ 9.521245 ] } { [ 26.260910 ] } { [ -24.120447 ] } { [ -21.417640 ][ 31.447527 ] } { [ 23.855832 ][ 10.281222 ] } { [ 7.253290 ] } { [ 37.596199 ] } { [ -21.750613 ] } { [ 23.829628 ] } { [ 56.219602 ] } { [ 31.752619 ] } { [ 31.340904 ] }
despues de filtrar: { [ -11.279630 ][ 53.660659 ][ -4.444495 ][ 30.648448 ] } { [ 23.202046 ][ 10.051972 ][ 52.449209 ][ 59.698563 ] } { [ -19.243017 ] } { [ -2.624803 ] } { [ -17.800914 ][ -14.881517 ] } { [ 64.201514 ] } { [ -2.658183 ][ 49.034474 ] } { [ -9.506758 ][ -2.021686 ] } { [ -8.640271 ] } { [ 72.026721 ] } { [ -0.209988 ] } { [ -4.624640 ] } { [ -17.686884 ][ 9.521245 ] } { [ 26.260910 ] } { [ -24.120447 ] } { [ -21.417640 ][ 31.447527 ] } { [ 7.253290 ] } { [ -21.750613 ] } { [ 56.219602 ] } { [ 31.340904 ] }
antes   de filtrar: { [ 7gfrpm ][ 4u ] } { [ kme2 ] } { [ wqe04ej ] }
despues de filtrar: <vacia>
antes   de colapsar { [ pos0liqk ] } { [ hag ] } { [ v1h06 ] } { [ dp3frqjum1 ] } { [ iwxxin ] }
despues de colapsar { [ pos0liqk ] } { [ hag ] } { [ v1h06 ] } { [ dp3frqjum1 ] } { [ iwxxin ] }
antes   de colapsar { [ pos0liqk ] } { [ hag ] } { [ v1h06 ] } { [ dp3frqjum1 ] } { [ iwxxin ] } { [ o9 ] } { [ wh ] }
despues de colapsar { [ pos0liqk ] } { [ hag ] } { [ v1h06 ] } { [ dp3frqjum1 ] } { [ iwxxin ] } { [ o9 ] } { [ wh ] }
antes   de colapsar { [ pos0liqk ] } { [ hag ] } { [ v1h06 ] } { [ dp3frqjum1 ] } { [ iwxxin ] } { [ o9 ] } { [ wh ] } { [ 7uxeo6 ] } { [ xhg8v7ysx ] } { [ ra8i31vqi ][ 5wdch ] } { [ xbxl ] } { [ nbtid5 ] } { [ 06y ] } { [ 7oebd8n ] } { [ wwi427a ] }
despues de colapsar { [ pos0liqk ] } { [ hag ] } { [ v1h06 ] } { [ dp3frqjum1 ] } { [ iwxxin ] } { [ o9 ] } { [ wh ] } { [ 7uxeo6 ] } { [ xhg8v7ysx ] } { [ r5aw8dic3h ] } { [ xbxl ] } { [ nbtid5 ] } { [ 06y ] } { [ 7oebd8n ] } { [ wwi427a ] }
antes   de colapsar { [ pos0liqk ] } { [ hag ] } { [ v1h06 ] } { [ dp3frqjum1 ] } { [ iwxxin ] } { [ o9 ] } { [ wh ] } { [ 7uxeo6 ] } { [ xhg8v7ysx ] } { [ r5aw8dic3h ] } { [ xbxl ][ 60 ] } { [ nbtid5 ] } { [ 06y ] } { [ 7oebd8n ] } { [ wwi427a ] } { [ dg921rp ] } { [ jucus8t0l ] } { [ 9bfi1 ][ ij5 ] } { [ s4t8s8vr ] } { [ v7u4twb ] } { [ hhvs ] }
despues de colapsar { [ pos0liqk ] } { [ hag ] } { [ v1h06 ] } { [ dp3frqjum1 ] } { [ iwxxin ] } { [ o9 ] } { [ wh ] } { [ 7uxeo6 ] } { [ xhg8v7ysx ] } { [ r5aw8dic3h ] } { [ xbxl ][ 60 ] } { [ nbtid5 ] } { [ 06y ] } { [ 7oebd8n ] } { [ wwi427a ] } { [ dg921rp ] } { [ jucus8t0l ] } { [ 9ibjf5i1 ] } { [ s4t8s8vr ] } { [ v7u4twb ] } { [ hhvs ] }
antes   de filtrar: { [ pos0liqk ] } { [ hag ] } { [ v1h06 ] } { [ dp3frqjum1 ] } { [ iwxxin ] } { [ o9 ] } { [ wh ] } { [ 7uxeo6 ] } { [ xhg8v7ysx ] } { [ r5aw8dic3h ] } { [ xbxl ][ 60 ] } { [ nbtid5 ] } { [ 06y ] } { [ 7oebd8n ] } { [ wwi427a ] } { [ dg921rp ] } { [ jucus8t0l ] } { [ 9ibjf5i1 ] } { [ s4t8s8vr ] } { [ v7u4twb ] } { [ hhvs ] }
despues de filtrar: { [ hag ] } { [ iwxxin ] } { [ wh ] } { [ xbxl ][ 60 ] } { [ hhvs ] }
antes   de filtrar: { [ hag ] } { [ iwxxin ] } { [ wh ] } { [ xbxl ][ 60 ] } { [ hhvs ] }
despues de filtrar: { [ hag ] } { [ iwxxin ] } { [ wh ] } { [ xbxl ][ 60 ] } { [ hhvs ] }
antes   de filtrar: { [ hag ] } { [ iwxxin ][ kn63 ] } { [ wh ] } { [ xbxl ][ 60 ][ jkn2s ] } { [ hhvs ][ d2qa974tgt ] } { [ d3c6kc5 ] } { [ u0ag ] } { [ hi755jlw ] } { [ noeumh81 ] }
despues de filtrar: { [ hag ] } { [ iwxxin ][ kn63 ] } { [ wh ] } { [ xbxl ][ 60 ][ jkn2s ] } { [ hhvs ][ d2qa974tgt ] }
antes   de filtrar: { [ hag ][ r0uu8ad9hi ][ 362vw ] } { [ iwxxin ][ kn63 ] } { [ wh ] } { [ xbxl ][ 60 ][ jkn2s ][ jg ] } { [ hhvs ][ d2qa974tgt ][ nsxikq ] } { [ v9 ] } { [ u9py ] }
despues de filtrar: { [ hag ][ r0uu8ad9hi ][ 362vw ] } { [ iwxxin ][ kn63 ] } { [ wh ] } { [ xbxl ][ 60 ][ jkn2s ][ jg ] } { [ hhvs ][ d2qa974tgt ][ nsxikq ] }
antes   de colapsar { [ hag ][ r0uu8ad9hi ][ 362vw ] } { [ iwxxin ][ kn63 ] } { [ wh ] } { [ xbxl ][ 60 ][ jkn2s ][ jg ] } { [ hhvs ][ d2qa974tgt ][ nsxikq ] } { [ 6mjog ] } { [ ge4hu ] }
despues de colapsar { [ hag ][ r0uu8ad9hi ][ 362vw ] } { [ iwxxin ][ kn63 ] } { [ wh ] } { [ xbxl ][ 60 ][ jkn2s ][ jg ] } { [ hhvs ][ d2qa974tgt ][ nsxikq ] } { [ 6mjog ] } { [ ge4hu ] }
