antes   de colapsar { [ 2548 ] }
despues de colapsar { [ 2548 ] }
antes   de filtrar: { [ 2548 ] }
despues de filtrar: { [ 2548 ] }
antes   de colapsar { [ 2548 ] }
despues de colapsar { [ 2548 ] }
antes   de colapsar { [ 2548 ][ 4768 ] } { [ 3495 ] } { [ 9777 ][ 8606 ] } { [ 6087 ] } { [ 3497 ] } { [ 6887 ] } { [ 9903 ] }
despues de colapsar { [ 2548 ][ 4768 ] } { [ 3495 ] } { [ 9777 ][ 8606 ] } { [ 6087 ] } { [ 3497 ] } { [ 6887 ] } { [ 9903 ] }
antes   de filtrar: { [ 2548 ][ 4768 ] } { [ 3495 ] } { [ 9777 ][ 8606 ] } { [ 6087 ] } { [ 3497 ] } { [ 6887 ] } { [ 9903 ] }
despues de filtrar: { [ 2548 ][ 4768 ] } { [ 3495 ] } { [ 9777 ][ 8606 ] } { [ 3497 ] } { [ 6887 ] }
antes   de filtrar: { [ 2548 ][ 4768 ] } { [ 3495 ][ 7581 ] } { [ 9777 ][ 8606 ] } { [ 3497 ] } { [ 6887 ] }
despues de filtrar: { [ 2548 ][ 4768 ] } { [ 3495 ][ 7581 ] } { [ 9777 ][ 8606 ] } { [ 3497 ] } { [ 6887 ] }
antes   de filtrar: { [ 2548 ][ 4768 ] } { [ 3495 ][ 7581 ] } { [ 9777 ][ 8606 ][ 7271 ] } { [ 3497 ] } { [ 6887 ] } { [ 1641 ] } { [ 4650 ] } { [ 864 ] } { [ 5468 ] }
despues de filtrar: { [ 2548 ][ 4768 ] } { [ 3495 ][ 7581 ] } { [ 9777 ][ 8606 ][ 7271 ] } { [ 3497 ] } { [ 6887 ] } { [ 1641 ] } { [ 864 ] } { [ 5468 ] }
antes   de filtrar: { [ 2548 ][ 4768 ] } { [ 3495 ][ 7581 ] } { [ 9777 ][ 8606 ][ 7271 ] } { [ 3497 ][ 5073 ] } { [ 6887 ] } { [ 1641 ] } { [ 864 ] } { [ 5468 ] } { [ 2920 ] } { [ 5631 ][ 262 ] } { [ 3613 ] } { [ 867 ] } { [ 712 ] } { [ 2451 ] } { [ 118 ] } { [ 208 ] } { [ 3949 ] } { [ 3923 ] } { [ 1689 ] }
despues de filtrar: { [ 2548 ][ 4768 ] } { [ 3495 ][ 7581 ] } { [ 9777 ][ 8606 ][ 7271 ] } { [ 3497 ][ 5073 ] } { [ 6887 ] } { [ 1641 ] } { [ 864 ] } { [ 5468 ] } { [ 5631 ][ 262 ] } { [ 3613 ] } { [ 867 ] } { [ 712 ] } { [ 2451 ] } { [ 118 ] } { [ 3949 ] } { [ 3923 ] } { [ 1689 ] }
antes   de colapsar { [ 2548 ][ 4768 ] } { [ 3495 ][ 7581 ] } { [ 9777 ][ 8606 ][ 7271 ] } { [ 3497 ][ 5073 ] } { [ 6887 ] } { [ 1641 ] } { [ 864 ] } { [ 5468 ] } { [ 5631 ][ 262 ] } { [ 3613 ] } { [ 867 ] } { [ 712 ] } { [ 2451 ] } { [ 118 ] } { [ 3949 ] } { [ 3923 ] } { [ 1689 ] } { [ 2662 ] } { [ 8673 ] }
despues de colapsar { [ 2548 ][ 4768 ] } { [ 3495 ][ 7581 ] } { [ 9777 ][ 8606 ][ 7271 ] } { [ 3497 ][ 5073 ] } { [ 6887 ] } { [ 1641 ] } { [ 864 ] } { [ 5468 ] } { [ 5631 ][ 262 ] } { [ 3613 ] } { [ 867 ] } { [ 712 ] } { [ 2451 ] } { [ 118 ] } { [ 3949 ] } { [ 3923 ] } { [ 1689 ] } { [ 2662 ] } { [ 8673 ] }
antes   de colapsar { [ 2548 ][ 4768 ] } { [ 3495 ][ 7581 ][ 9289 ][ 8515 ] } { [ 9777 ][ 8606 ][ 7271 ] } { [ 3497 ][ 5073 ][ 9239 ] } { [ 6887 ][ 8812 ] } { [ 1641 ] } { [ 864 ] } { [ 5468 ] } { [ 5631 ][ 262 ] } { [ 3613 ] } { [ 867 ] } { [ 712 ] } { [ 2451 ] } { [ 118 ][ 9448 ] } { [ 3949 ] } { [ 3923 ] } { [ 1689 ] } { [ 2662 ] } { [ 8673 ] } { [ 1189 ] } { [ 6477 ] } { [ 3052 ] } { [ 5243 ] } { [ 3187 ] } { [ 8475 ] }
despues de colapsar { [ 2548 ][ 4768 ] } { [ 3495 ][ 7581 ][ 9289 ][ 8515 ] } { [ 9777 ][ 8606 ][ 7271 ] } { [ 3497 ][ 5073 ][ 9239 ] } { [ 6887 ][ 8812 ] } { [ 1641 ] } { [ 864 ] } { [ 5468 ] } { [ 5631 ][ 262 ] } { [ 3613 ] } { [ 867 ] } { [ 712 ] } { [ 2451 ] } { [ 118 ][ 9448 ] } { [ 3949 ] } { [ 3923 ] } { [ 1689 ] } { [ 2662 ] } { [ 8673 ] } { [ 1189 ] } { [ 6477 ] } { [ 3052 ] } { [ 5243 ] } { [ 3187 ] } { [ 8475 ] }
antes   de filtrar: { [ 8205 ] }
despues de filtrar: <vacia>
antes   de filtrar: { [ 1338 ][ 3976 ] } { [ 6736 ][ 6825 ] } { [ 9031 ] } { [ 1323 ] } { [ 7183 ] }
despues de filtrar: { [ 1338 ][ 3976 ] } { [ 6736 ][ 6825 ] } { [ 1323 ] } { [ 7183 ] }
antes   de filtrar: { [ 1338 ][ 3976 ][ 539 ] } { [ 6736 ][ 6825 ] } { [ 1323 ] } { [ 7183 ] } { [ 4680 ] } { [ 5765 ] } { [ 8627 ] }
despues de filtrar: { [ 1338 ][ 3976 ][ 539 ] } { [ 6736 ][ 6825 ] } { [ 1323 ] } { [ 7183 ] } { [ 5765 ] } { [ 8627 ] }
antes   de colapsar { [ 1338 ][ 3976 ][ 539 ] } { [ 6736 ][ 6825 ] } { [ 1323 ] } { [ 7183 ][ 3867 ] } { [ 5765 ] } { [ 8627 ] } { [ 2111 ] } { [ 5140 ] } { [ 8865 ] }
despues de colapsar { [ 1338 ][ 3976 ][ 539 ] } { [ 6736 ][ 6825 ] } { [ 1323 ] } { [ 7183 ][ 3867 ] } { [ 5765 ] } { [ 8627 ] } { [ 2111 ] } { [ 5140 ] } { [ 8865 ] }
antes   de filtrar: { [ 1338 ][ 3976 ][ 539 ] } { [ 6736 ][ 6825 ] } { [ 1323 ] } { [ 7183 ][ 3867 ] } { [ 5765 ] } { [ 8627 ] } { [ 2111 ] } { [ 5140 ] } { [ 8865 ] }
despues de filtrar: { [ 1338 ][ 3976 ][ 539 ] } { [ 6736 ][ 6825 ] } { [ 1323 ] } { [ 7183 ][ 3867 ] } { [ 5765 ] } { [ 8627 ] } { [ 2111 ] } { [ 8865 ] }
antes   de colapsar { [ 1338 ][ 3976 ][ 539 ] } { [ 6736 ][ 6825 ] } { [ 1323 ] } { [ 7183 ][ 3867 ] } { [ 5765 ] } { [ 8627 ] } { [ 2111 ] } { [ 8865 ] }
despues de colapsar { [ 1338 ][ 3976 ][ 539 ] } { [ 6736 ][ 6825 ] } { [ 1323 ] } { [ 7183 ][ 3867 ] } { [ 5765 ] } { [ 8627 ] } { [ 2111 ] } { [ 8865 ] }
antes   de colapsar { [ 1338 ][ 3976 ][ 539 ] } { [ 6736 ][ 6825 ] } { [ 1323 ] } { [ 7183 ][ 3867 ] } { [ 5765 ] } { [ 8627 ] } { [ 2111 ] } { [ 8865 ] } { [ 6017 ][ 6035 ] } { [ 1716 ] } { [ 5993 ] } { [ 9615 ] } { [ 654 ] } { [ 6366 ] } { [ 6503 ] }
despues de colapsar { [ 1338 ][ 3976 ][ 539 ] } { [ 6736 ][ 6825 ] } { [ 1323 ] } { [ 7183 ][ 3867 ] } { [ 5765 ] } { [ 8627 ] } { [ 2111 ] } { [ 8865 ] } { [ 6025 ] } { [ 1716 ] } { [ 5993 ] } { [ 9615 ] } { [ 654 ] } { [ 6366 ] } { [ 6503 ] }
antes   de colapsar { [ 1338 ][ 3976 ][ 539 ] } { [ 6736 ][ 6825 ] } { [ 1323 ] } { [ 7183 ][ 3867 ] } { [ 5765 ] } { [ 8627 ] } { [ 2111 ] } { [ 8865 ] } { [ 6025 ] } { [ 1716 ] } { [ 5993 ] } { [ 9615 ] } { [ 654 ] } { [ 6366 ] } { [ 6503 ] } { [ 2217 ] }
despues de colapsar { [ 1338 ][ 3976 ][ 539 ] } { [ 6736 ][ 6825 ] } { [ 1323 ] } { [ 7183 ][ 3867 ] } { [ 5765 ] } { [ 8627 ] } { [ 2111 ] } { [ 8865 ] } { [ 6025 ] } { [ 1716 ] } { [ 5993 ] } { [ 9615 ] } { [ 654 ] } { [ 6366 ] } { [ 6503 ] } { [ 2217 ] }
antes   de filtrar: { [ 1338 ][ 3976 ][ 539 ][ 5791 ][ 5293 ] } { [ 6736 ][ 6825 ] } { [ 1323 ] } { [ 7183 ][ 3867 ] } { [ 5765 ][ 5135 ] } { [ 8627 ] } { [ 2111 ][ 8863 ] } { [ 8865 ] } { [ 6025 ] } { [ 1716 ][ 3911 ] } { [ 5993 ] } { [ 9615 ] } { [ 654 ][ 8768 ] } { [ 6366 ] } { [ 6503 ] } { [ 2217 ] } { [ 7455 ] } { [ 1282 ] } { [ 1517 ] } { [ 7674 ] } { [ 1487 ] } { [ 5718 ] } { [ 2888 ] } { [ 6931 ] } { [ 4593 ] } { [ 3993 ] } { [ 443 ] } { [ 5014 ] } { [ 7306 ] } { [ 638 ] }
despues de filtrar: { [ 1338 ][ 3976 ][ 539 ][ 5791 ][ 5293 ] } { [ 6736 ][ 6825 ] } { [ 1323 ] } { [ 7183 ][ 3867 ] } { [ 5765 ][ 5135 ] } { [ 8627 ] } { [ 2111 ][ 8863 ] } { [ 8865 ] } { [ 1716 ][ 3911 ] } { [ 5993 ] } { [ 9615 ] } { [ 654 ][ 8768 ] } { [ 6366 ] } { [ 2217 ] } { [ 7455 ] } { [ 1282 ] } { [ 1517 ] } { [ 7674 ] } { [ 1487 ] } { [ 5718 ] } { [ 2888 ] } { [ 6931 ] } { [ 4593 ] } { [ 3993 ] } { [ 443 ] } { [ 638 ] }
antes   de colapsar { [ 1338 ][ 3976 ][ 539 ][ 5791 ][ 5293 ] } { [ 6736 ][ 6825 ] } { [ 1323 ] } { [ 7183 ][ 3867 ] } { [ 5765 ][ 5135 ] } { [ 8627 ] } { [ 2111 ][ 8863 ] } { [ 8865 ] } { [ 1716 ][ 3911 ] } { [ 5993 ] } { [ 9615 ] } { [ 654 ][ 8768 ] } { [ 6366 ] } { [ 2217 ] } { [ 7455 ] } { [ 1282 ] } { [ 1517 ] } { [ 7674 ] } { [ 1487 ] } { [ 5718 ] } { [ 2888 ] } { [ 6931 ] } { [ 4593 ] } { [ 3993 ] } { [ 443 ] } { [ 638 ] } { [ 4259 ] }
despues de colapsar { [ 1338 ][ 3976 ][ 539 ][ 5791 ][ 5293 ] } { [ 6736 ][ 6825 ] } { [ 1323 ] } { [ 7183 ][ 3867 ] } { [ 5765 ][ 5135 ] } { [ 8627 ] } { [ 2111 ][ 8863 ] } { [ 8865 ] } { [ 1716 ][ 3911 ] } { [ 5993 ] } { [ 9615 ] } { [ 654 ][ 8768 ] } { [ 6366 ] } { [ 2217 ] } { [ 7455 ] } { [ 1282 ] } { [ 1517 ] } { [ 7674 ] } { [ 1487 ] } { [ 5718 ] } { [ 2888 ] } { [ 6931 ] } { [ 4593 ] } { [ 3993 ] } { [ 443 ] } { [ 638 ] } { [ 4259 ] }
antes   de filtrar: { [ 10.329545 ] } { [ 16.975291 ] }
despues de filtrar: { [ 10.329545 ] }
antes   de colapsar { [ 10.329545 ][ 72.332963 ][ 72.349038 ] }
despues de colapsar { [ 10.329545 ][ 72.332963 ][ 72.349038 ] }
antes   de colapsar { [ 10.329545 ][ 72.332963 ][ 72.349038 ][ 46.627126 ][ -10.967894 ] } { [ 30.480098 ] } { [ 26.386992 ] }
despues de colapsar { [ 10.329545 ][ 72.332963 ][ 72.349038 ][ 46.627126 ][ -10.967894 ] } { [ 30.480098 ] } { [ 26.386992 ] }
antes   de colapsar { [ 10.329545 ][ 72.332963 ][ 72.349038 ][ 46.627126 ][ -10.967894 ] } { [ 30.480098 ] } { [ 26.386992 ] } { [ 69.082695 ] } { [ 22.638219 ] } { [ 28.233895 ] }
despues de colapsar { [ 10.329545 ][ 72.332963 ][ 72.349038 ][ 46.627126 ][ -10.967894 ] } { [ 30.480098 ] } { [ 26.386992 ] } { [ 69.082695 ] } { [ 22.638219 ] } { [ 28.233895 ] }
antes   de colapsar { [ 10.329545 ][ 72.332963 ][ 72.349038 ][ 46.627126 ][ -10.967894 ] } { [ 30.480098 ] } { [ 26.386992 ][ -5.047043 ] } { [ 69.082695 ] } { [ 22.638219 ][ 63.331519 ] } { [ 28.233895 ][ 22.265591 ][ 59.126098 ][ 63.170312 ] } { [ 5.105534 ] } { [ 71.874187 ] } { [ 46.856834 ] } { [ 67.294957 ] }
despues de colapsar { [ 10.329545 ][ 72.332963 ][ 72.349038 ][ 46.627126 ][ -10.967894 ] } { [ 30.480098 ] } { [ 26.386992 ][ -5.047043 ] } { [ 69.082695 ] } { [ 9.271987 ] } { [ 28.233895 ][ 22.265591 ][ 59.126098 ][ 63.170312 ] } { [ 5.105534 ] } { [ 71.874187 ] } { [ 46.856834 ] } { [ 67.294957 ] }
antes   de filtrar: { [ 10.329545 ][ 72.332963 ][ 72.349038 ][ 46.627126 ][ -10.967894 ] } { [ 30.480098 ] } { [ 26.386992 ][ -5.047043 ][ 4.906133 ] } { [ 69.082695 ] } { [ 9.271987 ] } { [ 28.233895 ][ 22.265591 ][ 59.126098 ][ 63.170312 ] } { [ 5.105534 ] } { [ 71.874187 ] } { [ 46.856834 ] } { [ 67.294957 ] } { [ -19.323826 ] } { [ 11.120451 ] }
despues de filtrar: { [ 10.329545 ][ 72.332963 ][ 72.349038 ][ 46.627126 ][ -10.967894 ] } { [ 30.480098 ] } { [ 26.386992 ][ -5.047043 ][ 4.906133 ] } { [ 69.082695 ] } { [ 9.271987 ] } { [ 28.233895 ][ 22.265591 ][ 59.126098 ][ 63.170312 ] } { [ 5.105534 ] } { [ 67.294957 ] } { [ -19.323826 ] } { [ 11.120451 ] }
antes   de filtrar: { [ 10.329545 ][ 72.332963 ][ 72.349038 ][ 46.627126 ][ -10.967894 ] } { [ 30.480098 ] } { [ 26.386992 ][ -5.047043 ][ 4.906133 ] } { [ 69.082695 ] } { [ 9.271987 ] } { [ 28.233895 ][ 22.265591 ][ 59.126098 ][ 63.170312 ] } { [ 5.105534 ] } { [ 67.294957 ] } { [ -19.323826 ] } { [ 11.120451 ] }
despues de filtrar: { [ 10.329545 ][ 72.332963 ][ 72.349038 ][ 46.627126 ][ -10.967894 ] } { [ 30.480098 ] } { [ 26.386992 ][ -5.047043 ][ 4.906133 ] } { [ 69.082695 ] } { [ 9.271987 ] } { [ 28.233895 ][ 22.265591 ][ 59.126098 ][ 63.170312 ] } { [ 5.105534 ] } { [ 67.294957 ] } { [ -19.323826 ] } { [ 11.120451 ] }
antes   de colapsar { [ 10.329545 ][ 72.332963 ][ 72.349038 ][ 46.627126 ][ -10.967894 ] } { [ 30.480098 ][ -7.742795 ] } { [ 26.386992 ][ -5.047043 ][ 4.906133 ] } { [ 69.082695 ] } { [ 9.271987 ] } { [ 28.233895 ][ 22.265591 ][ 59.126098 ][ 63.170312 ] } { [ 5.105534 ] } { [ 67.294957 ] } { [ -19.323826 ] } { [ 11.120451 ] } { [ -13.473485 ] } { [ 54.283763 ] } { [ -5.270577 ] } { [ 73.061151 ] } { [ -3.452045 ] } { [ -16.985873 ] } { [ -12.771472 ] } { [ 35.302396 ] } { [ 15.778623 ] } { [ -13.181607 ] } { [ 48.655261 ] } { [ -22.835375 ] } { [ 8.317121 ] } { [ 43.194439 ] } { [ 65.672459 ] }
despues de colapsar { [ 10.329545 ][ 72.332963 ][ 72.349038 ][ 46.627126 ][ -10.967894 ] } { [ 30.480098 ][ -7.742795 ] } { [ 26.386992 ][ -5.047043 ][ 4.906133 ] } { [ 69.082695 ] } { [ 9.271987 ] } { [ 28.233895 ][ 22.265591 ][ 59.126098 ][ 63.170312 ] } { [ 5.105534 ] } { [ 67.294957 ] } { [ -19.323826 ] } { [ 11.120451 ] } { [ -13.473485 ] } { [ 54.283763 ] } { [ -5.270577 ] } { [ 73.061151 ] } { [ -3.452045 ] } { [ -16.985873 ] } { [ -12.771472 ] } { [ 35.302396 ] } { [ 15.778623 ] } { [ -13.181607 ] } { [ 48.655261 ] } { [ -22.835375 ] } { [ 8.317121 ] } { [ 43.194439 ] } { [ 65.672459 ] }
antes   de filtrar: { [ 10.329545 ][ 72.332963 ][ 72.349038 ][ 46.627126 ][ -10.967894 ] } { [ 30.480098 ][ -7.742795 ] } { [ 26.386992 ][ -5.047043 ][ 4.906133 ] } { [ 69.082695 ] } { [ 9.271987 ] } { [ 28.233895 ][ 22.265591 ][ 59.126098 ][ 63.170312 ] } { [ 5.105534 ] } { [ 67.294957 ] } { [ -19.323826 ] } { [ 11.120451 ] } { [ -13.473485 ][ 7.346585 ] } { [ 54.283763 ] } { [ -5.270577 ] } { [ 73.061151 ] } { [ -3.452045 ] } { [ -16.985873 ] } { [ -12.771472 ] } { [ 35.302396 ] } { [ 15.778623 ][ -22.769988 ] } { [ -13.181607 ][ -12.902460 ] } { [ 48.655261 ] } { [ -22.835375 ] } { [ 8.317121 ] } { [ 43.194439 ] } { [ 65.672459 ] } { [ 55.550264 ] } { [ 67.265730 ] } { [ -21.878208 ] } { [ -16.857789 ] } { [ 29.865702 ] }
despues de filtrar: { [ 10.329545 ][ 72.332963 ][ 72.349038 ][ 46.627126 ][ -10.967894 ] } { [ 30.480098 ][ -7.742795 ] } { [ 26.386992 ][ -5.047043 ][ 4.906133 ] } { [ 69.082695 ] } { [ 9.271987 ] } { [ 28.233895 ][ 22.265591 ][ 59.126098 ][ 63.170312 ] } { [ 5.105534 ] } { [ 67.294957 ] } { [ -19.323826 ] } { [ 11.120451 ] } { [ -13.473485 ][ 7.346585 ] } { [ 54.283763 ] } { [ -5.270577 ] } { [ 73.061151 ] } { [ -3.452045 ] } { [ -16.985873 ] } { [ -12.771472 ] } { [ 35.302396 ] } { [ -13.181607 ][ -12.902460 ] } { [ -22.835375 ] } { [ 8.317121 ] } { [ 43.194439 ] } { [ 67.265730 ] } { [ -21.878208 ] } { [ -16.857789 ] }
antes   de filtrar: { [ 10.329545 ][ 72.332963 ][ 72.349038 ][ 46.627126 ][ -10.967894 ] } { [ 30.480098 ][ -7.742795 ] } { [ 26.386992 ][ -5.047043 ][ 4.906133 ] } { [ 69.082695 ] } { [ 9.271987 ] } { [ 28.233895 ][ 22.265591 ][ 59.126098 ][ 63.170312 ] } { [ 5.105534 ] } { [ 67.294957 ] } { [ -19.323826 ] } { [ 11.120451 ] } { [ -13.473485 ][ 7.346585 ] } { [ 54.283763 ] } { [ -5.270577 ] } { [ 73.061151 ] } { [ -3.452045 ] } { [ -16.985873 ] } { [ -12.771472 ] } { [ 35.302396 ] } { [ -13.181607 ][ -12.902460 ] } { [ -22.835375 ] } { [ 8.317121 ] } { [ 43.194439 ] } { [ 67.265730 ] } { [ -21.878208 ] } { [ -16.857789 ] }
despues de filtrar: { [ 10.329545 ][ 72.332963 ][ 72.349038 ][ 46.627126 ][ -10.967894 ] } { [ 30.480098 ][ -7.742795 ] } { [ 26.386992 ][ -5.047043 ][ 4.906133 ] } { [ 69.082695 ] } { [ 9.271987 ] } { [ 28.233895 ][ 22.265591 ][ 59.126098 ][ 63.170312 ] } { [ 5.105534 ] } { [ 67.294957 ] } { [ -19.323826 ] } { [ 11.120451 ] } { [ -13.473485 ][ 7.346585 ] } { [ 54.283763 ] } { [ -5.270577 ] } { [ 73.061151 ] } { [ -3.452045 ] } { [ -16.985873 ] } { [ -12.771472 ] } { [ 35.302396 ] } { [ -13.181607 ][ -12.902460 ] } { [ -22.835375 ] } { [ 8.317121 ] } { [ 43.194439 ] } { [ 67.265730 ] } { [ -21.878208 ] } { [ -16.857789 ] }
antes   de colapsar <vacia>
despues de colapsar <vacia>
antes   de colapsar { [ -9.403789 ] } { [ -23.490382 ] } { [ 5.439907 ][ -16.922844 ][ 52.445425 ] } { [ 22.162993 ] }
despues de colapsar { [ -9.403789 ] } { [ -23.490382 ] } { [ 5.439907 ][ -16.922844 ][ 52.445425 ] } { [ 22.162993 ] }
antes   de colapsar { [ -9.403789 ] } { [ -23.490382 ] } { [ 5.439907 ][ -16.922844 ][ 52.445425 ] } { [ 22.162993 ] } { [ 22.287472 ][ -11.136668 ] } { [ 27.033885 ] } { [ -18.125015 ] }
despues de colapsar { [ -9.403789 ] } { [ -23.490382 ] } { [ 5.439907 ][ -16.922844 ][ 52.445425 ] } { [ 22.162993 ] } { [ 22.287472 ][ -11.136668 ] } { [ 27.033885 ] } { [ -18.125015 ] }
antes   de filtrar: { [ -9.403789 ] } { [ -23.490382 ] } { [ 5.439907 ][ -16.922844 ][ 52.445425 ] } { [ 22.162993 ] } { [ 22.287472 ][ -11.136668 ] } { [ 27.033885 ] } { [ -18.125015 ] } { [ 8.876808 ] }
despues de filtrar: { [ -9.403789 ] } { [ -23.490382 ] } { [ 5.439907 ][ -16.922844 ][ 52.445425 ] } { [ 22.162993 ] } { [ 22.287472 ][ -11.136668 ] } { [ 27.033885 ] } { [ -18.125015 ] }
antes   de filtrar: { [ -9.403789 ][ 21.273680 ] } { [ -23.490382 ][ 35.411268 ] } { [ 5.439907 ][ -16.922844 ][ 52.445425 ][ 34.301292 ] } { [ 22.162993 ] } { [ 22.287472 ][ -11.136668 ] } { [ 27.033885 ] } { [ -18.125015 ] } { [ 60.946510 ] } { [ 65.362279 ][ 70.477149 ] } { [ 13.858777 ] } { [ 12.495507 ] } { [ 45.529016 ] }
despues de filtrar: { [ -9.403789 ][ 21.273680 ] } { [ -23.490382 ][ 35.411268 ] } { [ 5.439907 ][ -16.922844 ][ 52.445425 ][ 34.301292 ] } { [ 22.162993 ] } { [ 22.287472 ][ -11.136668 ] } { [ 27.033885 ] } { [ -18.125015 ] } { [ 65.362279 ][ 70.477149 ] } { [ 12.495507 ] }
antes   de colapsar { [ -9.403789 ][ 21.273680 ] } { [ -23.490382 ][ 35.411268 ] } { [ 5.439907 ][ -16.922844 ][ 52.445425 ][ 34.301292 ] } { [ 22.162993 ] } { [ 22.287472 ][ -11.136668 ] } { [ 27.033885 ] } { [ -18.125015 ] } { [ 65.362279 ][ 70.477149 ] } { [ 12.495507 ] }
despues de colapsar { [ -9.403789 ][ 21.273680 ] } { [ -23.490382 ][ 35.411268 ] } { [ 5.439907 ][ -16.922844 ][ 52.445425 ][ 34.301292 ] } { [ 22.162993 ] } { [ 22.287472 ][ -11.136668 ] } { [ 27.033885 ] } { [ -18.125015 ] } { [ 65.362279 ][ 70.477149 ] } { [ 12.495507 ] }
antes   de filtrar: { [ -9.403789 ][ 21.273680 ] } { [ -23.490382 ][ 35.411268 ] } { [ 5.439907 ][ -16.922844 ][ 52.445425 ][ 34.301292 ] } { [ 22.162993 ] } { [ 22.287472 ][ -11.136668 ] } { [ 27.033885 ] } { [ -18.125015 ] } { [ 65.362279 ][ 70.477149 ] } { [ 12.495507 ] }
despues de filtrar: { [ -9.403789 ][ 21.273680 ] } { [ -23.490382 ][ 35.411268 ] } { [ 5.439907 ][ -16.922844 ][ 52.445425 ][ 34.301292 ] } { [ 22.162993 ] } { [ 22.287472 ][ -11.136668 ] } { [ 27.033885 ] } { [ -18.125015 ] } { [ 65.362279 ][ 70.477149 ] } { [ 12.495507 ] }
antes   de filtrar: { [ -9.403789 ][ 21.273680 ] } { [ -23.490382 ][ 35.411268 ] } { [ 5.439907 ][ -16.922844 ][ 52.445425 ][ 34.301292 ] } { [ 22.162993 ][ -21.232868 ] } { [ 22.287472 ][ -11.136668 ] } { [ 27.033885 ] } { [ -18.125015 ] } { [ 65.362279 ][ 70.477149 ] } { [ 12.495507 ] } { [ 13.864482 ] } { [ 16.419527 ] }
despues de filtrar: { [ -9.403789 ][ 21.273680 ] } { [ -23.490382 ][ 35.411268 ] } { [ 5.439907 ][ -16.922844 ][ 52.445425 ][ 34.301292 ] } { [ 22.162993 ][ -21.232868 ] } { [ 22.287472 ][ -11.136668 ] } { [ 27.033885 ] } { [ -18.125015 ] } { [ 65.362279 ][ 70.477149 ] } { [ 12.495507 ] } { [ 16.419527 ] }
antes   de colapsar { [ -9.403789 ][ 21.273680 ] } { [ -23.490382 ][ 35.411268 ][ -12.735899 ] } { [ 5.439907 ][ -16.922844 ][ 52.445425 ][ 34.301292 ] } { [ 22.162993 ][ -21.232868 ] } { [ 22.287472 ][ -11.136668 ][ 69.960805 ] } { [ 27.033885 ] } { [ -18.125015 ] } { [ 65.362279 ][ 70.477149 ] } { [ 12.495507 ][ 33.150260 ] } { [ 16.419527 ] } { [ 65.679404 ] } { [ 66.162365 ] } { [ -0.807419 ] } { [ 30.670339 ] } { [ 43.651821 ] }
despues de colapsar { [ -9.403789 ][ 21.273680 ] } { [ -23.490382 ][ 35.411268 ][ -12.735899 ] } { [ 5.439907 ][ -16.922844 ][ 52.445425 ][ 34.301292 ] } { [ 22.162993 ][ -21.232868 ] } { [ 22.287472 ][ -11.136668 ][ 69.960805 ] } { [ 27.033885 ] } { [ -18.125015 ] } { [ 65.362279 ][ 70.477149 ] } { [ 12.495507 ][ 33.150260 ] } { [ 16.419527 ] } { [ 65.679404 ] } { [ 66.162365 ] } { [ -0.807419 ] } { [ 30.670339 ] } { [ 43.651821 ] }
antes   de filtrar: { [ -9.403789 ][ 21.273680 ] } { [ -23.490382 ][ 35.411268 ][ -12.735899 ] } { [ 5.439907 ][ -16.922844 ][ 52.445425 ][ 34.301292 ] } { [ 22.162993 ][ -21.232868 ] } { [ 22.287472 ][ -11.136668 ][ 69.960805 ] } { [ 27.033885 ] } { [ -18.125015 ] } { [ 65.362279 ][ 70.477149 ] } { [ 12.495507 ][ 33.150260 ] } { [ 16.419527 ] } { [ 65.679404 ] } { [ 66.162365 ] } { [ -0.807419 ] } { [ 30.670339 ] } { [ 43.651821 ] } { [ 1.504020 ] } { [ 38.540024 ] } { [ 24.578856 ] } { [ 53.334203 ] } { [ 29.644262 ] } { [ 35.996786 ] } { [ 36.879423 ] }
despues de filtrar: { [ -9.403789 ][ 21.273680 ] } { [ -23.490382 ][ 35.411268 ][ -12.735899 ] } { [ 5.439907 ][ -16.922844 ][ 52.445425 ][ 34.301292 ] } { [ 22.162993 ][ -21.232868 ] } { [ 22.287472 ][ -11.136668 ][ 69.960805 ] } { [ 27.033885 ] } { [ -18.125015 ] } { [ 65.362279 ][ 70.477149 ] } { [ 12.495507 ][ 33.150260 ] } { [ 16.419527 ] } { [ 66.162365 ] } { [ -0.807419 ] } { [ 53.334203 ] }
antes   de filtrar: <vacia>
despues de filtrar: <vacia>
antes   de colapsar <vacia>
despues de colapsar <vacia>
antes   de filtrar: { [ pk1lp6q ][ rgy ][ ebfhto2 ][ x1 ] } { [ aatq0go5 ] } { [ ekq1beg ][ w1vcj ] } { [ fvoia ] } { [ yw4kbcwr ] } { [ 63va5dgrb ][ 7ev7ht ] } { [ b ] } { [ 948 ] } { [ gw0hg9 ] }
despues de filtrar: { [ fvoia ] } { [ b ] }
antes   de colapsar { [ fvoia ] } { [ b ] } { [ xa44x ] }
despues de colapsar { [ fvoia ] } { [ b ] } { [ xa44x ] }
antes   de colapsar { [ fvoia ] } { [ b ] } { [ xa44x ] } { [ hj ] } { [ gmr ] }
despues de colapsar { [ fvoia ] } { [ b ] } { [ xa44x ] } { [ hj ] } { [ gmr ] }
antes   de filtrar: { [ fvoia ] } { [ b ] } { [ xa44x ] } { [ hj ] } { [ gmr ] } { [ kxbb ] } { [ 5ioi0a1ua ] } { [ ew7xvo9b ] }
despues de filtrar: { [ fvoia ] } { [ b ] } { [ hj ] } { [ gmr ] } { [ kxbb ] }
antes   de filtrar: { [ fvoia ][ rkusl4g7 ][ 3 ] } { [ b ] } { [ hj ][ js ] } { [ gmr ] } { [ kxbb ][ x625a ] } { [ u ] } { [ c14cm ] } { [ cffifio85e ] } { [ 6tjc1jk6 ] } { [ jq ] } { [ trfi7 ] } { [ 4a ] } { [ xlu721es ] }
despues de filtrar: { [ fvoia ][ rkusl4g7 ][ 3 ] } { [ b ] } { [ hj ][ js ] } { [ gmr ] } { [ kxbb ][ x625a ] } { [ u ] } { [ jq ] }
antes   de colapsar { [ fvoia ][ rkusl4g7 ][ 3 ] } { [ b ] } { [ hj ][ js ] } { [ gmr ] } { [ kxbb ][ x625a ] } { [ u ] } { [ jq ] } { [ a7syq32aj ] }
despues de colapsar { [ fvoia ][ rkusl4g7 ][ 3 ] } { [ b ] } { [ hj ][ js ] } { [ gmr ] } { [ kxbb ][ x625a ] } { [ u ] } { [ jq ] } { [ a7syq32aj ] }
antes   de colapsar { [ fvoia ][ rkusl4g7 ][ 3 ] } { [ b ] } { [ hj ][ js ] } { [ gmr ] } { [ kxbb ][ x625a ][ m ] } { [ u ] } { [ jq ] } { [ a7syq32aj ] } { [ n8pob ][ aa5po6o3n0 ] } { [ 1xr ][ s28ws8 ] } { [ 9lax2f ] } { [ rh83hq ] } { [ 18oyjqpp62 ] } { [ h7 ] } { [ w5569va4 ] }
despues de colapsar { [ fvoia ][ rkusl4g7 ][ 3 ] } { [ b ] } { [ hj ][ js ] } { [ gmr ] } { [ kxbb ][ x625a ][ m ] } { [ u ] } { [ jq ] } { [ a7syq32aj ] } { [ na8ap5opbo ] } { [ 1sx2r8ws8 ] } { [ 9lax2f ] } { [ rh83hq ] } { [ 18oyjqpp62 ] } { [ h7 ] } { [ w5569va4 ] }
antes   de filtrar: { [ fvoia ][ rkusl4g7 ][ 3 ][ jqly ] } { [ b ] } { [ hj ][ js ] } { [ gmr ][ brq31h8ejp ] } { [ kxbb ][ x625a ][ m ] } { [ u ] } { [ jq ] } { [ a7syq32aj ] } { [ na8ap5opbo ] } { [ 1sx2r8ws8 ] } { [ 9lax2f ][ l ] } { [ rh83hq ] } { [ 18oyjqpp62 ] } { [ h7 ] } { [ w5569va4 ] } { [ 6e0x7pu ] } { [ sw22mu ] } { [ y1 ] } { [ sbeb47 ] }
despues de filtrar: { [ fvoia ][ rkusl4g7 ][ 3 ][ jqly ] } { [ b ] } { [ hj ][ js ] } { [ gmr ][ brq31h8ejp ] } { [ kxbb ][ x625a ][ m ] } { [ u ] } { [ jq ] }
