antes   de filtrar: { [ tyhv7y4 ] } { [ 8l02htn1 ] }
despues de filtrar: <vacia>
antes   de filtrar: { [ odey ] }
despues de filtrar: { [ odey ] }
antes   de colapsar { [ odey ][ mc5ti ][ ph ][ 9k ] } { [ a6tlk6n ] } { [ s785d7jh ] } { [ j0n1daqy ][ mnx1kp ] } { [ 2uo3q2lll6 ] } { [ m ] }
despues de colapsar { [ odey ][ mc5ti ][ ph ][ 9k ] } { [ a6tlk6n ] } { [ s785d7jh ] } { [ jm0nnx11dk ] } { [ 2uo3q2lll6 ] } { [ m ] }
antes   de colapsar { [ odey ][ mc5ti ][ ph ][ 9k ] } { [ a6tlk6n ] } { [ s785d7jh ][ ef426q ] } { [ jm0nnx11dk ] } { [ 2uo3q2lll6 ] } { [ m ] } { [ 4nsfn ] }
despues de colapsar { [ odey ][ mc5ti ][ ph ][ 9k ] } { [ a6tlk6n ] } { [ se7f8452d6 ] } { [ jm0nnx11dk ] } { [ 2uo3q2lll6 ] } { [ m ] } { [ 4nsfn ] }
antes   de filtrar: { [ odey ][ mc5ti ][ ph ][ 9k ] } { [ a6tlk6n ] } { [ se7f8452d6 ] } { [ jm0nnx11dk ] } { [ 2uo3q2lll6 ] } { [ m ] } { [ 4nsfn ][ pq3 ] } { [ 5ht0yj6 ] } { [ l9ls6 ] } { [ mw3q29ibp ] }
despues de filtrar: { [ odey ][ mc5ti ][ ph ][ 9k ] } { [ m ] }
antes   de colapsar { [ odey ][ mc5ti ][ ph ][ 9k ][ w9 ] } { [ m ] } { [ bswbm ] } { [ i8civog ][ 3gbc7oglaj ] } { [ dgxtlxfmd ] } { [ 1re7wvucg ][ xmo ] } { [ rljrh3fsb ][ 7i ] } { [ al6e ] } { [ 3coc ] }
despues de colapsar { [ odey ][ mc5ti ][ ph ][ 9k ][ w9 ] } { [ m ] } { [ bswbm ] } { [ i38gcbicv7 ] } { [ dgxtlxfmd ] } { [ 1xrmeo7wvu ] } { [ r7lijrh3fs ] } { [ al6e ] } { [ 3coc ] }
antes   de colapsar { [ odey ][ mc5ti ][ ph ][ 9k ][ w9 ][ i9w5pqb ] } { [ m ] } { [ bswbm ][ ospbecc2 ] } { [ i38gcbicv7 ] } { [ dgxtlxfmd ] } { [ 1xrmeo7wvu ] } { [ r7lijrh3fs ] } { [ al6e ] } { [ 3coc ] } { [ grgt ] } { [ avk9 ] }
despues de colapsar { [ odey ][ mc5ti ][ ph ][ 9k ][ w9 ][ i9w5pqb ] } { [ m ] } { [ bswbm ][ ospbecc2 ] } { [ i38gcbicv7 ] } { [ dgxtlxfmd ] } { [ 1xrmeo7wvu ] } { [ r7lijrh3fs ] } { [ al6e ] } { [ 3coc ] } { [ grgt ] } { [ avk9 ] }
antes   de filtrar: { [ odey ][ mc5ti ][ ph ][ 9k ][ w9 ][ i9w5pqb ] } { [ m ] } { [ bswbm ][ ospbecc2 ] } { [ i38gcbicv7 ] } { [ dgxtlxfmd ] } { [ 1xrmeo7wvu ] } { [ r7lijrh3fs ] } { [ al6e ] } { [ 3coc ] } { [ grgt ] } { [ avk9 ] }
despues de filtrar: { [ odey ][ mc5ti ][ ph ][ 9k ][ w9 ][ i9w5pqb ] } { [ m ] } { [ bswbm ][ ospbecc2 ] } { [ dgxtlxfmd ] } { [ grgt ] }
antes   de filtrar: { [ odey ][ mc5ti ][ ph ][ 9k ][ w9 ][ i9w5pqb ] } { [ m ] } { [ bswbm ][ ospbecc2 ] } { [ dgxtlxfmd ] } { [ grgt ] } { [ ao ] } { [ 55nkdxo ] } { [ rcula4pn ] } { [ hnwb3a6us1 ] } { [ i73d02297j ] } { [ qr87eax93 ] }
despues de filtrar: { [ odey ][ mc5ti ][ ph ][ 9k ][ w9 ][ i9w5pqb ] } { [ m ] } { [ bswbm ][ ospbecc2 ] } { [ dgxtlxfmd ] } { [ grgt ] } { [ ao ] }
antes   de colapsar { [ odey ][ mc5ti ][ ph ][ 9k ][ w9 ][ i9w5pqb ] } { [ m ] } { [ bswbm ][ ospbecc2 ] } { [ dgxtlxfmd ] } { [ grgt ][ g2qna ] } { [ ao ] } { [ m7f ][ lf ] } { [ buy2s ] } { [ 2bigtgeyf ] } { [ c0pg ] } { [ kiwbxa8 ] } { [ motorh ] }
despues de colapsar { [ odey ][ mc5ti ][ ph ][ 9k ][ w9 ][ i9w5pqb ] } { [ m ] } { [ bswbm ][ ospbecc2 ] } { [ dgxtlxfmd ] } { [ grgt ][ g2qna ] } { [ ao ] } { [ ml7ff ] } { [ buy2s ] } { [ 2bigtgeyf ] } { [ c0pg ] } { [ kiwbxa8 ] } { [ motorh ] }
antes   de colapsar { [ 3029 ][ 3651 ] }
despues de colapsar { [ 3325 ] }
antes   de filtrar: { [ 3325 ] }
despues de filtrar: { [ 3325 ] }
antes   de filtrar: { [ 3325 ] } { [ 4848 ] } { [ 7935 ] }
despues de filtrar: { [ 3325 ] } { [ 4848 ] } { [ 7935 ] }
antes   de colapsar { [ 3325 ] } { [ 4848 ] } { [ 7935 ] } { [ 1205 ][ 2277 ] } { [ 556 ][ 9276 ] } { [ 6521 ] } { [ 712 ][ 4388 ] } { [ 3313 ] } { [ 370 ] } { [ 7290 ] } { [ 772 ][ 1070 ] } { [ 8416 ] } { [ 78 ] } { [ 1967 ] } { [ 6317 ] } { [ 7016 ] } { [ 3557 ] } { [ 9127 ] } { [ 2600 ] } { [ 8592 ] } { [ 4509 ] }
despues de colapsar { [ 3325 ] } { [ 4848 ] } { [ 7935 ] } { [ 1656 ] } { [ 556 ][ 9276 ] } { [ 6521 ] } { [ 712 ][ 4388 ] } { [ 3313 ] } { [ 370 ] } { [ 7290 ] } { [ 772 ][ 1070 ] } { [ 8416 ] } { [ 78 ] } { [ 1967 ] } { [ 6317 ] } { [ 7016 ] } { [ 3557 ] } { [ 9127 ] } { [ 2600 ] } { [ 8592 ] } { [ 4509 ] }
antes   de filtrar: { [ 3325 ] } { [ 4848 ] } { [ 7935 ] } { [ 1656 ] } { [ 556 ][ 9276 ] } { [ 6521 ] } { [ 712 ][ 4388 ][ 3135 ] } { [ 3313 ] } { [ 370 ] } { [ 7290 ] } { [ 772 ][ 1070 ] } { [ 8416 ] } { [ 78 ] } { [ 1967 ] } { [ 6317 ] } { [ 7016 ] } { [ 3557 ] } { [ 9127 ] } { [ 2600 ] } { [ 8592 ] } { [ 4509 ] }
despues de filtrar: { [ 3325 ] } { [ 4848 ] } { [ 7935 ] } { [ 1656 ] } { [ 556 ][ 9276 ] } { [ 6521 ] } { [ 712 ][ 4388 ][ 3135 ] } { [ 3313 ] } { [ 772 ][ 1070 ] } { [ 8416 ] } { [ 78 ] } { [ 1967 ] } { [ 6317 ] } { [ 3557 ] } { [ 9127 ] } { [ 8592 ] }
antes   de filtrar: { [ 3325 ] } { [ 4848 ] } { [ 7935 ] } { [ 1656 ] } { [ 556 ][ 9276 ] } { [ 6521 ] } { [ 712 ][ 4388 ][ 3135 ] } { [ 3313 ] } { [ 772 ][ 1070 ] } { [ 8416 ] } { [ 78 ] } { [ 1967 ] } { [ 6317 ] } { [ 3557 ] } { [ 9127 ] } { [ 8592 ] }
despues de filtrar: { [ 3325 ] } { [ 4848 ] } { [ 7935 ] } { [ 1656 ] } { [ 556 ][ 9276 ] } { [ 6521 ] } { [ 712 ][ 4388 ][ 3135 ] } { [ 3313 ] } { [ 772 ][ 1070 ] } { [ 8416 ] } { [ 78 ] } { [ 1967 ] } { [ 6317 ] } { [ 3557 ] } { [ 9127 ] } { [ 8592 ] }
antes   de colapsar { [ 3325 ] } { [ 4848 ][ 1559 ] } { [ 7935 ] } { [ 1656 ] } { [ 556 ][ 9276 ] } { [ 6521 ] } { [ 712 ][ 4388 ][ 3135 ] } { [ 3313 ] } { [ 772 ][ 1070 ] } { [ 8416 ][ 9200 ] } { [ 78 ] } { [ 1967 ] } { [ 6317 ] } { [ 3557 ] } { [ 9127 ] } { [ 8592 ] }
despues de colapsar { [ 3325 ] } { [ 4848 ][ 1559 ] } { [ 7935 ] } { [ 1656 ] } { [ 556 ][ 9276 ] } { [ 6521 ] } { [ 712 ][ 4388 ][ 3135 ] } { [ 3313 ] } { [ 772 ][ 1070 ] } { [ 8416 ][ 9200 ] } { [ 78 ] } { [ 1967 ] } { [ 6317 ] } { [ 3557 ] } { [ 9127 ] } { [ 8592 ] }
antes   de colapsar { [ 3325 ] } { [ 4848 ][ 1559 ] } { [ 7935 ] } { [ 1656 ] } { [ 556 ][ 9276 ] } { [ 6521 ] } { [ 712 ][ 4388 ][ 3135 ] } { [ 3313 ] } { [ 772 ][ 1070 ] } { [ 8416 ][ 9200 ] } { [ 78 ] } { [ 1967 ] } { [ 6317 ] } { [ 3557 ] } { [ 9127 ] } { [ 8592 ] } { [ 8603 ] }
despues de colapsar { [ 3325 ] } { [ 4848 ][ 1559 ] } { [ 7935 ] } { [ 1656 ] } { [ 556 ][ 9276 ] } { [ 6521 ] } { [ 712 ][ 4388 ][ 3135 ] } { [ 3313 ] } { [ 772 ][ 1070 ] } { [ 8416 ][ 9200 ] } { [ 78 ] } { [ 1967 ] } { [ 6317 ] } { [ 3557 ] } { [ 9127 ] } { [ 8592 ] } { [ 8603 ] }
antes   de colapsar { [ 3325 ] } { [ 4848 ][ 1559 ] } { [ 7935 ] } { [ 1656 ][ 7392 ] } { [ 556 ][ 9276 ] } { [ 6521 ][ 3006 ] } { [ 712 ][ 4388 ][ 3135 ] } { [ 3313 ] } { [ 772 ][ 1070 ] } { [ 8416 ][ 9200 ] } { [ 78 ] } { [ 1967 ] } { [ 6317 ] } { [ 3557 ] } { [ 9127 ] } { [ 8592 ] } { [ 8603 ] } { [ 3846 ] } { [ 4476 ] } { [ 240 ] } { [ 8062 ][ 791 ] } { [ 906 ] } { [ 9080 ] } { [ 6457 ] }
despues de colapsar { [ 3325 ] } { [ 4848 ][ 1559 ] } { [ 7935 ] } { [ 1656 ][ 7392 ] } { [ 556 ][ 9276 ] } { [ 6521 ][ 3006 ] } { [ 712 ][ 4388 ][ 3135 ] } { [ 3313 ] } { [ 772 ][ 1070 ] } { [ 8416 ][ 9200 ] } { [ 78 ] } { [ 1967 ] } { [ 6317 ] } { [ 3557 ] } { [ 9127 ] } { [ 8592 ] } { [ 8603 ] } { [ 3846 ] } { [ 4476 ] } { [ 240 ] } { [ 2525 ] } { [ 906 ] } { [ 9080 ] } { [ 6457 ] }
antes   de filtrar: { [ 3325 ] } { [ 4848 ][ 1559 ] } { [ 7935 ] } { [ 1656 ][ 7392 ] } { [ 556 ][ 9276 ] } { [ 6521 ][ 3006 ][ 8925 ] } { [ 712 ][ 4388 ][ 3135 ] } { [ 3313 ] } { [ 772 ][ 1070 ] } { [ 8416 ][ 9200 ] } { [ 78 ] } { [ 1967 ] } { [ 6317 ] } { [ 3557 ] } { [ 9127 ] } { [ 8592 ] } { [ 8603 ] } { [ 3846 ] } { [ 4476 ][ 2951 ] } { [ 240 ] } { [ 2525 ] } { [ 906 ] } { [ 9080 ] } { [ 6457 ] } { [ 1999 ] } { [ 3742 ] } { [ 9055 ] } { [ 8569 ] } { [ 7760 ] } { [ 7966 ] }
despues de filtrar: { [ 3325 ] } { [ 4848 ][ 1559 ] } { [ 7935 ] } { [ 1656 ][ 7392 ] } { [ 556 ][ 9276 ] } { [ 6521 ][ 3006 ][ 8925 ] } { [ 712 ][ 4388 ][ 3135 ] } { [ 3313 ] } { [ 772 ][ 1070 ] } { [ 8416 ][ 9200 ] } { [ 78 ] } { [ 1967 ] } { [ 6317 ] } { [ 3557 ] } { [ 9127 ] } { [ 8592 ] } { [ 3846 ] } { [ 4476 ][ 2951 ] } { [ 2525 ] } { [ 6457 ] } { [ 1999 ] } { [ 3742 ] } { [ 8569 ] } { [ 7966 ] }
antes   de colapsar { [ 24 ] } { [ 8206 ] }
despues de colapsar { [ 24 ] } { [ 8206 ] }
antes   de filtrar: { [ 24 ] } { [ 8206 ] } { [ 3582 ] } { [ 5335 ] }
despues de filtrar: { [ 24 ] } { [ 3582 ] } { [ 5335 ] }
antes   de filtrar: { [ 24 ] } { [ 3582 ] } { [ 5335 ][ 9407 ] }
despues de filtrar: { [ 24 ] } { [ 3582 ] } { [ 5335 ][ 9407 ] }
antes   de colapsar { [ 24 ] } { [ 3582 ] } { [ 5335 ][ 9407 ] }
despues de colapsar { [ 24 ] } { [ 3582 ] } { [ 5335 ][ 9407 ] }
antes   de colapsar { [ 24 ] } { [ 3582 ] } { [ 5335 ][ 9407 ] } { [ 393 ] } { [ 4678 ] } { [ 9278 ] } { [ 7851 ] }
despues de colapsar { [ 24 ] } { [ 3582 ] } { [ 5335 ][ 9407 ] } { [ 393 ] } { [ 4678 ] } { [ 9278 ] } { [ 7851 ] }
antes   de filtrar: { [ 24 ] } { [ 3582 ] } { [ 5335 ][ 9407 ] } { [ 393 ] } { [ 4678 ][ 6550 ] } { [ 9278 ] } { [ 7851 ] } { [ 5291 ] } { [ 7968 ] } { [ 9707 ] } { [ 715 ] }
despues de filtrar: { [ 24 ] } { [ 3582 ] } { [ 5335 ][ 9407 ] } { [ 393 ] } { [ 4678 ][ 6550 ] } { [ 9278 ] } { [ 7851 ] } { [ 5291 ] } { [ 7968 ] } { [ 715 ] }
antes   de colapsar { [ 24 ] } { [ 3582 ] } { [ 5335 ][ 9407 ] } { [ 393 ] } { [ 4678 ][ 6550 ] } { [ 9278 ] } { [ 7851 ] } { [ 5291 ] } { [ 7968 ] } { [ 715 ] } { [ 6898 ] }
despues de colapsar { [ 24 ] } { [ 3582 ] } { [ 5335 ][ 9407 ] } { [ 393 ] } { [ 4678 ][ 6550 ] } { [ 9278 ] } { [ 7851 ] } { [ 5291 ] } { [ 7968 ] } { [ 715 ] } { [ 6898 ] }
antes   de colapsar { [ 24 ] } { [ 3582 ] } { [ 5335 ][ 9407 ] } { [ 393 ] } { [ 4678 ][ 6550 ] } { [ 9278 ] } { [ 7851 ] } { [ 5291 ] } { [ 7968 ] } { [ 715 ] } { [ 6898 ] } { [ 8129 ] }
despues de colapsar { [ 24 ] } { [ 3582 ] } { [ 5335 ][ 9407 ] } { [ 393 ] } { [ 4678 ][ 6550 ] } { [ 9278 ] } { [ 7851 ] } { [ 5291 ] } { [ 7968 ] } { [ 715 ] } { [ 6898 ] } { [ 8129 ] }
antes   de filtrar: { [ 24 ] } { [ 3582 ] } { [ 5335 ][ 9407 ][ 5701 ][ 6645 ] } { [ 393 ] } { [ 4678 ][ 6550 ] } { [ 9278 ] } { [ 7851 ][ 9515 ] } { [ 5291 ] } { [ 7968 ] } { [ 715 ] } { [ 6898 ] } { [ 8129 ] } { [ 8625 ] }
despues de filtrar: { [ 24 ] } { [ 3582 ] } { [ 5335 ][ 9407 ][ 5701 ][ 6645 ] } { [ 393 ] } { [ 4678 ][ 6550 ] } { [ 9278 ] } { [ 7851 ][ 9515 ] } { [ 5291 ] } { [ 7968 ] } { [ 715 ] } { [ 6898 ] } { [ 8129 ] } { [ 8625 ] }
antes   de filtrar: { [ 24 ] } { [ 3582 ][ 6808 ] } { [ 5335 ][ 9407 ][ 5701 ][ 6645 ] } { [ 393 ] } { [ 4678 ][ 6550 ] } { [ 9278 ][ 1220 ] } { [ 7851 ][ 9515 ] } { [ 5291 ] } { [ 7968 ] } { [ 715 ] } { [ 6898 ] } { [ 8129 ] } { [ 8625 ] } { [ 6202 ] } { [ 2964 ] } { [ 4952 ] } { [ 8940 ] } { [ 3309 ] } { [ 2194 ] } { [ 8024 ] } { [ 3535 ] } { [ 7883 ] }
despues de filtrar: { [ 24 ] } { [ 3582 ][ 6808 ] } { [ 5335 ][ 9407 ][ 5701 ][ 6645 ] } { [ 393 ] } { [ 4678 ][ 6550 ] } { [ 9278 ][ 1220 ] } { [ 7851 ][ 9515 ] } { [ 5291 ] } { [ 7968 ] } { [ 715 ] } { [ 6898 ] } { [ 8129 ] } { [ 8625 ] } { [ 2964 ] } { [ 4952 ] } { [ 2194 ] } { [ 3535 ] } { [ 7883 ] }
antes   de colapsar { [ 4396 ] } { [ 2955 ] } { [ 7773 ] } { [ 1071 ] }
despues de colapsar { [ 4396 ] } { [ 2955 ] } { [ 7773 ] } { [ 1071 ] }
antes   de colapsar { [ 4396 ] } { [ 2955 ] } { [ 7773 ] } { [ 1071 ] } { [ 3752 ] } { [ 2848 ] } { [ 2110 ] } { [ 5645 ] }
despues de colapsar { [ 4396 ] } { [ 2955 ] } { [ 7773 ] } { [ 1071 ] } { [ 3752 ] } { [ 2848 ] } { [ 2110 ] } { [ 5645 ] }
antes   de filtrar: { [ 4396 ] } { [ 2955 ][ 7657 ] } { [ 7773 ] } { [ 1071 ] } { [ 3752 ] } { [ 2848 ] } { [ 2110 ] } { [ 5645 ] } { [ 6544 ] } { [ 8595 ] } { [ 5872 ] }
despues de filtrar: { [ 4396 ] } { [ 2955 ][ 7657 ] } { [ 7773 ] } { [ 3752 ] } { [ 2848 ] } { [ 5645 ] } { [ 6544 ] } { [ 8595 ] } { [ 5872 ] }
antes   de colapsar { [ 4396 ] } { [ 2955 ][ 7657 ] } { [ 7773 ] } { [ 3752 ] } { [ 2848 ] } { [ 5645 ] } { [ 6544 ] } { [ 8595 ] } { [ 5872 ] } { [ 1456 ] }
despues de colapsar { [ 4396 ] } { [ 2955 ][ 7657 ] } { [ 7773 ] } { [ 3752 ] } { [ 2848 ] } { [ 5645 ] } { [ 6544 ] } { [ 8595 ] } { [ 5872 ] } { [ 1456 ] }
antes   de filtrar: { [ 4396 ] } { [ 2955 ][ 7657 ] } { [ 7773 ] } { [ 3752 ] } { [ 2848 ] } { [ 5645 ] } { [ 6544 ] } { [ 8595 ] } { [ 5872 ] } { [ 1456 ] } { [ 640 ] } { [ 9944 ] } { [ 4581 ] }
despues de filtrar: { [ 4396 ] } { [ 2955 ][ 7657 ] } { [ 7773 ] } { [ 3752 ] } { [ 2848 ] } { [ 5645 ] } { [ 6544 ] } { [ 8595 ] } { [ 5872 ] } { [ 1456 ] } { [ 9944 ] } { [ 4581 ] }
antes   de colapsar { [ 4396 ] } { [ 2955 ][ 7657 ] } { [ 7773 ] } { [ 3752 ] } { [ 2848 ] } { [ 5645 ][ 9224 ] } { [ 6544 ] } { [ 8595 ] } { [ 5872 ] } { [ 1456 ] } { [ 9944 ] } { [ 4581 ] } { [ 3899 ] } { [ 8829 ] } { [ 5463 ] } { [ 6174 ] } { [ 8414 ] }
despues de colapsar { [ 4396 ] } { [ 2955 ][ 7657 ] } { [ 7773 ] } { [ 3752 ] } { [ 2848 ] } { [ 5645 ][ 9224 ] } { [ 6544 ] } { [ 8595 ] } { [ 5872 ] } { [ 1456 ] } { [ 9944 ] } { [ 4581 ] } { [ 3899 ] } { [ 8829 ] } { [ 5463 ] } { [ 6174 ] } { [ 8414 ] }
antes   de filtrar: { [ 4396 ] } { [ 2955 ][ 7657 ] } { [ 7773 ] } { [ 3752 ][ 2503 ] } { [ 2848 ] } { [ 5645 ][ 9224 ] } { [ 6544 ] } { [ 8595 ] } { [ 5872 ] } { [ 1456 ] } { [ 9944 ] } { [ 4581 ] } { [ 3899 ] } { [ 8829 ] } { [ 5463 ] } { [ 6174 ] } { [ 8414 ] } { [ 2330 ] }
despues de filtrar: { [ 4396 ] } { [ 2955 ][ 7657 ] } { [ 7773 ] } { [ 3752 ][ 2503 ] } { [ 2848 ] } { [ 5645 ][ 9224 ] } { [ 6544 ] } { [ 8595 ] } { [ 5872 ] } { [ 1456 ] } { [ 9944 ] } { [ 4581 ] } { [ 3899 ] } { [ 8829 ] } { [ 5463 ] } { [ 6174 ] } { [ 8414 ] }
antes   de filtrar: { [ 4396 ] } { [ 2955 ][ 7657 ] } { [ 7773 ] } { [ 3752 ][ 2503 ][ 7460 ] } { [ 2848 ] } { [ 5645 ][ 9224 ][ 6143 ] } { [ 6544 ] } { [ 8595 ][ 7458 ] } { [ 5872 ] } { [ 1456 ] } { [ 9944 ] } { [ 4581 ] } { [ 3899 ] } { [ 8829 ] } { [ 5463 ][ 2361 ] } { [ 6174 ] } { [ 8414 ] } { [ 7522 ] } { [ 9202 ] } { [ 9311 ][ 1916 ] } { [ 883 ] } { [ 6786 ] }
despues de filtrar: { [ 4396 ] } { [ 2955 ][ 7657 ] } { [ 7773 ] } { [ 3752 ][ 2503 ][ 7460 ] } { [ 2848 ] } { [ 5645 ][ 9224 ][ 6143 ] } { [ 6544 ] } { [ 8595 ][ 7458 ] } { [ 5872 ] } { [ 1456 ] } { [ 9944 ] } { [ 4581 ] } { [ 3899 ] } { [ 8829 ] } { [ 5463 ][ 2361 ] } { [ 6174 ] } { [ 8414 ] } { [ 7522 ] } { [ 9311 ][ 1916 ] } { [ 883 ] } { [ 6786 ] }
antes   de colapsar { [ 4396 ] } { [ 2955 ][ 7657 ] } { [ 7773 ] } { [ 3752 ][ 2503 ][ 7460 ] } { [ 2848 ] } { [ 5645 ][ 9224 ][ 6143 ] } { [ 6544 ] } { [ 8595 ][ 7458 ] } { [ 5872 ] } { [ 1456 ] } { [ 9944 ] } { [ 4581 ] } { [ 3899 ] } { [ 8829 ] } { [ 5463 ][ 2361 ] } { [ 6174 ] } { [ 8414 ] } { [ 7522 ] } { [ 9311 ][ 1916 ] } { [ 883 ] } { [ 6786 ] }
despues de colapsar { [ 4396 ] } { [ 2955 ][ 7657 ] } { [ 7773 ] } { [ 3752 ][ 2503 ][ 7460 ] } { [ 2848 ] } { [ 5645 ][ 9224 ][ 6143 ] } { [ 6544 ] } { [ 8595 ][ 7458 ] } { [ 5872 ] } { [ 1456 ] } { [ 9944 ] } { [ 4581 ] } { [ 3899 ] } { [ 8829 ] } { [ 5463 ][ 2361 ] } { [ 6174 ] } { [ 8414 ] } { [ 7522 ] } { [ 9311 ][ 1916 ] } { [ 883 ] } { [ 6786 ] }
antes   de filtrar: { [ 4396 ] } { [ 2955 ][ 7657 ] } { [ 7773 ] } { [ 3752 ][ 2503 ][ 7460 ] } { [ 2848 ] } { [ 5645 ][ 9224 ][ 6143 ] } { [ 6544 ] } { [ 8595 ][ 7458 ] } { [ 5872 ] } { [ 1456 ] } { [ 9944 ] } { [ 4581 ] } { [ 3899 ] } { [ 8829 ] } { [ 5463 ][ 2361 ] } { [ 6174 ][ 7833 ] } { [ 8414 ] } { [ 7522 ] } { [ 9311 ][ 1916 ] } { [ 883 ] } { [ 6786 ] }
despues de filtrar: { [ 4396 ] } { [ 2955 ][ 7657 ] } { [ 7773 ] } { [ 3752 ][ 2503 ][ 7460 ] } { [ 2848 ] } { [ 5645 ][ 9224 ][ 6143 ] } { [ 6544 ] } { [ 8595 ][ 7458 ] } { [ 5872 ] } { [ 1456 ] } { [ 9944 ] } { [ 4581 ] } { [ 3899 ] } { [ 8829 ] } { [ 5463 ][ 2361 ] } { [ 6174 ][ 7833 ] } { [ 8414 ] } { [ 7522 ] } { [ 9311 ][ 1916 ] } { [ 883 ] } { [ 6786 ] }
antes   de filtrar: { [ 1259 ][ 44 ] } { [ 9886 ] } { [ 2116 ] }
despues de filtrar: { [ 1259 ][ 44 ] } { [ 9886 ] } { [ 2116 ] }
antes   de filtrar: { [ 1259 ][ 44 ] } { [ 9886 ][ 4717 ] } { [ 2116 ] } { [ 1091 ] }
despues de filtrar: { [ 1259 ][ 44 ] } { [ 9886 ][ 4717 ] } { [ 2116 ] }
antes   de filtrar: { [ 1259 ][ 44 ][ 7569 ] } { [ 9886 ][ 4717 ] } { [ 2116 ] } { [ 3445 ] } { [ 916 ] } { [ 7555 ] }
despues de filtrar: { [ 1259 ][ 44 ][ 7569 ] } { [ 9886 ][ 4717 ] } { [ 2116 ] } { [ 3445 ] } { [ 916 ] } { [ 7555 ] }
antes   de filtrar: { [ 1259 ][ 44 ][ 7569 ] } { [ 9886 ][ 4717 ] } { [ 2116 ] } { [ 3445 ][ 3358 ] } { [ 916 ][ 1840 ] } { [ 7555 ] } { [ 8315 ] }
despues de filtrar: { [ 1259 ][ 44 ][ 7569 ] } { [ 9886 ][ 4717 ] } { [ 2116 ] } { [ 3445 ][ 3358 ] } { [ 916 ][ 1840 ] } { [ 7555 ] } { [ 8315 ] }
antes   de colapsar { [ 1259 ][ 44 ][ 7569 ] } { [ 9886 ][ 4717 ] } { [ 2116 ] } { [ 3445 ][ 3358 ] } { [ 916 ][ 1840 ] } { [ 7555 ] } { [ 8315 ] } { [ 8196 ] } { [ 1739 ] } { [ 3191 ] } { [ 8381 ] }
despues de colapsar { [ 1259 ][ 44 ][ 7569 ] } { [ 9886 ][ 4717 ] } { [ 2116 ] } { [ 3445 ][ 3358 ] } { [ 916 ][ 1840 ] } { [ 7555 ] } { [ 8315 ] } { [ 8196 ] } { [ 1739 ] } { [ 3191 ] } { [ 8381 ] }
antes   de colapsar { [ 1259 ][ 44 ][ 7569 ][ 157 ] } { [ 9886 ][ 4717 ] } { [ 2116 ] } { [ 3445 ][ 3358 ] } { [ 916 ][ 1840 ] } { [ 7555 ][ 8607 ] } { [ 8315 ] } { [ 8196 ] } { [ 1739 ] } { [ 3191 ] } { [ 8381 ] } { [ 3288 ][ 8122 ] } { [ 9344 ] } { [ 9585 ] } { [ 3111 ] } { [ 4682 ] } { [ 1739 ] } { [ 1678 ] } { [ 4592 ] } { [ 1667 ] }
despues de colapsar { [ 1259 ][ 44 ][ 7569 ][ 157 ] } { [ 9886 ][ 4717 ] } { [ 2116 ] } { [ 3445 ][ 3358 ] } { [ 916 ][ 1840 ] } { [ 7555 ][ 8607 ] } { [ 8315 ] } { [ 8196 ] } { [ 1739 ] } { [ 3191 ] } { [ 8381 ] } { [ 3288 ][ 8122 ] } { [ 9344 ] } { [ 9585 ] } { [ 3111 ] } { [ 4682 ] } { [ 1739 ] } { [ 1678 ] } { [ 4592 ] } { [ 1667 ] }
antes   de colapsar { [ 1259 ][ 44 ][ 7569 ][ 157 ] } { [ 9886 ][ 4717 ] } { [ 2116 ] } { [ 3445 ][ 3358 ] } { [ 916 ][ 1840 ] } { [ 7555 ][ 8607 ] } { [ 8315 ][ 3368 ] } { [ 8196 ] } { [ 1739 ] } { [ 3191 ][ 8968 ] } { [ 8381 ] } { [ 3288 ][ 8122 ] } { [ 9344 ] } { [ 9585 ] } { [ 3111 ] } { [ 4682 ] } { [ 1739 ] } { [ 1678 ] } { [ 4592 ] } { [ 1667 ] } { [ 8733 ] } { [ 492 ] }
despues de colapsar { [ 1259 ][ 44 ][ 7569 ][ 157 ] } { [ 9886 ][ 4717 ] } { [ 2116 ] } { [ 3445 ][ 3358 ] } { [ 916 ][ 1840 ] } { [ 7555 ][ 8607 ] } { [ 8315 ][ 3368 ] } { [ 8196 ] } { [ 1739 ] } { [ 3191 ][ 8968 ] } { [ 8381 ] } { [ 3288 ][ 8122 ] } { [ 9344 ] } { [ 9585 ] } { [ 3111 ] } { [ 4682 ] } { [ 1739 ] } { [ 1678 ] } { [ 4592 ] } { [ 1667 ] } { [ 8733 ] } { [ 492 ] }
antes   de colapsar { [ 1259 ][ 44 ][ 7569 ][ 157 ] } { [ 9886 ][ 4717 ][ 6087 ] } { [ 2116 ] } { [ 3445 ][ 3358 ] } { [ 916 ][ 1840 ] } { [ 7555 ][ 8607 ] } { [ 8315 ][ 3368 ] } { [ 8196 ] } { [ 1739 ] } { [ 3191 ][ 8968 ] } { [ 8381 ] } { [ 3288 ][ 8122 ][ 3593 ] } { [ 9344 ] } { [ 9585 ] } { [ 3111 ] } { [ 4682 ] } { [ 1739 ] } { [ 1678 ][ 16 ] } { [ 4592 ] } { [ 1667 ] } { [ 8733 ] } { [ 492 ] } { [ 3408 ] } { [ 3337 ] } { [ 3613 ] } { [ 3727 ] } { [ 9286 ] } { [ 2440 ] }
despues de colapsar { [ 1259 ][ 44 ][ 7569 ][ 157 ] } { [ 9886 ][ 4717 ][ 6087 ] } { [ 2116 ] } { [ 3445 ][ 3358 ] } { [ 916 ][ 1840 ] } { [ 7555 ][ 8607 ] } { [ 8315 ][ 3368 ] } { [ 8196 ] } { [ 1739 ] } { [ 3191 ][ 8968 ] } { [ 8381 ] } { [ 3288 ][ 8122 ][ 3593 ] } { [ 9344 ] } { [ 9585 ] } { [ 3111 ] } { [ 4682 ] } { [ 1739 ] } { [ 1678 ][ 16 ] } { [ 4592 ] } { [ 1667 ] } { [ 8733 ] } { [ 492 ] } { [ 3408 ] } { [ 3337 ] } { [ 3613 ] } { [ 3727 ] } { [ 9286 ] } { [ 2440 ] }
antes   de filtrar: { [ 1259 ][ 44 ][ 7569 ][ 157 ] } { [ 9886 ][ 4717 ][ 6087 ] } { [ 2116 ] } { [ 3445 ][ 3358 ] } { [ 916 ][ 1840 ] } { [ 7555 ][ 8607 ] } { [ 8315 ][ 3368 ] } { [ 8196 ] } { [ 1739 ] } { [ 3191 ][ 8968 ] } { [ 8381 ] } { [ 3288 ][ 8122 ][ 3593 ] } { [ 9344 ] } { [ 9585 ] } { [ 3111 ] } { [ 4682 ] } { [ 1739 ] } { [ 1678 ][ 16 ] } { [ 4592 ] } { [ 1667 ] } { [ 8733 ] } { [ 492 ] } { [ 3408 ] } { [ 3337 ] } { [ 3613 ] } { [ 3727 ] } { [ 9286 ] } { [ 2440 ] }
despues de filtrar: { [ 1259 ][ 44 ][ 7569 ][ 157 ] } { [ 9886 ][ 4717 ][ 6087 ] } { [ 2116 ] } { [ 3445 ][ 3358 ] } { [ 916 ][ 1840 ] } { [ 7555 ][ 8607 ] } { [ 8315 ][ 3368 ] } { [ 8196 ] } { [ 1739 ] } { [ 3191 ][ 8968 ] } { [ 8381 ] } { [ 3288 ][ 8122 ][ 3593 ] } { [ 9344 ] } { [ 9585 ] } { [ 3111 ] } { [ 4682 ] } { [ 1739 ] } { [ 1678 ][ 16 ] } { [ 4592 ] } { [ 1667 ] } { [ 8733 ] } { [ 492 ] } { [ 3337 ] } { [ 3613 ] } { [ 3727 ] } { [ 9286 ] }
antes   de colapsar { [ 1259 ][ 44 ][ 7569 ][ 157 ] } { [ 9886 ][ 4717 ][ 6087 ] } { [ 2116 ] } { [ 3445 ][ 3358 ] } { [ 916 ][ 1840 ] } { [ 7555 ][ 8607 ] } { [ 8315 ][ 3368 ] } { [ 8196 ] } { [ 1739 ] } { [ 3191 ][ 8968 ] } { [ 8381 ] } { [ 3288 ][ 8122 ][ 3593 ] } { [ 9344 ] } { [ 9585 ] } { [ 3111 ] } { [ 4682 ] } { [ 1739 ] } { [ 1678 ][ 16 ] } { [ 4592 ] } { [ 1667 ] } { [ 8733 ] } { [ 492 ] } { [ 3337 ] } { [ 3613 ] } { [ 3727 ] } { [ 9286 ] } { [ 4866 ] } { [ 8427 ] }
despues de colapsar { [ 1259 ][ 44 ][ 7569 ][ 157 ] } { [ 9886 ][ 4717 ][ 6087 ] } { [ 2116 ] } { [ 3445 ][ 3358 ] } { [ 916 ][ 1840 ] } { [ 7555 ][ 8607 ] } { [ 8315 ][ 3368 ] } { [ 8196 ] } { [ 1739 ] } { [ 3191 ][ 8968 ] } { [ 8381 ] } { [ 3288 ][ 8122 ][ 3593 ] } { [ 9344 ] } { [ 9585 ] } { [ 3111 ] } { [ 4682 ] } { [ 1739 ] } { [ 1678 ][ 16 ] } { [ 4592 ] } { [ 1667 ] } { [ 8733 ] } { [ 492 ] } { [ 3337 ] } { [ 3613 ] } { [ 3727 ] } { [ 9286 ] } { [ 4866 ] } { [ 8427 ] }
