antes   de filtrar: { [ 58.174362 ] } { [ 65.887278 ] }
despues de filtrar: { [ 58.174362 ] }
antes   de filtrar: { [ 58.174362 ] }
despues de filtrar: { [ 58.174362 ] }
antes   de colapsar { [ 58.174362 ] }
despues de colapsar { [ 58.174362 ] }
antes   de filtrar: { [ 58.174362 ][ 73.679745 ] } { [ 62.522833 ] } { [ 34.344445 ][ 2.191299 ] } { [ 33.811030 ] }
despues de filtrar: { [ 58.174362 ][ 73.679745 ] } { [ 34.344445 ][ 2.191299 ] }
antes   de colapsar { [ 58.174362 ][ 73.679745 ] } { [ 34.344445 ][ 2.191299 ] } { [ 13.240579 ] }
despues de colapsar { [ 58.174362 ][ 73.679745 ] } { [ 34.344445 ][ 2.191299 ] } { [ 13.240579 ] }
antes   de filtrar: { [ 58.174362 ][ 73.679745 ] } { [ 34.344445 ][ 2.191299 ][ 60.650708 ] } { [ 13.240579 ] }
despues de filtrar: { [ 58.174362 ][ 73.679745 ] } { [ 34.344445 ][ 2.191299 ][ 60.650708 ] } { [ 13.240579 ] }
antes   de filtrar: { [ 58.174362 ][ 73.679745 ] } { [ 34.344445 ][ 2.191299 ][ 60.650708 ][ 27.239820 ] } { [ 13.240579 ][ -19.389974 ] } { [ -23.568743 ] } { [ 59.218178 ] } { [ 1.667906 ][ 23.179584 ] } { [ 28.991918 ] } { [ 20.544545 ] } { [ 25.500072 ] } { [ 19.547696 ] } { [ 33.059526 ] } { [ 28.680459 ] } { [ 41.714450 ] }
despues de filtrar: { [ 58.174362 ][ 73.679745 ] } { [ 34.344445 ][ 2.191299 ][ 60.650708 ][ 27.239820 ] } { [ 13.240579 ][ -19.389974 ] } { [ -23.568743 ] } { [ 59.218178 ] } { [ 33.059526 ] }
antes   de colapsar { [ 58.174362 ][ 73.679745 ] } { [ 34.344445 ][ 2.191299 ][ 60.650708 ][ 27.239820 ][ 15.177349 ] } { [ 13.240579 ][ -19.389974 ] } { [ -23.568743 ] } { [ 59.218178 ] } { [ 33.059526 ] } { [ 45.222839 ] } { [ 65.027589 ] } { [ -3.553308 ][ 21.364161 ] } { [ 73.860549 ] }
despues de colapsar { [ 58.174362 ][ 73.679745 ] } { [ 34.344445 ][ 2.191299 ][ 60.650708 ][ 27.239820 ][ 15.177349 ] } { [ 13.240579 ][ -19.389974 ] } { [ -23.568743 ] } { [ 59.218178 ] } { [ 33.059526 ] } { [ 45.222839 ] } { [ 65.027589 ] } { [ -3.553308 ][ 21.364161 ] } { [ 73.860549 ] }
antes   de colapsar { [ 58.174362 ][ 73.679745 ] } { [ 34.344445 ][ 2.191299 ][ 60.650708 ][ 27.239820 ][ 15.177349 ] } { [ 13.240579 ][ -19.389974 ][ 58.352327 ] } { [ -23.568743 ][ 52.244091 ] } { [ 59.218178 ] } { [ 33.059526 ] } { [ 45.222839 ] } { [ 65.027589 ] } { [ -3.553308 ][ 21.364161 ] } { [ 73.860549 ] } { [ 23.975906 ] } { [ 24.200182 ] } { [ 23.870985 ] } { [ -12.149131 ][ 21.383023 ] } { [ -19.631582 ] } { [ 53.367335 ] } { [ -12.846522 ] } { [ 62.216825 ] } { [ 16.272494 ] } { [ 46.369872 ] } { [ 69.965222 ] } { [ -19.635369 ] } { [ 51.432156 ] }
despues de colapsar { [ 58.174362 ][ 73.679745 ] } { [ 34.344445 ][ 2.191299 ][ 60.650708 ][ 27.239820 ][ 15.177349 ] } { [ 13.240579 ][ -19.389974 ][ 58.352327 ] } { [ -23.568743 ][ 52.244091 ] } { [ 59.218178 ] } { [ 33.059526 ] } { [ 45.222839 ] } { [ 65.027589 ] } { [ -3.553308 ][ 21.364161 ] } { [ 73.860549 ] } { [ 23.975906 ] } { [ 24.200182 ] } { [ 23.870985 ] } { [ -12.149131 ][ 21.383023 ] } { [ -19.631582 ] } { [ 53.367335 ] } { [ -12.846522 ] } { [ 62.216825 ] } { [ 16.272494 ] } { [ 46.369872 ] } { [ 69.965222 ] } { [ -19.635369 ] } { [ 51.432156 ] }
antes   de colapsar { [ 58.174362 ][ 73.679745 ] } { [ 34.344445 ][ 2.191299 ][ 60.650708 ][ 27.239820 ][ 15.177349 ] } { [ 13.240579 ][ -19.389974 ][ 58.352327 ] } { [ -23.568743 ][ 52.244091 ] } { [ 59.218178 ] } { [ 33.059526 ] } { [ 45.222839 ] } { [ 65.027589 ] } { [ -3.553308 ][ 21.364161 ] } { [ 73.860549 ] } { [ 23.975906 ] } { [ 24.200182 ] } { [ 23.870985 ] } { [ -12.149131 ][ 21.383023 ][ -12.517179 ] } { [ -19.631582 ] } { [ 53.367335 ][ 40.632778 ] } { [ -12.846522 ] } { [ 62.216825 ] } { [ 16.272494 ] } { [ 46.369872 ][ 65.607249 ] } { [ 69.965222 ] } { [ -19.635369 ] } { [ 51.432156 ][ 16.703985 ] } { [ 18.991672 ] } { [ 44.930260 ] }
despues de colapsar { [ 58.174362 ][ 73.679745 ] } { [ 34.344445 ][ 2.191299 ][ 60.650708 ][ 27.239820 ][ 15.177349 ] } { [ 13.240579 ][ -19.389974 ][ 58.352327 ] } { [ -23.568743 ][ 52.244091 ] } { [ 59.218178 ] } { [ 33.059526 ] } { [ 45.222839 ] } { [ 65.027589 ] } { [ -3.553308 ][ 21.364161 ] } { [ 73.860549 ] } { [ 23.975906 ] } { [ 24.200182 ] } { [ 23.870985 ] } { [ -12.149131 ][ 21.383023 ][ -12.517179 ] } { [ -19.631582 ] } { [ 53.367335 ][ 40.632778 ] } { [ -12.846522 ] } { [ 62.216825 ] } { [ 16.272494 ] } { [ 46.369872 ][ 65.607249 ] } { [ 69.965222 ] } { [ -19.635369 ] } { [ 51.432156 ][ 16.703985 ] } { [ 18.991672 ] } { [ 44.930260 ] }
antes   de colapsar { [ i4plq ] } { [ bnfncw ] }
despues de colapsar { [ i4plq ] } { [ bnfncw ] }
antes   de filtrar: { [ i4plq ][ rb59ojwt ] } { [ bnfncw ] } { [ so0len ] } { [ 6jjvlt ] }
despues de filtrar: { [ bnfncw ] }
antes   de filtrar: { [ bnfncw ][ 7nq ] } { [ l ][ v8pt6y9t ] } { [ dqmck ] } { [ 788ra6v ] } { [ frwx984xj ] } { [ 2 ] }
despues de filtrar: { [ bnfncw ][ 7nq ] } { [ l ][ v8pt6y9t ] } { [ dqmck ] }
antes   de filtrar: { [ bnfncw ][ 7nq ] } { [ l ][ v8pt6y9t ] } { [ dqmck ] } { [ lhn0hqraj ][ as ] } { [ 2ipdcdmgb7 ] } { [ r6b ] }
despues de filtrar: { [ bnfncw ][ 7nq ] } { [ l ][ v8pt6y9t ] } { [ dqmck ] }
antes   de colapsar { [ bnfncw ][ 7nq ] } { [ l ][ v8pt6y9t ][ f37wbg6 ] } { [ dqmck ] } { [ 4r ] }
despues de colapsar { [ bnfncw ][ 7nq ] } { [ l ][ v8pt6y9t ][ f37wbg6 ] } { [ dqmck ] } { [ 4r ] }
antes   de colapsar { [ bnfncw ][ 7nq ] } { [ l ][ v8pt6y9t ][ f37wbg6 ] } { [ dqmck ] } { [ 4r ] } { [ 53r51uhp ] }
despues de colapsar { [ bnfncw ][ 7nq ] } { [ l ][ v8pt6y9t ][ f37wbg6 ] } { [ dqmck ] } { [ 4r ] } { [ 53r51uhp ] }
antes   de colapsar { [ bnfncw ][ 7nq ] } { [ l ][ v8pt6y9t ][ f37wbg6 ] } { [ dqmck ] } { [ 4r ] } { [ 53r51uhp ] }
despues de colapsar { [ bnfncw ][ 7nq ] } { [ l ][ v8pt6y9t ][ f37wbg6 ] } { [ dqmck ] } { [ 4r ] } { [ 53r51uhp ] }
antes   de colapsar { [ bnfncw ][ 7nq ][ c7is ] } { [ l ][ v8pt6y9t ][ f37wbg6 ] } { [ dqmck ] } { [ 4r ] } { [ 53r51uhp ] } { [ frmlm90 ][ 80lqevw8v0 ] } { [ x1e ][ asl3 ] } { [ 25t97 ] } { [ lxmm4k ] } { [ 0q8n ] } { [ 6 ] }
despues de colapsar { [ bnfncw ][ 7nq ][ c7is ] } { [ l ][ v8pt6y9t ][ f37wbg6 ] } { [ dqmck ] } { [ 4r ] } { [ 53r51uhp ] } { [ f8r0mllqme ] } { [ xa1sel3 ] } { [ 25t97 ] } { [ lxmm4k ] } { [ 0q8n ] } { [ 6 ] }
antes   de filtrar: { [ bnfncw ][ 7nq ][ c7is ][ ixajh0vv02 ] } { [ l ][ v8pt6y9t ][ f37wbg6 ][ roa4k ] } { [ dqmck ] } { [ 4r ] } { [ 53r51uhp ] } { [ f8r0mllqme ] } { [ xa1sel3 ] } { [ 25t97 ] } { [ lxmm4k ] } { [ 0q8n ] } { [ 6 ] } { [ xsat2krxdh ] } { [ jkeg2ahq4 ] } { [ h0lg ] } { [ pwtyl ] } { [ ehkoux ] } { [ xk2lhk36 ] }
despues de filtrar: { [ bnfncw ][ 7nq ][ c7is ][ ixajh0vv02 ] } { [ l ][ v8pt6y9t ][ f37wbg6 ][ roa4k ] } { [ dqmck ] } { [ pwtyl ] } { [ ehkoux ] }
antes   de filtrar: { [ bnfncw ][ 7nq ][ c7is ][ ixajh0vv02 ] } { [ l ][ v8pt6y9t ][ f37wbg6 ][ roa4k ] } { [ dqmck ] } { [ pwtyl ] } { [ ehkoux ] }
despues de filtrar: { [ bnfncw ][ 7nq ][ c7is ][ ixajh0vv02 ] } { [ l ][ v8pt6y9t ][ f37wbg6 ][ roa4k ] } { [ dqmck ] } { [ pwtyl ] } { [ ehkoux ] }
antes   de filtrar: { [ 31.384559 ][ -16.163656 ] } { [ 11.377753 ] } { [ 48.178927 ] } { [ -17.878921 ] } { [ -7.748058 ] } { [ 2.233103 ] }
despues de filtrar: { [ 31.384559 ][ -16.163656 ] } { [ 11.377753 ] } { [ 48.178927 ] } { [ -17.878921 ] } { [ -7.748058 ] } { [ 2.233103 ] }
antes   de colapsar { [ 31.384559 ][ -16.163656 ] } { [ 11.377753 ] } { [ 48.178927 ] } { [ -17.878921 ] } { [ -7.748058 ] } { [ 2.233103 ][ 14.444872 ] } { [ -19.582430 ] } { [ 14.961806 ] } { [ -0.637669 ] } { [ 7.755112 ] } { [ 74.163858 ] } { [ 2.748400 ] }
despues de colapsar { [ 31.384559 ][ -16.163656 ] } { [ 11.377753 ] } { [ 48.178927 ] } { [ -17.878921 ] } { [ -7.748058 ] } { [ 2.233103 ][ 14.444872 ] } { [ -19.582430 ] } { [ 14.961806 ] } { [ -0.637669 ] } { [ 7.755112 ] } { [ 74.163858 ] } { [ 2.748400 ] }
antes   de colapsar { [ 31.384559 ][ -16.163656 ] } { [ 11.377753 ] } { [ 48.178927 ] } { [ -17.878921 ] } { [ -7.748058 ] } { [ 2.233103 ][ 14.444872 ][ 42.172733 ] } { [ -19.582430 ] } { [ 14.961806 ] } { [ -0.637669 ] } { [ 7.755112 ] } { [ 74.163858 ] } { [ 2.748400 ] } { [ 7.084114 ] } { [ 44.420932 ] } { [ 32.341743 ] } { [ 21.503841 ] }
despues de colapsar { [ 31.384559 ][ -16.163656 ] } { [ 11.377753 ] } { [ 48.178927 ] } { [ -17.878921 ] } { [ -7.748058 ] } { [ 2.233103 ][ 14.444872 ][ 42.172733 ] } { [ -19.582430 ] } { [ 14.961806 ] } { [ -0.637669 ] } { [ 7.755112 ] } { [ 74.163858 ] } { [ 2.748400 ] } { [ 7.084114 ] } { [ 44.420932 ] } { [ 32.341743 ] } { [ 21.503841 ] }
antes   de filtrar: { [ 31.384559 ][ -16.163656 ][ 38.949659 ] } { [ 11.377753 ] } { [ 48.178927 ] } { [ -17.878921 ] } { [ -7.748058 ] } { [ 2.233103 ][ 14.444872 ][ 42.172733 ] } { [ -19.582430 ] } { [ 14.961806 ] } { [ -0.637669 ] } { [ 7.755112 ] } { [ 74.163858 ] } { [ 2.748400 ] } { [ 7.084114 ] } { [ 44.420932 ] } { [ 32.341743 ] } { [ 21.503841 ] } { [ 16.062524 ] } { [ -7.694918 ] }
despues de filtrar: { [ 31.384559 ][ -16.163656 ][ 38.949659 ] } { [ 11.377753 ] } { [ 48.178927 ] } { [ -17.878921 ] } { [ -7.748058 ] } { [ 2.233103 ][ 14.444872 ][ 42.172733 ] } { [ -19.582430 ] } { [ -0.637669 ] } { [ 74.163858 ] } { [ 7.084114 ] } { [ 44.420932 ] } { [ 32.341743 ] } { [ 16.062524 ] } { [ -7.694918 ] }
antes   de filtrar: { [ 31.384559 ][ -16.163656 ][ 38.949659 ] } { [ 11.377753 ] } { [ 48.178927 ] } { [ -17.878921 ] } { [ -7.748058 ] } { [ 2.233103 ][ 14.444872 ][ 42.172733 ] } { [ -19.582430 ] } { [ -0.637669 ] } { [ 74.163858 ] } { [ 7.084114 ] } { [ 44.420932 ][ 35.500034 ] } { [ 32.341743 ] } { [ 16.062524 ] } { [ -7.694918 ] } { [ 55.774725 ] } { [ 25.725040 ] }
despues de filtrar: { [ 31.384559 ][ -16.163656 ][ 38.949659 ] } { [ 11.377753 ] } { [ 48.178927 ] } { [ -17.878921 ] } { [ -7.748058 ] } { [ 2.233103 ][ 14.444872 ][ 42.172733 ] } { [ -19.582430 ] } { [ -0.637669 ] } { [ 74.163858 ] } { [ 7.084114 ] } { [ 44.420932 ][ 35.500034 ] } { [ 32.341743 ] } { [ 16.062524 ] } { [ -7.694918 ] }
antes   de colapsar { [ 31.384559 ][ -16.163656 ][ 38.949659 ] } { [ 11.377753 ][ 11.757489 ] } { [ 48.178927 ][ -9.547948 ] } { [ -17.878921 ] } { [ -7.748058 ] } { [ 2.233103 ][ 14.444872 ][ 42.172733 ] } { [ -19.582430 ] } { [ -0.637669 ] } { [ 74.163858 ] } { [ 7.084114 ] } { [ 44.420932 ][ 35.500034 ] } { [ 32.341743 ] } { [ 16.062524 ] } { [ -7.694918 ] } { [ 49.660552 ][ -12.698231 ] } { [ 69.408232 ] }
despues de colapsar { [ 31.384559 ][ -16.163656 ][ 38.949659 ] } { [ 11.377753 ][ 11.757489 ] } { [ 48.178927 ][ -9.547948 ] } { [ -17.878921 ] } { [ -7.748058 ] } { [ 2.233103 ][ 14.444872 ][ 42.172733 ] } { [ -19.582430 ] } { [ -0.637669 ] } { [ 74.163858 ] } { [ 7.084114 ] } { [ 44.420932 ][ 35.500034 ] } { [ 32.341743 ] } { [ 16.062524 ] } { [ -7.694918 ] } { [ 6.079665 ] } { [ 69.408232 ] }
antes   de filtrar: { [ 31.384559 ][ -16.163656 ][ 38.949659 ] } { [ 11.377753 ][ 11.757489 ] } { [ 48.178927 ][ -9.547948 ] } { [ -17.878921 ] } { [ -7.748058 ] } { [ 2.233103 ][ 14.444872 ][ 42.172733 ] } { [ -19.582430 ] } { [ -0.637669 ] } { [ 74.163858 ] } { [ 7.084114 ] } { [ 44.420932 ][ 35.500034 ] } { [ 32.341743 ] } { [ 16.062524 ] } { [ -7.694918 ] } { [ 6.079665 ] } { [ 69.408232 ] }
despues de filtrar: { [ 31.384559 ][ -16.163656 ][ 38.949659 ] } { [ 11.377753 ][ 11.757489 ] } { [ 48.178927 ][ -9.547948 ] } { [ -17.878921 ] } { [ -7.748058 ] } { [ 2.233103 ][ 14.444872 ][ 42.172733 ] } { [ -19.582430 ] } { [ -0.637669 ] } { [ 74.163858 ] } { [ 7.084114 ] } { [ 44.420932 ][ 35.500034 ] } { [ 32.341743 ] } { [ 16.062524 ] } { [ -7.694918 ] } { [ 6.079665 ] } { [ 69.408232 ] }
antes   de filtrar: { [ 31.384559 ][ -16.163656 ][ 38.949659 ] } { [ 11.377753 ][ 11.757489 ] } { [ 48.178927 ][ -9.547948 ] } { [ -17.878921 ][ 37.421262 ] } { [ -7.748058 ] } { [ 2.233103 ][ 14.444872 ][ 42.172733 ] } { [ -19.582430 ] } { [ -0.637669 ] } { [ 74.163858 ] } { [ 7.084114 ] } { [ 44.420932 ][ 35.500034 ] } { [ 32.341743 ] } { [ 16.062524 ] } { [ -7.694918 ] } { [ 6.079665 ] } { [ 69.408232 ] } { [ 10.580967 ] } { [ -6.037319 ] } { [ 23.790061 ] }
despues de filtrar: { [ 31.384559 ][ -16.163656 ][ 38.949659 ] } { [ 11.377753 ][ 11.757489 ] } { [ 48.178927 ][ -9.547948 ] } { [ -17.878921 ][ 37.421262 ] } { [ -7.748058 ] } { [ 2.233103 ][ 14.444872 ][ 42.172733 ] } { [ -19.582430 ] } { [ -0.637669 ] } { [ 74.163858 ] } { [ 7.084114 ] } { [ 44.420932 ][ 35.500034 ] } { [ 32.341743 ] } { [ 16.062524 ] } { [ -7.694918 ] } { [ 6.079665 ] } { [ 69.408232 ] } { [ -6.037319 ] }
antes   de colapsar { [ 31.384559 ][ -16.163656 ][ 38.949659 ] } { [ 11.377753 ][ 11.757489 ] } { [ 48.178927 ][ -9.547948 ] } { [ -17.878921 ][ 37.421262 ] } { [ -7.748058 ] } { [ 2.233103 ][ 14.444872 ][ 42.172733 ] } { [ -19.582430 ] } { [ -0.637669 ] } { [ 74.163858 ] } { [ 7.084114 ] } { [ 44.420932 ][ 35.500034 ] } { [ 32.341743 ] } { [ 16.062524 ] } { [ -7.694918 ] } { [ 6.079665 ] } { [ 69.408232 ] } { [ -6.037319 ] } { [ 63.534142 ] } { [ 8.940199 ] } { [ 39.371871 ] } { [ 52.174472 ] }
despues de colapsar { [ 31.384559 ][ -16.163656 ][ 38.949659 ] } { [ 11.377753 ][ 11.757489 ] } { [ 48.178927 ][ -9.547948 ] } { [ -17.878921 ][ 37.421262 ] } { [ -7.748058 ] } { [ 2.233103 ][ 14.444872 ][ 42.172733 ] } { [ -19.582430 ] } { [ -0.637669 ] } { [ 74.163858 ] } { [ 7.084114 ] } { [ 44.420932 ][ 35.500034 ] } { [ 32.341743 ] } { [ 16.062524 ] } { [ -7.694918 ] } { [ 6.079665 ] } { [ 69.408232 ] } { [ -6.037319 ] } { [ 63.534142 ] } { [ 8.940199 ] } { [ 39.371871 ] } { [ 52.174472 ] }
antes   de colapsar { [ 31.384559 ][ -16.163656 ][ 38.949659 ][ -18.563602 ] } { [ 11.377753 ][ 11.757489 ] } { [ 48.178927 ][ -9.547948 ] } { [ -17.878921 ][ 37.421262 ] } { [ -7.748058 ][ 11.232821 ] } { [ 2.233103 ][ 14.444872 ][ 42.172733 ] } { [ -19.582430 ] } { [ -0.637669 ] } { [ 74.163858 ] } { [ 7.084114 ] } { [ 44.420932 ][ 35.500034 ] } { [ 32.341743 ][ 63.540285 ] } { [ 16.062524 ] } { [ -7.694918 ] } { [ 6.079665 ] } { [ 69.408232 ] } { [ -6.037319 ] } { [ 63.534142 ] } { [ 8.940199 ][ -14.001108 ] } { [ 39.371871 ] } { [ 52.174472 ] } { [ -3.352734 ] } { [ 44.875986 ] } { [ -2.084398 ] } { [ 23.825617 ] } { [ 47.979557 ] } { [ -16.788523 ] }
despues de colapsar { [ 31.384559 ][ -16.163656 ][ 38.949659 ][ -18.563602 ] } { [ 11.377753 ][ 11.757489 ] } { [ 48.178927 ][ -9.547948 ] } { [ -17.878921 ][ 37.421262 ] } { [ -7.748058 ][ 11.232821 ] } { [ 2.233103 ][ 14.444872 ][ 42.172733 ] } { [ -19.582430 ] } { [ -0.637669 ] } { [ 74.163858 ] } { [ 7.084114 ] } { [ 44.420932 ][ 35.500034 ] } { [ 32.341743 ][ 63.540285 ] } { [ 16.062524 ] } { [ -7.694918 ] } { [ 6.079665 ] } { [ 69.408232 ] } { [ -6.037319 ] } { [ 63.534142 ] } { [ -nan ] } { [ 39.371871 ] } { [ 52.174472 ] } { [ -3.352734 ] } { [ 44.875986 ] } { [ -2.084398 ] } { [ 23.825617 ] } { [ 47.979557 ] } { [ -16.788523 ] }
antes   de filtrar: { [ 6nfbcrx6ji ] } { [ ap ] } { [ cys5 ] } { [ d5842l930 ] } { [ 9 ] }
despues de filtrar: { [ ap ] }
antes   de colapsar { [ ap ] }
despues de colapsar { [ ap ] }
antes   de filtrar: { [ ap ] }
despues de filtrar: { [ ap ] }
antes   de filtrar: { [ ap ][ l82a ] } { [ hdimfo3e34 ] } { [ oaggv94t ][ pd74ibx ] } { [ g ] }
despues de filtrar: { [ ap ][ l82a ] } { [ g ] }
antes   de colapsar { [ ap ][ l82a ][ bg1te ] } { [ g ] } { [ p ] } { [ ehpl ][ hl ] } { [ t5 ] } { [ gwa0plriwm ] } { [ uu2gvr5e ] } { [ klyac ] } { [ 8cq8iy0 ] }
despues de colapsar { [ ap ][ l82a ][ bg1te ] } { [ g ] } { [ p ] } { [ ehpl ][ hl ] } { [ t5 ] } { [ gwa0plriwm ] } { [ uu2gvr5e ] } { [ klyac ] } { [ 8cq8iy0 ] }
antes   de filtrar: { [ ap ][ l82a ][ bg1te ] } { [ g ] } { [ p ] } { [ ehpl ][ hl ] } { [ t5 ] } { [ gwa0plriwm ] } { [ uu2gvr5e ] } { [ klyac ] } { [ 8cq8iy0 ][ cmmcpad ] } { [ b ] } { [ 6b46pr ] } { [ x ] } { [ 0w ] } { [ rko6ekl ] }
despues de filtrar: { [ ap ][ l82a ][ bg1te ] } { [ g ] } { [ p ] } { [ ehpl ][ hl ] } { [ klyac ] } { [ b ] } { [ x ] }
antes   de colapsar { [ ap ][ l82a ][ bg1te ][ 3s7a1 ] } { [ g ][ 3q ] } { [ p ] } { [ ehpl ][ hl ] } { [ klyac ][ v ][ teryj616i3 ] } { [ b ] } { [ x ][ fb ] } { [ y4xw ] } { [ yxa2kgtmel ] } { [ iv5m6n ] } { [ vo89qo ] } { [ 15x ] }
despues de colapsar { [ ap ][ l82a ][ bg1te ][ 3s7a1 ] } { [ g ][ 3q ] } { [ p ] } { [ ehpl ][ hl ] } { [ klyac ][ v ][ teryj616i3 ] } { [ b ] } { [ x ][ fb ] } { [ y4xw ] } { [ yxa2kgtmel ] } { [ iv5m6n ] } { [ vo89qo ] } { [ 15x ] }
antes   de colapsar { [ ap ][ l82a ][ bg1te ][ 3s7a1 ] } { [ g ][ 3q ] } { [ p ] } { [ ehpl ][ hl ] } { [ klyac ][ v ][ teryj616i3 ] } { [ b ] } { [ x ][ fb ] } { [ y4xw ] } { [ yxa2kgtmel ] } { [ iv5m6n ] } { [ vo89qo ] } { [ 15x ] }
despues de colapsar { [ ap ][ l82a ][ bg1te ][ 3s7a1 ] } { [ g ][ 3q ] } { [ p ] } { [ ehpl ][ hl ] } { [ klyac ][ v ][ teryj616i3 ] } { [ b ] } { [ x ][ fb ] } { [ y4xw ] } { [ yxa2kgtmel ] } { [ iv5m6n ] } { [ vo89qo ] } { [ 15x ] }
antes   de colapsar { [ ap ][ l82a ][ bg1te ][ 3s7a1 ] } { [ g ][ 3q ] } { [ p ][ lcxdalq3s ] } { [ ehpl ][ hl ] } { [ klyac ][ v ][ teryj616i3 ] } { [ b ] } { [ x ][ fb ] } { [ y4xw ] } { [ yxa2kgtmel ] } { [ iv5m6n ] } { [ vo89qo ] } { [ 15x ] } { [ 3 ] } { [ r ][ n ] } { [ spcu1wffo ] } { [ 4 ] } { [ mbjtk8w ] } { [ vk ] } { [ n0d9a8 ] }
despues de colapsar { [ ap ][ l82a ][ bg1te ][ 3s7a1 ] } { [ g ][ 3q ] } { [ p ][ lcxdalq3s ] } { [ ehpl ][ hl ] } { [ klyac ][ v ][ teryj616i3 ] } { [ b ] } { [ x ][ fb ] } { [ y4xw ] } { [ yxa2kgtmel ] } { [ iv5m6n ] } { [ vo89qo ] } { [ 15x ] } { [ 3 ] } { [ r ][ n ] } { [ spcu1wffo ] } { [ 4 ] } { [ mbjtk8w ] } { [ vk ] } { [ n0d9a8 ] }
antes   de filtrar: { [ ap ][ l82a ][ bg1te ][ 3s7a1 ] } { [ g ][ 3q ] } { [ p ][ lcxdalq3s ] } { [ ehpl ][ hl ] } { [ klyac ][ v ][ teryj616i3 ] } { [ b ] } { [ x ][ fb ] } { [ y4xw ] } { [ yxa2kgtmel ] } { [ iv5m6n ] } { [ vo89qo ] } { [ 15x ] } { [ 3 ] } { [ r ][ n ] } { [ spcu1wffo ] } { [ 4 ] } { [ mbjtk8w ] } { [ vk ] } { [ n0d9a8 ] } { [ ygwpq7 ] }
despues de filtrar: { [ ap ][ l82a ][ bg1te ][ 3s7a1 ] } { [ g ][ 3q ] } { [ p ][ lcxdalq3s ] } { [ ehpl ][ hl ] } { [ klyac ][ v ][ teryj616i3 ] } { [ b ] } { [ x ][ fb ] } { [ r ][ n ] } { [ vk ] }
antes   de filtrar: { [ 47.698916 ][ 55.220106 ] } { [ 56.878998 ] } { [ 44.571710 ][ 46.487820 ] } { [ 29.771559 ] } { [ 70.045330 ] } { [ 60.875748 ] } { [ -10.084470 ] }
despues de filtrar: { [ 70.045330 ] } { [ -10.084470 ] }
antes   de colapsar { [ 70.045330 ] } { [ -10.084470 ] } { [ 39.875510 ] } { [ 25.096255 ] }
despues de colapsar { [ 70.045330 ] } { [ -10.084470 ] } { [ 39.875510 ] } { [ 25.096255 ] }
antes   de filtrar: { [ 70.045330 ] } { [ -10.084470 ] } { [ 39.875510 ] } { [ 25.096255 ] }
despues de filtrar: { [ 70.045330 ] } { [ -10.084470 ] } { [ 25.096255 ] }
antes   de colapsar { [ 70.045330 ][ 25.974132 ][ -0.316050 ] } { [ -10.084470 ][ 7.543421 ] } { [ 25.096255 ] } { [ 6.239361 ] } { [ 67.696203 ] } { [ -1.735694 ] }
despues de colapsar { [ 70.045330 ][ 25.974132 ][ -0.316050 ] } { [ -10.084470 ][ 7.543421 ] } { [ 25.096255 ] } { [ 6.239361 ] } { [ 67.696203 ] } { [ -1.735694 ] }
antes   de filtrar: { [ 70.045330 ][ 25.974132 ][ -0.316050 ] } { [ -10.084470 ][ 7.543421 ] } { [ 25.096255 ] } { [ 6.239361 ] } { [ 67.696203 ] } { [ -1.735694 ] } { [ 74.385341 ][ -20.428340 ] } { [ 40.231094 ] } { [ 60.900469 ] } { [ 45.907716 ] }
despues de filtrar: { [ 70.045330 ][ 25.974132 ][ -0.316050 ] } { [ -10.084470 ][ 7.543421 ] } { [ 25.096255 ] } { [ 6.239361 ] } { [ -1.735694 ] } { [ 74.385341 ][ -20.428340 ] } { [ 40.231094 ] }
antes   de filtrar: { [ 70.045330 ][ 25.974132 ][ -0.316050 ] } { [ -10.084470 ][ 7.543421 ] } { [ 25.096255 ] } { [ 6.239361 ] } { [ -1.735694 ] } { [ 74.385341 ][ -20.428340 ] } { [ 40.231094 ] } { [ 30.220285 ][ 39.102639 ] } { [ 9.449337 ] } { [ 43.906812 ][ 74.135872 ] } { [ 46.237428 ] } { [ 67.254838 ] } { [ 8.808831 ] } { [ 50.283551 ] } { [ 28.391777 ] }
despues de filtrar: { [ 70.045330 ][ 25.974132 ][ -0.316050 ] } { [ -10.084470 ][ 7.543421 ] } { [ 25.096255 ] } { [ 6.239361 ] } { [ -1.735694 ] } { [ 74.385341 ][ -20.428340 ] } { [ 40.231094 ] } { [ 30.220285 ][ 39.102639 ] } { [ 9.449337 ] } { [ 46.237428 ] } { [ 67.254838 ] } { [ 50.283551 ] } { [ 28.391777 ] }
antes   de colapsar { [ 70.045330 ][ 25.974132 ][ -0.316050 ] } { [ -10.084470 ][ 7.543421 ] } { [ 25.096255 ] } { [ 6.239361 ][ 24.297397 ] } { [ -1.735694 ] } { [ 74.385341 ][ -20.428340 ] } { [ 40.231094 ] } { [ 30.220285 ][ 39.102639 ] } { [ 9.449337 ] } { [ 46.237428 ] } { [ 67.254838 ] } { [ 50.283551 ] } { [ 28.391777 ] } { [ 40.110913 ] } { [ 42.165439 ] }
despues de colapsar { [ 70.045330 ][ 25.974132 ][ -0.316050 ] } { [ -10.084470 ][ 7.543421 ] } { [ 25.096255 ] } { [ 6.239361 ][ 24.297397 ] } { [ -1.735694 ] } { [ 74.385341 ][ -20.428340 ] } { [ 40.231094 ] } { [ 30.220285 ][ 39.102639 ] } { [ 9.449337 ] } { [ 46.237428 ] } { [ 67.254838 ] } { [ 50.283551 ] } { [ 28.391777 ] } { [ 40.110913 ] } { [ 42.165439 ] }
antes   de colapsar { [ 70.045330 ][ 25.974132 ][ -0.316050 ] } { [ -10.084470 ][ 7.543421 ] } { [ 25.096255 ] } { [ 6.239361 ][ 24.297397 ] } { [ -1.735694 ] } { [ 74.385341 ][ -20.428340 ] } { [ 40.231094 ] } { [ 30.220285 ][ 39.102639 ] } { [ 9.449337 ] } { [ 46.237428 ] } { [ 67.254838 ] } { [ 50.283551 ] } { [ 28.391777 ] } { [ 40.110913 ] } { [ 42.165439 ] }
despues de colapsar { [ 70.045330 ][ 25.974132 ][ -0.316050 ] } { [ -10.084470 ][ 7.543421 ] } { [ 25.096255 ] } { [ 6.239361 ][ 24.297397 ] } { [ -1.735694 ] } { [ 74.385341 ][ -20.428340 ] } { [ 40.231094 ] } { [ 30.220285 ][ 39.102639 ] } { [ 9.449337 ] } { [ 46.237428 ] } { [ 67.254838 ] } { [ 50.283551 ] } { [ 28.391777 ] } { [ 40.110913 ] } { [ 42.165439 ] }
antes   de filtrar: { [ 70.045330 ][ 25.974132 ][ -0.316050 ] } { [ -10.084470 ][ 7.543421 ] } { [ 25.096255 ] } { [ 6.239361 ][ 24.297397 ] } { [ -1.735694 ] } { [ 74.385341 ][ -20.428340 ] } { [ 40.231094 ] } { [ 30.220285 ][ 39.102639 ] } { [ 9.449337 ] } { [ 46.237428 ] } { [ 67.254838 ] } { [ 50.283551 ] } { [ 28.391777 ] } { [ 40.110913 ] } { [ 42.165439 ] }
despues de filtrar: { [ 70.045330 ][ 25.974132 ][ -0.316050 ] } { [ -10.084470 ][ 7.543421 ] } { [ 25.096255 ] } { [ 6.239361 ][ 24.297397 ] } { [ -1.735694 ] } { [ 74.385341 ][ -20.428340 ] } { [ 40.231094 ] } { [ 30.220285 ][ 39.102639 ] } { [ 9.449337 ] } { [ 46.237428 ] } { [ 67.254838 ] } { [ 50.283551 ] } { [ 28.391777 ] } { [ 40.110913 ] } { [ 42.165439 ] }
antes   de colapsar { [ 70.045330 ][ 25.974132 ][ -0.316050 ] } { [ -10.084470 ][ 7.543421 ] } { [ 25.096255 ] } { [ 6.239361 ][ 24.297397 ] } { [ -1.735694 ] } { [ 74.385341 ][ -20.428340 ] } { [ 40.231094 ] } { [ 30.220285 ][ 39.102639 ] } { [ 9.449337 ] } { [ 46.237428 ] } { [ 67.254838 ] } { [ 50.283551 ] } { [ 28.391777 ] } { [ 40.110913 ][ 0.904029 ] } { [ 42.165439 ][ 73.414266 ] } { [ 36.068315 ] } { [ 40.350800 ] }
despues de colapsar { [ 70.045330 ][ 25.974132 ][ -0.316050 ] } { [ -10.084470 ][ 7.543421 ] } { [ 25.096255 ] } { [ 6.239361 ][ 24.297397 ] } { [ -1.735694 ] } { [ 74.385341 ][ -20.428340 ] } { [ 40.231094 ] } { [ 30.220285 ][ 39.102639 ] } { [ 9.449337 ] } { [ 46.237428 ] } { [ 67.254838 ] } { [ 50.283551 ] } { [ 28.391777 ] } { [ 40.110913 ][ 0.904029 ] } { [ 42.165439 ][ 73.414266 ] } { [ 36.068315 ] } { [ 40.350800 ] }
