antes   de filtrar: { [ 0c2i ] } { [ y6lios ] }
despues de filtrar: <vacia>
antes   de filtrar: { [ 8qaajik6i ] } { [ 80i037bn ][ l ][ x0vewc ] } { [ f7l8ucyi ][ s ] } { [ 77849 ][ am3p9v ] } { [ f8hhj ] } { [ c9y5lcq ] } { [ 4k ] } { [ nxefwlb ] } { [ 55c5 ] } { [ 3 ] } { [ c ] }
despues de filtrar: { [ nxefwlb ] } { [ c ] }
antes   de colapsar { [ nxefwlb ] } { [ c ] }
despues de colapsar { [ nxefwlb ] } { [ c ] }
antes   de filtrar: { [ nxefwlb ][ o39 ] } { [ c ] } { [ 4ry6 ] } { [ xrd2v ][ nean0o ] } { [ xhctx0jx ] } { [ 31lm1 ] } { [ 5gswp8yx5w ] } { [ ry ] } { [ p0jjf0 ] }
despues de filtrar: { [ nxefwlb ][ o39 ] } { [ c ] } { [ ry ] }
antes   de filtrar: { [ nxefwlb ][ o39 ] } { [ c ] } { [ ry ][ ecv ] }
despues de filtrar: { [ nxefwlb ][ o39 ] } { [ c ] } { [ ry ][ ecv ] }
antes   de colapsar { [ nxefwlb ][ o39 ] } { [ c ] } { [ ry ][ ecv ] } { [ vs8auox ] }
despues de colapsar { [ nxefwlb ][ o39 ] } { [ c ] } { [ ry ][ ecv ] } { [ vs8auox ] }
antes   de filtrar: { [ nxefwlb ][ o39 ] } { [ c ] } { [ ry ][ ecv ] } { [ vs8auox ] } { [ dpav9ao7b ] } { [ 9 ] } { [ ank ] }
despues de filtrar: { [ nxefwlb ][ o39 ] } { [ c ] } { [ ry ][ ecv ] } { [ ank ] }
antes   de colapsar { [ nxefwlb ][ o39 ] } { [ c ] } { [ ry ][ ecv ] } { [ ank ] } { [ ax ] }
despues de colapsar { [ nxefwlb ][ o39 ] } { [ c ] } { [ ry ][ ecv ] } { [ ank ] } { [ ax ] }
antes   de colapsar { [ nxefwlb ][ o39 ] } { [ c ] } { [ ry ][ ecv ] } { [ ank ] } { [ ax ] }
despues de colapsar { [ nxefwlb ][ o39 ] } { [ c ] } { [ ry ][ ecv ] } { [ ank ] } { [ ax ] }
antes   de colapsar { [ nxefwlb ][ o39 ] } { [ c ] } { [ ry ][ ecv ] } { [ ank ] } { [ ax ] } { [ r96ghoxch ] } { [ mebsfux ] }
despues de colapsar { [ nxefwlb ][ o39 ] } { [ c ] } { [ ry ][ ecv ] } { [ ank ] } { [ ax ] } { [ r96ghoxch ] } { [ mebsfux ] }
antes   de colapsar { [ uvyuo6p ] } { [ so7x ][ bl2 ] } { [ mwd869 ] } { [ 29 ] }
despues de colapsar { [ uvyuo6p ] } { [ sbol72x ] } { [ mwd869 ] } { [ 29 ] }
antes   de filtrar: { [ uvyuo6p ] } { [ sbol72x ] } { [ mwd869 ] } { [ 29 ] }
despues de filtrar: <vacia>
antes   de colapsar { [ 5yyw ][ 24dojn ] } { [ i ][ ma4ldvssa2 ][ mu3d4qjl ] } { [ k ] }
despues de colapsar { [ 52y4ydwojn ] } { [ i ][ ma4ldvssa2 ][ mu3d4qjl ] } { [ k ] }
antes   de filtrar: { [ 52y4ydwojn ][ osq1 ][ sfe8mc4g ] } { [ i ][ ma4ldvssa2 ][ mu3d4qjl ][ 3kd ] } { [ k ] } { [ x ] } { [ t ][ 9daaa10u ][ 7ih ] } { [ 4 ] } { [ nc1tofrovr ] } { [ a3p2t ] } { [ csulrdk4w ] } { [ q ][ m240o ] } { [ xbwvi1s2j ] } { [ 9xp3onwfm ] } { [ 8ugkovo8ab ] } { [ 7km565rw ] }
despues de filtrar: { [ i ][ ma4ldvssa2 ][ mu3d4qjl ][ 3kd ] } { [ k ] } { [ x ] } { [ t ][ 9daaa10u ][ 7ih ] } { [ q ][ m240o ] }
antes   de filtrar: { [ i ][ ma4ldvssa2 ][ mu3d4qjl ][ 3kd ] } { [ k ][ br ] } { [ x ] } { [ t ][ 9daaa10u ][ 7ih ] } { [ q ][ m240o ] } { [ nqeg0b ] } { [ rw4oj ] } { [ l3jav ] } { [ 93ryh ] }
despues de filtrar: { [ i ][ ma4ldvssa2 ][ mu3d4qjl ][ 3kd ] } { [ k ][ br ] } { [ x ] } { [ t ][ 9daaa10u ][ 7ih ] } { [ q ][ m240o ] }
antes   de colapsar { [ i ][ ma4ldvssa2 ][ mu3d4qjl ][ 3kd ] } { [ k ][ br ] } { [ x ] } { [ t ][ 9daaa10u ][ 7ih ] } { [ q ][ m240o ] } { [ 8fdywv5e6t ][ 48u1kc5 ] } { [ i8t ] } { [ amglxy ] }
despues de colapsar { [ i ][ ma4ldvssa2 ][ mu3d4qjl ][ 3kd ] } { [ k ][ br ] } { [ x ] } { [ t ][ 9daaa10u ][ 7ih ] } { [ q ][ m240o ] } { [ 84f8duy1wk ] } { [ i8t ] } { [ amglxy ] }
antes   de filtrar: { [ i ][ ma4ldvssa2 ][ mu3d4qjl ][ 3kd ] } { [ k ][ br ] } { [ x ] } { [ t ][ 9daaa10u ][ 7ih ] } { [ q ][ m240o ] } { [ 84f8duy1wk ] } { [ i8t ] } { [ amglxy ] } { [ 3mrdfhlgkx ] } { [ 2kgt768vs9 ] } { [ 9n1lih3g ] } { [ a0k39nng9 ] }
despues de filtrar: { [ i ][ ma4ldvssa2 ][ mu3d4qjl ][ 3kd ] } { [ k ][ br ] } { [ x ] } { [ t ][ 9daaa10u ][ 7ih ] } { [ q ][ m240o ] } { [ amglxy ] }
antes   de filtrar: { [ i ][ ma4ldvssa2 ][ mu3d4qjl ][ 3kd ] } { [ k ][ br ] } { [ x ] } { [ t ][ 9daaa10u ][ 7ih ] } { [ q ][ m240o ] } { [ amglxy ] } { [ 6gk30ibca9 ] } { [ k7 ] }
despues de filtrar: { [ i ][ ma4ldvssa2 ][ mu3d4qjl ][ 3kd ] } { [ k ][ br ] } { [ x ] } { [ t ][ 9daaa10u ][ 7ih ] } { [ q ][ m240o ] } { [ amglxy ] }
antes   de colapsar { [ i ][ ma4ldvssa2 ][ mu3d4qjl ][ 3kd ] } { [ k ][ br ] } { [ x ] } { [ t ][ 9daaa10u ][ 7ih ] } { [ q ][ m240o ] } { [ amglxy ] } { [ w ] }
despues de colapsar { [ i ][ ma4ldvssa2 ][ mu3d4qjl ][ 3kd ] } { [ k ][ br ] } { [ x ] } { [ t ][ 9daaa10u ][ 7ih ] } { [ q ][ m240o ] } { [ amglxy ] } { [ w ] }
antes   de colapsar { [ i ][ ma4ldvssa2 ][ mu3d4qjl ][ 3kd ] } { [ k ][ br ] } { [ x ] } { [ t ][ 9daaa10u ][ 7ih ] } { [ q ][ m240o ] } { [ amglxy ] } { [ w ] } { [ u9u57 ][ ivxt8l ] } { [ 98u371ugj ] } { [ q6g8i ] } { [ 6s20is ] }
despues de colapsar { [ i ][ ma4ldvssa2 ][ mu3d4qjl ][ 3kd ] } { [ k ][ br ] } { [ x ] } { [ t ][ 9daaa10u ][ 7ih ] } { [ q ][ m240o ] } { [ amglxy ] } { [ w ] } { [ ui9vux5t78 ] } { [ 98u371ugj ] } { [ q6g8i ] } { [ 6s20is ] }
antes   de filtrar: <vacia>
despues de filtrar: <vacia>
antes   de colapsar <vacia>
despues de colapsar <vacia>
antes   de colapsar { [ 7581 ][ 6699 ] } { [ 959 ] } { [ 1650 ] } { [ 2429 ][ 1126 ] } { [ 6060 ] } { [ 3860 ] } { [ 8019 ] } { [ 1691 ][ 7282 ][ 1489 ] } { [ 5311 ] } { [ 938 ] } { [ 2543 ] } { [ 6428 ] } { [ 4079 ] } { [ 7120 ] } { [ 4484 ] }
despues de colapsar { [ 7581 ][ 6699 ] } { [ 959 ] } { [ 1650 ] } { [ 2429 ][ 1126 ] } { [ 6060 ] } { [ 3860 ] } { [ 8019 ] } { [ 1691 ][ 7282 ][ 1489 ] } { [ 5311 ] } { [ 938 ] } { [ 2543 ] } { [ 6428 ] } { [ 4079 ] } { [ 7120 ] } { [ 4484 ] }
antes   de filtrar: { [ 7581 ][ 6699 ] } { [ 959 ] } { [ 1650 ] } { [ 2429 ][ 1126 ] } { [ 6060 ] } { [ 3860 ] } { [ 8019 ] } { [ 1691 ][ 7282 ][ 1489 ] } { [ 5311 ] } { [ 938 ] } { [ 2543 ] } { [ 6428 ] } { [ 4079 ] } { [ 7120 ] } { [ 4484 ] }
despues de filtrar: { [ 7581 ][ 6699 ] } { [ 959 ] } { [ 2429 ][ 1126 ] } { [ 1691 ][ 7282 ][ 1489 ] } { [ 5311 ] } { [ 938 ] } { [ 2543 ] } { [ 6428 ] } { [ 4484 ] }
antes   de colapsar { [ 7581 ][ 6699 ] } { [ 959 ] } { [ 2429 ][ 1126 ] } { [ 1691 ][ 7282 ][ 1489 ] } { [ 5311 ] } { [ 938 ][ 647 ] } { [ 2543 ] } { [ 6428 ][ 137 ] } { [ 4484 ][ 7830 ] } { [ 5022 ] } { [ 8696 ] } { [ 1767 ][ 1618 ] } { [ 2986 ] } { [ 6830 ] } { [ 7694 ] } { [ 8667 ][ 551 ] } { [ 525 ] } { [ 4647 ] }
despues de colapsar { [ 7581 ][ 6699 ] } { [ 959 ] } { [ 2429 ][ 1126 ] } { [ 1691 ][ 7282 ][ 1489 ] } { [ 5311 ] } { [ 938 ][ 647 ] } { [ 2543 ] } { [ 6428 ][ 137 ] } { [ 4484 ][ 7830 ] } { [ 5022 ] } { [ 8696 ] } { [ 1767 ][ 1618 ] } { [ 2986 ] } { [ 6830 ] } { [ 7694 ] } { [ 8667 ][ 551 ] } { [ 525 ] } { [ 4647 ] }
antes   de colapsar { [ 7581 ][ 6699 ] } { [ 959 ] } { [ 2429 ][ 1126 ] } { [ 1691 ][ 7282 ][ 1489 ] } { [ 5311 ][ 7321 ] } { [ 938 ][ 647 ] } { [ 2543 ] } { [ 6428 ][ 137 ] } { [ 4484 ][ 7830 ] } { [ 5022 ] } { [ 8696 ] } { [ 1767 ][ 1618 ] } { [ 2986 ] } { [ 6830 ] } { [ 7694 ] } { [ 8667 ][ 551 ] } { [ 525 ] } { [ 4647 ] } { [ 7194 ] } { [ 2495 ] }
despues de colapsar { [ 7581 ][ 6699 ] } { [ 959 ] } { [ 2429 ][ 1126 ] } { [ 1691 ][ 7282 ][ 1489 ] } { [ 5311 ][ 7321 ] } { [ 938 ][ 647 ] } { [ 2543 ] } { [ 6428 ][ 137 ] } { [ 4484 ][ 7830 ] } { [ 5022 ] } { [ 8696 ] } { [ 1767 ][ 1618 ] } { [ 2986 ] } { [ 6830 ] } { [ 7694 ] } { [ 8667 ][ 551 ] } { [ 525 ] } { [ 4647 ] } { [ 7194 ] } { [ 2495 ] }
antes   de filtrar: { [ 7581 ][ 6699 ] } { [ 959 ][ 5551 ] } { [ 2429 ][ 1126 ] } { [ 1691 ][ 7282 ][ 1489 ] } { [ 5311 ][ 7321 ] } { [ 938 ][ 647 ] } { [ 2543 ] } { [ 6428 ][ 137 ] } { [ 4484 ][ 7830 ] } { [ 5022 ] } { [ 8696 ] } { [ 1767 ][ 1618 ] } { [ 2986 ] } { [ 6830 ] } { [ 7694 ] } { [ 8667 ][ 551 ] } { [ 525 ] } { [ 4647 ] } { [ 7194 ] } { [ 2495 ] } { [ 1552 ] } { [ 9894 ] }
despues de filtrar: { [ 7581 ][ 6699 ] } { [ 959 ][ 5551 ] } { [ 2429 ][ 1126 ] } { [ 1691 ][ 7282 ][ 1489 ] } { [ 5311 ][ 7321 ] } { [ 938 ][ 647 ] } { [ 2543 ] } { [ 6428 ][ 137 ] } { [ 4484 ][ 7830 ] } { [ 8696 ] } { [ 1767 ][ 1618 ] } { [ 2986 ] } { [ 7694 ] } { [ 8667 ][ 551 ] } { [ 525 ] } { [ 4647 ] } { [ 7194 ] } { [ 2495 ] } { [ 1552 ] } { [ 9894 ] }
antes   de colapsar { [ 7581 ][ 6699 ] } { [ 959 ][ 5551 ] } { [ 2429 ][ 1126 ] } { [ 1691 ][ 7282 ][ 1489 ] } { [ 5311 ][ 7321 ] } { [ 938 ][ 647 ] } { [ 2543 ] } { [ 6428 ][ 137 ] } { [ 4484 ][ 7830 ] } { [ 8696 ] } { [ 1767 ][ 1618 ] } { [ 2986 ] } { [ 7694 ] } { [ 8667 ][ 551 ] } { [ 525 ] } { [ 4647 ][ 4090 ] } { [ 7194 ] } { [ 2495 ] } { [ 1552 ] } { [ 9894 ] } { [ 8457 ] }
despues de colapsar { [ 7581 ][ 6699 ] } { [ 959 ][ 5551 ] } { [ 2429 ][ 1126 ] } { [ 1691 ][ 7282 ][ 1489 ] } { [ 5311 ][ 7321 ] } { [ 938 ][ 647 ] } { [ 2543 ] } { [ 6428 ][ 137 ] } { [ 4484 ][ 7830 ] } { [ 8696 ] } { [ 1767 ][ 1618 ] } { [ 2986 ] } { [ 7694 ] } { [ 8667 ][ 551 ] } { [ 525 ] } { [ 4647 ][ 4090 ] } { [ 7194 ] } { [ 2495 ] } { [ 1552 ] } { [ 9894 ] } { [ 8457 ] }
antes   de filtrar: { [ 7581 ][ 6699 ] } { [ 959 ][ 5551 ] } { [ 2429 ][ 1126 ] } { [ 1691 ][ 7282 ][ 1489 ] } { [ 5311 ][ 7321 ] } { [ 938 ][ 647 ] } { [ 2543 ] } { [ 6428 ][ 137 ] } { [ 4484 ][ 7830 ] } { [ 8696 ] } { [ 1767 ][ 1618 ] } { [ 2986 ] } { [ 7694 ] } { [ 8667 ][ 551 ] } { [ 525 ] } { [ 4647 ][ 4090 ] } { [ 7194 ] } { [ 2495 ] } { [ 1552 ] } { [ 9894 ] } { [ 8457 ] } { [ 4031 ] } { [ 4539 ] }
despues de filtrar: { [ 7581 ][ 6699 ] } { [ 959 ][ 5551 ] } { [ 2429 ][ 1126 ] } { [ 1691 ][ 7282 ][ 1489 ] } { [ 5311 ][ 7321 ] } { [ 938 ][ 647 ] } { [ 2543 ] } { [ 6428 ][ 137 ] } { [ 4484 ][ 7830 ] } { [ 8696 ] } { [ 1767 ][ 1618 ] } { [ 2986 ] } { [ 7694 ] } { [ 8667 ][ 551 ] } { [ 525 ] } { [ 4647 ][ 4090 ] } { [ 7194 ] } { [ 2495 ] } { [ 1552 ] } { [ 9894 ] } { [ 8457 ] } { [ 4539 ] }
antes   de filtrar: { [ 7581 ][ 6699 ] } { [ 959 ][ 5551 ] } { [ 2429 ][ 1126 ] } { [ 1691 ][ 7282 ][ 1489 ] } { [ 5311 ][ 7321 ][ 1257 ] } { [ 938 ][ 647 ] } { [ 2543 ] } { [ 6428 ][ 137 ] } { [ 4484 ][ 7830 ] } { [ 8696 ] } { [ 1767 ][ 1618 ] } { [ 2986 ] } { [ 7694 ] } { [ 8667 ][ 551 ] } { [ 525 ] } { [ 4647 ][ 4090 ] } { [ 7194 ] } { [ 2495 ] } { [ 1552 ] } { [ 9894 ] } { [ 8457 ] } { [ 4539 ] }
despues de filtrar: { [ 7581 ][ 6699 ] } { [ 959 ][ 5551 ] } { [ 2429 ][ 1126 ] } { [ 1691 ][ 7282 ][ 1489 ] } { [ 5311 ][ 7321 ][ 1257 ] } { [ 938 ][ 647 ] } { [ 2543 ] } { [ 6428 ][ 137 ] } { [ 4484 ][ 7830 ] } { [ 8696 ] } { [ 1767 ][ 1618 ] } { [ 2986 ] } { [ 7694 ] } { [ 8667 ][ 551 ] } { [ 525 ] } { [ 4647 ][ 4090 ] } { [ 7194 ] } { [ 2495 ] } { [ 1552 ] } { [ 9894 ] } { [ 8457 ] } { [ 4539 ] }
antes   de filtrar: { [ 9894 ] }
despues de filtrar: { [ 9894 ] }
antes   de colapsar { [ 9894 ][ 8295 ] } { [ 6054 ] }
despues de colapsar { [ 9894 ][ 8295 ] } { [ 6054 ] }
antes   de colapsar { [ 9894 ][ 8295 ] } { [ 6054 ] }
despues de colapsar { [ 9894 ][ 8295 ] } { [ 6054 ] }
antes   de filtrar: { [ 9894 ][ 8295 ][ 8509 ] } { [ 6054 ] } { [ 6268 ] } { [ 5176 ] }
despues de filtrar: { [ 9894 ][ 8295 ][ 8509 ] } { [ 6268 ] } { [ 5176 ] }
antes   de colapsar { [ 9894 ][ 8295 ][ 8509 ] } { [ 6268 ] } { [ 5176 ] }
despues de colapsar { [ 9894 ][ 8295 ][ 8509 ] } { [ 6268 ] } { [ 5176 ] }
antes   de filtrar: { [ 9894 ][ 8295 ][ 8509 ][ 3927 ] } { [ 6268 ] } { [ 5176 ] } { [ 8616 ] } { [ 7032 ] } { [ 9034 ] } { [ 7078 ] } { [ 2675 ] } { [ 270 ] }
despues de filtrar: { [ 9894 ][ 8295 ][ 8509 ][ 3927 ] } { [ 6268 ] } { [ 5176 ] } { [ 8616 ] } { [ 2675 ] }
antes   de colapsar { [ 9894 ][ 8295 ][ 8509 ][ 3927 ] } { [ 6268 ][ 6265 ][ 3290 ] } { [ 5176 ] } { [ 8616 ][ 4196 ] } { [ 2675 ] } { [ 5843 ] } { [ 2781 ] } { [ 2670 ][ 7266 ] } { [ 5751 ] } { [ 8067 ] } { [ 8044 ] } { [ 8674 ] } { [ 527 ] } { [ 1140 ] }
despues de colapsar { [ 9894 ][ 8295 ][ 8509 ][ 3927 ] } { [ 6268 ][ 6265 ][ 3290 ] } { [ 5176 ] } { [ 8616 ][ 4196 ] } { [ 2675 ] } { [ 5843 ] } { [ 2781 ] } { [ 4404 ] } { [ 5751 ] } { [ 8067 ] } { [ 8044 ] } { [ 8674 ] } { [ 527 ] } { [ 1140 ] }
antes   de colapsar { [ 9894 ][ 8295 ][ 8509 ][ 3927 ] } { [ 6268 ][ 6265 ][ 3290 ] } { [ 5176 ] } { [ 8616 ][ 4196 ] } { [ 2675 ] } { [ 5843 ] } { [ 2781 ] } { [ 4404 ] } { [ 5751 ] } { [ 8067 ] } { [ 8044 ] } { [ 8674 ] } { [ 527 ] } { [ 1140 ] }
despues de colapsar { [ 9894 ][ 8295 ][ 8509 ][ 3927 ] } { [ 6268 ][ 6265 ][ 3290 ] } { [ 5176 ] } { [ 8616 ][ 4196 ] } { [ 2675 ] } { [ 5843 ] } { [ 2781 ] } { [ 4404 ] } { [ 5751 ] } { [ 8067 ] } { [ 8044 ] } { [ 8674 ] } { [ 527 ] } { [ 1140 ] }
antes   de filtrar: { [ 9894 ][ 8295 ][ 8509 ][ 3927 ] } { [ 6268 ][ 6265 ][ 3290 ] } { [ 5176 ] } { [ 8616 ][ 4196 ][ 4217 ] } { [ 2675 ][ 696 ] } { [ 5843 ] } { [ 2781 ] } { [ 4404 ] } { [ 5751 ] } { [ 8067 ][ 7076 ] } { [ 8044 ] } { [ 8674 ] } { [ 527 ] } { [ 1140 ] } { [ 4496 ] } { [ 9419 ] } { [ 7952 ] } { [ 8983 ][ 1829 ] } { [ 4352 ] } { [ 9530 ] } { [ 2336 ] }
despues de filtrar: { [ 9894 ][ 8295 ][ 8509 ][ 3927 ] } { [ 6268 ][ 6265 ][ 3290 ] } { [ 5176 ] } { [ 8616 ][ 4196 ][ 4217 ] } { [ 2675 ][ 696 ] } { [ 5843 ] } { [ 2781 ] } { [ 5751 ] } { [ 8674 ] } { [ 527 ] } { [ 4496 ] } { [ 9419 ] } { [ 7952 ] } { [ 8983 ][ 1829 ] } { [ 4352 ] } { [ 2336 ] }
antes   de filtrar: { [ 9894 ][ 8295 ][ 8509 ][ 3927 ][ 5437 ] } { [ 6268 ][ 6265 ][ 3290 ] } { [ 5176 ] } { [ 8616 ][ 4196 ][ 4217 ] } { [ 2675 ][ 696 ] } { [ 5843 ] } { [ 2781 ] } { [ 5751 ] } { [ 8674 ] } { [ 527 ] } { [ 4496 ] } { [ 9419 ] } { [ 7952 ][ 1712 ] } { [ 8983 ][ 1829 ] } { [ 4352 ] } { [ 2336 ] } { [ 2932 ] } { [ 7680 ] } { [ 4434 ] } { [ 15 ] } { [ 5347 ] } { [ 8976 ] } { [ 7366 ] } { [ 2747 ] } { [ 1210 ] }
despues de filtrar: { [ 9894 ][ 8295 ][ 8509 ][ 3927 ][ 5437 ] } { [ 6268 ][ 6265 ][ 3290 ] } { [ 5176 ] } { [ 8616 ][ 4196 ][ 4217 ] } { [ 2675 ][ 696 ] } { [ 5843 ] } { [ 2781 ] } { [ 5751 ] } { [ 8674 ] } { [ 527 ] } { [ 4496 ] } { [ 9419 ] } { [ 7952 ][ 1712 ] } { [ 8983 ][ 1829 ] } { [ 4352 ] } { [ 2336 ] } { [ 2932 ] } { [ 4434 ] } { [ 15 ] } { [ 5347 ] } { [ 8976 ] } { [ 7366 ] } { [ 2747 ] }
antes   de colapsar { [ 33.962302 ][ -22.144831 ] } { [ 73.005634 ] } { [ -23.386109 ] } { [ 37.979852 ] } { [ 10.095459 ][ 60.091761 ] } { [ 3.068470 ] } { [ -23.728419 ] } { [ 16.671376 ] }
despues de colapsar { [ 3.437655 ] } { [ 73.005634 ] } { [ -23.386109 ] } { [ 37.979852 ] } { [ 10.095459 ][ 60.091761 ] } { [ 3.068470 ] } { [ -23.728419 ] } { [ 16.671376 ] }
antes   de colapsar { [ 3.437655 ][ 17.614542 ] } { [ 73.005634 ][ -13.655958 ] } { [ -23.386109 ] } { [ 37.979852 ] } { [ 10.095459 ][ 60.091761 ] } { [ 3.068470 ][ -9.517251 ] } { [ -23.728419 ] } { [ 16.671376 ][ 6.844970 ] } { [ 23.828514 ] } { [ 15.687201 ] } { [ 4.131713 ] } { [ 10.633831 ] }
despues de colapsar { [ 3.437655 ][ 17.614542 ] } { [ 73.005634 ][ -13.655958 ] } { [ -23.386109 ] } { [ 37.979852 ] } { [ 10.095459 ][ 60.091761 ] } { [ 3.068470 ][ -9.517251 ] } { [ -23.728419 ] } { [ 4.849366 ] } { [ 23.828514 ] } { [ 15.687201 ] } { [ 4.131713 ] } { [ 10.633831 ] }
antes   de filtrar: { [ 3.437655 ][ 17.614542 ] } { [ 73.005634 ][ -13.655958 ] } { [ -23.386109 ] } { [ 37.979852 ] } { [ 10.095459 ][ 60.091761 ] } { [ 3.068470 ][ -9.517251 ] } { [ -23.728419 ] } { [ 4.849366 ] } { [ 23.828514 ] } { [ 15.687201 ] } { [ 4.131713 ] } { [ 10.633831 ] } { [ 43.613796 ] }
despues de filtrar: { [ 3.437655 ][ 17.614542 ] } { [ 73.005634 ][ -13.655958 ] } { [ -23.386109 ] } { [ 10.095459 ][ 60.091761 ] } { [ 3.068470 ][ -9.517251 ] } { [ -23.728419 ] } { [ 4.131713 ] }
antes   de colapsar { [ 3.437655 ][ 17.614542 ] } { [ 73.005634 ][ -13.655958 ] } { [ -23.386109 ] } { [ 10.095459 ][ 60.091761 ] } { [ 3.068470 ][ -9.517251 ] } { [ -23.728419 ] } { [ 4.131713 ] } { [ 61.902360 ] }
despues de colapsar { [ 3.437655 ][ 17.614542 ] } { [ 73.005634 ][ -13.655958 ] } { [ -23.386109 ] } { [ 10.095459 ][ 60.091761 ] } { [ 3.068470 ][ -9.517251 ] } { [ -23.728419 ] } { [ 4.131713 ] } { [ 61.902360 ] }
antes   de colapsar { [ 3.437655 ][ 17.614542 ][ 49.830487 ] } { [ 73.005634 ][ -13.655958 ] } { [ -23.386109 ] } { [ 10.095459 ][ 60.091761 ] } { [ 3.068470 ][ -9.517251 ] } { [ -23.728419 ] } { [ 4.131713 ] } { [ 61.902360 ] } { [ 30.545248 ] }
despues de colapsar { [ 3.437655 ][ 17.614542 ][ 49.830487 ] } { [ 73.005634 ][ -13.655958 ] } { [ -23.386109 ] } { [ 10.095459 ][ 60.091761 ] } { [ 3.068470 ][ -9.517251 ] } { [ -23.728419 ] } { [ 4.131713 ] } { [ 61.902360 ] } { [ 30.545248 ] }
antes   de filtrar: { [ 3.437655 ][ 17.614542 ][ 49.830487 ] } { [ 73.005634 ][ -13.655958 ] } { [ -23.386109 ] } { [ 10.095459 ][ 60.091761 ] } { [ 3.068470 ][ -9.517251 ] } { [ -23.728419 ] } { [ 4.131713 ] } { [ 61.902360 ] } { [ 30.545248 ][ 40.291228 ] } { [ -19.689647 ] } { [ 60.250328 ] } { [ 29.300260 ] }
despues de filtrar: { [ 3.437655 ][ 17.614542 ][ 49.830487 ] } { [ 73.005634 ][ -13.655958 ] } { [ -23.386109 ] } { [ 10.095459 ][ 60.091761 ] } { [ 3.068470 ][ -9.517251 ] } { [ -23.728419 ] } { [ 4.131713 ] } { [ -19.689647 ] } { [ 60.250328 ] } { [ 29.300260 ] }
antes   de colapsar { [ 3.437655 ][ 17.614542 ][ 49.830487 ] } { [ 73.005634 ][ -13.655958 ] } { [ -23.386109 ] } { [ 10.095459 ][ 60.091761 ] } { [ 3.068470 ][ -9.517251 ] } { [ -23.728419 ] } { [ 4.131713 ] } { [ -19.689647 ] } { [ 60.250328 ] } { [ 29.300260 ] }
despues de colapsar { [ 3.437655 ][ 17.614542 ][ 49.830487 ] } { [ 73.005634 ][ -13.655958 ] } { [ -23.386109 ] } { [ 10.095459 ][ 60.091761 ] } { [ 3.068470 ][ -9.517251 ] } { [ -23.728419 ] } { [ 4.131713 ] } { [ -19.689647 ] } { [ 60.250328 ] } { [ 29.300260 ] }
antes   de filtrar: { [ 3.437655 ][ 17.614542 ][ 49.830487 ] } { [ 73.005634 ][ -13.655958 ] } { [ -23.386109 ] } { [ 10.095459 ][ 60.091761 ] } { [ 3.068470 ][ -9.517251 ] } { [ -23.728419 ] } { [ 4.131713 ] } { [ -19.689647 ] } { [ 60.250328 ] } { [ 29.300260 ] } { [ -4.272554 ] } { [ -0.248896 ] }
despues de filtrar: { [ 3.437655 ][ 17.614542 ][ 49.830487 ] } { [ 73.005634 ][ -13.655958 ] } { [ -23.386109 ] } { [ 10.095459 ][ 60.091761 ] } { [ 3.068470 ][ -9.517251 ] } { [ -23.728419 ] } { [ 4.131713 ] } { [ -19.689647 ] } { [ 60.250328 ] } { [ 29.300260 ] } { [ -4.272554 ] } { [ -0.248896 ] }
antes   de filtrar: { [ 3.437655 ][ 17.614542 ][ 49.830487 ] } { [ 73.005634 ][ -13.655958 ] } { [ -23.386109 ] } { [ 10.095459 ][ 60.091761 ] } { [ 3.068470 ][ -9.517251 ][ -23.673979 ] } { [ -23.728419 ] } { [ 4.131713 ] } { [ -19.689647 ] } { [ 60.250328 ] } { [ 29.300260 ] } { [ -4.272554 ] } { [ -0.248896 ] } { [ 71.641409 ] } { [ 21.826462 ] } { [ 57.859116 ] } { [ -4.466792 ] } { [ 8.173616 ] } { [ -2.987758 ] } { [ -0.888295 ] } { [ 14.541209 ] } { [ -7.786972 ] }
despues de filtrar: { [ 3.437655 ][ 17.614542 ][ 49.830487 ] } { [ 73.005634 ][ -13.655958 ] } { [ -23.386109 ] } { [ 10.095459 ][ 60.091761 ] } { [ 3.068470 ][ -9.517251 ][ -23.673979 ] } { [ -23.728419 ] } { [ 4.131713 ] } { [ -19.689647 ] } { [ 60.250328 ] } { [ 29.300260 ] } { [ -4.272554 ] } { [ -0.248896 ] } { [ -4.466792 ] } { [ 8.173616 ] } { [ -2.987758 ] } { [ -0.888295 ] } { [ -7.786972 ] }
antes   de filtrar: { [ 3.437655 ][ 17.614542 ][ 49.830487 ][ -3.045949 ] } { [ 73.005634 ][ -13.655958 ] } { [ -23.386109 ] } { [ 10.095459 ][ 60.091761 ] } { [ 3.068470 ][ -9.517251 ][ -23.673979 ] } { [ -23.728419 ] } { [ 4.131713 ][ -7.672800 ] } { [ -19.689647 ] } { [ 60.250328 ] } { [ 29.300260 ] } { [ -4.272554 ] } { [ -0.248896 ] } { [ -4.466792 ] } { [ 8.173616 ] } { [ -2.987758 ] } { [ -0.888295 ] } { [ -7.786972 ] } { [ 68.935573 ] } { [ 21.423863 ][ 47.990604 ] } { [ 31.044704 ] } { [ -24.402214 ] }
despues de filtrar: { [ 3.437655 ][ 17.614542 ][ 49.830487 ][ -3.045949 ] } { [ 73.005634 ][ -13.655958 ] } { [ -23.386109 ] } { [ 10.095459 ][ 60.091761 ] } { [ 3.068470 ][ -9.517251 ][ -23.673979 ] } { [ -23.728419 ] } { [ 4.131713 ][ -7.672800 ] } { [ -19.689647 ] } { [ 60.250328 ] } { [ 29.300260 ] } { [ -4.272554 ] } { [ -0.248896 ] } { [ -4.466792 ] } { [ 8.173616 ] } { [ -2.987758 ] } { [ -0.888295 ] } { [ -7.786972 ] } { [ 21.423863 ][ 47.990604 ] } { [ 31.044704 ] } { [ -24.402214 ] }
