antes   de colapsar <vacia>
despues de colapsar <vacia>
antes   de filtrar: { [ 8858 ] }
despues de filtrar: { [ 8858 ] }
antes   de colapsar { [ 8858 ] } { [ 3661 ] } { [ 9413 ][ 4732 ] } { [ 4857 ] } { [ 7703 ] } { [ 7159 ][ 3998 ] } { [ 7578 ] } { [ 5519 ] } { [ 2924 ] } { [ 355 ] } { [ 908 ] }
despues de colapsar { [ 8858 ] } { [ 3661 ] } { [ 9413 ][ 4732 ] } { [ 4857 ] } { [ 7703 ] } { [ 7159 ][ 3998 ] } { [ 7578 ] } { [ 5519 ] } { [ 2924 ] } { [ 355 ] } { [ 908 ] }
antes   de filtrar: { [ 8858 ] } { [ 3661 ] } { [ 9413 ][ 4732 ] } { [ 4857 ] } { [ 7703 ] } { [ 7159 ][ 3998 ] } { [ 7578 ] } { [ 5519 ] } { [ 2924 ] } { [ 355 ] } { [ 908 ] }
despues de filtrar: { [ 8858 ] } { [ 3661 ] } { [ 9413 ][ 4732 ] } { [ 4857 ] } { [ 7159 ][ 3998 ] } { [ 7578 ] } { [ 5519 ] } { [ 2924 ] } { [ 355 ] }
antes   de colapsar { [ 8858 ] } { [ 3661 ] } { [ 9413 ][ 4732 ] } { [ 4857 ] } { [ 7159 ][ 3998 ] } { [ 7578 ] } { [ 5519 ] } { [ 2924 ] } { [ 355 ] }
despues de colapsar { [ 8858 ] } { [ 3661 ] } { [ 9413 ][ 4732 ] } { [ 4857 ] } { [ 7159 ][ 3998 ] } { [ 7578 ] } { [ 5519 ] } { [ 2924 ] } { [ 355 ] }
antes   de filtrar: { [ 8858 ][ 9905 ] } { [ 3661 ] } { [ 9413 ][ 4732 ] } { [ 4857 ] } { [ 7159 ][ 3998 ] } { [ 7578 ][ 8818 ] } { [ 5519 ] } { [ 2924 ][ 1313 ] } { [ 355 ] } { [ 5226 ] } { [ 3680 ] } { [ 7381 ] } { [ 1417 ] } { [ 571 ] } { [ 9184 ] }
despues de filtrar: { [ 8858 ][ 9905 ] } { [ 3661 ] } { [ 9413 ][ 4732 ] } { [ 4857 ] } { [ 7159 ][ 3998 ] } { [ 7578 ][ 8818 ] } { [ 5519 ] } { [ 2924 ][ 1313 ] } { [ 355 ] } { [ 5226 ] } { [ 7381 ] } { [ 1417 ] } { [ 571 ] } { [ 9184 ] }
antes   de colapsar { [ 8858 ][ 9905 ] } { [ 3661 ] } { [ 9413 ][ 4732 ] } { [ 4857 ] } { [ 7159 ][ 3998 ] } { [ 7578 ][ 8818 ] } { [ 5519 ] } { [ 2924 ][ 1313 ] } { [ 355 ] } { [ 5226 ] } { [ 7381 ] } { [ 1417 ] } { [ 571 ] } { [ 9184 ] } { [ 7466 ] } { [ 6051 ] } { [ 8366 ] } { [ 5152 ] }
despues de colapsar { [ 8858 ][ 9905 ] } { [ 3661 ] } { [ 9413 ][ 4732 ] } { [ 4857 ] } { [ 7159 ][ 3998 ] } { [ 7578 ][ 8818 ] } { [ 5519 ] } { [ 2924 ][ 1313 ] } { [ 355 ] } { [ 5226 ] } { [ 7381 ] } { [ 1417 ] } { [ 571 ] } { [ 9184 ] } { [ 7466 ] } { [ 6051 ] } { [ 8366 ] } { [ 5152 ] }
antes   de filtrar: { [ 8858 ][ 9905 ] } { [ 3661 ] } { [ 9413 ][ 4732 ] } { [ 4857 ][ 5274 ] } { [ 7159 ][ 3998 ] } { [ 7578 ][ 8818 ] } { [ 5519 ] } { [ 2924 ][ 1313 ] } { [ 355 ] } { [ 5226 ] } { [ 7381 ] } { [ 1417 ] } { [ 571 ] } { [ 9184 ] } { [ 7466 ] } { [ 6051 ] } { [ 8366 ] } { [ 5152 ] } { [ 2012 ] }
despues de filtrar: { [ 8858 ][ 9905 ] } { [ 3661 ] } { [ 9413 ][ 4732 ] } { [ 4857 ][ 5274 ] } { [ 7159 ][ 3998 ] } { [ 7578 ][ 8818 ] } { [ 5519 ] } { [ 2924 ][ 1313 ] } { [ 355 ] } { [ 5226 ] } { [ 7381 ] } { [ 1417 ] } { [ 571 ] } { [ 9184 ] } { [ 7466 ] } { [ 8366 ] } { [ 5152 ] }
antes   de filtrar: { [ 8858 ][ 9905 ] } { [ 3661 ] } { [ 9413 ][ 4732 ] } { [ 4857 ][ 5274 ] } { [ 7159 ][ 3998 ] } { [ 7578 ][ 8818 ] } { [ 5519 ] } { [ 2924 ][ 1313 ][ 8104 ] } { [ 355 ] } { [ 5226 ] } { [ 7381 ] } { [ 1417 ] } { [ 571 ] } { [ 9184 ] } { [ 7466 ] } { [ 8366 ] } { [ 5152 ] }
despues de filtrar: { [ 8858 ][ 9905 ] } { [ 3661 ] } { [ 9413 ][ 4732 ] } { [ 4857 ][ 5274 ] } { [ 7159 ][ 3998 ] } { [ 7578 ][ 8818 ] } { [ 5519 ] } { [ 2924 ][ 1313 ][ 8104 ] } { [ 355 ] } { [ 5226 ] } { [ 7381 ] } { [ 1417 ] } { [ 571 ] } { [ 9184 ] } { [ 7466 ] } { [ 8366 ] } { [ 5152 ] }
antes   de colapsar { [ 8858 ][ 9905 ] } { [ 3661 ] } { [ 9413 ][ 4732 ] } { [ 4857 ][ 5274 ] } { [ 7159 ][ 3998 ] } { [ 7578 ][ 8818 ] } { [ 5519 ] } { [ 2924 ][ 1313 ][ 8104 ] } { [ 355 ] } { [ 5226 ] } { [ 7381 ] } { [ 1417 ] } { [ 571 ] } { [ 9184 ] } { [ 7466 ] } { [ 8366 ] } { [ 5152 ] } { [ 9616 ] } { [ 3939 ] } { [ 433 ] } { [ 908 ] } { [ 2336 ] } { [ 1019 ] }
despues de colapsar { [ 8858 ][ 9905 ] } { [ 3661 ] } { [ 9413 ][ 4732 ] } { [ 4857 ][ 5274 ] } { [ 7159 ][ 3998 ] } { [ 7578 ][ 8818 ] } { [ 5519 ] } { [ 2924 ][ 1313 ][ 8104 ] } { [ 355 ] } { [ 5226 ] } { [ 7381 ] } { [ 1417 ] } { [ 571 ] } { [ 9184 ] } { [ 7466 ] } { [ 8366 ] } { [ 5152 ] } { [ 9616 ] } { [ 3939 ] } { [ 433 ] } { [ 908 ] } { [ 2336 ] } { [ 1019 ] }
antes   de filtrar: { [ 65.259152 ] }
despues de filtrar: { [ 65.259152 ] }
antes   de colapsar { [ 65.259152 ][ 72.617848 ] } { [ 38.793682 ][ -16.552816 ] }
despues de colapsar { [ 65.259152 ][ 72.617848 ] } { [ 4.716022 ] }
antes   de colapsar { [ 65.259152 ][ 72.617848 ][ -7.719459 ] } { [ 4.716022 ][ 69.603961 ][ 42.492650 ] } { [ 22.733803 ] } { [ 29.026938 ][ 28.361455 ] } { [ 3.763360 ] } { [ 67.216968 ][ 26.565083 ] } { [ 56.276407 ][ -11.467992 ] } { [ 35.919681 ][ 31.297712 ] } { [ 44.230979 ] } { [ 12.794871 ] } { [ 71.104336 ] } { [ 40.749776 ] } { [ -11.934701 ] } { [ -16.497824 ] } { [ -20.853673 ] }
despues de colapsar { [ 65.259152 ][ 72.617848 ][ -7.719459 ] } { [ 7.149374 ] } { [ 22.733803 ] } { [ 29.026938 ][ 28.361455 ] } { [ 3.763360 ] } { [ 67.216968 ][ 26.565083 ] } { [ 56.276407 ][ -11.467992 ] } { [ 8.198621 ] } { [ 44.230979 ] } { [ 12.794871 ] } { [ 71.104336 ] } { [ 40.749776 ] } { [ -11.934701 ] } { [ -16.497824 ] } { [ -20.853673 ] }
antes   de colapsar { [ 65.259152 ][ 72.617848 ][ -7.719459 ] } { [ 7.149374 ] } { [ 22.733803 ] } { [ 29.026938 ][ 28.361455 ] } { [ 3.763360 ] } { [ 67.216968 ][ 26.565083 ] } { [ 56.276407 ][ -11.467992 ] } { [ 8.198621 ] } { [ 44.230979 ] } { [ 12.794871 ] } { [ 71.104336 ] } { [ 40.749776 ] } { [ -11.934701 ] } { [ -16.497824 ] } { [ -20.853673 ][ -20.521572 ] } { [ 27.044929 ] } { [ 27.000056 ] }
despues de colapsar { [ 65.259152 ][ 72.617848 ][ -7.719459 ] } { [ 7.149374 ] } { [ 22.733803 ] } { [ 29.026938 ][ 28.361455 ] } { [ 3.763360 ] } { [ 67.216968 ][ 26.565083 ] } { [ 56.276407 ][ -11.467992 ] } { [ 8.198621 ] } { [ 44.230979 ] } { [ 12.794871 ] } { [ 71.104336 ] } { [ 40.749776 ] } { [ -11.934701 ] } { [ -16.497824 ] } { [ -20.853673 ][ -20.521572 ] } { [ 27.044929 ] } { [ 27.000056 ] }
antes   de colapsar { [ 65.259152 ][ 72.617848 ][ -7.719459 ] } { [ 7.149374 ] } { [ 22.733803 ][ 37.280723 ] } { [ 29.026938 ][ 28.361455 ] } { [ 3.763360 ] } { [ 67.216968 ][ 26.565083 ] } { [ 56.276407 ][ -11.467992 ] } { [ 8.198621 ] } { [ 44.230979 ] } { [ 12.794871 ][ 30.295180 ] } { [ 71.104336 ] } { [ 40.749776 ] } { [ -11.934701 ] } { [ -16.497824 ] } { [ -20.853673 ][ -20.521572 ][ 56.864217 ] } { [ 27.044929 ] } { [ 27.000056 ] } { [ 13.381171 ] } { [ 55.292638 ] } { [ 60.639631 ] } { [ 20.398811 ] } { [ 27.195875 ] } { [ 55.419161 ] }
despues de colapsar { [ 65.259152 ][ 72.617848 ][ -7.719459 ] } { [ 7.149374 ] } { [ 7.746904 ] } { [ 29.026938 ][ 28.361455 ] } { [ 3.763360 ] } { [ 67.216968 ][ 26.565083 ] } { [ 56.276407 ][ -11.467992 ] } { [ 8.198621 ] } { [ 44.230979 ] } { [ 6.564301 ] } { [ 71.104336 ] } { [ 40.749776 ] } { [ -11.934701 ] } { [ -16.497824 ] } { [ -20.853673 ][ -20.521572 ][ 56.864217 ] } { [ 27.044929 ] } { [ 27.000056 ] } { [ 13.381171 ] } { [ 55.292638 ] } { [ 60.639631 ] } { [ 20.398811 ] } { [ 27.195875 ] } { [ 55.419161 ] }
antes   de colapsar { [ 65.259152 ][ 72.617848 ][ -7.719459 ] } { [ 7.149374 ] } { [ 7.746904 ] } { [ 29.026938 ][ 28.361455 ] } { [ 3.763360 ] } { [ 67.216968 ][ 26.565083 ] } { [ 56.276407 ][ -11.467992 ] } { [ 8.198621 ] } { [ 44.230979 ] } { [ 6.564301 ] } { [ 71.104336 ] } { [ 40.749776 ] } { [ -11.934701 ] } { [ -16.497824 ] } { [ -20.853673 ][ -20.521572 ][ 56.864217 ] } { [ 27.044929 ] } { [ 27.000056 ] } { [ 13.381171 ] } { [ 55.292638 ] } { [ 60.639631 ] } { [ 20.398811 ] } { [ 27.195875 ] } { [ 55.419161 ] } { [ -6.635341 ] } { [ -24.695516 ] }
despues de colapsar { [ 65.259152 ][ 72.617848 ][ -7.719459 ] } { [ 7.149374 ] } { [ 7.746904 ] } { [ 29.026938 ][ 28.361455 ] } { [ 3.763360 ] } { [ 67.216968 ][ 26.565083 ] } { [ 56.276407 ][ -11.467992 ] } { [ 8.198621 ] } { [ 44.230979 ] } { [ 6.564301 ] } { [ 71.104336 ] } { [ 40.749776 ] } { [ -11.934701 ] } { [ -16.497824 ] } { [ -20.853673 ][ -20.521572 ][ 56.864217 ] } { [ 27.044929 ] } { [ 27.000056 ] } { [ 13.381171 ] } { [ 55.292638 ] } { [ 60.639631 ] } { [ 20.398811 ] } { [ 27.195875 ] } { [ 55.419161 ] } { [ -6.635341 ] } { [ -24.695516 ] }
antes   de filtrar: { [ 65.259152 ][ 72.617848 ][ -7.719459 ] } { [ 7.149374 ] } { [ 7.746904 ] } { [ 29.026938 ][ 28.361455 ] } { [ 3.763360 ] } { [ 67.216968 ][ 26.565083 ] } { [ 56.276407 ][ -11.467992 ] } { [ 8.198621 ] } { [ 44.230979 ] } { [ 6.564301 ] } { [ 71.104336 ] } { [ 40.749776 ] } { [ -11.934701 ] } { [ -16.497824 ] } { [ -20.853673 ][ -20.521572 ][ 56.864217 ] } { [ 27.044929 ] } { [ 27.000056 ] } { [ 13.381171 ] } { [ 55.292638 ] } { [ 60.639631 ] } { [ 20.398811 ] } { [ 27.195875 ] } { [ 55.419161 ] } { [ -6.635341 ] } { [ -24.695516 ] } { [ 73.644838 ] } { [ 38.322251 ] } { [ 41.293807 ] } { [ 39.172935 ] } { [ 59.852376 ] }
despues de filtrar: { [ 65.259152 ][ 72.617848 ][ -7.719459 ] } { [ 7.149374 ] } { [ 29.026938 ][ 28.361455 ] } { [ 67.216968 ][ 26.565083 ] } { [ 56.276407 ][ -11.467992 ] } { [ 8.198621 ] } { [ 44.230979 ] } { [ 71.104336 ] } { [ -11.934701 ] } { [ -16.497824 ] } { [ -20.853673 ][ -20.521572 ][ 56.864217 ] } { [ 27.044929 ] } { [ 27.000056 ] } { [ 13.381171 ] } { [ 55.292638 ] } { [ 20.398811 ] } { [ 27.195875 ] } { [ 55.419161 ] } { [ -6.635341 ] } { [ -24.695516 ] } { [ 38.322251 ] } { [ 41.293807 ] } { [ 39.172935 ] }
antes   de filtrar: { [ 65.259152 ][ 72.617848 ][ -7.719459 ] } { [ 7.149374 ] } { [ 29.026938 ][ 28.361455 ] } { [ 67.216968 ][ 26.565083 ] } { [ 56.276407 ][ -11.467992 ] } { [ 8.198621 ] } { [ 44.230979 ] } { [ 71.104336 ] } { [ -11.934701 ][ 52.670249 ] } { [ -16.497824 ] } { [ -20.853673 ][ -20.521572 ][ 56.864217 ] } { [ 27.044929 ] } { [ 27.000056 ] } { [ 13.381171 ] } { [ 55.292638 ] } { [ 20.398811 ] } { [ 27.195875 ] } { [ 55.419161 ] } { [ -6.635341 ] } { [ -24.695516 ] } { [ 38.322251 ] } { [ 41.293807 ] } { [ 39.172935 ] } { [ 54.183032 ] } { [ -18.676435 ] } { [ 23.505221 ] }
despues de filtrar: { [ 65.259152 ][ 72.617848 ][ -7.719459 ] } { [ 7.149374 ] } { [ 29.026938 ][ 28.361455 ] } { [ 67.216968 ][ 26.565083 ] } { [ 56.276407 ][ -11.467992 ] } { [ 8.198621 ] } { [ 44.230979 ] } { [ 71.104336 ] } { [ -11.934701 ][ 52.670249 ] } { [ -16.497824 ] } { [ -20.853673 ][ -20.521572 ][ 56.864217 ] } { [ 27.044929 ] } { [ 27.000056 ] } { [ 13.381171 ] } { [ 55.292638 ] } { [ 20.398811 ] } { [ 27.195875 ] } { [ 55.419161 ] } { [ -6.635341 ] } { [ -24.695516 ] } { [ 38.322251 ] } { [ 41.293807 ] } { [ 39.172935 ] } { [ 54.183032 ] } { [ -18.676435 ] }
antes   de filtrar: { [ 65.259152 ][ 72.617848 ][ -7.719459 ] } { [ 7.149374 ] } { [ 29.026938 ][ 28.361455 ] } { [ 67.216968 ][ 26.565083 ] } { [ 56.276407 ][ -11.467992 ] } { [ 8.198621 ] } { [ 44.230979 ] } { [ 71.104336 ] } { [ -11.934701 ][ 52.670249 ] } { [ -16.497824 ] } { [ -20.853673 ][ -20.521572 ][ 56.864217 ] } { [ 27.044929 ] } { [ 27.000056 ] } { [ 13.381171 ] } { [ 55.292638 ] } { [ 20.398811 ] } { [ 27.195875 ] } { [ 55.419161 ] } { [ -6.635341 ] } { [ -24.695516 ] } { [ 38.322251 ] } { [ 41.293807 ] } { [ 39.172935 ] } { [ 54.183032 ] } { [ -18.676435 ] }
despues de filtrar: { [ 65.259152 ][ 72.617848 ][ -7.719459 ] } { [ 7.149374 ] } { [ 29.026938 ][ 28.361455 ] } { [ 67.216968 ][ 26.565083 ] } { [ 56.276407 ][ -11.467992 ] } { [ 8.198621 ] } { [ 44.230979 ] } { [ 71.104336 ] } { [ -11.934701 ][ 52.670249 ] } { [ -16.497824 ] } { [ -20.853673 ][ -20.521572 ][ 56.864217 ] } { [ 27.044929 ] } { [ 27.000056 ] } { [ 13.381171 ] } { [ 55.292638 ] } { [ 20.398811 ] } { [ 27.195875 ] } { [ 55.419161 ] } { [ -6.635341 ] } { [ -24.695516 ] } { [ 38.322251 ] } { [ 41.293807 ] } { [ 39.172935 ] } { [ 54.183032 ] } { [ -18.676435 ] }
antes   de filtrar: { [ 65.259152 ][ 72.617848 ][ -7.719459 ] } { [ 7.149374 ] } { [ 29.026938 ][ 28.361455 ] } { [ 67.216968 ][ 26.565083 ] } { [ 56.276407 ][ -11.467992 ] } { [ 8.198621 ] } { [ 44.230979 ] } { [ 71.104336 ] } { [ -11.934701 ][ 52.670249 ] } { [ -16.497824 ] } { [ -20.853673 ][ -20.521572 ][ 56.864217 ] } { [ 27.044929 ] } { [ 27.000056 ] } { [ 13.381171 ] } { [ 55.292638 ] } { [ 20.398811 ] } { [ 27.195875 ] } { [ 55.419161 ] } { [ -6.635341 ] } { [ -24.695516 ] } { [ 38.322251 ] } { [ 41.293807 ] } { [ 39.172935 ] } { [ 54.183032 ] } { [ -18.676435 ] }
despues de filtrar: { [ 65.259152 ][ 72.617848 ][ -7.719459 ] } { [ 7.149374 ] } { [ 29.026938 ][ 28.361455 ] } { [ 67.216968 ][ 26.565083 ] } { [ 56.276407 ][ -11.467992 ] } { [ 8.198621 ] } { [ 44.230979 ] } { [ 71.104336 ] } { [ -11.934701 ][ 52.670249 ] } { [ -16.497824 ] } { [ -20.853673 ][ -20.521572 ][ 56.864217 ] } { [ 27.044929 ] } { [ 27.000056 ] } { [ 13.381171 ] } { [ 55.292638 ] } { [ 20.398811 ] } { [ 27.195875 ] } { [ 55.419161 ] } { [ -6.635341 ] } { [ -24.695516 ] } { [ 38.322251 ] } { [ 41.293807 ] } { [ 39.172935 ] } { [ 54.183032 ] } { [ -18.676435 ] }
antes   de colapsar { [ 9604 ] } { [ 2673 ] }
despues de colapsar { [ 9604 ] } { [ 2673 ] }
antes   de colapsar { [ 9604 ] } { [ 2673 ][ 8942 ] }
despues de colapsar { [ 9604 ] } { [ 2673 ][ 8942 ] }
antes   de filtrar: { [ 9604 ][ 6716 ] } { [ 2673 ][ 8942 ] } { [ 8327 ][ 6904 ] } { [ 5227 ] } { [ 8776 ] }
despues de filtrar: { [ 2673 ][ 8942 ] } { [ 8327 ][ 6904 ] } { [ 5227 ] } { [ 8776 ] }
antes   de filtrar: { [ 2673 ][ 8942 ] } { [ 8327 ][ 6904 ] } { [ 5227 ] } { [ 8776 ] } { [ 1991 ] } { [ 4241 ][ 1122 ] } { [ 3059 ][ 1643 ] } { [ 9994 ] } { [ 6646 ] }
despues de filtrar: { [ 2673 ][ 8942 ] } { [ 8327 ][ 6904 ] } { [ 5227 ] } { [ 8776 ] } { [ 1991 ] } { [ 4241 ][ 1122 ] } { [ 9994 ] } { [ 6646 ] }
antes   de colapsar { [ 2673 ][ 8942 ] } { [ 8327 ][ 6904 ] } { [ 5227 ] } { [ 8776 ] } { [ 1991 ] } { [ 4241 ][ 1122 ] } { [ 9994 ][ 2534 ] } { [ 6646 ] } { [ 8533 ] } { [ 5337 ] }
despues de colapsar { [ 2673 ][ 8942 ] } { [ 8327 ][ 6904 ] } { [ 5227 ] } { [ 8776 ] } { [ 1991 ] } { [ 4241 ][ 1122 ] } { [ 9994 ][ 2534 ] } { [ 6646 ] } { [ 8533 ] } { [ 5337 ] }
antes   de filtrar: { [ 2673 ][ 8942 ] } { [ 8327 ][ 6904 ] } { [ 5227 ] } { [ 8776 ] } { [ 1991 ] } { [ 4241 ][ 1122 ] } { [ 9994 ][ 2534 ] } { [ 6646 ][ 21 ] } { [ 8533 ] } { [ 5337 ] } { [ 422 ] }
despues de filtrar: { [ 2673 ][ 8942 ] } { [ 8327 ][ 6904 ] } { [ 5227 ] } { [ 8776 ] } { [ 1991 ] } { [ 4241 ][ 1122 ] } { [ 9994 ][ 2534 ] } { [ 6646 ][ 21 ] } { [ 8533 ] } { [ 5337 ] } { [ 422 ] }
antes   de filtrar: { [ 2673 ][ 8942 ] } { [ 8327 ][ 6904 ] } { [ 5227 ] } { [ 8776 ] } { [ 1991 ] } { [ 4241 ][ 1122 ] } { [ 9994 ][ 2534 ] } { [ 6646 ][ 21 ] } { [ 8533 ] } { [ 5337 ] } { [ 422 ][ 2020 ] } { [ 2813 ] } { [ 4371 ] } { [ 7348 ] } { [ 3021 ] } { [ 7982 ] } { [ 4414 ] }
despues de filtrar: { [ 2673 ][ 8942 ] } { [ 8327 ][ 6904 ] } { [ 5227 ] } { [ 8776 ] } { [ 1991 ] } { [ 4241 ][ 1122 ] } { [ 9994 ][ 2534 ] } { [ 6646 ][ 21 ] } { [ 8533 ] } { [ 5337 ] } { [ 422 ][ 2020 ] } { [ 2813 ] } { [ 4371 ] } { [ 7348 ] } { [ 7982 ] } { [ 4414 ] }
antes   de filtrar: { [ 2673 ][ 8942 ] } { [ 8327 ][ 6904 ] } { [ 5227 ] } { [ 8776 ] } { [ 1991 ] } { [ 4241 ][ 1122 ] } { [ 9994 ][ 2534 ][ 3585 ] } { [ 6646 ][ 21 ] } { [ 8533 ] } { [ 5337 ] } { [ 422 ][ 2020 ] } { [ 2813 ] } { [ 4371 ] } { [ 7348 ][ 1201 ] } { [ 7982 ][ 5776 ] } { [ 4414 ] } { [ 6095 ] } { [ 8581 ] } { [ 3393 ] } { [ 6485 ] } { [ 4725 ] } { [ 7757 ] } { [ 8373 ] } { [ 5138 ] } { [ 5451 ] } { [ 1511 ] }
despues de filtrar: { [ 2673 ][ 8942 ] } { [ 8327 ][ 6904 ] } { [ 5227 ] } { [ 8776 ] } { [ 1991 ] } { [ 4241 ][ 1122 ] } { [ 9994 ][ 2534 ][ 3585 ] } { [ 6646 ][ 21 ] } { [ 8533 ] } { [ 5337 ] } { [ 422 ][ 2020 ] } { [ 2813 ] } { [ 4371 ] } { [ 7348 ][ 1201 ] } { [ 7982 ][ 5776 ] } { [ 4414 ] } { [ 8581 ] } { [ 3393 ] } { [ 6485 ] } { [ 4725 ] } { [ 7757 ] } { [ 8373 ] } { [ 5138 ] } { [ 5451 ] } { [ 1511 ] }
antes   de colapsar { [ 2673 ][ 8942 ] } { [ 8327 ][ 6904 ] } { [ 5227 ] } { [ 8776 ] } { [ 1991 ] } { [ 4241 ][ 1122 ] } { [ 9994 ][ 2534 ][ 3585 ] } { [ 6646 ][ 21 ] } { [ 8533 ] } { [ 5337 ] } { [ 422 ][ 2020 ] } { [ 2813 ] } { [ 4371 ] } { [ 7348 ][ 1201 ] } { [ 7982 ][ 5776 ] } { [ 4414 ] } { [ 8581 ] } { [ 3393 ] } { [ 6485 ] } { [ 4725 ] } { [ 7757 ] } { [ 8373 ] } { [ 5138 ] } { [ 5451 ] } { [ 1511 ] }
despues de colapsar { [ 2673 ][ 8942 ] } { [ 8327 ][ 6904 ] } { [ 5227 ] } { [ 8776 ] } { [ 1991 ] } { [ 4241 ][ 1122 ] } { [ 9994 ][ 2534 ][ 3585 ] } { [ 6646 ][ 21 ] } { [ 8533 ] } { [ 5337 ] } { [ 422 ][ 2020 ] } { [ 2813 ] } { [ 4371 ] } { [ 7348 ][ 1201 ] } { [ 7982 ][ 5776 ] } { [ 4414 ] } { [ 8581 ] } { [ 3393 ] } { [ 6485 ] } { [ 4725 ] } { [ 7757 ] } { [ 8373 ] } { [ 5138 ] } { [ 5451 ] } { [ 1511 ] }
antes   de colapsar { [ 2673 ][ 8942 ] } { [ 8327 ][ 6904 ] } { [ 5227 ] } { [ 8776 ] } { [ 1991 ] } { [ 4241 ][ 1122 ] } { [ 9994 ][ 2534 ][ 3585 ] } { [ 6646 ][ 21 ] } { [ 8533 ] } { [ 5337 ] } { [ 422 ][ 2020 ] } { [ 2813 ] } { [ 4371 ] } { [ 7348 ][ 1201 ] } { [ 7982 ][ 5776 ] } { [ 4414 ] } { [ 8581 ] } { [ 3393 ] } { [ 6485 ] } { [ 4725 ] } { [ 7757 ] } { [ 8373 ] } { [ 5138 ] } { [ 5451 ] } { [ 1511 ][ 4318 ] } { [ 4186 ] } { [ 4067 ] } { [ 7701 ] } { [ 9875 ] } { [ 9673 ] }
despues de colapsar { [ 2673 ][ 8942 ] } { [ 8327 ][ 6904 ] } { [ 5227 ] } { [ 8776 ] } { [ 1991 ] } { [ 4241 ][ 1122 ] } { [ 9994 ][ 2534 ][ 3585 ] } { [ 6646 ][ 21 ] } { [ 8533 ] } { [ 5337 ] } { [ 422 ][ 2020 ] } { [ 2813 ] } { [ 4371 ] } { [ 7348 ][ 1201 ] } { [ 7982 ][ 5776 ] } { [ 4414 ] } { [ 8581 ] } { [ 3393 ] } { [ 6485 ] } { [ 4725 ] } { [ 7757 ] } { [ 8373 ] } { [ 5138 ] } { [ 5451 ] } { [ 1511 ][ 4318 ] } { [ 4186 ] } { [ 4067 ] } { [ 7701 ] } { [ 9875 ] } { [ 9673 ] }
antes   de colapsar { [ 2033 ][ 8924 ] } { [ 5211 ][ 2902 ] } { [ 1525 ][ 432 ] } { [ 4933 ] } { [ 7680 ] }
despues de colapsar { [ 4259 ] } { [ 5211 ][ 2902 ] } { [ 1525 ][ 432 ] } { [ 4933 ] } { [ 7680 ] }
antes   de colapsar { [ 4259 ] } { [ 5211 ][ 2902 ] } { [ 1525 ][ 432 ] } { [ 4933 ] } { [ 7680 ] }
despues de colapsar { [ 4259 ] } { [ 5211 ][ 2902 ] } { [ 1525 ][ 432 ] } { [ 4933 ] } { [ 7680 ] }
antes   de filtrar: { [ 4259 ] } { [ 5211 ][ 2902 ] } { [ 1525 ][ 432 ] } { [ 4933 ] } { [ 7680 ][ 2098 ] } { [ 8440 ] } { [ 1011 ] } { [ 9976 ] }
despues de filtrar: { [ 4259 ] } { [ 5211 ][ 2902 ] } { [ 1525 ][ 432 ] } { [ 4933 ] } { [ 9976 ] }
antes   de colapsar { [ 4259 ] } { [ 5211 ][ 2902 ][ 3968 ] } { [ 1525 ][ 432 ] } { [ 4933 ] } { [ 9976 ] } { [ 235 ] } { [ 256 ][ 8067 ] }
despues de colapsar { [ 4259 ] } { [ 5211 ][ 2902 ][ 3968 ] } { [ 1525 ][ 432 ] } { [ 4933 ] } { [ 9976 ] } { [ 235 ] } { [ 256 ][ 8067 ] }
antes   de filtrar: { [ 4259 ] } { [ 5211 ][ 2902 ][ 3968 ] } { [ 1525 ][ 432 ] } { [ 4933 ][ 1884 ] } { [ 9976 ] } { [ 235 ] } { [ 256 ][ 8067 ] } { [ 3673 ] } { [ 3713 ] }
despues de filtrar: { [ 4259 ] } { [ 5211 ][ 2902 ][ 3968 ] } { [ 1525 ][ 432 ] } { [ 4933 ][ 1884 ] } { [ 9976 ] } { [ 235 ] } { [ 256 ][ 8067 ] } { [ 3673 ] } { [ 3713 ] }
antes   de filtrar: { [ 4259 ] } { [ 5211 ][ 2902 ][ 3968 ][ 9841 ] } { [ 1525 ][ 432 ] } { [ 4933 ][ 1884 ] } { [ 9976 ][ 7489 ] } { [ 235 ][ 1653 ] } { [ 256 ][ 8067 ] } { [ 3673 ] } { [ 3713 ] } { [ 8056 ] } { [ 5370 ] } { [ 2075 ] } { [ 6899 ] } { [ 3453 ] } { [ 6344 ] }
despues de filtrar: { [ 4259 ] } { [ 5211 ][ 2902 ][ 3968 ][ 9841 ] } { [ 1525 ][ 432 ] } { [ 4933 ][ 1884 ] } { [ 9976 ][ 7489 ] } { [ 235 ][ 1653 ] } { [ 256 ][ 8067 ] } { [ 3673 ] } { [ 3713 ] } { [ 6899 ] } { [ 3453 ] } { [ 6344 ] }
antes   de colapsar { [ 4259 ] } { [ 5211 ][ 2902 ][ 3968 ][ 9841 ] } { [ 1525 ][ 432 ] } { [ 4933 ][ 1884 ] } { [ 9976 ][ 7489 ] } { [ 235 ][ 1653 ] } { [ 256 ][ 8067 ] } { [ 3673 ] } { [ 3713 ] } { [ 6899 ] } { [ 3453 ] } { [ 6344 ][ 2970 ] } { [ 1267 ] } { [ 6557 ] } { [ 3875 ] }
despues de colapsar { [ 4259 ] } { [ 5211 ][ 2902 ][ 3968 ][ 9841 ] } { [ 1525 ][ 432 ] } { [ 4933 ][ 1884 ] } { [ 9976 ][ 7489 ] } { [ 235 ][ 1653 ] } { [ 256 ][ 8067 ] } { [ 3673 ] } { [ 3713 ] } { [ 6899 ] } { [ 3453 ] } { [ 6344 ][ 2970 ] } { [ 1267 ] } { [ 6557 ] } { [ 3875 ] }
antes   de filtrar: { [ 4259 ] } { [ 5211 ][ 2902 ][ 3968 ][ 9841 ] } { [ 1525 ][ 432 ] } { [ 4933 ][ 1884 ] } { [ 9976 ][ 7489 ] } { [ 235 ][ 1653 ] } { [ 256 ][ 8067 ] } { [ 3673 ] } { [ 3713 ] } { [ 6899 ] } { [ 3453 ] } { [ 6344 ][ 2970 ] } { [ 1267 ] } { [ 6557 ] } { [ 3875 ] } { [ 5290 ] }
despues de filtrar: { [ 4259 ] } { [ 5211 ][ 2902 ][ 3968 ][ 9841 ] } { [ 1525 ][ 432 ] } { [ 4933 ][ 1884 ] } { [ 9976 ][ 7489 ] } { [ 235 ][ 1653 ] } { [ 256 ][ 8067 ] } { [ 3673 ] } { [ 3713 ] } { [ 6899 ] } { [ 3453 ] } { [ 6344 ][ 2970 ] } { [ 1267 ] } { [ 6557 ] } { [ 3875 ] }
antes   de filtrar: { [ 4259 ] } { [ 5211 ][ 2902 ][ 3968 ][ 9841 ] } { [ 1525 ][ 432 ] } { [ 4933 ][ 1884 ] } { [ 9976 ][ 7489 ] } { [ 235 ][ 1653 ] } { [ 256 ][ 8067 ] } { [ 3673 ] } { [ 3713 ] } { [ 6899 ] } { [ 3453 ] } { [ 6344 ][ 2970 ] } { [ 1267 ] } { [ 6557 ] } { [ 3875 ] } { [ 2386 ] } { [ 8601 ] } { [ 9976 ] } { [ 6876 ] } { [ 5187 ] } { [ 3444 ] }
despues de filtrar: { [ 4259 ] } { [ 5211 ][ 2902 ][ 3968 ][ 9841 ] } { [ 1525 ][ 432 ] } { [ 4933 ][ 1884 ] } { [ 9976 ][ 7489 ] } { [ 235 ][ 1653 ] } { [ 256 ][ 8067 ] } { [ 3673 ] } { [ 3713 ] } { [ 6899 ] } { [ 3453 ] } { [ 6344 ][ 2970 ] } { [ 1267 ] } { [ 6557 ] } { [ 3875 ] } { [ 2386 ] } { [ 9976 ] } { [ 6876 ] } { [ 5187 ] } { [ 3444 ] }
antes   de colapsar { [ 4259 ] } { [ 5211 ][ 2902 ][ 3968 ][ 9841 ] } { [ 1525 ][ 432 ] } { [ 4933 ][ 1884 ] } { [ 9976 ][ 7489 ] } { [ 235 ][ 1653 ] } { [ 256 ][ 8067 ] } { [ 3673 ] } { [ 3713 ] } { [ 6899 ] } { [ 3453 ] } { [ 6344 ][ 2970 ] } { [ 1267 ] } { [ 6557 ] } { [ 3875 ] } { [ 2386 ] } { [ 9976 ] } { [ 6876 ] } { [ 5187 ] } { [ 3444 ] } { [ 2908 ] } { [ 7245 ] } { [ 9863 ] } { [ 618 ] } { [ 9125 ] }
despues de colapsar { [ 4259 ] } { [ 5211 ][ 2902 ][ 3968 ][ 9841 ] } { [ 1525 ][ 432 ] } { [ 4933 ][ 1884 ] } { [ 9976 ][ 7489 ] } { [ 235 ][ 1653 ] } { [ 256 ][ 8067 ] } { [ 3673 ] } { [ 3713 ] } { [ 6899 ] } { [ 3453 ] } { [ 6344 ][ 2970 ] } { [ 1267 ] } { [ 6557 ] } { [ 3875 ] } { [ 2386 ] } { [ 9976 ] } { [ 6876 ] } { [ 5187 ] } { [ 3444 ] } { [ 2908 ] } { [ 7245 ] } { [ 9863 ] } { [ 618 ] } { [ 9125 ] }
antes   de colapsar <vacia>
despues de colapsar <vacia>
antes   de filtrar: { [ 29.541440 ] } { [ 32.021365 ] }
despues de filtrar: { [ 32.021365 ] }
antes   de filtrar: { [ 32.021365 ] } { [ 29.000008 ][ 70.167875 ] }
despues de filtrar: { [ 32.021365 ] } { [ 29.000008 ][ 70.167875 ] }
antes   de colapsar { [ 32.021365 ] } { [ 29.000008 ][ 70.167875 ][ 36.870836 ] } { [ 59.215678 ][ 41.508505 ] } { [ -10.910728 ] } { [ -19.691649 ][ 8.456159 ] } { [ 51.626164 ] }
despues de colapsar { [ 32.021365 ] } { [ 29.000008 ][ 70.167875 ][ 36.870836 ] } { [ 59.215678 ][ 41.508505 ] } { [ -10.910728 ] } { [ -19.691649 ][ 8.456159 ] } { [ 51.626164 ] }
antes   de colapsar { [ 32.021365 ] } { [ 29.000008 ][ 70.167875 ][ 36.870836 ] } { [ 59.215678 ][ 41.508505 ] } { [ -10.910728 ] } { [ -19.691649 ][ 8.456159 ] } { [ 51.626164 ][ -13.243932 ] } { [ 43.834954 ] } { [ 26.445051 ] } { [ -9.670033 ] }
despues de colapsar { [ 32.021365 ] } { [ 29.000008 ][ 70.167875 ][ 36.870836 ] } { [ 59.215678 ][ 41.508505 ] } { [ -10.910728 ] } { [ -19.691649 ][ 8.456159 ] } { [ 6.195340 ] } { [ 43.834954 ] } { [ 26.445051 ] } { [ -9.670033 ] }
antes   de filtrar: { [ 32.021365 ] } { [ 29.000008 ][ 70.167875 ][ 36.870836 ] } { [ 59.215678 ][ 41.508505 ] } { [ -10.910728 ] } { [ -19.691649 ][ 8.456159 ][ 18.124849 ] } { [ 6.195340 ][ -0.223448 ] } { [ 43.834954 ] } { [ 26.445051 ] } { [ -9.670033 ] } { [ 67.813001 ] } { [ 68.346394 ][ 63.740966 ] } { [ -10.105907 ] } { [ -5.490364 ] } { [ 71.268294 ] } { [ 1.889886 ] } { [ 20.578393 ] } { [ 47.443819 ] }
despues de filtrar: { [ 32.021365 ] } { [ 29.000008 ][ 70.167875 ][ 36.870836 ] } { [ 59.215678 ][ 41.508505 ] } { [ -10.910728 ] } { [ -19.691649 ][ 8.456159 ][ 18.124849 ] } { [ 6.195340 ][ -0.223448 ] } { [ 26.445051 ] } { [ -9.670033 ] } { [ 68.346394 ][ 63.740966 ] } { [ -10.105907 ] } { [ -5.490364 ] } { [ 71.268294 ] } { [ 47.443819 ] }
antes   de colapsar { [ 32.021365 ] } { [ 29.000008 ][ 70.167875 ][ 36.870836 ] } { [ 59.215678 ][ 41.508505 ] } { [ -10.910728 ] } { [ -19.691649 ][ 8.456159 ][ 18.124849 ] } { [ 6.195340 ][ -0.223448 ] } { [ 26.445051 ] } { [ -9.670033 ] } { [ 68.346394 ][ 63.740966 ][ 73.436566 ] } { [ -10.105907 ] } { [ -5.490364 ] } { [ 71.268294 ] } { [ 47.443819 ] } { [ 47.408226 ] } { [ 71.955977 ] }
despues de colapsar { [ 32.021365 ] } { [ 29.000008 ][ 70.167875 ][ 36.870836 ] } { [ 59.215678 ][ 41.508505 ] } { [ -10.910728 ] } { [ -19.691649 ][ 8.456159 ][ 18.124849 ] } { [ 6.195340 ][ -0.223448 ] } { [ 26.445051 ] } { [ -9.670033 ] } { [ 68.346394 ][ 63.740966 ][ 73.436566 ] } { [ -10.105907 ] } { [ -5.490364 ] } { [ 71.268294 ] } { [ 47.443819 ] } { [ 47.408226 ] } { [ 71.955977 ] }
antes   de colapsar { [ 32.021365 ] } { [ 29.000008 ][ 70.167875 ][ 36.870836 ] } { [ 59.215678 ][ 41.508505 ] } { [ -10.910728 ] } { [ -19.691649 ][ 8.456159 ][ 18.124849 ] } { [ 6.195340 ][ -0.223448 ] } { [ 26.445051 ] } { [ -9.670033 ][ -17.789555 ] } { [ 68.346394 ][ 63.740966 ][ 73.436566 ] } { [ -10.105907 ] } { [ -5.490364 ][ 68.998100 ] } { [ 71.268294 ] } { [ 47.443819 ] } { [ 47.408226 ] } { [ 71.955977 ] } { [ 27.117664 ] } { [ 12.111638 ] } { [ 1.041741 ] } { [ 47.567661 ] } { [ 49.099272 ][ -11.276407 ] } { [ -21.089787 ] } { [ -10.522136 ] } { [ -7.308874 ] } { [ -16.080830 ] }
despues de colapsar { [ 32.021365 ] } { [ 29.000008 ][ 70.167875 ][ 36.870836 ] } { [ 59.215678 ][ 41.508505 ] } { [ -10.910728 ] } { [ -19.691649 ][ 8.456159 ][ 18.124849 ] } { [ 6.195340 ][ -0.223448 ] } { [ 26.445051 ] } { [ -9.670033 ][ -17.789555 ] } { [ 68.346394 ][ 63.740966 ][ 73.436566 ] } { [ -10.105907 ] } { [ -5.490364 ][ 68.998100 ] } { [ 71.268294 ] } { [ 47.443819 ] } { [ 47.408226 ] } { [ 71.955977 ] } { [ 27.117664 ] } { [ 12.111638 ] } { [ 1.041741 ] } { [ 47.567661 ] } { [ 49.099272 ][ -11.276407 ] } { [ -21.089787 ] } { [ -10.522136 ] } { [ -7.308874 ] } { [ -16.080830 ] }
antes   de filtrar: { [ 32.021365 ] } { [ 29.000008 ][ 70.167875 ][ 36.870836 ] } { [ 59.215678 ][ 41.508505 ] } { [ -10.910728 ] } { [ -19.691649 ][ 8.456159 ][ 18.124849 ] } { [ 6.195340 ][ -0.223448 ] } { [ 26.445051 ] } { [ -9.670033 ][ -17.789555 ] } { [ 68.346394 ][ 63.740966 ][ 73.436566 ] } { [ -10.105907 ] } { [ -5.490364 ][ 68.998100 ] } { [ 71.268294 ] } { [ 47.443819 ] } { [ 47.408226 ] } { [ 71.955977 ] } { [ 27.117664 ] } { [ 12.111638 ] } { [ 1.041741 ] } { [ 47.567661 ] } { [ 49.099272 ][ -11.276407 ] } { [ -21.089787 ] } { [ -10.522136 ] } { [ -7.308874 ] } { [ -16.080830 ] } { [ 66.340029 ] }
despues de filtrar: { [ 32.021365 ] } { [ 29.000008 ][ 70.167875 ][ 36.870836 ] } { [ 59.215678 ][ 41.508505 ] } { [ -10.910728 ] } { [ -19.691649 ][ 8.456159 ][ 18.124849 ] } { [ 6.195340 ][ -0.223448 ] } { [ 26.445051 ] } { [ -9.670033 ][ -17.789555 ] } { [ 68.346394 ][ 63.740966 ][ 73.436566 ] } { [ -10.105907 ] } { [ -5.490364 ][ 68.998100 ] } { [ 71.268294 ] } { [ 47.443819 ] } { [ 47.408226 ] } { [ 27.117664 ] } { [ 12.111638 ] } { [ 1.041741 ] } { [ 49.099272 ][ -11.276407 ] } { [ -21.089787 ] } { [ -10.522136 ] } { [ -7.308874 ] } { [ -16.080830 ] } { [ 66.340029 ] }
antes   de filtrar: { [ 32.021365 ] } { [ 29.000008 ][ 70.167875 ][ 36.870836 ] } { [ 59.215678 ][ 41.508505 ] } { [ -10.910728 ] } { [ -19.691649 ][ 8.456159 ][ 18.124849 ] } { [ 6.195340 ][ -0.223448 ] } { [ 26.445051 ] } { [ -9.670033 ][ -17.789555 ] } { [ 68.346394 ][ 63.740966 ][ 73.436566 ] } { [ -10.105907 ] } { [ -5.490364 ][ 68.998100 ] } { [ 71.268294 ] } { [ 47.443819 ] } { [ 47.408226 ] } { [ 27.117664 ] } { [ 12.111638 ] } { [ 1.041741 ] } { [ 49.099272 ][ -11.276407 ] } { [ -21.089787 ] } { [ -10.522136 ] } { [ -7.308874 ] } { [ -16.080830 ] } { [ 66.340029 ] } { [ -3.957496 ] }
despues de filtrar: { [ 32.021365 ] } { [ 29.000008 ][ 70.167875 ][ 36.870836 ] } { [ 59.215678 ][ 41.508505 ] } { [ -10.910728 ] } { [ -19.691649 ][ 8.456159 ][ 18.124849 ] } { [ 6.195340 ][ -0.223448 ] } { [ 26.445051 ] } { [ -9.670033 ][ -17.789555 ] } { [ 68.346394 ][ 63.740966 ][ 73.436566 ] } { [ -10.105907 ] } { [ -5.490364 ][ 68.998100 ] } { [ 71.268294 ] } { [ 47.443819 ] } { [ 47.408226 ] } { [ 27.117664 ] } { [ 12.111638 ] } { [ 1.041741 ] } { [ 49.099272 ][ -11.276407 ] } { [ -21.089787 ] } { [ -10.522136 ] } { [ -7.308874 ] } { [ -16.080830 ] } { [ 66.340029 ] } { [ -3.957496 ] }
