antes   de colapsar { [ 73 ] }
despues de colapsar { [ 73 ] }
antes   de colapsar { [ 73 ][ 4641 ] } { [ 248 ] } { [ 9755 ] } { [ 199 ] } { [ 3792 ][ 3619 ] } { [ 2131 ] }
despues de colapsar { [ 73 ][ 4641 ] } { [ 248 ] } { [ 9755 ] } { [ 199 ] } { [ 3792 ][ 3619 ] } { [ 2131 ] }
antes   de colapsar { [ 73 ][ 4641 ] } { [ 248 ] } { [ 9755 ] } { [ 199 ] } { [ 3792 ][ 3619 ] } { [ 2131 ] } { [ 7610 ] }
despues de colapsar { [ 73 ][ 4641 ] } { [ 248 ] } { [ 9755 ] } { [ 199 ] } { [ 3792 ][ 3619 ] } { [ 2131 ] } { [ 7610 ] }
antes   de filtrar: { [ 73 ][ 4641 ] } { [ 248 ] } { [ 9755 ][ 1229 ] } { [ 199 ] } { [ 3792 ][ 3619 ] } { [ 2131 ] } { [ 7610 ] } { [ 9261 ] } { [ 6456 ] } { [ 3226 ] } { [ 6611 ] } { [ 9146 ] } { [ 5032 ] } { [ 588 ] } { [ 5089 ][ 2669 ] } { [ 1558 ] } { [ 4739 ] } { [ 8215 ] }
despues de filtrar: { [ 73 ][ 4641 ] } { [ 248 ] } { [ 9755 ][ 1229 ] } { [ 199 ] } { [ 3792 ][ 3619 ] } { [ 2131 ] } { [ 9261 ] } { [ 6456 ] } { [ 3226 ] } { [ 6611 ] } { [ 9146 ] } { [ 588 ] } { [ 1558 ] } { [ 4739 ] } { [ 8215 ] }
antes   de colapsar { [ 73 ][ 4641 ] } { [ 248 ] } { [ 9755 ][ 1229 ] } { [ 199 ] } { [ 3792 ][ 3619 ] } { [ 2131 ] } { [ 9261 ] } { [ 6456 ] } { [ 3226 ] } { [ 6611 ] } { [ 9146 ] } { [ 588 ] } { [ 1558 ] } { [ 4739 ] } { [ 8215 ] } { [ 4150 ] } { [ 832 ] } { [ 9604 ] }
despues de colapsar { [ 73 ][ 4641 ] } { [ 248 ] } { [ 9755 ][ 1229 ] } { [ 199 ] } { [ 3792 ][ 3619 ] } { [ 2131 ] } { [ 9261 ] } { [ 6456 ] } { [ 3226 ] } { [ 6611 ] } { [ 9146 ] } { [ 588 ] } { [ 1558 ] } { [ 4739 ] } { [ 8215 ] } { [ 4150 ] } { [ 832 ] } { [ 9604 ] }
antes   de colapsar { [ 73 ][ 4641 ] } { [ 248 ] } { [ 9755 ][ 1229 ] } { [ 199 ] } { [ 3792 ][ 3619 ] } { [ 2131 ] } { [ 9261 ] } { [ 6456 ] } { [ 3226 ] } { [ 6611 ] } { [ 9146 ] } { [ 588 ] } { [ 1558 ] } { [ 4739 ] } { [ 8215 ] } { [ 4150 ] } { [ 832 ] } { [ 9604 ] }
despues de colapsar { [ 73 ][ 4641 ] } { [ 248 ] } { [ 9755 ][ 1229 ] } { [ 199 ] } { [ 3792 ][ 3619 ] } { [ 2131 ] } { [ 9261 ] } { [ 6456 ] } { [ 3226 ] } { [ 6611 ] } { [ 9146 ] } { [ 588 ] } { [ 1558 ] } { [ 4739 ] } { [ 8215 ] } { [ 4150 ] } { [ 832 ] } { [ 9604 ] }
antes   de filtrar: { [ 73 ][ 4641 ] } { [ 248 ] } { [ 9755 ][ 1229 ] } { [ 199 ] } { [ 3792 ][ 3619 ] } { [ 2131 ] } { [ 9261 ] } { [ 6456 ] } { [ 3226 ] } { [ 6611 ] } { [ 9146 ][ 1190 ] } { [ 588 ] } { [ 1558 ] } { [ 4739 ] } { [ 8215 ] } { [ 4150 ] } { [ 832 ] } { [ 9604 ] } { [ 4000 ] } { [ 6975 ] } { [ 3988 ] }
despues de filtrar: { [ 73 ][ 4641 ] } { [ 248 ] } { [ 9755 ][ 1229 ] } { [ 199 ] } { [ 3792 ][ 3619 ] } { [ 2131 ] } { [ 9261 ] } { [ 6456 ] } { [ 3226 ] } { [ 6611 ] } { [ 9146 ][ 1190 ] } { [ 588 ] } { [ 1558 ] } { [ 4739 ] } { [ 8215 ] } { [ 832 ] } { [ 6975 ] } { [ 3988 ] }
antes   de filtrar: { [ 73 ][ 4641 ] } { [ 248 ] } { [ 9755 ][ 1229 ] } { [ 199 ] } { [ 3792 ][ 3619 ] } { [ 2131 ][ 4183 ] } { [ 9261 ] } { [ 6456 ][ 1897 ] } { [ 3226 ] } { [ 6611 ] } { [ 9146 ][ 1190 ] } { [ 588 ] } { [ 1558 ] } { [ 4739 ] } { [ 8215 ] } { [ 832 ] } { [ 6975 ] } { [ 3988 ][ 5422 ][ 2419 ] } { [ 6253 ][ 2387 ] } { [ 7013 ] } { [ 6908 ] }
despues de filtrar: { [ 73 ][ 4641 ] } { [ 248 ] } { [ 9755 ][ 1229 ] } { [ 199 ] } { [ 3792 ][ 3619 ] } { [ 2131 ][ 4183 ] } { [ 9261 ] } { [ 6456 ][ 1897 ] } { [ 3226 ] } { [ 6611 ] } { [ 9146 ][ 1190 ] } { [ 588 ] } { [ 1558 ] } { [ 4739 ] } { [ 8215 ] } { [ 832 ] } { [ 6975 ] } { [ 3988 ][ 5422 ][ 2419 ] } { [ 6253 ][ 2387 ] }
antes   de filtrar: { [ 73 ][ 4641 ] } { [ 248 ] } { [ 9755 ][ 1229 ] } { [ 199 ] } { [ 3792 ][ 3619 ] } { [ 2131 ][ 4183 ] } { [ 9261 ] } { [ 6456 ][ 1897 ] } { [ 3226 ] } { [ 6611 ] } { [ 9146 ][ 1190 ] } { [ 588 ] } { [ 1558 ] } { [ 4739 ] } { [ 8215 ] } { [ 832 ] } { [ 6975 ] } { [ 3988 ][ 5422 ][ 2419 ] } { [ 6253 ][ 2387 ] } { [ 2024 ] }
despues de filtrar: { [ 73 ][ 4641 ] } { [ 248 ] } { [ 9755 ][ 1229 ] } { [ 199 ] } { [ 3792 ][ 3619 ] } { [ 2131 ][ 4183 ] } { [ 9261 ] } { [ 6456 ][ 1897 ] } { [ 3226 ] } { [ 6611 ] } { [ 9146 ][ 1190 ] } { [ 588 ] } { [ 1558 ] } { [ 4739 ] } { [ 8215 ] } { [ 832 ] } { [ 6975 ] } { [ 3988 ][ 5422 ][ 2419 ] } { [ 6253 ][ 2387 ] }
antes   de filtrar: { [ 73 ][ 4641 ] } { [ 248 ] } { [ 9755 ][ 1229 ] } { [ 199 ][ 5277 ] } { [ 3792 ][ 3619 ][ 6352 ] } { [ 2131 ][ 4183 ] } { [ 9261 ] } { [ 6456 ][ 1897 ] } { [ 3226 ] } { [ 6611 ] } { [ 9146 ][ 1190 ] } { [ 588 ] } { [ 1558 ] } { [ 4739 ] } { [ 8215 ] } { [ 832 ] } { [ 6975 ] } { [ 3988 ][ 5422 ][ 2419 ] } { [ 6253 ][ 2387 ][ 2378 ] } { [ 3546 ] } { [ 7219 ] } { [ 7326 ] } { [ 9406 ] } { [ 5139 ] } { [ 5748 ] } { [ 3315 ] }
despues de filtrar: { [ 73 ][ 4641 ] } { [ 248 ] } { [ 9755 ][ 1229 ] } { [ 199 ][ 5277 ] } { [ 3792 ][ 3619 ][ 6352 ] } { [ 2131 ][ 4183 ] } { [ 9261 ] } { [ 6456 ][ 1897 ] } { [ 3226 ] } { [ 6611 ] } { [ 9146 ][ 1190 ] } { [ 588 ] } { [ 1558 ] } { [ 4739 ] } { [ 8215 ] } { [ 832 ] } { [ 6975 ] } { [ 3988 ][ 5422 ][ 2419 ] } { [ 6253 ][ 2387 ][ 2378 ] } { [ 3546 ] } { [ 7219 ] } { [ 7326 ] } { [ 5139 ] } { [ 5748 ] } { [ 3315 ] }
antes   de filtrar: <vacia>
despues de filtrar: <vacia>
antes   de filtrar: { [ 6634 ][ 8807 ][ 7148 ][ 7466 ] } { [ 2877 ] } { [ 5515 ] } { [ 7837 ] }
despues de filtrar: { [ 6634 ][ 8807 ][ 7148 ][ 7466 ] } { [ 2877 ] } { [ 5515 ] } { [ 7837 ] }
antes   de colapsar { [ 6634 ][ 8807 ][ 7148 ][ 7466 ] } { [ 2877 ] } { [ 5515 ] } { [ 7837 ] } { [ 1339 ] }
despues de colapsar { [ 6634 ][ 8807 ][ 7148 ][ 7466 ] } { [ 2877 ] } { [ 5515 ] } { [ 7837 ] } { [ 1339 ] }
antes   de colapsar { [ 6634 ][ 8807 ][ 7148 ][ 7466 ] } { [ 2877 ] } { [ 5515 ] } { [ 7837 ] } { [ 1339 ][ 6746 ][ 7326 ] } { [ 8195 ] } { [ 89 ] }
despues de colapsar { [ 6634 ][ 8807 ][ 7148 ][ 7466 ] } { [ 2877 ] } { [ 5515 ] } { [ 7837 ] } { [ 1339 ][ 6746 ][ 7326 ] } { [ 8195 ] } { [ 89 ] }
antes   de filtrar: { [ 6634 ][ 8807 ][ 7148 ][ 7466 ] } { [ 2877 ] } { [ 5515 ] } { [ 7837 ] } { [ 1339 ][ 6746 ][ 7326 ] } { [ 8195 ] } { [ 89 ] }
despues de filtrar: { [ 6634 ][ 8807 ][ 7148 ][ 7466 ] } { [ 2877 ] } { [ 5515 ] } { [ 7837 ] } { [ 1339 ][ 6746 ][ 7326 ] } { [ 8195 ] } { [ 89 ] }
antes   de filtrar: { [ 6634 ][ 8807 ][ 7148 ][ 7466 ] } { [ 2877 ] } { [ 5515 ] } { [ 7837 ] } { [ 1339 ][ 6746 ][ 7326 ] } { [ 8195 ] } { [ 89 ][ 6558 ] } { [ 4811 ] } { [ 2839 ] } { [ 5254 ] }
despues de filtrar: { [ 6634 ][ 8807 ][ 7148 ][ 7466 ] } { [ 2877 ] } { [ 5515 ] } { [ 7837 ] } { [ 1339 ][ 6746 ][ 7326 ] } { [ 8195 ] } { [ 89 ][ 6558 ] } { [ 4811 ] } { [ 2839 ] } { [ 5254 ] }
antes   de colapsar { [ 6634 ][ 8807 ][ 7148 ][ 7466 ] } { [ 2877 ] } { [ 5515 ] } { [ 7837 ] } { [ 1339 ][ 6746 ][ 7326 ] } { [ 8195 ] } { [ 89 ][ 6558 ] } { [ 4811 ] } { [ 2839 ] } { [ 5254 ] } { [ 6441 ][ 7758 ] } { [ 1583 ] } { [ 7799 ] }
despues de colapsar { [ 6634 ][ 8807 ][ 7148 ][ 7466 ] } { [ 2877 ] } { [ 5515 ] } { [ 7837 ] } { [ 1339 ][ 6746 ][ 7326 ] } { [ 8195 ] } { [ 89 ][ 6558 ] } { [ 4811 ] } { [ 2839 ] } { [ 5254 ] } { [ 6441 ][ 7758 ] } { [ 1583 ] } { [ 7799 ] }
antes   de colapsar { [ 6634 ][ 8807 ][ 7148 ][ 7466 ] } { [ 2877 ] } { [ 5515 ][ 2592 ] } { [ 7837 ] } { [ 1339 ][ 6746 ][ 7326 ] } { [ 8195 ] } { [ 89 ][ 6558 ] } { [ 4811 ] } { [ 2839 ] } { [ 5254 ] } { [ 6441 ][ 7758 ] } { [ 1583 ] } { [ 7799 ] } { [ 5327 ] }
despues de colapsar { [ 6634 ][ 8807 ][ 7148 ][ 7466 ] } { [ 2877 ] } { [ 5515 ][ 2592 ] } { [ 7837 ] } { [ 1339 ][ 6746 ][ 7326 ] } { [ 8195 ] } { [ 89 ][ 6558 ] } { [ 4811 ] } { [ 2839 ] } { [ 5254 ] } { [ 6441 ][ 7758 ] } { [ 1583 ] } { [ 7799 ] } { [ 5327 ] }
antes   de colapsar { [ 6634 ][ 8807 ][ 7148 ][ 7466 ][ 8512 ] } { [ 2877 ] } { [ 5515 ][ 2592 ] } { [ 7837 ][ 4244 ] } { [ 1339 ][ 6746 ][ 7326 ] } { [ 8195 ] } { [ 89 ][ 6558 ] } { [ 4811 ] } { [ 2839 ] } { [ 5254 ] } { [ 6441 ][ 7758 ] } { [ 1583 ] } { [ 7799 ] } { [ 5327 ] } { [ 8271 ] } { [ 3807 ] } { [ 2897 ] } { [ 9587 ] } { [ 7196 ] }
despues de colapsar { [ 6634 ][ 8807 ][ 7148 ][ 7466 ][ 8512 ] } { [ 2877 ] } { [ 5515 ][ 2592 ] } { [ 7837 ][ 4244 ] } { [ 1339 ][ 6746 ][ 7326 ] } { [ 8195 ] } { [ 89 ][ 6558 ] } { [ 4811 ] } { [ 2839 ] } { [ 5254 ] } { [ 6441 ][ 7758 ] } { [ 1583 ] } { [ 7799 ] } { [ 5327 ] } { [ 8271 ] } { [ 3807 ] } { [ 2897 ] } { [ 9587 ] } { [ 7196 ] }
antes   de filtrar: { [ 6634 ][ 8807 ][ 7148 ][ 7466 ][ 8512 ] } { [ 2877 ] } { [ 5515 ][ 2592 ] } { [ 7837 ][ 4244 ] } { [ 1339 ][ 6746 ][ 7326 ][ 2057 ] } { [ 8195 ] } { [ 89 ][ 6558 ] } { [ 4811 ] } { [ 2839 ] } { [ 5254 ] } { [ 6441 ][ 7758 ] } { [ 1583 ] } { [ 7799 ] } { [ 5327 ] } { [ 8271 ] } { [ 3807 ] } { [ 2897 ] } { [ 9587 ] } { [ 7196 ] } { [ 406 ] } { [ 8324 ] } { [ 2724 ] } { [ 8703 ] } { [ 3226 ] } { [ 2929 ] } { [ 8433 ] } { [ 4537 ][ 7997 ] } { [ 800 ] } { [ 5462 ] } { [ 7039 ] } { [ 503 ][ 4225 ] } { [ 3924 ] } { [ 572 ] }
despues de filtrar: { [ 6634 ][ 8807 ][ 7148 ][ 7466 ][ 8512 ] } { [ 2877 ] } { [ 5515 ][ 2592 ] } { [ 7837 ][ 4244 ] } { [ 1339 ][ 6746 ][ 7326 ][ 2057 ] } { [ 8195 ] } { [ 89 ][ 6558 ] } { [ 4811 ] } { [ 2839 ] } { [ 5254 ] } { [ 6441 ][ 7758 ] } { [ 1583 ] } { [ 7799 ] } { [ 5327 ] } { [ 8271 ] } { [ 2897 ] } { [ 9587 ] } { [ 7196 ] } { [ 8324 ] } { [ 2724 ] } { [ 3226 ] } { [ 2929 ] } { [ 8433 ] } { [ 4537 ][ 7997 ] } { [ 5462 ] } { [ 3924 ] } { [ 572 ] }
antes   de colapsar { [ 5506 ] }
despues de colapsar { [ 5506 ] }
antes   de filtrar: { [ 5506 ][ 9927 ] } { [ 2005 ] }
despues de filtrar: <vacia>
antes   de colapsar { [ 7950 ] } { [ 2020 ] } { [ 43 ][ 268 ] } { [ 5398 ] } { [ 6774 ][ 6067 ] } { [ 8332 ] } { [ 7423 ] }
despues de colapsar { [ 7950 ] } { [ 2020 ] } { [ 43 ][ 268 ] } { [ 5398 ] } { [ 6774 ][ 6067 ] } { [ 8332 ] } { [ 7423 ] }
antes   de filtrar: { [ 7950 ] } { [ 2020 ] } { [ 43 ][ 268 ] } { [ 5398 ] } { [ 6774 ][ 6067 ] } { [ 8332 ] } { [ 7423 ] } { [ 4394 ] }
despues de filtrar: { [ 43 ][ 268 ] } { [ 5398 ] } { [ 6774 ][ 6067 ] } { [ 8332 ] } { [ 7423 ] } { [ 4394 ] }
antes   de filtrar: { [ 43 ][ 268 ] } { [ 5398 ] } { [ 6774 ][ 6067 ] } { [ 8332 ] } { [ 7423 ] } { [ 4394 ] } { [ 5398 ] }
despues de filtrar: { [ 43 ][ 268 ] } { [ 5398 ] } { [ 6774 ][ 6067 ] } { [ 8332 ] } { [ 7423 ] } { [ 4394 ] } { [ 5398 ] }
antes   de filtrar: { [ 43 ][ 268 ][ 2345 ][ 6693 ] } { [ 5398 ] } { [ 6774 ][ 6067 ] } { [ 8332 ] } { [ 7423 ] } { [ 4394 ] } { [ 5398 ][ 4621 ] } { [ 3314 ] } { [ 8654 ] } { [ 2400 ][ 5642 ] } { [ 1517 ] } { [ 4372 ] } { [ 9966 ] } { [ 5495 ] } { [ 2331 ] } { [ 998 ] } { [ 9629 ] } { [ 7159 ] } { [ 4498 ] } { [ 9350 ] } { [ 5331 ] }
despues de filtrar: { [ 43 ][ 268 ][ 2345 ][ 6693 ] } { [ 5398 ] } { [ 6774 ][ 6067 ] } { [ 8332 ] } { [ 7423 ] } { [ 4394 ] } { [ 5398 ][ 4621 ] } { [ 3314 ] } { [ 8654 ] } { [ 1517 ] } { [ 4372 ] } { [ 9966 ] } { [ 5495 ] } { [ 2331 ] } { [ 998 ] } { [ 9629 ] } { [ 7159 ] } { [ 4498 ] } { [ 5331 ] }
antes   de filtrar: { [ 43 ][ 268 ][ 2345 ][ 6693 ] } { [ 5398 ][ 414 ] } { [ 6774 ][ 6067 ] } { [ 8332 ] } { [ 7423 ] } { [ 4394 ] } { [ 5398 ][ 4621 ] } { [ 3314 ] } { [ 8654 ] } { [ 1517 ] } { [ 4372 ] } { [ 9966 ] } { [ 5495 ] } { [ 2331 ] } { [ 998 ] } { [ 9629 ] } { [ 7159 ] } { [ 4498 ] } { [ 5331 ] } { [ 6326 ] } { [ 9424 ] } { [ 6924 ] }
despues de filtrar: { [ 43 ][ 268 ][ 2345 ][ 6693 ] } { [ 5398 ][ 414 ] } { [ 6774 ][ 6067 ] } { [ 8332 ] } { [ 7423 ] } { [ 4394 ] } { [ 5398 ][ 4621 ] } { [ 3314 ] } { [ 8654 ] } { [ 1517 ] } { [ 4372 ] } { [ 9966 ] } { [ 5495 ] } { [ 2331 ] } { [ 998 ] } { [ 9629 ] } { [ 7159 ] } { [ 4498 ] } { [ 5331 ] } { [ 6326 ] } { [ 9424 ] } { [ 6924 ] }
antes   de colapsar { [ 43 ][ 268 ][ 2345 ][ 6693 ] } { [ 5398 ][ 414 ] } { [ 6774 ][ 6067 ] } { [ 8332 ] } { [ 7423 ] } { [ 4394 ] } { [ 5398 ][ 4621 ] } { [ 3314 ] } { [ 8654 ] } { [ 1517 ] } { [ 4372 ] } { [ 9966 ] } { [ 5495 ] } { [ 2331 ] } { [ 998 ] } { [ 9629 ] } { [ 7159 ] } { [ 4498 ] } { [ 5331 ] } { [ 6326 ] } { [ 9424 ] } { [ 6924 ] } { [ 378 ] }
despues de colapsar { [ 43 ][ 268 ][ 2345 ][ 6693 ] } { [ 5398 ][ 414 ] } { [ 6774 ][ 6067 ] } { [ 8332 ] } { [ 7423 ] } { [ 4394 ] } { [ 5398 ][ 4621 ] } { [ 3314 ] } { [ 8654 ] } { [ 1517 ] } { [ 4372 ] } { [ 9966 ] } { [ 5495 ] } { [ 2331 ] } { [ 998 ] } { [ 9629 ] } { [ 7159 ] } { [ 4498 ] } { [ 5331 ] } { [ 6326 ] } { [ 9424 ] } { [ 6924 ] } { [ 378 ] }
antes   de colapsar { [ 43 ][ 268 ][ 2345 ][ 6693 ] } { [ 5398 ][ 414 ][ 1062 ] } { [ 6774 ][ 6067 ] } { [ 8332 ] } { [ 7423 ] } { [ 4394 ] } { [ 5398 ][ 4621 ] } { [ 3314 ] } { [ 8654 ] } { [ 1517 ] } { [ 4372 ] } { [ 9966 ] } { [ 5495 ] } { [ 2331 ] } { [ 998 ] } { [ 9629 ] } { [ 7159 ] } { [ 4498 ] } { [ 5331 ] } { [ 6326 ] } { [ 9424 ] } { [ 6924 ] } { [ 378 ] } { [ 2691 ] } { [ 6373 ] } { [ 8159 ] } { [ 2819 ] } { [ 9190 ] }
despues de colapsar { [ 43 ][ 268 ][ 2345 ][ 6693 ] } { [ 5398 ][ 414 ][ 1062 ] } { [ 6774 ][ 6067 ] } { [ 8332 ] } { [ 7423 ] } { [ 4394 ] } { [ 5398 ][ 4621 ] } { [ 3314 ] } { [ 8654 ] } { [ 1517 ] } { [ 4372 ] } { [ 9966 ] } { [ 5495 ] } { [ 2331 ] } { [ 998 ] } { [ 9629 ] } { [ 7159 ] } { [ 4498 ] } { [ 5331 ] } { [ 6326 ] } { [ 9424 ] } { [ 6924 ] } { [ 378 ] } { [ 2691 ] } { [ 6373 ] } { [ 8159 ] } { [ 2819 ] } { [ 9190 ] }
antes   de colapsar { [ 43 ][ 268 ][ 2345 ][ 6693 ] } { [ 5398 ][ 414 ][ 1062 ] } { [ 6774 ][ 6067 ] } { [ 8332 ] } { [ 7423 ] } { [ 4394 ] } { [ 5398 ][ 4621 ] } { [ 3314 ] } { [ 8654 ] } { [ 1517 ] } { [ 4372 ] } { [ 9966 ] } { [ 5495 ] } { [ 2331 ] } { [ 998 ] } { [ 9629 ] } { [ 7159 ] } { [ 4498 ] } { [ 5331 ] } { [ 6326 ] } { [ 9424 ] } { [ 6924 ] } { [ 378 ] } { [ 2691 ] } { [ 6373 ] } { [ 8159 ] } { [ 2819 ] } { [ 9190 ] }
despues de colapsar { [ 43 ][ 268 ][ 2345 ][ 6693 ] } { [ 5398 ][ 414 ][ 1062 ] } { [ 6774 ][ 6067 ] } { [ 8332 ] } { [ 7423 ] } { [ 4394 ] } { [ 5398 ][ 4621 ] } { [ 3314 ] } { [ 8654 ] } { [ 1517 ] } { [ 4372 ] } { [ 9966 ] } { [ 5495 ] } { [ 2331 ] } { [ 998 ] } { [ 9629 ] } { [ 7159 ] } { [ 4498 ] } { [ 5331 ] } { [ 6326 ] } { [ 9424 ] } { [ 6924 ] } { [ 378 ] } { [ 2691 ] } { [ 6373 ] } { [ 8159 ] } { [ 2819 ] } { [ 9190 ] }
antes   de filtrar: { [ 8.832767 ] } { [ 58.232115 ][ -7.124334 ] } { [ -4.795414 ] } { [ 67.818113 ] } { [ 47.042977 ][ -16.103435 ] } { [ -10.609256 ] } { [ -5.555089 ] }
despues de filtrar: { [ 58.232115 ][ -7.124334 ] } { [ -4.795414 ] } { [ 47.042977 ][ -16.103435 ] } { [ -10.609256 ] } { [ -5.555089 ] }
antes   de colapsar { [ 58.232115 ][ -7.124334 ] } { [ -4.795414 ] } { [ 47.042977 ][ -16.103435 ] } { [ -10.609256 ] } { [ -5.555089 ] }
despues de colapsar { [ 58.232115 ][ -7.124334 ] } { [ -4.795414 ] } { [ 47.042977 ][ -16.103435 ] } { [ -10.609256 ] } { [ -5.555089 ] }
antes   de colapsar { [ 58.232115 ][ -7.124334 ][ 73.306751 ] } { [ -4.795414 ][ -11.506381 ] } { [ 47.042977 ][ -16.103435 ] } { [ -10.609256 ] } { [ -5.555089 ][ 31.475856 ][ -13.965317 ] } { [ -22.214726 ] } { [ 62.141654 ] } { [ 40.143691 ][ 33.396901 ] } { [ -12.677241 ] } { [ 31.567002 ] } { [ 72.205113 ] } { [ 18.279592 ][ -3.416396 ] } { [ 74.358455 ] } { [ 65.973732 ] } { [ 17.540358 ] } { [ 72.868623 ] } { [ 61.504103 ] }
despues de colapsar { [ 58.232115 ][ -7.124334 ][ 73.306751 ] } { [ -4.795414 ][ -11.506381 ] } { [ 47.042977 ][ -16.103435 ] } { [ -10.609256 ] } { [ -5.555089 ][ 31.475856 ][ -13.965317 ] } { [ -22.214726 ] } { [ 62.141654 ] } { [ 40.143691 ][ 33.396901 ] } { [ -12.677241 ] } { [ 31.567002 ] } { [ 72.205113 ] } { [ 18.279592 ][ -3.416396 ] } { [ 74.358455 ] } { [ 65.973732 ] } { [ 17.540358 ] } { [ 72.868623 ] } { [ 61.504103 ] }
antes   de filtrar: { [ 58.232115 ][ -7.124334 ][ 73.306751 ] } { [ -4.795414 ][ -11.506381 ] } { [ 47.042977 ][ -16.103435 ] } { [ -10.609256 ][ 60.137499 ] } { [ -5.555089 ][ 31.475856 ][ -13.965317 ] } { [ -22.214726 ] } { [ 62.141654 ] } { [ 40.143691 ][ 33.396901 ] } { [ -12.677241 ][ 37.198010 ] } { [ 31.567002 ] } { [ 72.205113 ] } { [ 18.279592 ][ -3.416396 ] } { [ 74.358455 ] } { [ 65.973732 ] } { [ 17.540358 ] } { [ 72.868623 ] } { [ 61.504103 ] } { [ -16.601238 ] } { [ 46.433246 ] } { [ 24.825094 ] } { [ -13.838350 ] }
despues de filtrar: { [ 58.232115 ][ -7.124334 ][ 73.306751 ] } { [ -4.795414 ][ -11.506381 ] } { [ 47.042977 ][ -16.103435 ] } { [ -10.609256 ][ 60.137499 ] } { [ -5.555089 ][ 31.475856 ][ -13.965317 ] } { [ -22.214726 ] } { [ 62.141654 ] } { [ 40.143691 ][ 33.396901 ] } { [ -12.677241 ][ 37.198010 ] } { [ 72.205113 ] } { [ 18.279592 ][ -3.416396 ] } { [ 74.358455 ] } { [ -16.601238 ] } { [ 46.433246 ] } { [ -13.838350 ] }
antes   de colapsar { [ 58.232115 ][ -7.124334 ][ 73.306751 ] } { [ -4.795414 ][ -11.506381 ] } { [ 47.042977 ][ -16.103435 ] } { [ -10.609256 ][ 60.137499 ] } { [ -5.555089 ][ 31.475856 ][ -13.965317 ] } { [ -22.214726 ] } { [ 62.141654 ] } { [ 40.143691 ][ 33.396901 ] } { [ -12.677241 ][ 37.198010 ] } { [ 72.205113 ] } { [ 18.279592 ][ -3.416396 ][ -22.281027 ] } { [ 74.358455 ] } { [ -16.601238 ] } { [ 46.433246 ] } { [ -13.838350 ] } { [ -0.901849 ] } { [ 59.037548 ] } { [ 0.243682 ] }
despues de colapsar { [ 58.232115 ][ -7.124334 ][ 73.306751 ] } { [ -4.795414 ][ -11.506381 ] } { [ 47.042977 ][ -16.103435 ] } { [ -10.609256 ][ 60.137499 ] } { [ -5.555089 ][ 31.475856 ][ -13.965317 ] } { [ -22.214726 ] } { [ 62.141654 ] } { [ 40.143691 ][ 33.396901 ] } { [ -12.677241 ][ 37.198010 ] } { [ 72.205113 ] } { [ 18.279592 ][ -3.416396 ][ -22.281027 ] } { [ 74.358455 ] } { [ -16.601238 ] } { [ 46.433246 ] } { [ -13.838350 ] } { [ -0.901849 ] } { [ 59.037548 ] } { [ 0.243682 ] }
antes   de filtrar: { [ 58.232115 ][ -7.124334 ][ 73.306751 ] } { [ -4.795414 ][ -11.506381 ] } { [ 47.042977 ][ -16.103435 ] } { [ -10.609256 ][ 60.137499 ] } { [ -5.555089 ][ 31.475856 ][ -13.965317 ] } { [ -22.214726 ] } { [ 62.141654 ] } { [ 40.143691 ][ 33.396901 ] } { [ -12.677241 ][ 37.198010 ] } { [ 72.205113 ] } { [ 18.279592 ][ -3.416396 ][ -22.281027 ] } { [ 74.358455 ] } { [ -16.601238 ] } { [ 46.433246 ] } { [ -13.838350 ] } { [ -0.901849 ] } { [ 59.037548 ] } { [ 0.243682 ] } { [ 14.326208 ] } { [ 16.914456 ] } { [ 5.496951 ] }
despues de filtrar: { [ 58.232115 ][ -7.124334 ][ 73.306751 ] } { [ -4.795414 ][ -11.506381 ] } { [ 47.042977 ][ -16.103435 ] } { [ -10.609256 ][ 60.137499 ] } { [ -5.555089 ][ 31.475856 ][ -13.965317 ] } { [ -22.214726 ] } { [ 62.141654 ] } { [ 40.143691 ][ 33.396901 ] } { [ -12.677241 ][ 37.198010 ] } { [ 72.205113 ] } { [ 18.279592 ][ -3.416396 ][ -22.281027 ] } { [ 74.358455 ] } { [ -16.601238 ] } { [ 46.433246 ] } { [ -13.838350 ] } { [ -0.901849 ] } { [ 59.037548 ] } { [ 0.243682 ] } { [ 14.326208 ] } { [ 5.496951 ] }
antes   de colapsar { [ 58.232115 ][ -7.124334 ][ 73.306751 ] } { [ -4.795414 ][ -11.506381 ] } { [ 47.042977 ][ -16.103435 ] } { [ -10.609256 ][ 60.137499 ] } { [ -5.555089 ][ 31.475856 ][ -13.965317 ] } { [ -22.214726 ] } { [ 62.141654 ] } { [ 40.143691 ][ 33.396901 ] } { [ -12.677241 ][ 37.198010 ] } { [ 72.205113 ] } { [ 18.279592 ][ -3.416396 ][ -22.281027 ] } { [ 74.358455 ] } { [ -16.601238 ] } { [ 46.433246 ] } { [ -13.838350 ] } { [ -0.901849 ] } { [ 59.037548 ] } { [ 0.243682 ] } { [ 14.326208 ] } { [ 5.496951 ] }
despues de colapsar { [ 58.232115 ][ -7.124334 ][ 73.306751 ] } { [ -4.795414 ][ -11.506381 ] } { [ 47.042977 ][ -16.103435 ] } { [ -10.609256 ][ 60.137499 ] } { [ -5.555089 ][ 31.475856 ][ -13.965317 ] } { [ -22.214726 ] } { [ 62.141654 ] } { [ 40.143691 ][ 33.396901 ] } { [ -12.677241 ][ 37.198010 ] } { [ 72.205113 ] } { [ 18.279592 ][ -3.416396 ][ -22.281027 ] } { [ 74.358455 ] } { [ -16.601238 ] } { [ 46.433246 ] } { [ -13.838350 ] } { [ -0.901849 ] } { [ 59.037548 ] } { [ 0.243682 ] } { [ 14.326208 ] } { [ 5.496951 ] }
antes   de filtrar: { [ 58.232115 ][ -7.124334 ][ 73.306751 ] } { [ -4.795414 ][ -11.506381 ] } { [ 47.042977 ][ -16.103435 ] } { [ -10.609256 ][ 60.137499 ] } { [ -5.555089 ][ 31.475856 ][ -13.965317 ] } { [ -22.214726 ] } { [ 62.141654 ][ 28.836815 ] } { [ 40.143691 ][ 33.396901 ] } { [ -12.677241 ][ 37.198010 ] } { [ 72.205113 ] } { [ 18.279592 ][ -3.416396 ][ -22.281027 ] } { [ 74.358455 ] } { [ -16.601238 ] } { [ 46.433246 ] } { [ -13.838350 ] } { [ -0.901849 ] } { [ 59.037548 ] } { [ 0.243682 ] } { [ 14.326208 ] } { [ 5.496951 ] } { [ 1.384876 ] } { [ 44.471253 ] } { [ 23.525370 ] }
despues de filtrar: { [ 58.232115 ][ -7.124334 ][ 73.306751 ] } { [ -4.795414 ][ -11.506381 ] } { [ 47.042977 ][ -16.103435 ] } { [ -10.609256 ][ 60.137499 ] } { [ -5.555089 ][ 31.475856 ][ -13.965317 ] } { [ -22.214726 ] } { [ 62.141654 ][ 28.836815 ] } { [ 40.143691 ][ 33.396901 ] } { [ -12.677241 ][ 37.198010 ] } { [ 72.205113 ] } { [ 18.279592 ][ -3.416396 ][ -22.281027 ] } { [ 74.358455 ] } { [ -16.601238 ] } { [ 46.433246 ] } { [ -13.838350 ] } { [ -0.901849 ] } { [ 59.037548 ] } { [ 0.243682 ] } { [ 14.326208 ] } { [ 5.496951 ] } { [ 1.384876 ] } { [ 44.471253 ] }
antes   de filtrar: { [ 58.232115 ][ -7.124334 ][ 73.306751 ] } { [ -4.795414 ][ -11.506381 ] } { [ 47.042977 ][ -16.103435 ] } { [ -10.609256 ][ 60.137499 ] } { [ -5.555089 ][ 31.475856 ][ -13.965317 ] } { [ -22.214726 ] } { [ 62.141654 ][ 28.836815 ] } { [ 40.143691 ][ 33.396901 ] } { [ -12.677241 ][ 37.198010 ] } { [ 72.205113 ] } { [ 18.279592 ][ -3.416396 ][ -22.281027 ] } { [ 74.358455 ] } { [ -16.601238 ] } { [ 46.433246 ] } { [ -13.838350 ] } { [ -0.901849 ] } { [ 59.037548 ] } { [ 0.243682 ] } { [ 14.326208 ] } { [ 5.496951 ] } { [ 1.384876 ] } { [ 44.471253 ] } { [ 32.972356 ] }
despues de filtrar: { [ 58.232115 ][ -7.124334 ][ 73.306751 ] } { [ -4.795414 ][ -11.506381 ] } { [ 47.042977 ][ -16.103435 ] } { [ -10.609256 ][ 60.137499 ] } { [ -5.555089 ][ 31.475856 ][ -13.965317 ] } { [ -22.214726 ] } { [ 62.141654 ][ 28.836815 ] } { [ 40.143691 ][ 33.396901 ] } { [ -12.677241 ][ 37.198010 ] } { [ 72.205113 ] } { [ 18.279592 ][ -3.416396 ][ -22.281027 ] } { [ 74.358455 ] } { [ -16.601238 ] } { [ 46.433246 ] } { [ -13.838350 ] } { [ -0.901849 ] } { [ 59.037548 ] } { [ 0.243682 ] } { [ 14.326208 ] } { [ 5.496951 ] } { [ 1.384876 ] } { [ 44.471253 ] }
antes   de colapsar { [ 58.232115 ][ -7.124334 ][ 73.306751 ] } { [ -4.795414 ][ -11.506381 ] } { [ 47.042977 ][ -16.103435 ] } { [ -10.609256 ][ 60.137499 ] } { [ -5.555089 ][ 31.475856 ][ -13.965317 ][ 19.282713 ] } { [ -22.214726 ] } { [ 62.141654 ][ 28.836815 ] } { [ 40.143691 ][ 33.396901 ] } { [ -12.677241 ][ 37.198010 ][ 71.658628 ] } { [ 72.205113 ] } { [ 18.279592 ][ -3.416396 ][ -22.281027 ] } { [ 74.358455 ] } { [ -16.601238 ] } { [ 46.433246 ] } { [ -13.838350 ] } { [ -0.901849 ] } { [ 59.037548 ] } { [ 0.243682 ] } { [ 14.326208 ] } { [ 5.496951 ] } { [ 1.384876 ] } { [ 44.471253 ] } { [ -22.365688 ] } { [ 35.246888 ] }
despues de colapsar { [ 58.232115 ][ -7.124334 ][ 73.306751 ] } { [ -4.795414 ][ -11.506381 ] } { [ 47.042977 ][ -16.103435 ] } { [ -10.609256 ][ 60.137499 ] } { [ -5.555089 ][ 31.475856 ][ -13.965317 ][ 19.282713 ] } { [ -22.214726 ] } { [ 62.141654 ][ 28.836815 ] } { [ 40.143691 ][ 33.396901 ] } { [ -12.677241 ][ 37.198010 ][ 71.658628 ] } { [ 72.205113 ] } { [ 18.279592 ][ -3.416396 ][ -22.281027 ] } { [ 74.358455 ] } { [ -16.601238 ] } { [ 46.433246 ] } { [ -13.838350 ] } { [ -0.901849 ] } { [ 59.037548 ] } { [ 0.243682 ] } { [ 14.326208 ] } { [ 5.496951 ] } { [ 1.384876 ] } { [ 44.471253 ] } { [ -22.365688 ] } { [ 35.246888 ] }
antes   de colapsar { [ h060evocdx ] } { [ 5urtkp3hhb ] } { [ 72iqa7n0 ] } { [ 39dlry ] }
despues de colapsar { [ h060evocdx ] } { [ 5urtkp3hhb ] } { [ 72iqa7n0 ] } { [ 39dlry ] }
antes   de filtrar: { [ h060evocdx ] } { [ 5urtkp3hhb ] } { [ 72iqa7n0 ] } { [ 39dlry ] }
despues de filtrar: <vacia>
antes   de filtrar: <vacia>
despues de filtrar: <vacia>
antes   de filtrar: { [ ovp299d0 ] }
despues de filtrar: <vacia>
antes   de colapsar { [ j ][ hmg8o ] } { [ 5f0s2qf3 ] }
despues de colapsar { [ j ][ hmg8o ] } { [ 5f0s2qf3 ] }
antes   de colapsar { [ j ][ hmg8o ] } { [ 5f0s2qf3 ][ mbkme82 ] } { [ jllk ] } { [ jc46 ] } { [ u5hxan9 ][ 5q ] } { [ jr2gyeyask ][ kc0xmc2w ][ m ] } { [ nh ] } { [ 9d4d2 ] } { [ ghn1ik ] } { [ t7iy7muh1 ] } { [ 58b22 ] } { [ jndrr7 ] } { [ 57kie1gh23 ] } { [ vokb ][ b ] } { [ d38id5439x ][ pcdcc0ujg ] } { [ o ] } { [ kawg5prs ] } { [ 85c9cd5aj2 ] } { [ j03ybi2 ] } { [ 39 ] }
despues de colapsar { [ j ][ hmg8o ] } { [ 5mfb0ksm2e ] } { [ jllk ] } { [ jc46 ] } { [ u55qhxan9 ] } { [ jmkrc20gxy ] } { [ nh ] } { [ 9d4d2 ] } { [ ghn1ik ] } { [ t7iy7muh1 ] } { [ 58b22 ] } { [ jndrr7 ] } { [ 57kie1gh23 ] } { [ vokb ][ b ] } { [ dp3c8dicdc ] } { [ o ] } { [ kawg5prs ] } { [ 85c9cd5aj2 ] } { [ j03ybi2 ] } { [ 39 ] }
antes   de colapsar { [ j ][ hmg8o ] } { [ 5mfb0ksm2e ] } { [ jllk ] } { [ jc46 ] } { [ u55qhxan9 ] } { [ jmkrc20gxy ] } { [ nh ] } { [ 9d4d2 ] } { [ ghn1ik ][ nr28 ] } { [ t7iy7muh1 ][ icowojpf0s ] } { [ 58b22 ] } { [ jndrr7 ] } { [ 57kie1gh23 ] } { [ vokb ][ b ] } { [ dp3c8dicdc ] } { [ o ] } { [ kawg5prs ] } { [ 85c9cd5aj2 ] } { [ j03ybi2 ] } { [ 39 ] } { [ 9xs19 ] } { [ isirwnc1l ] } { [ y1lcqi ] }
despues de colapsar { [ j ][ hmg8o ] } { [ 5mfb0ksm2e ] } { [ jllk ] } { [ jc46 ] } { [ u55qhxan9 ] } { [ jmkrc20gxy ] } { [ nh ] } { [ 9d4d2 ] } { [ gnhrn218ik ] } { [ ti7cioyw7o ] } { [ 58b22 ] } { [ jndrr7 ] } { [ 57kie1gh23 ] } { [ vokb ][ b ] } { [ dp3c8dicdc ] } { [ o ] } { [ kawg5prs ] } { [ 85c9cd5aj2 ] } { [ j03ybi2 ] } { [ 39 ] } { [ 9xs19 ] } { [ isirwnc1l ] } { [ y1lcqi ] }
antes   de colapsar { [ j ][ hmg8o ] } { [ 5mfb0ksm2e ] } { [ jllk ] } { [ jc46 ] } { [ u55qhxan9 ] } { [ jmkrc20gxy ] } { [ nh ] } { [ 9d4d2 ] } { [ gnhrn218ik ] } { [ ti7cioyw7o ] } { [ 58b22 ][ 5b1k ] } { [ jndrr7 ] } { [ 57kie1gh23 ] } { [ vokb ][ b ] } { [ dp3c8dicdc ] } { [ o ] } { [ kawg5prs ] } { [ 85c9cd5aj2 ] } { [ j03ybi2 ] } { [ 39 ] } { [ 9xs19 ] } { [ isirwnc1l ] } { [ y1lcqi ] } { [ okvnn7288y ] } { [ n7w ] }
despues de colapsar { [ j ][ hmg8o ] } { [ 5mfb0ksm2e ] } { [ jllk ] } { [ jc46 ] } { [ u55qhxan9 ] } { [ jmkrc20gxy ] } { [ nh ] } { [ 9d4d2 ] } { [ gnhrn218ik ] } { [ ti7cioyw7o ] } { [ 558bb12k2 ] } { [ jndrr7 ] } { [ 57kie1gh23 ] } { [ vokb ][ b ] } { [ dp3c8dicdc ] } { [ o ] } { [ kawg5prs ] } { [ 85c9cd5aj2 ] } { [ j03ybi2 ] } { [ 39 ] } { [ 9xs19 ] } { [ isirwnc1l ] } { [ y1lcqi ] } { [ okvnn7288y ] } { [ n7w ] }
antes   de filtrar: { [ j ][ hmg8o ] } { [ 5mfb0ksm2e ] } { [ jllk ] } { [ jc46 ] } { [ u55qhxan9 ] } { [ jmkrc20gxy ] } { [ nh ] } { [ 9d4d2 ] } { [ gnhrn218ik ] } { [ ti7cioyw7o ] } { [ 558bb12k2 ] } { [ jndrr7 ] } { [ 57kie1gh23 ] } { [ vokb ][ b ] } { [ dp3c8dicdc ] } { [ o ] } { [ kawg5prs ] } { [ 85c9cd5aj2 ] } { [ j03ybi2 ] } { [ 39 ] } { [ 9xs19 ] } { [ isirwnc1l ] } { [ y1lcqi ] } { [ okvnn7288y ] } { [ n7w ] }
despues de filtrar: { [ j ][ hmg8o ] } { [ jllk ] } { [ nh ] } { [ vokb ][ b ] } { [ o ] }
antes   de filtrar: { [ j ][ hmg8o ] } { [ jllk ] } { [ nh ] } { [ vokb ][ b ] } { [ o ] }
despues de filtrar: { [ j ][ hmg8o ] } { [ jllk ] } { [ nh ] } { [ vokb ][ b ] } { [ o ] }
