antes   de filtrar: { [ 40.999865 ][ 64.900060 ] }
despues de filtrar: <vacia>
antes   de colapsar { [ 4.416051 ] } { [ 45.736906 ] }
despues de colapsar { [ 4.416051 ] } { [ 45.736906 ] }
antes   de colapsar { [ 4.416051 ] } { [ 45.736906 ] } { [ 44.853737 ] } { [ -1.200466 ] } { [ -12.098704 ] } { [ 48.653397 ] } { [ 33.296377 ] } { [ -20.186075 ] } { [ 4.725145 ] }
despues de colapsar { [ 4.416051 ] } { [ 45.736906 ] } { [ 44.853737 ] } { [ -1.200466 ] } { [ -12.098704 ] } { [ 48.653397 ] } { [ 33.296377 ] } { [ -20.186075 ] } { [ 4.725145 ] }
antes   de filtrar: { [ 4.416051 ] } { [ 45.736906 ] } { [ 44.853737 ] } { [ -1.200466 ] } { [ -12.098704 ] } { [ 48.653397 ] } { [ 33.296377 ][ 27.261229 ] } { [ -20.186075 ] } { [ 4.725145 ] } { [ -13.587710 ] }
despues de filtrar: { [ 4.416051 ] } { [ -1.200466 ] } { [ -12.098704 ] } { [ 33.296377 ][ 27.261229 ] } { [ -20.186075 ] } { [ -13.587710 ] }
antes   de filtrar: { [ 4.416051 ] } { [ -1.200466 ] } { [ -12.098704 ] } { [ 33.296377 ][ 27.261229 ][ -12.399405 ] } { [ -20.186075 ] } { [ -13.587710 ][ -19.434722 ] } { [ -5.266251 ] } { [ 17.342707 ] } { [ 0.726818 ] } { [ 6.582684 ] }
despues de filtrar: { [ 4.416051 ] } { [ -1.200466 ] } { [ -12.098704 ] } { [ 33.296377 ][ 27.261229 ][ -12.399405 ] } { [ -20.186075 ] } { [ -13.587710 ][ -19.434722 ] } { [ -5.266251 ] } { [ 17.342707 ] }
antes   de colapsar { [ 4.416051 ][ 71.163070 ] } { [ -1.200466 ] } { [ -12.098704 ] } { [ 33.296377 ][ 27.261229 ][ -12.399405 ] } { [ -20.186075 ] } { [ -13.587710 ][ -19.434722 ] } { [ -5.266251 ] } { [ 17.342707 ] } { [ 12.564733 ] } { [ -18.902888 ] } { [ -8.301273 ] } { [ 70.714777 ] }
despues de colapsar { [ 4.416051 ][ 71.163070 ] } { [ -1.200466 ] } { [ -12.098704 ] } { [ 33.296377 ][ 27.261229 ][ -12.399405 ] } { [ -20.186075 ] } { [ -13.587710 ][ -19.434722 ] } { [ -5.266251 ] } { [ 17.342707 ] } { [ 12.564733 ] } { [ -18.902888 ] } { [ -8.301273 ] } { [ 70.714777 ] }
antes   de colapsar { [ 4.416051 ][ 71.163070 ] } { [ -1.200466 ] } { [ -12.098704 ] } { [ 33.296377 ][ 27.261229 ][ -12.399405 ] } { [ -20.186075 ] } { [ -13.587710 ][ -19.434722 ] } { [ -5.266251 ] } { [ 17.342707 ] } { [ 12.564733 ] } { [ -18.902888 ] } { [ -8.301273 ] } { [ 70.714777 ] }
despues de colapsar { [ 4.416051 ][ 71.163070 ] } { [ -1.200466 ] } { [ -12.098704 ] } { [ 33.296377 ][ 27.261229 ][ -12.399405 ] } { [ -20.186075 ] } { [ -13.587710 ][ -19.434722 ] } { [ -5.266251 ] } { [ 17.342707 ] } { [ 12.564733 ] } { [ -18.902888 ] } { [ -8.301273 ] } { [ 70.714777 ] }
antes   de filtrar: { [ 4.416051 ][ 71.163070 ] } { [ -1.200466 ] } { [ -12.098704 ] } { [ 33.296377 ][ 27.261229 ][ -12.399405 ] } { [ -20.186075 ] } { [ -13.587710 ][ -19.434722 ][ 71.175012 ] } { [ -5.266251 ] } { [ 17.342707 ] } { [ 12.564733 ] } { [ -18.902888 ] } { [ -8.301273 ] } { [ 70.714777 ] } { [ 40.392537 ] } { [ 47.565250 ] } { [ -15.497673 ] } { [ 41.180455 ] }
despues de filtrar: { [ 4.416051 ][ 71.163070 ] } { [ -1.200466 ] } { [ -12.098704 ] } { [ 33.296377 ][ 27.261229 ][ -12.399405 ] } { [ -20.186075 ] } { [ -13.587710 ][ -19.434722 ][ 71.175012 ] } { [ -5.266251 ] } { [ 17.342707 ] } { [ -18.902888 ] } { [ -8.301273 ] } { [ 40.392537 ] } { [ -15.497673 ] } { [ 41.180455 ] }
antes   de colapsar { [ 4.416051 ][ 71.163070 ] } { [ -1.200466 ] } { [ -12.098704 ] } { [ 33.296377 ][ 27.261229 ][ -12.399405 ] } { [ -20.186075 ] } { [ -13.587710 ][ -19.434722 ][ 71.175012 ] } { [ -5.266251 ] } { [ 17.342707 ] } { [ -18.902888 ] } { [ -8.301273 ] } { [ 40.392537 ] } { [ -15.497673 ] } { [ 41.180455 ] } { [ -2.370384 ][ 58.654888 ] } { [ 56.646761 ] }
despues de colapsar { [ 4.416051 ][ 71.163070 ] } { [ -1.200466 ] } { [ -12.098704 ] } { [ 33.296377 ][ 27.261229 ][ -12.399405 ] } { [ -20.186075 ] } { [ -13.587710 ][ -19.434722 ][ 71.175012 ] } { [ -5.266251 ] } { [ 17.342707 ] } { [ -18.902888 ] } { [ -8.301273 ] } { [ 40.392537 ] } { [ -15.497673 ] } { [ 41.180455 ] } { [ -2.370384 ][ 58.654888 ] } { [ 56.646761 ] }
antes   de filtrar: { [ 4.416051 ][ 71.163070 ] } { [ -1.200466 ] } { [ -12.098704 ][ -1.119741 ] } { [ 33.296377 ][ 27.261229 ][ -12.399405 ][ 54.155678 ] } { [ -20.186075 ] } { [ -13.587710 ][ -19.434722 ][ 71.175012 ][ 30.130948 ] } { [ -5.266251 ] } { [ 17.342707 ] } { [ -18.902888 ] } { [ -8.301273 ] } { [ 40.392537 ] } { [ -15.497673 ] } { [ 41.180455 ] } { [ -2.370384 ][ 58.654888 ] } { [ 56.646761 ] } { [ 55.748926 ][ -22.375348 ] } { [ -15.371879 ] } { [ 32.927924 ] } { [ 17.193093 ] } { [ -3.923066 ] } { [ 53.890181 ] } { [ 5.855612 ] } { [ -0.183913 ] } { [ 17.019608 ] } { [ 7.221719 ] } { [ -2.783649 ] }
despues de filtrar: { [ 4.416051 ][ 71.163070 ] } { [ -1.200466 ] } { [ -12.098704 ][ -1.119741 ] } { [ 33.296377 ][ 27.261229 ][ -12.399405 ][ 54.155678 ] } { [ -20.186075 ] } { [ -13.587710 ][ -19.434722 ][ 71.175012 ][ 30.130948 ] } { [ -5.266251 ] } { [ 17.342707 ] } { [ -18.902888 ] } { [ -8.301273 ] } { [ 40.392537 ] } { [ -15.497673 ] } { [ 41.180455 ] } { [ -2.370384 ][ 58.654888 ] } { [ -15.371879 ] } { [ 17.193093 ] } { [ -3.923066 ] } { [ -0.183913 ] } { [ 17.019608 ] } { [ 7.221719 ] } { [ -2.783649 ] }
antes   de filtrar: { [ 2y49lc4w ][ p ][ w ][ fha ][ l3m0w90 ] } { [ vuh5yocc ] } { [ sk ] }
despues de filtrar: { [ sk ] }
antes   de colapsar { [ sk ][ tp ][ c0 ] } { [ uk1owqn8t ] } { [ 08q ] } { [ u047 ] } { [ bspiu0 ] }
despues de colapsar { [ sk ][ tp ][ c0 ] } { [ uk1owqn8t ] } { [ 08q ] } { [ u047 ] } { [ bspiu0 ] }
antes   de colapsar { [ sk ][ tp ][ c0 ] } { [ uk1owqn8t ] } { [ 08q ] } { [ u047 ] } { [ bspiu0 ] }
despues de colapsar { [ sk ][ tp ][ c0 ] } { [ uk1owqn8t ] } { [ 08q ] } { [ u047 ] } { [ bspiu0 ] }
antes   de filtrar: { [ sk ][ tp ][ c0 ] } { [ uk1owqn8t ][ a ] } { [ 08q ] } { [ u047 ] } { [ bspiu0 ] } { [ hs ] } { [ 8jts9 ] }
despues de filtrar: { [ sk ][ tp ][ c0 ] } { [ hs ] }
antes   de filtrar: { [ sk ][ tp ][ c0 ] } { [ hs ] } { [ gatp55a7v ][ co ] } { [ hhdwbc ] } { [ syt68a ] } { [ 8kn ] }
despues de filtrar: { [ sk ][ tp ][ c0 ] } { [ hs ] } { [ hhdwbc ] }
antes   de colapsar { [ sk ][ tp ][ c0 ] } { [ hs ] } { [ hhdwbc ][ go ] } { [ 43sj2tmy5k ] } { [ dc2fdp2cvu ] } { [ oyh6t0 ] } { [ b ] }
despues de colapsar { [ sk ][ tp ][ c0 ] } { [ hs ] } { [ hhdwbc ][ go ] } { [ 43sj2tmy5k ] } { [ dc2fdp2cvu ] } { [ oyh6t0 ] } { [ b ] }
antes   de filtrar: { [ sk ][ tp ][ c0 ] } { [ hs ] } { [ hhdwbc ][ go ] } { [ 43sj2tmy5k ] } { [ dc2fdp2cvu ] } { [ oyh6t0 ] } { [ b ] } { [ 5 ] }
despues de filtrar: { [ sk ][ tp ][ c0 ] } { [ hs ] } { [ hhdwbc ][ go ] } { [ b ] }
antes   de colapsar { [ sk ][ tp ][ c0 ][ 85cmlhqgl ] } { [ hs ] } { [ hhdwbc ][ go ] } { [ b ][ u ] } { [ 0tf925qmk ] } { [ c97n ] } { [ eydshx5pfa ] } { [ a ] } { [ r2a93 ] } { [ u9 ][ a ] } { [ lxx13a0hb ] } { [ uuixfs23 ] } { [ 635d6 ] } { [ w34r60b ][ hxn ] } { [ 6g0 ] } { [ h7abvk ] } { [ mdve5ix ] }
despues de colapsar { [ sk ][ tp ][ c0 ][ 85cmlhqgl ] } { [ hs ] } { [ hhdwbc ][ go ] } { [ b ][ u ] } { [ 0tf925qmk ] } { [ c97n ] } { [ eydshx5pfa ] } { [ a ] } { [ r2a93 ] } { [ ua9 ] } { [ lxx13a0hb ] } { [ uuixfs23 ] } { [ 635d6 ] } { [ wh3x4nr60b ] } { [ 6g0 ] } { [ h7abvk ] } { [ mdve5ix ] }
antes   de filtrar: { [ sk ][ tp ][ c0 ][ 85cmlhqgl ] } { [ hs ] } { [ hhdwbc ][ go ] } { [ b ][ u ] } { [ 0tf925qmk ] } { [ c97n ] } { [ eydshx5pfa ] } { [ a ] } { [ r2a93 ] } { [ ua9 ] } { [ lxx13a0hb ] } { [ uuixfs23 ] } { [ 635d6 ] } { [ wh3x4nr60b ] } { [ 6g0 ] } { [ h7abvk ] } { [ mdve5ix ] }
despues de filtrar: { [ sk ][ tp ][ c0 ][ 85cmlhqgl ] } { [ hs ] } { [ hhdwbc ][ go ] } { [ b ][ u ] } { [ a ] }
antes   de colapsar { [ sk ][ tp ][ c0 ][ 85cmlhqgl ] } { [ hs ] } { [ hhdwbc ][ go ] } { [ b ][ u ] } { [ a ] }
despues de colapsar { [ sk ][ tp ][ c0 ][ 85cmlhqgl ] } { [ hs ] } { [ hhdwbc ][ go ] } { [ b ][ u ] } { [ a ] }
antes   de colapsar { [ -12.255604 ] }
despues de colapsar { [ -12.255604 ] }
antes   de colapsar { [ -12.255604 ] } { [ 40.130906 ][ 15.050214 ] } { [ 21.379748 ] }
despues de colapsar { [ -12.255604 ] } { [ 40.130906 ][ 15.050214 ] } { [ 21.379748 ] }
antes   de filtrar: { [ -12.255604 ] } { [ 40.130906 ][ 15.050214 ][ 42.038633 ][ 29.347524 ] } { [ 21.379748 ] } { [ -24.951861 ] } { [ -21.918843 ] } { [ 26.528382 ] } { [ 2.852064 ] }
despues de filtrar: { [ -12.255604 ] } { [ 40.130906 ][ 15.050214 ][ 42.038633 ][ 29.347524 ] } { [ 21.379748 ] } { [ -24.951861 ] } { [ -21.918843 ] }
antes   de colapsar { [ -12.255604 ] } { [ 40.130906 ][ 15.050214 ][ 42.038633 ][ 29.347524 ][ 40.401305 ] } { [ 21.379748 ][ 69.970516 ] } { [ -24.951861 ][ -24.566011 ][ -24.420617 ] } { [ -21.918843 ][ 34.487492 ][ 28.880683 ] } { [ 32.297642 ][ 45.063234 ] } { [ 71.296141 ] } { [ -20.421060 ] } { [ -24.847066 ] } { [ 69.999656 ] } { [ 65.757848 ] } { [ 6.439243 ][ -9.999478 ] } { [ 36.148573 ] } { [ 19.685453 ] } { [ -7.972279 ] } { [ 61.533929 ] } { [ 74.609646 ] } { [ 33.736888 ] } { [ 64.419377 ] } { [ 58.141969 ] } { [ 59.700642 ] }
despues de colapsar { [ -12.255604 ] } { [ 40.130906 ][ 15.050214 ][ 42.038633 ][ 29.347524 ][ 40.401305 ] } { [ 21.379748 ][ 69.970516 ] } { [ -24.951861 ][ -24.566011 ][ -24.420617 ] } { [ -21.918843 ][ 34.487492 ][ 28.880683 ] } { [ 32.297642 ][ 45.063234 ] } { [ 71.296141 ] } { [ -20.421060 ] } { [ -24.847066 ] } { [ 69.999656 ] } { [ 65.757848 ] } { [ 6.439243 ][ -9.999478 ] } { [ 36.148573 ] } { [ 19.685453 ] } { [ -7.972279 ] } { [ 61.533929 ] } { [ 74.609646 ] } { [ 33.736888 ] } { [ 64.419377 ] } { [ 58.141969 ] } { [ 59.700642 ] }
antes   de filtrar: { [ -12.255604 ] } { [ 40.130906 ][ 15.050214 ][ 42.038633 ][ 29.347524 ][ 40.401305 ] } { [ 21.379748 ][ 69.970516 ] } { [ -24.951861 ][ -24.566011 ][ -24.420617 ] } { [ -21.918843 ][ 34.487492 ][ 28.880683 ] } { [ 32.297642 ][ 45.063234 ] } { [ 71.296141 ] } { [ -20.421060 ] } { [ -24.847066 ] } { [ 69.999656 ] } { [ 65.757848 ] } { [ 6.439243 ][ -9.999478 ] } { [ 36.148573 ] } { [ 19.685453 ] } { [ -7.972279 ] } { [ 61.533929 ] } { [ 74.609646 ] } { [ 33.736888 ] } { [ 64.419377 ] } { [ 58.141969 ] } { [ 59.700642 ] }
despues de filtrar: { [ -12.255604 ] } { [ 40.130906 ][ 15.050214 ][ 42.038633 ][ 29.347524 ][ 40.401305 ] } { [ 21.379748 ][ 69.970516 ] } { [ -24.951861 ][ -24.566011 ][ -24.420617 ] } { [ -21.918843 ][ 34.487492 ][ 28.880683 ] } { [ 32.297642 ][ 45.063234 ] } { [ 71.296141 ] } { [ -20.421060 ] } { [ -24.847066 ] } { [ 6.439243 ][ -9.999478 ] } { [ 36.148573 ] } { [ -7.972279 ] } { [ 64.419377 ] } { [ 58.141969 ] }
antes   de filtrar: { [ -12.255604 ] } { [ 40.130906 ][ 15.050214 ][ 42.038633 ][ 29.347524 ][ 40.401305 ] } { [ 21.379748 ][ 69.970516 ] } { [ -24.951861 ][ -24.566011 ][ -24.420617 ] } { [ -21.918843 ][ 34.487492 ][ 28.880683 ] } { [ 32.297642 ][ 45.063234 ] } { [ 71.296141 ] } { [ -20.421060 ] } { [ -24.847066 ] } { [ 6.439243 ][ -9.999478 ] } { [ 36.148573 ] } { [ -7.972279 ] } { [ 64.419377 ] } { [ 58.141969 ] } { [ 25.517081 ] }
despues de filtrar: { [ -12.255604 ] } { [ 40.130906 ][ 15.050214 ][ 42.038633 ][ 29.347524 ][ 40.401305 ] } { [ 21.379748 ][ 69.970516 ] } { [ -24.951861 ][ -24.566011 ][ -24.420617 ] } { [ -21.918843 ][ 34.487492 ][ 28.880683 ] } { [ 32.297642 ][ 45.063234 ] } { [ 71.296141 ] } { [ -20.421060 ] } { [ -24.847066 ] } { [ 6.439243 ][ -9.999478 ] } { [ 36.148573 ] } { [ -7.972279 ] } { [ 64.419377 ] } { [ 58.141969 ] }
antes   de filtrar: { [ -12.255604 ] } { [ 40.130906 ][ 15.050214 ][ 42.038633 ][ 29.347524 ][ 40.401305 ] } { [ 21.379748 ][ 69.970516 ] } { [ -24.951861 ][ -24.566011 ][ -24.420617 ] } { [ -21.918843 ][ 34.487492 ][ 28.880683 ] } { [ 32.297642 ][ 45.063234 ] } { [ 71.296141 ] } { [ -20.421060 ] } { [ -24.847066 ] } { [ 6.439243 ][ -9.999478 ] } { [ 36.148573 ] } { [ -7.972279 ] } { [ 64.419377 ] } { [ 58.141969 ] } { [ 65.223645 ][ 40.500402 ] } { [ 28.699230 ] } { [ -4.709054 ] } { [ 72.979180 ] } { [ 74.078464 ] }
despues de filtrar: { [ -12.255604 ] } { [ 40.130906 ][ 15.050214 ][ 42.038633 ][ 29.347524 ][ 40.401305 ] } { [ 21.379748 ][ 69.970516 ] } { [ -24.951861 ][ -24.566011 ][ -24.420617 ] } { [ -21.918843 ][ 34.487492 ][ 28.880683 ] } { [ 32.297642 ][ 45.063234 ] } { [ 71.296141 ] } { [ -20.421060 ] } { [ -24.847066 ] } { [ 6.439243 ][ -9.999478 ] } { [ 36.148573 ] } { [ -7.972279 ] } { [ 64.419377 ] } { [ 58.141969 ] } { [ 65.223645 ][ 40.500402 ] } { [ -4.709054 ] } { [ 74.078464 ] }
antes   de filtrar: { [ -12.255604 ] } { [ 40.130906 ][ 15.050214 ][ 42.038633 ][ 29.347524 ][ 40.401305 ] } { [ 21.379748 ][ 69.970516 ] } { [ -24.951861 ][ -24.566011 ][ -24.420617 ] } { [ -21.918843 ][ 34.487492 ][ 28.880683 ] } { [ 32.297642 ][ 45.063234 ] } { [ 71.296141 ] } { [ -20.421060 ] } { [ -24.847066 ] } { [ 6.439243 ][ -9.999478 ] } { [ 36.148573 ] } { [ -7.972279 ] } { [ 64.419377 ] } { [ 58.141969 ] } { [ 65.223645 ][ 40.500402 ] } { [ -4.709054 ] } { [ 74.078464 ] } { [ 19.578101 ] }
despues de filtrar: { [ -12.255604 ] } { [ 40.130906 ][ 15.050214 ][ 42.038633 ][ 29.347524 ][ 40.401305 ] } { [ 21.379748 ][ 69.970516 ] } { [ -24.951861 ][ -24.566011 ][ -24.420617 ] } { [ -21.918843 ][ 34.487492 ][ 28.880683 ] } { [ 32.297642 ][ 45.063234 ] } { [ 71.296141 ] } { [ -20.421060 ] } { [ -24.847066 ] } { [ 6.439243 ][ -9.999478 ] } { [ 36.148573 ] } { [ -7.972279 ] } { [ 64.419377 ] } { [ 58.141969 ] } { [ 65.223645 ][ 40.500402 ] } { [ -4.709054 ] } { [ 74.078464 ] }
antes   de colapsar { [ -12.255604 ] } { [ 40.130906 ][ 15.050214 ][ 42.038633 ][ 29.347524 ][ 40.401305 ] } { [ 21.379748 ][ 69.970516 ] } { [ -24.951861 ][ -24.566011 ][ -24.420617 ] } { [ -21.918843 ][ 34.487492 ][ 28.880683 ] } { [ 32.297642 ][ 45.063234 ] } { [ 71.296141 ] } { [ -20.421060 ] } { [ -24.847066 ] } { [ 6.439243 ][ -9.999478 ] } { [ 36.148573 ] } { [ -7.972279 ] } { [ 64.419377 ] } { [ 58.141969 ] } { [ 65.223645 ][ 40.500402 ] } { [ -4.709054 ] } { [ 74.078464 ] } { [ -15.348561 ] } { [ -8.754299 ] } { [ -17.313150 ] }
despues de colapsar { [ -12.255604 ] } { [ 40.130906 ][ 15.050214 ][ 42.038633 ][ 29.347524 ][ 40.401305 ] } { [ 21.379748 ][ 69.970516 ] } { [ -24.951861 ][ -24.566011 ][ -24.420617 ] } { [ -21.918843 ][ 34.487492 ][ 28.880683 ] } { [ 32.297642 ][ 45.063234 ] } { [ 71.296141 ] } { [ -20.421060 ] } { [ -24.847066 ] } { [ 6.439243 ][ -9.999478 ] } { [ 36.148573 ] } { [ -7.972279 ] } { [ 64.419377 ] } { [ 58.141969 ] } { [ 65.223645 ][ 40.500402 ] } { [ -4.709054 ] } { [ 74.078464 ] } { [ -15.348561 ] } { [ -8.754299 ] } { [ -17.313150 ] }
antes   de colapsar { [ -12.255604 ] } { [ 40.130906 ][ 15.050214 ][ 42.038633 ][ 29.347524 ][ 40.401305 ] } { [ 21.379748 ][ 69.970516 ] } { [ -24.951861 ][ -24.566011 ][ -24.420617 ] } { [ -21.918843 ][ 34.487492 ][ 28.880683 ] } { [ 32.297642 ][ 45.063234 ] } { [ 71.296141 ] } { [ -20.421060 ] } { [ -24.847066 ] } { [ 6.439243 ][ -9.999478 ] } { [ 36.148573 ] } { [ -7.972279 ] } { [ 64.419377 ] } { [ 58.141969 ] } { [ 65.223645 ][ 40.500402 ] } { [ -4.709054 ] } { [ 74.078464 ] } { [ -15.348561 ] } { [ -8.754299 ] } { [ -17.313150 ] } { [ 48.033756 ][ -2.208658 ] } { [ 74.524217 ] }
despues de colapsar { [ -12.255604 ] } { [ 40.130906 ][ 15.050214 ][ 42.038633 ][ 29.347524 ][ 40.401305 ] } { [ 21.379748 ][ 69.970516 ] } { [ -24.951861 ][ -24.566011 ][ -24.420617 ] } { [ -21.918843 ][ 34.487492 ][ 28.880683 ] } { [ 32.297642 ][ 45.063234 ] } { [ 71.296141 ] } { [ -20.421060 ] } { [ -24.847066 ] } { [ 6.439243 ][ -9.999478 ] } { [ 36.148573 ] } { [ -7.972279 ] } { [ 64.419377 ] } { [ 58.141969 ] } { [ 65.223645 ][ 40.500402 ] } { [ -4.709054 ] } { [ 74.078464 ] } { [ -15.348561 ] } { [ -8.754299 ] } { [ -17.313150 ] } { [ 48.033756 ][ -2.208658 ] } { [ 74.524217 ] }
antes   de colapsar { [ 4096 ] } { [ 9660 ] }
despues de colapsar { [ 4096 ] } { [ 9660 ] }
antes   de filtrar: { [ 4096 ] } { [ 9660 ] } { [ 1935 ][ 4951 ] } { [ 6159 ] }
despues de filtrar: { [ 1935 ][ 4951 ] } { [ 6159 ] }
antes   de colapsar { [ 1935 ][ 4951 ] } { [ 6159 ][ 3942 ] } { [ 3453 ] } { [ 2372 ] } { [ 3059 ] }
despues de colapsar { [ 1935 ][ 4951 ] } { [ 6159 ][ 3942 ] } { [ 3453 ] } { [ 2372 ] } { [ 3059 ] }
antes   de filtrar: { [ 1935 ][ 4951 ] } { [ 6159 ][ 3942 ] } { [ 3453 ] } { [ 2372 ] } { [ 3059 ] } { [ 651 ] }
despues de filtrar: { [ 1935 ][ 4951 ] } { [ 6159 ][ 3942 ] } { [ 3453 ] } { [ 2372 ] } { [ 651 ] }
antes   de colapsar { [ 1935 ][ 4951 ] } { [ 6159 ][ 3942 ] } { [ 3453 ] } { [ 2372 ] } { [ 651 ][ 1333 ][ 8029 ] } { [ 8068 ] } { [ 6058 ] } { [ 8089 ] } { [ 8282 ] } { [ 8724 ] } { [ 4109 ][ 2283 ] } { [ 2000 ] } { [ 6186 ] }
despues de colapsar { [ 1935 ][ 4951 ] } { [ 6159 ][ 3942 ] } { [ 3453 ] } { [ 2372 ] } { [ 651 ][ 1333 ][ 8029 ] } { [ 8068 ] } { [ 6058 ] } { [ 8089 ] } { [ 8282 ] } { [ 8724 ] } { [ 3062 ] } { [ 2000 ] } { [ 6186 ] }
antes   de colapsar { [ 1935 ][ 4951 ] } { [ 6159 ][ 3942 ] } { [ 3453 ] } { [ 2372 ] } { [ 651 ][ 1333 ][ 8029 ] } { [ 8068 ] } { [ 6058 ][ 7975 ] } { [ 8089 ] } { [ 8282 ][ 5304 ] } { [ 8724 ] } { [ 3062 ] } { [ 2000 ] } { [ 6186 ] } { [ 7830 ] } { [ 4924 ] } { [ 5304 ] } { [ 2432 ] }
despues de colapsar { [ 1935 ][ 4951 ] } { [ 6159 ][ 3942 ] } { [ 3453 ] } { [ 2372 ] } { [ 651 ][ 1333 ][ 8029 ] } { [ 8068 ] } { [ 6950 ] } { [ 8089 ] } { [ 8282 ][ 5304 ] } { [ 8724 ] } { [ 3062 ] } { [ 2000 ] } { [ 6186 ] } { [ 7830 ] } { [ 4924 ] } { [ 5304 ] } { [ 2432 ] }
antes   de filtrar: { [ 1935 ][ 4951 ] } { [ 6159 ][ 3942 ] } { [ 3453 ] } { [ 2372 ] } { [ 651 ][ 1333 ][ 8029 ] } { [ 8068 ] } { [ 6950 ] } { [ 8089 ] } { [ 8282 ][ 5304 ] } { [ 8724 ] } { [ 3062 ] } { [ 2000 ] } { [ 6186 ] } { [ 7830 ] } { [ 4924 ] } { [ 5304 ] } { [ 2432 ] } { [ 3408 ] } { [ 4325 ] } { [ 6880 ] } { [ 7446 ] }
despues de filtrar: { [ 1935 ][ 4951 ] } { [ 6159 ][ 3942 ] } { [ 3453 ] } { [ 2372 ] } { [ 651 ][ 1333 ][ 8029 ] } { [ 8282 ][ 5304 ] } { [ 8724 ] } { [ 6186 ] } { [ 4924 ] } { [ 2432 ] } { [ 4325 ] } { [ 7446 ] }
antes   de colapsar { [ 1935 ][ 4951 ] } { [ 6159 ][ 3942 ][ 28 ] } { [ 3453 ] } { [ 2372 ] } { [ 651 ][ 1333 ][ 8029 ][ 3773 ] } { [ 8282 ][ 5304 ][ 1860 ] } { [ 8724 ] } { [ 6186 ] } { [ 4924 ] } { [ 2432 ] } { [ 4325 ] } { [ 7446 ] } { [ 1314 ] } { [ 1736 ] }
despues de colapsar { [ 1935 ][ 4951 ] } { [ 6159 ][ 3942 ][ 28 ] } { [ 3453 ] } { [ 2372 ] } { [ 651 ][ 1333 ][ 8029 ][ 3773 ] } { [ 8282 ][ 5304 ][ 1860 ] } { [ 8724 ] } { [ 6186 ] } { [ 4924 ] } { [ 2432 ] } { [ 4325 ] } { [ 7446 ] } { [ 1314 ] } { [ 1736 ] }
antes   de filtrar: { [ 1935 ][ 4951 ] } { [ 6159 ][ 3942 ][ 28 ] } { [ 3453 ] } { [ 2372 ] } { [ 651 ][ 1333 ][ 8029 ][ 3773 ] } { [ 8282 ][ 5304 ][ 1860 ] } { [ 8724 ] } { [ 6186 ] } { [ 4924 ] } { [ 2432 ] } { [ 4325 ] } { [ 7446 ] } { [ 1314 ] } { [ 1736 ] }
despues de filtrar: { [ 1935 ][ 4951 ] } { [ 6159 ][ 3942 ][ 28 ] } { [ 3453 ] } { [ 2372 ] } { [ 651 ][ 1333 ][ 8029 ][ 3773 ] } { [ 8282 ][ 5304 ][ 1860 ] } { [ 8724 ] } { [ 6186 ] } { [ 4924 ] } { [ 2432 ] } { [ 4325 ] } { [ 7446 ] } { [ 1314 ] } { [ 1736 ] }
antes   de filtrar: { [ 1935 ][ 4951 ] } { [ 6159 ][ 3942 ][ 28 ] } { [ 3453 ] } { [ 2372 ] } { [ 651 ][ 1333 ][ 8029 ][ 3773 ] } { [ 8282 ][ 5304 ][ 1860 ] } { [ 8724 ] } { [ 6186 ] } { [ 4924 ] } { [ 2432 ] } { [ 4325 ][ 1794 ] } { [ 7446 ] } { [ 1314 ] } { [ 1736 ] } { [ 3234 ] }
despues de filtrar: { [ 1935 ][ 4951 ] } { [ 6159 ][ 3942 ][ 28 ] } { [ 3453 ] } { [ 2372 ] } { [ 651 ][ 1333 ][ 8029 ][ 3773 ] } { [ 8282 ][ 5304 ][ 1860 ] } { [ 8724 ] } { [ 6186 ] } { [ 4924 ] } { [ 2432 ] } { [ 4325 ][ 1794 ] } { [ 7446 ] } { [ 1314 ] } { [ 1736 ] } { [ 3234 ] }
antes   de colapsar <vacia>
despues de colapsar <vacia>
antes   de filtrar: <vacia>
despues de filtrar: <vacia>
antes   de colapsar { [ 2iil6jr ][ ag5o ] } { [ du ][ w ][ w7uvwx1t ] } { [ y7d59n63j7 ][ v7ac ] } { [ r5 ] } { [ 8ogy ] } { [ l8c2 ] } { [ ncbrbkowj ] } { [ c8artyoay7 ] } { [ t2qu ] } { [ 0im ] }
despues de colapsar { [ 2aigi5lo6j ] } { [ du ][ w ][ w7uvwx1t ] } { [ yv77da5c9n ] } { [ r5 ] } { [ 8ogy ] } { [ l8c2 ] } { [ ncbrbkowj ] } { [ c8artyoay7 ] } { [ t2qu ] } { [ 0im ] }
antes   de filtrar: { [ 2aigi5lo6j ] } { [ du ][ w ][ w7uvwx1t ] } { [ yv77da5c9n ] } { [ r5 ] } { [ 8ogy ] } { [ l8c2 ] } { [ ncbrbkowj ] } { [ c8artyoay7 ] } { [ t2qu ] } { [ 0im ] } { [ a50ff6f ] } { [ p0yepw ] }
despues de filtrar: { [ du ][ w ][ w7uvwx1t ] } { [ ncbrbkowj ] }
antes   de filtrar: { [ du ][ w ][ w7uvwx1t ] } { [ ncbrbkowj ] } { [ fjh ] } { [ ugga7 ] }
despues de filtrar: { [ du ][ w ][ w7uvwx1t ] } { [ ncbrbkowj ] } { [ fjh ] }
antes   de colapsar { [ du ][ w ][ w7uvwx1t ] } { [ ncbrbkowj ] } { [ fjh ] }
despues de colapsar { [ du ][ w ][ w7uvwx1t ] } { [ ncbrbkowj ] } { [ fjh ] }
antes   de filtrar: { [ du ][ w ][ w7uvwx1t ] } { [ ncbrbkowj ] } { [ fjh ] } { [ 0vb0w7fh ] } { [ b ] } { [ jafk6 ] } { [ eln ] } { [ iqnkvsh ] } { [ 3nnjdxhvh9 ] }
despues de filtrar: { [ du ][ w ][ w7uvwx1t ] } { [ ncbrbkowj ] } { [ fjh ] } { [ b ] } { [ eln ] } { [ iqnkvsh ] }
antes   de filtrar: { [ du ][ w ][ w7uvwx1t ][ oahqoa38fc ] } { [ ncbrbkowj ][ ydoxp0 ] } { [ fjh ][ 604u ] } { [ b ][ lvpldgtkuc ] } { [ eln ] } { [ iqnkvsh ][ nw317h0gk ] } { [ w284xi ] } { [ 2ukqof2yn ] } { [ y7w3s ] } { [ 3 ] }
despues de filtrar: { [ du ][ w ][ w7uvwx1t ][ oahqoa38fc ] } { [ ncbrbkowj ][ ydoxp0 ] } { [ fjh ][ 604u ] } { [ b ][ lvpldgtkuc ] } { [ eln ] } { [ iqnkvsh ][ nw317h0gk ] }
antes   de colapsar { [ du ][ w ][ w7uvwx1t ][ oahqoa38fc ] } { [ ncbrbkowj ][ ydoxp0 ] } { [ fjh ][ 604u ] } { [ b ][ lvpldgtkuc ][ 6vafb1 ] } { [ eln ] } { [ iqnkvsh ][ nw317h0gk ][ 76kqhqpy ] } { [ 6k ] } { [ af0igofdy9 ] } { [ oo8 ] } { [ 27m9n051ou ] } { [ tmcjts ] } { [ 5r9i5e ] }
despues de colapsar { [ du ][ w ][ w7uvwx1t ][ oahqoa38fc ] } { [ ncbrbkowj ][ ydoxp0 ] } { [ fjh ][ 604u ] } { [ b ][ lvpldgtkuc ][ 6vafb1 ] } { [ eln ] } { [ iqnkvsh ][ nw317h0gk ][ 76kqhqpy ] } { [ 6k ] } { [ af0igofdy9 ] } { [ oo8 ] } { [ 27m9n051ou ] } { [ tmcjts ] } { [ 5r9i5e ] }
antes   de colapsar { [ du ][ w ][ w7uvwx1t ][ oahqoa38fc ] } { [ ncbrbkowj ][ ydoxp0 ] } { [ fjh ][ 604u ] } { [ b ][ lvpldgtkuc ][ 6vafb1 ] } { [ eln ] } { [ iqnkvsh ][ nw317h0gk ][ 76kqhqpy ][ qdty ] } { [ 6k ] } { [ af0igofdy9 ] } { [ oo8 ] } { [ 27m9n051ou ] } { [ tmcjts ] } { [ 5r9i5e ][ afy6135 ] } { [ rvut4l ] } { [ sgxgq ] } { [ 8y4mypi ] } { [ dmq ] } { [ er ] }
despues de colapsar { [ du ][ w ][ w7uvwx1t ][ oahqoa38fc ] } { [ ncbrbkowj ][ ydoxp0 ] } { [ fjh ][ 604u ] } { [ b ][ lvpldgtkuc ][ 6vafb1 ] } { [ eln ] } { [ iqnkvsh ][ nw317h0gk ][ 76kqhqpy ][ qdty ] } { [ 6k ] } { [ af0igofdy9 ] } { [ oo8 ] } { [ 27m9n051ou ] } { [ tmcjts ] } { [ 5arf9yi651 ] } { [ rvut4l ] } { [ sgxgq ] } { [ 8y4mypi ] } { [ dmq ] } { [ er ] }
