antes   de filtrar: { [ 9918 ] }
despues de filtrar: { [ 9918 ] }
antes   de colapsar { [ 9918 ][ 4791 ][ 399 ] } { [ 8442 ] } { [ 3970 ] }
despues de colapsar { [ 9918 ][ 4791 ][ 399 ] } { [ 8442 ] } { [ 3970 ] }
antes   de filtrar: { [ 9918 ][ 4791 ][ 399 ] } { [ 8442 ] } { [ 3970 ] }
despues de filtrar: { [ 9918 ][ 4791 ][ 399 ] } { [ 8442 ] }
antes   de filtrar: { [ 9918 ][ 4791 ][ 399 ][ 4441 ] } { [ 8442 ][ 4522 ] } { [ 6900 ] } { [ 3627 ] } { [ 7174 ] } { [ 3333 ] } { [ 3760 ] } { [ 285 ] }
despues de filtrar: { [ 9918 ][ 4791 ][ 399 ][ 4441 ] } { [ 8442 ][ 4522 ] } { [ 3627 ] } { [ 7174 ] } { [ 3333 ] } { [ 285 ] }
antes   de colapsar { [ 9918 ][ 4791 ][ 399 ][ 4441 ] } { [ 8442 ][ 4522 ][ 4089 ] } { [ 3627 ] } { [ 7174 ] } { [ 3333 ] } { [ 285 ] } { [ 5969 ] } { [ 7386 ] } { [ 7869 ] } { [ 4137 ] }
despues de colapsar { [ 9918 ][ 4791 ][ 399 ][ 4441 ] } { [ 8442 ][ 4522 ][ 4089 ] } { [ 3627 ] } { [ 7174 ] } { [ 3333 ] } { [ 285 ] } { [ 5969 ] } { [ 7386 ] } { [ 7869 ] } { [ 4137 ] }
antes   de colapsar { [ 9918 ][ 4791 ][ 399 ][ 4441 ] } { [ 8442 ][ 4522 ][ 4089 ] } { [ 3627 ] } { [ 7174 ] } { [ 3333 ] } { [ 285 ] } { [ 5969 ][ 1483 ] } { [ 7386 ] } { [ 7869 ] } { [ 4137 ] } { [ 6188 ] } { [ 3003 ] } { [ 7681 ] } { [ 7979 ] }
despues de colapsar { [ 9918 ][ 4791 ][ 399 ][ 4441 ] } { [ 8442 ][ 4522 ][ 4089 ] } { [ 3627 ] } { [ 7174 ] } { [ 3333 ] } { [ 285 ] } { [ 5969 ][ 1483 ] } { [ 7386 ] } { [ 7869 ] } { [ 4137 ] } { [ 6188 ] } { [ 3003 ] } { [ 7681 ] } { [ 7979 ] }
antes   de colapsar { [ 9918 ][ 4791 ][ 399 ][ 4441 ] } { [ 8442 ][ 4522 ][ 4089 ] } { [ 3627 ] } { [ 7174 ] } { [ 3333 ] } { [ 285 ] } { [ 5969 ][ 1483 ] } { [ 7386 ] } { [ 7869 ] } { [ 4137 ] } { [ 6188 ] } { [ 3003 ] } { [ 7681 ] } { [ 7979 ] }
despues de colapsar { [ 9918 ][ 4791 ][ 399 ][ 4441 ] } { [ 8442 ][ 4522 ][ 4089 ] } { [ 3627 ] } { [ 7174 ] } { [ 3333 ] } { [ 285 ] } { [ 5969 ][ 1483 ] } { [ 7386 ] } { [ 7869 ] } { [ 4137 ] } { [ 6188 ] } { [ 3003 ] } { [ 7681 ] } { [ 7979 ] }
antes   de filtrar: { [ 9918 ][ 4791 ][ 399 ][ 4441 ] } { [ 8442 ][ 4522 ][ 4089 ] } { [ 3627 ] } { [ 7174 ] } { [ 3333 ] } { [ 285 ] } { [ 5969 ][ 1483 ] } { [ 7386 ] } { [ 7869 ] } { [ 4137 ] } { [ 6188 ] } { [ 3003 ] } { [ 7681 ] } { [ 7979 ] }
despues de filtrar: { [ 9918 ][ 4791 ][ 399 ][ 4441 ] } { [ 8442 ][ 4522 ][ 4089 ] } { [ 3627 ] } { [ 7174 ] } { [ 3333 ] } { [ 285 ] } { [ 5969 ][ 1483 ] } { [ 7386 ] } { [ 7869 ] } { [ 4137 ] } { [ 6188 ] } { [ 7681 ] } { [ 7979 ] }
antes   de colapsar { [ 9918 ][ 4791 ][ 399 ][ 4441 ] } { [ 8442 ][ 4522 ][ 4089 ] } { [ 3627 ] } { [ 7174 ] } { [ 3333 ] } { [ 285 ] } { [ 5969 ][ 1483 ] } { [ 7386 ] } { [ 7869 ] } { [ 4137 ] } { [ 6188 ] } { [ 7681 ][ 2838 ] } { [ 7979 ] } { [ 8617 ] } { [ 6518 ] } { [ 8287 ] } { [ 1489 ] }
despues de colapsar { [ 9918 ][ 4791 ][ 399 ][ 4441 ] } { [ 8442 ][ 4522 ][ 4089 ] } { [ 3627 ] } { [ 7174 ] } { [ 3333 ] } { [ 285 ] } { [ 5969 ][ 1483 ] } { [ 7386 ] } { [ 7869 ] } { [ 4137 ] } { [ 6188 ] } { [ 7681 ][ 2838 ] } { [ 7979 ] } { [ 8617 ] } { [ 6518 ] } { [ 8287 ] } { [ 1489 ] }
antes   de filtrar: { [ 9918 ][ 4791 ][ 399 ][ 4441 ] } { [ 8442 ][ 4522 ][ 4089 ] } { [ 3627 ] } { [ 7174 ] } { [ 3333 ] } { [ 285 ] } { [ 5969 ][ 1483 ] } { [ 7386 ] } { [ 7869 ] } { [ 4137 ] } { [ 6188 ] } { [ 7681 ][ 2838 ] } { [ 7979 ] } { [ 8617 ] } { [ 6518 ] } { [ 8287 ] } { [ 1489 ] } { [ 592 ] }
despues de filtrar: { [ 9918 ][ 4791 ][ 399 ][ 4441 ] } { [ 8442 ][ 4522 ][ 4089 ] } { [ 3627 ] } { [ 7174 ] } { [ 3333 ] } { [ 285 ] } { [ 5969 ][ 1483 ] } { [ 7386 ] } { [ 7869 ] } { [ 4137 ] } { [ 6188 ] } { [ 7681 ][ 2838 ] } { [ 7979 ] } { [ 8617 ] } { [ 6518 ] } { [ 8287 ] } { [ 1489 ] } { [ 592 ] }
antes   de colapsar { [ 5599 ] } { [ 4576 ][ 7006 ] } { [ 7658 ] } { [ 2960 ] }
despues de colapsar { [ 5599 ] } { [ 4576 ][ 7006 ] } { [ 7658 ] } { [ 2960 ] }
antes   de colapsar { [ 5599 ] } { [ 4576 ][ 7006 ] } { [ 7658 ][ 4923 ] } { [ 2960 ][ 5976 ] } { [ 4936 ] } { [ 336 ] }
despues de colapsar { [ 5599 ] } { [ 4576 ][ 7006 ] } { [ 7658 ][ 4923 ] } { [ 4205 ] } { [ 4936 ] } { [ 336 ] }
antes   de colapsar { [ 5599 ] } { [ 4576 ][ 7006 ] } { [ 7658 ][ 4923 ] } { [ 4205 ] } { [ 4936 ] } { [ 336 ] } { [ 7606 ] } { [ 9537 ] } { [ 4438 ] }
despues de colapsar { [ 5599 ] } { [ 4576 ][ 7006 ] } { [ 7658 ][ 4923 ] } { [ 4205 ] } { [ 4936 ] } { [ 336 ] } { [ 7606 ] } { [ 9537 ] } { [ 4438 ] }
antes   de colapsar { [ 5599 ] } { [ 4576 ][ 7006 ] } { [ 7658 ][ 4923 ] } { [ 4205 ] } { [ 4936 ] } { [ 336 ] } { [ 7606 ] } { [ 9537 ] } { [ 4438 ] }
despues de colapsar { [ 5599 ] } { [ 4576 ][ 7006 ] } { [ 7658 ][ 4923 ] } { [ 4205 ] } { [ 4936 ] } { [ 336 ] } { [ 7606 ] } { [ 9537 ] } { [ 4438 ] }
antes   de filtrar: { [ 5599 ] } { [ 4576 ][ 7006 ] } { [ 7658 ][ 4923 ] } { [ 4205 ] } { [ 4936 ] } { [ 336 ] } { [ 7606 ] } { [ 9537 ] } { [ 4438 ] }
despues de filtrar: { [ 5599 ] } { [ 4576 ][ 7006 ] } { [ 7658 ][ 4923 ] } { [ 4936 ] } { [ 336 ] } { [ 9537 ] } { [ 4438 ] }
antes   de filtrar: { [ 5599 ] } { [ 4576 ][ 7006 ] } { [ 7658 ][ 4923 ] } { [ 4936 ] } { [ 336 ] } { [ 9537 ] } { [ 4438 ] }
despues de filtrar: { [ 5599 ] } { [ 4576 ][ 7006 ] } { [ 7658 ][ 4923 ] } { [ 4936 ] } { [ 336 ] } { [ 9537 ] } { [ 4438 ] }
antes   de filtrar: { [ 5599 ] } { [ 4576 ][ 7006 ] } { [ 7658 ][ 4923 ] } { [ 4936 ] } { [ 336 ] } { [ 9537 ] } { [ 4438 ] } { [ 2092 ] }
despues de filtrar: { [ 5599 ] } { [ 4576 ][ 7006 ] } { [ 7658 ][ 4923 ] } { [ 4936 ] } { [ 336 ] } { [ 9537 ] } { [ 4438 ] }
antes   de colapsar { [ 5599 ] } { [ 4576 ][ 7006 ] } { [ 7658 ][ 4923 ] } { [ 4936 ] } { [ 336 ] } { [ 9537 ] } { [ 4438 ] }
despues de colapsar { [ 5599 ] } { [ 4576 ][ 7006 ] } { [ 7658 ][ 4923 ] } { [ 4936 ] } { [ 336 ] } { [ 9537 ] } { [ 4438 ] }
antes   de filtrar: { [ 5599 ] } { [ 4576 ][ 7006 ] } { [ 7658 ][ 4923 ] } { [ 4936 ] } { [ 336 ] } { [ 9537 ] } { [ 4438 ] } { [ 1480 ] }
despues de filtrar: { [ 5599 ] } { [ 4576 ][ 7006 ] } { [ 7658 ][ 4923 ] } { [ 4936 ] } { [ 336 ] } { [ 9537 ] } { [ 4438 ] }
antes   de filtrar: { [ 5599 ][ 1320 ][ 8037 ] } { [ 4576 ][ 7006 ][ 4893 ] } { [ 7658 ][ 4923 ][ 1121 ] } { [ 4936 ] } { [ 336 ] } { [ 9537 ] } { [ 4438 ] } { [ 9417 ][ 9018 ] } { [ 7052 ] } { [ 9 ][ 2543 ] } { [ 8758 ] } { [ 6995 ] } { [ 2569 ] } { [ 9491 ] } { [ 8062 ] } { [ 5230 ] } { [ 2740 ] } { [ 5607 ] } { [ 3498 ] } { [ 3647 ][ 2943 ] } { [ 9021 ] } { [ 4484 ] } { [ 4578 ] } { [ 3073 ] } { [ 309 ] }
despues de filtrar: { [ 5599 ][ 1320 ][ 8037 ] } { [ 4576 ][ 7006 ][ 4893 ] } { [ 7658 ][ 4923 ][ 1121 ] } { [ 4936 ] } { [ 336 ] } { [ 9537 ] } { [ 4438 ] } { [ 9417 ][ 9018 ] } { [ 9 ][ 2543 ] } { [ 8758 ] } { [ 6995 ] } { [ 2569 ] } { [ 9491 ] } { [ 3498 ] } { [ 3647 ][ 2943 ] } { [ 4484 ] } { [ 4578 ] }
antes   de filtrar: { [ w4r01 ][ 3lt6b ] } { [ cbo1p ] } { [ p4o ] } { [ 1at ] } { [ 5 ] } { [ 8s0x8 ] } { [ io ] } { [ p0newkfnr ] }
despues de filtrar: { [ io ] }
antes   de filtrar: { [ io ][ bjatcw ][ br5ipyvdtu ][ d ] } { [ oj96ryw ][ v0yac ] } { [ 15 ] } { [ doatm5k ][ j ] } { [ ixkl ] } { [ u ] } { [ 2jw75bsg ] }
despues de filtrar: { [ io ][ bjatcw ][ br5ipyvdtu ][ d ] } { [ ixkl ] } { [ u ] }
antes   de filtrar: { [ io ][ bjatcw ][ br5ipyvdtu ][ d ] } { [ ixkl ] } { [ u ] } { [ k ] }
despues de filtrar: { [ io ][ bjatcw ][ br5ipyvdtu ][ d ] } { [ ixkl ] } { [ u ] } { [ k ] }
antes   de colapsar { [ io ][ bjatcw ][ br5ipyvdtu ][ d ][ 2x3eovua ] } { [ ixkl ][ dba2e42y ] } { [ u ] } { [ k ][ 04xun4vi ] } { [ t9jp ] } { [ gsx3fs ] } { [ uh6e8pedli ] } { [ 2t2i067j ] }
despues de colapsar { [ io ][ bjatcw ][ br5ipyvdtu ][ d ][ 2x3eovua ] } { [ ixkl ][ dba2e42y ] } { [ u ] } { [ k ][ 04xun4vi ] } { [ t9jp ] } { [ gsx3fs ] } { [ uh6e8pedli ] } { [ 2t2i067j ] }
antes   de colapsar { [ io ][ bjatcw ][ br5ipyvdtu ][ d ][ 2x3eovua ] } { [ ixkl ][ dba2e42y ] } { [ u ] } { [ k ][ 04xun4vi ] } { [ t9jp ] } { [ gsx3fs ] } { [ uh6e8pedli ] } { [ 2t2i067j ] } { [ ra7w72g ] }
despues de colapsar { [ io ][ bjatcw ][ br5ipyvdtu ][ d ][ 2x3eovua ] } { [ ixkl ][ dba2e42y ] } { [ u ] } { [ k ][ 04xun4vi ] } { [ t9jp ] } { [ gsx3fs ] } { [ uh6e8pedli ] } { [ 2t2i067j ] } { [ ra7w72g ] }
antes   de filtrar: { [ io ][ bjatcw ][ br5ipyvdtu ][ d ][ 2x3eovua ] } { [ ixkl ][ dba2e42y ] } { [ u ] } { [ k ][ 04xun4vi ] } { [ t9jp ] } { [ gsx3fs ] } { [ uh6e8pedli ] } { [ 2t2i067j ] } { [ ra7w72g ] }
despues de filtrar: { [ io ][ bjatcw ][ br5ipyvdtu ][ d ][ 2x3eovua ] } { [ ixkl ][ dba2e42y ] } { [ u ] } { [ k ][ 04xun4vi ] }
antes   de filtrar: { [ io ][ bjatcw ][ br5ipyvdtu ][ d ][ 2x3eovua ] } { [ ixkl ][ dba2e42y ][ hafj ] } { [ u ] } { [ k ][ 04xun4vi ] } { [ i78nqhh ] } { [ gbbuy ] } { [ tns ][ vwafb ] }
despues de filtrar: { [ io ][ bjatcw ][ br5ipyvdtu ][ d ][ 2x3eovua ] } { [ ixkl ][ dba2e42y ][ hafj ] } { [ u ] } { [ k ][ 04xun4vi ] } { [ gbbuy ] } { [ tns ][ vwafb ] }
antes   de colapsar { [ io ][ bjatcw ][ br5ipyvdtu ][ d ][ 2x3eovua ] } { [ ixkl ][ dba2e42y ][ hafj ][ 8g2ttntd1h ] } { [ u ] } { [ k ][ 04xun4vi ] } { [ gbbuy ] } { [ tns ][ vwafb ] } { [ 2ph ] } { [ ne9fwpmo ] } { [ gd ] } { [ sbwlqh ] }
despues de colapsar { [ io ][ bjatcw ][ br5ipyvdtu ][ d ][ 2x3eovua ] } { [ ixkl ][ dba2e42y ][ hafj ][ 8g2ttntd1h ] } { [ u ] } { [ k ][ 04xun4vi ] } { [ gbbuy ] } { [ tns ][ vwafb ] } { [ 2ph ] } { [ ne9fwpmo ] } { [ gd ] } { [ sbwlqh ] }
antes   de colapsar { [ io ][ bjatcw ][ br5ipyvdtu ][ d ][ 2x3eovua ] } { [ ixkl ][ dba2e42y ][ hafj ][ 8g2ttntd1h ][ vf3p9 ] } { [ u ] } { [ k ][ 04xun4vi ] } { [ gbbuy ][ kvro ] } { [ tns ][ vwafb ] } { [ 2ph ] } { [ ne9fwpmo ] } { [ gd ] } { [ sbwlqh ] } { [ b3jv42r4 ] } { [ 052h096 ] } { [ a ] }
despues de colapsar { [ io ][ bjatcw ][ br5ipyvdtu ][ d ][ 2x3eovua ] } { [ ixkl ][ dba2e42y ][ hafj ][ 8g2ttntd1h ][ vf3p9 ] } { [ u ] } { [ k ][ 04xun4vi ] } { [ gbbuy ][ kvro ] } { [ tns ][ vwafb ] } { [ 2ph ] } { [ ne9fwpmo ] } { [ gd ] } { [ sbwlqh ] } { [ b3jv42r4 ] } { [ 052h096 ] } { [ a ] }
antes   de colapsar { [ io ][ bjatcw ][ br5ipyvdtu ][ d ][ 2x3eovua ] } { [ ixkl ][ dba2e42y ][ hafj ][ 8g2ttntd1h ][ vf3p9 ] } { [ u ] } { [ k ][ 04xun4vi ] } { [ gbbuy ][ kvro ] } { [ tns ][ vwafb ] } { [ 2ph ] } { [ ne9fwpmo ] } { [ gd ] } { [ sbwlqh ] } { [ b3jv42r4 ] } { [ 052h096 ] } { [ a ] } { [ 4g ] }
despues de colapsar { [ io ][ bjatcw ][ br5ipyvdtu ][ d ][ 2x3eovua ] } { [ ixkl ][ dba2e42y ][ hafj ][ 8g2ttntd1h ][ vf3p9 ] } { [ u ] } { [ k ][ 04xun4vi ] } { [ gbbuy ][ kvro ] } { [ tns ][ vwafb ] } { [ 2ph ] } { [ ne9fwpmo ] } { [ gd ] } { [ sbwlqh ] } { [ b3jv42r4 ] } { [ 052h096 ] } { [ a ] } { [ 4g ] }
antes   de colapsar { [ 8174 ][ 8295 ] } { [ 2269 ] }
despues de colapsar { [ 8174 ][ 8295 ] } { [ 2269 ] }
antes   de filtrar: { [ 8174 ][ 8295 ][ 341 ] } { [ 2269 ] } { [ 9777 ] } { [ 8463 ] } { [ 698 ][ 2607 ][ 5612 ] } { [ 277 ] } { [ 1148 ] } { [ 5595 ][ 4099 ][ 3278 ] } { [ 4529 ] } { [ 5985 ] } { [ 9655 ][ 8649 ] } { [ 2854 ] } { [ 1431 ] } { [ 9992 ][ 154 ] } { [ 2684 ] }
despues de filtrar: { [ 8174 ][ 8295 ][ 341 ] } { [ 2269 ] } { [ 9777 ] } { [ 8463 ] } { [ 698 ][ 2607 ][ 5612 ] } { [ 277 ] } { [ 1148 ] } { [ 5595 ][ 4099 ][ 3278 ] } { [ 4529 ] } { [ 5985 ] } { [ 9655 ][ 8649 ] } { [ 2854 ] } { [ 1431 ] } { [ 9992 ][ 154 ] } { [ 2684 ] }
antes   de colapsar { [ 8174 ][ 8295 ][ 341 ] } { [ 2269 ] } { [ 9777 ] } { [ 8463 ] } { [ 698 ][ 2607 ][ 5612 ] } { [ 277 ] } { [ 1148 ] } { [ 5595 ][ 4099 ][ 3278 ][ 5704 ] } { [ 4529 ] } { [ 5985 ] } { [ 9655 ][ 8649 ] } { [ 2854 ] } { [ 1431 ] } { [ 9992 ][ 154 ] } { [ 2684 ][ 289 ] } { [ 1432 ] } { [ 3027 ] } { [ 5607 ] } { [ 1403 ] }
despues de colapsar { [ 8174 ][ 8295 ][ 341 ] } { [ 2269 ] } { [ 9777 ] } { [ 8463 ] } { [ 698 ][ 2607 ][ 5612 ] } { [ 277 ] } { [ 1148 ] } { [ 5595 ][ 4099 ][ 3278 ][ 5704 ] } { [ 4529 ] } { [ 5985 ] } { [ 9655 ][ 8649 ] } { [ 2854 ] } { [ 1431 ] } { [ 9992 ][ 154 ] } { [ 2684 ][ 289 ] } { [ 1432 ] } { [ 3027 ] } { [ 5607 ] } { [ 1403 ] }
antes   de filtrar: { [ 8174 ][ 8295 ][ 341 ] } { [ 2269 ] } { [ 9777 ] } { [ 8463 ] } { [ 698 ][ 2607 ][ 5612 ] } { [ 277 ] } { [ 1148 ] } { [ 5595 ][ 4099 ][ 3278 ][ 5704 ] } { [ 4529 ] } { [ 5985 ] } { [ 9655 ][ 8649 ] } { [ 2854 ] } { [ 1431 ] } { [ 9992 ][ 154 ] } { [ 2684 ][ 289 ] } { [ 1432 ] } { [ 3027 ] } { [ 5607 ] } { [ 1403 ] }
despues de filtrar: { [ 8174 ][ 8295 ][ 341 ] } { [ 2269 ] } { [ 9777 ] } { [ 8463 ] } { [ 698 ][ 2607 ][ 5612 ] } { [ 277 ] } { [ 1148 ] } { [ 5595 ][ 4099 ][ 3278 ][ 5704 ] } { [ 4529 ] } { [ 5985 ] } { [ 9655 ][ 8649 ] } { [ 2854 ] } { [ 1431 ] } { [ 9992 ][ 154 ] } { [ 2684 ][ 289 ] } { [ 1432 ] }
antes   de colapsar { [ 8174 ][ 8295 ][ 341 ] } { [ 2269 ] } { [ 9777 ] } { [ 8463 ] } { [ 698 ][ 2607 ][ 5612 ] } { [ 277 ] } { [ 1148 ] } { [ 5595 ][ 4099 ][ 3278 ][ 5704 ] } { [ 4529 ] } { [ 5985 ] } { [ 9655 ][ 8649 ] } { [ 2854 ] } { [ 1431 ] } { [ 9992 ][ 154 ] } { [ 2684 ][ 289 ] } { [ 1432 ] } { [ 1054 ] } { [ 9664 ] } { [ 8752 ] } { [ 4260 ] } { [ 3804 ] }
despues de colapsar { [ 8174 ][ 8295 ][ 341 ] } { [ 2269 ] } { [ 9777 ] } { [ 8463 ] } { [ 698 ][ 2607 ][ 5612 ] } { [ 277 ] } { [ 1148 ] } { [ 5595 ][ 4099 ][ 3278 ][ 5704 ] } { [ 4529 ] } { [ 5985 ] } { [ 9655 ][ 8649 ] } { [ 2854 ] } { [ 1431 ] } { [ 9992 ][ 154 ] } { [ 2684 ][ 289 ] } { [ 1432 ] } { [ 1054 ] } { [ 9664 ] } { [ 8752 ] } { [ 4260 ] } { [ 3804 ] }
antes   de colapsar { [ 8174 ][ 8295 ][ 341 ] } { [ 2269 ] } { [ 9777 ] } { [ 8463 ] } { [ 698 ][ 2607 ][ 5612 ] } { [ 277 ] } { [ 1148 ] } { [ 5595 ][ 4099 ][ 3278 ][ 5704 ] } { [ 4529 ] } { [ 5985 ] } { [ 9655 ][ 8649 ] } { [ 2854 ] } { [ 1431 ] } { [ 9992 ][ 154 ] } { [ 2684 ][ 289 ] } { [ 1432 ] } { [ 1054 ] } { [ 9664 ] } { [ 8752 ] } { [ 4260 ] } { [ 3804 ] } { [ 8455 ] }
despues de colapsar { [ 8174 ][ 8295 ][ 341 ] } { [ 2269 ] } { [ 9777 ] } { [ 8463 ] } { [ 698 ][ 2607 ][ 5612 ] } { [ 277 ] } { [ 1148 ] } { [ 5595 ][ 4099 ][ 3278 ][ 5704 ] } { [ 4529 ] } { [ 5985 ] } { [ 9655 ][ 8649 ] } { [ 2854 ] } { [ 1431 ] } { [ 9992 ][ 154 ] } { [ 2684 ][ 289 ] } { [ 1432 ] } { [ 1054 ] } { [ 9664 ] } { [ 8752 ] } { [ 4260 ] } { [ 3804 ] } { [ 8455 ] }
antes   de filtrar: { [ 8174 ][ 8295 ][ 341 ] } { [ 2269 ] } { [ 9777 ] } { [ 8463 ] } { [ 698 ][ 2607 ][ 5612 ] } { [ 277 ] } { [ 1148 ] } { [ 5595 ][ 4099 ][ 3278 ][ 5704 ] } { [ 4529 ] } { [ 5985 ] } { [ 9655 ][ 8649 ] } { [ 2854 ] } { [ 1431 ] } { [ 9992 ][ 154 ] } { [ 2684 ][ 289 ] } { [ 1432 ] } { [ 1054 ] } { [ 9664 ] } { [ 8752 ] } { [ 4260 ] } { [ 3804 ] } { [ 8455 ] } { [ 9411 ] } { [ 2954 ][ 8803 ] } { [ 4107 ] } { [ 1577 ] } { [ 8051 ] } { [ 1910 ] }
despues de filtrar: { [ 8174 ][ 8295 ][ 341 ] } { [ 2269 ] } { [ 9777 ] } { [ 8463 ] } { [ 698 ][ 2607 ][ 5612 ] } { [ 277 ] } { [ 1148 ] } { [ 5595 ][ 4099 ][ 3278 ][ 5704 ] } { [ 4529 ] } { [ 5985 ] } { [ 9655 ][ 8649 ] } { [ 2854 ] } { [ 1431 ] } { [ 9992 ][ 154 ] } { [ 2684 ][ 289 ] } { [ 1432 ] } { [ 9664 ] } { [ 8752 ] } { [ 8455 ] } { [ 9411 ] } { [ 2954 ][ 8803 ] } { [ 1577 ] }
antes   de filtrar: { [ 8174 ][ 8295 ][ 341 ] } { [ 2269 ] } { [ 9777 ] } { [ 8463 ] } { [ 698 ][ 2607 ][ 5612 ] } { [ 277 ] } { [ 1148 ] } { [ 5595 ][ 4099 ][ 3278 ][ 5704 ] } { [ 4529 ] } { [ 5985 ] } { [ 9655 ][ 8649 ] } { [ 2854 ] } { [ 1431 ] } { [ 9992 ][ 154 ] } { [ 2684 ][ 289 ] } { [ 1432 ] } { [ 9664 ] } { [ 8752 ] } { [ 8455 ] } { [ 9411 ] } { [ 2954 ][ 8803 ] } { [ 1577 ] } { [ 2981 ] }
despues de filtrar: { [ 8174 ][ 8295 ][ 341 ] } { [ 2269 ] } { [ 9777 ] } { [ 8463 ] } { [ 698 ][ 2607 ][ 5612 ] } { [ 277 ] } { [ 1148 ] } { [ 5595 ][ 4099 ][ 3278 ][ 5704 ] } { [ 4529 ] } { [ 5985 ] } { [ 9655 ][ 8649 ] } { [ 2854 ] } { [ 1431 ] } { [ 9992 ][ 154 ] } { [ 2684 ][ 289 ] } { [ 1432 ] } { [ 9664 ] } { [ 8752 ] } { [ 8455 ] } { [ 9411 ] } { [ 2954 ][ 8803 ] } { [ 1577 ] } { [ 2981 ] }
antes   de colapsar { [ 8174 ][ 8295 ][ 341 ][ 1713 ] } { [ 2269 ] } { [ 9777 ] } { [ 8463 ] } { [ 698 ][ 2607 ][ 5612 ] } { [ 277 ] } { [ 1148 ] } { [ 5595 ][ 4099 ][ 3278 ][ 5704 ] } { [ 4529 ] } { [ 5985 ] } { [ 9655 ][ 8649 ] } { [ 2854 ] } { [ 1431 ] } { [ 9992 ][ 154 ] } { [ 2684 ][ 289 ] } { [ 1432 ] } { [ 9664 ] } { [ 8752 ] } { [ 8455 ] } { [ 9411 ] } { [ 2954 ][ 8803 ] } { [ 1577 ] } { [ 2981 ] }
despues de colapsar { [ 8174 ][ 8295 ][ 341 ][ 1713 ] } { [ 2269 ] } { [ 9777 ] } { [ 8463 ] } { [ 698 ][ 2607 ][ 5612 ] } { [ 277 ] } { [ 1148 ] } { [ 5595 ][ 4099 ][ 3278 ][ 5704 ] } { [ 4529 ] } { [ 5985 ] } { [ 9655 ][ 8649 ] } { [ 2854 ] } { [ 1431 ] } { [ 9992 ][ 154 ] } { [ 2684 ][ 289 ] } { [ 1432 ] } { [ 9664 ] } { [ 8752 ] } { [ 8455 ] } { [ 9411 ] } { [ 2954 ][ 8803 ] } { [ 1577 ] } { [ 2981 ] }
antes   de filtrar: { [ 8174 ][ 8295 ][ 341 ][ 1713 ] } { [ 2269 ] } { [ 9777 ] } { [ 8463 ] } { [ 698 ][ 2607 ][ 5612 ] } { [ 277 ] } { [ 1148 ][ 8551 ] } { [ 5595 ][ 4099 ][ 3278 ][ 5704 ] } { [ 4529 ] } { [ 5985 ] } { [ 9655 ][ 8649 ] } { [ 2854 ] } { [ 1431 ] } { [ 9992 ][ 154 ] } { [ 2684 ][ 289 ] } { [ 1432 ] } { [ 9664 ][ 4466 ] } { [ 8752 ] } { [ 8455 ] } { [ 9411 ] } { [ 2954 ][ 8803 ] } { [ 1577 ] } { [ 2981 ] } { [ 6333 ] } { [ 1447 ] } { [ 4359 ] }
despues de filtrar: { [ 8174 ][ 8295 ][ 341 ][ 1713 ] } { [ 2269 ] } { [ 9777 ] } { [ 8463 ] } { [ 698 ][ 2607 ][ 5612 ] } { [ 277 ] } { [ 1148 ][ 8551 ] } { [ 5595 ][ 4099 ][ 3278 ][ 5704 ] } { [ 4529 ] } { [ 5985 ] } { [ 9655 ][ 8649 ] } { [ 2854 ] } { [ 1431 ] } { [ 9992 ][ 154 ] } { [ 2684 ][ 289 ] } { [ 1432 ] } { [ 9664 ][ 4466 ] } { [ 8752 ] } { [ 8455 ] } { [ 9411 ] } { [ 2954 ][ 8803 ] } { [ 1577 ] } { [ 2981 ] } { [ 6333 ] } { [ 1447 ] } { [ 4359 ] }
antes   de filtrar: { [ uc ][ pb ][ lfbrpyj3o ] } { [ ohse0 ] } { [ dwje ] } { [ yfpqa1v ] }
despues de filtrar: { [ uc ][ pb ][ lfbrpyj3o ] } { [ dwje ] }
antes   de filtrar: { [ uc ][ pb ][ lfbrpyj3o ] } { [ dwje ] } { [ 5gy ] } { [ 45 ][ 6x ] } { [ l ] } { [ b1tipghr ] } { [ 798wc8 ] } { [ gq3akttx ][ ewaxd7s ] } { [ pkwtq4otnp ] } { [ 5wv6yp ] } { [ djh4nvecbq ] }
despues de filtrar: { [ uc ][ pb ][ lfbrpyj3o ] } { [ dwje ] } { [ l ] }
antes   de colapsar { [ uc ][ pb ][ lfbrpyj3o ] } { [ dwje ] } { [ l ] }
despues de colapsar { [ uc ][ pb ][ lfbrpyj3o ] } { [ dwje ] } { [ l ] }
antes   de filtrar: { [ uc ][ pb ][ lfbrpyj3o ] } { [ dwje ] } { [ l ] } { [ 7hreyo897o ] } { [ fbvjp ] } { [ piv6 ] }
despues de filtrar: { [ uc ][ pb ][ lfbrpyj3o ] } { [ dwje ] } { [ l ] } { [ fbvjp ] }
antes   de colapsar { [ uc ][ pb ][ lfbrpyj3o ][ e8h6sbdc8 ] } { [ dwje ] } { [ l ] } { [ fbvjp ] }
despues de colapsar { [ uc ][ pb ][ lfbrpyj3o ][ e8h6sbdc8 ] } { [ dwje ] } { [ l ] } { [ fbvjp ] }
antes   de filtrar: { [ uc ][ pb ][ lfbrpyj3o ][ e8h6sbdc8 ] } { [ dwje ] } { [ l ] } { [ fbvjp ] }
despues de filtrar: { [ uc ][ pb ][ lfbrpyj3o ][ e8h6sbdc8 ] } { [ dwje ] } { [ l ] } { [ fbvjp ] }
antes   de colapsar { [ uc ][ pb ][ lfbrpyj3o ][ e8h6sbdc8 ] } { [ dwje ] } { [ l ][ 2y8kp ] } { [ fbvjp ] } { [ e827s03 ] }
despues de colapsar { [ uc ][ pb ][ lfbrpyj3o ][ e8h6sbdc8 ] } { [ dwje ] } { [ l ][ 2y8kp ] } { [ fbvjp ] } { [ e827s03 ] }
antes   de colapsar { [ uc ][ pb ][ lfbrpyj3o ][ e8h6sbdc8 ] } { [ dwje ] } { [ l ][ 2y8kp ] } { [ fbvjp ] } { [ e827s03 ] } { [ u72vdwaa7 ][ eh ][ b45d ] } { [ 3plvp ] } { [ lqkrx ] } { [ 3b3jmaf5c ] } { [ drrj81cg ] }
despues de colapsar { [ uc ][ pb ][ lfbrpyj3o ][ e8h6sbdc8 ] } { [ dwje ] } { [ l ][ 2y8kp ] } { [ fbvjp ] } { [ e827s03 ] } { [ ube475hd2v ] } { [ 3plvp ] } { [ lqkrx ] } { [ 3b3jmaf5c ] } { [ drrj81cg ] }
antes   de filtrar: { [ uc ][ pb ][ lfbrpyj3o ][ e8h6sbdc8 ] } { [ dwje ] } { [ l ][ 2y8kp ] } { [ fbvjp ] } { [ e827s03 ] } { [ ube475hd2v ][ da55 ] } { [ 3plvp ] } { [ lqkrx ] } { [ 3b3jmaf5c ] } { [ drrj81cg ] }
despues de filtrar: { [ uc ][ pb ][ lfbrpyj3o ][ e8h6sbdc8 ] } { [ dwje ] } { [ l ][ 2y8kp ] } { [ fbvjp ] } { [ lqkrx ] }
antes   de colapsar { [ uc ][ pb ][ lfbrpyj3o ][ e8h6sbdc8 ][ 1jnhg ] } { [ dwje ] } { [ l ][ 2y8kp ][ 9opp0i ] } { [ fbvjp ] } { [ lqkrx ] } { [ f216 ] } { [ pr ] } { [ 1kcowhp ] } { [ yu ] } { [ 81ol ] } { [ b ] }
despues de colapsar { [ uc ][ pb ][ lfbrpyj3o ][ e8h6sbdc8 ][ 1jnhg ] } { [ dwje ] } { [ l ][ 2y8kp ][ 9opp0i ] } { [ fbvjp ] } { [ lqkrx ] } { [ f216 ] } { [ pr ] } { [ 1kcowhp ] } { [ yu ] } { [ 81ol ] } { [ b ] }
