antes   de colapsar <vacia>
despues de colapsar <vacia>
antes   de filtrar: { [ 1492 ] } { [ 412 ] } { [ 5813 ] } { [ 1682 ] } { [ 564 ] } { [ 3862 ] }
despues de filtrar: { [ 1492 ] } { [ 412 ] } { [ 5813 ] } { [ 1682 ] } { [ 564 ] } { [ 3862 ] }
antes   de colapsar { [ 1492 ] } { [ 412 ][ 2884 ] } { [ 5813 ] } { [ 1682 ] } { [ 564 ] } { [ 3862 ][ 4302 ][ 3036 ] } { [ 5714 ] } { [ 4291 ] }
despues de colapsar { [ 1492 ] } { [ 412 ][ 2884 ] } { [ 5813 ] } { [ 1682 ] } { [ 564 ] } { [ 3862 ][ 4302 ][ 3036 ] } { [ 5714 ] } { [ 4291 ] }
antes   de filtrar: { [ 1492 ][ 4060 ] } { [ 412 ][ 2884 ] } { [ 5813 ][ 6400 ] } { [ 1682 ][ 1946 ] } { [ 564 ] } { [ 3862 ][ 4302 ][ 3036 ] } { [ 5714 ] } { [ 4291 ] } { [ 2639 ] } { [ 8809 ] } { [ 9733 ] } { [ 964 ] } { [ 1917 ] } { [ 9461 ] }
despues de filtrar: { [ 1492 ][ 4060 ] } { [ 412 ][ 2884 ] } { [ 5813 ][ 6400 ] } { [ 1682 ][ 1946 ] } { [ 564 ] } { [ 3862 ][ 4302 ][ 3036 ] } { [ 5714 ] } { [ 4291 ] } { [ 2639 ] } { [ 9733 ] } { [ 964 ] } { [ 1917 ] } { [ 9461 ] }
antes   de filtrar: { [ 1492 ][ 4060 ] } { [ 412 ][ 2884 ] } { [ 5813 ][ 6400 ] } { [ 1682 ][ 1946 ] } { [ 564 ] } { [ 3862 ][ 4302 ][ 3036 ] } { [ 5714 ] } { [ 4291 ] } { [ 2639 ] } { [ 9733 ] } { [ 964 ] } { [ 1917 ] } { [ 9461 ] } { [ 2687 ] }
despues de filtrar: { [ 1492 ][ 4060 ] } { [ 412 ][ 2884 ] } { [ 5813 ][ 6400 ] } { [ 1682 ][ 1946 ] } { [ 564 ] } { [ 3862 ][ 4302 ][ 3036 ] } { [ 5714 ] } { [ 4291 ] } { [ 2639 ] } { [ 9733 ] } { [ 964 ] } { [ 1917 ] } { [ 9461 ] } { [ 2687 ] }
antes   de colapsar { [ 1492 ][ 4060 ] } { [ 412 ][ 2884 ] } { [ 5813 ][ 6400 ] } { [ 1682 ][ 1946 ] } { [ 564 ] } { [ 3862 ][ 4302 ][ 3036 ] } { [ 5714 ] } { [ 4291 ] } { [ 2639 ] } { [ 9733 ] } { [ 964 ] } { [ 1917 ] } { [ 9461 ] } { [ 2687 ] } { [ 536 ] } { [ 1235 ] } { [ 7254 ] } { [ 7923 ] } { [ 1225 ] } { [ 4023 ] }
despues de colapsar { [ 1492 ][ 4060 ] } { [ 412 ][ 2884 ] } { [ 5813 ][ 6400 ] } { [ 1682 ][ 1946 ] } { [ 564 ] } { [ 3862 ][ 4302 ][ 3036 ] } { [ 5714 ] } { [ 4291 ] } { [ 2639 ] } { [ 9733 ] } { [ 964 ] } { [ 1917 ] } { [ 9461 ] } { [ 2687 ] } { [ 536 ] } { [ 1235 ] } { [ 7254 ] } { [ 7923 ] } { [ 1225 ] } { [ 4023 ] }
antes   de colapsar { [ 1492 ][ 4060 ] } { [ 412 ][ 2884 ] } { [ 5813 ][ 6400 ] } { [ 1682 ][ 1946 ] } { [ 564 ] } { [ 3862 ][ 4302 ][ 3036 ] } { [ 5714 ] } { [ 4291 ] } { [ 2639 ] } { [ 9733 ] } { [ 964 ] } { [ 1917 ] } { [ 9461 ] } { [ 2687 ] } { [ 536 ] } { [ 1235 ] } { [ 7254 ][ 1604 ] } { [ 7923 ] } { [ 1225 ] } { [ 4023 ] } { [ 6980 ] } { [ 9159 ] } { [ 8869 ] } { [ 7381 ] }
despues de colapsar { [ 1492 ][ 4060 ] } { [ 412 ][ 2884 ] } { [ 5813 ][ 6400 ] } { [ 1682 ][ 1946 ] } { [ 564 ] } { [ 3862 ][ 4302 ][ 3036 ] } { [ 5714 ] } { [ 4291 ] } { [ 2639 ] } { [ 9733 ] } { [ 964 ] } { [ 1917 ] } { [ 9461 ] } { [ 2687 ] } { [ 536 ] } { [ 1235 ] } { [ 7254 ][ 1604 ] } { [ 7923 ] } { [ 1225 ] } { [ 4023 ] } { [ 6980 ] } { [ 9159 ] } { [ 8869 ] } { [ 7381 ] }
antes   de colapsar { [ 1492 ][ 4060 ] } { [ 412 ][ 2884 ] } { [ 5813 ][ 6400 ] } { [ 1682 ][ 1946 ] } { [ 564 ] } { [ 3862 ][ 4302 ][ 3036 ] } { [ 5714 ] } { [ 4291 ] } { [ 2639 ] } { [ 9733 ] } { [ 964 ] } { [ 1917 ] } { [ 9461 ] } { [ 2687 ] } { [ 536 ] } { [ 1235 ] } { [ 7254 ][ 1604 ] } { [ 7923 ] } { [ 1225 ] } { [ 4023 ] } { [ 6980 ] } { [ 9159 ] } { [ 8869 ] } { [ 7381 ] } { [ 9531 ] } { [ 1205 ] }
despues de colapsar { [ 1492 ][ 4060 ] } { [ 412 ][ 2884 ] } { [ 5813 ][ 6400 ] } { [ 1682 ][ 1946 ] } { [ 564 ] } { [ 3862 ][ 4302 ][ 3036 ] } { [ 5714 ] } { [ 4291 ] } { [ 2639 ] } { [ 9733 ] } { [ 964 ] } { [ 1917 ] } { [ 9461 ] } { [ 2687 ] } { [ 536 ] } { [ 1235 ] } { [ 7254 ][ 1604 ] } { [ 7923 ] } { [ 1225 ] } { [ 4023 ] } { [ 6980 ] } { [ 9159 ] } { [ 8869 ] } { [ 7381 ] } { [ 9531 ] } { [ 1205 ] }
antes   de filtrar: { [ 1492 ][ 4060 ] } { [ 412 ][ 2884 ][ 8842 ] } { [ 5813 ][ 6400 ] } { [ 1682 ][ 1946 ] } { [ 564 ] } { [ 3862 ][ 4302 ][ 3036 ] } { [ 5714 ] } { [ 4291 ] } { [ 2639 ][ 604 ] } { [ 9733 ] } { [ 964 ] } { [ 1917 ] } { [ 9461 ][ 5701 ] } { [ 2687 ][ 5916 ] } { [ 536 ] } { [ 1235 ] } { [ 7254 ][ 1604 ] } { [ 7923 ] } { [ 1225 ] } { [ 4023 ] } { [ 6980 ] } { [ 9159 ] } { [ 8869 ] } { [ 7381 ] } { [ 9531 ] } { [ 1205 ] } { [ 3898 ] } { [ 4476 ] }
despues de filtrar: { [ 1492 ][ 4060 ] } { [ 412 ][ 2884 ][ 8842 ] } { [ 5813 ][ 6400 ] } { [ 1682 ][ 1946 ] } { [ 564 ] } { [ 3862 ][ 4302 ][ 3036 ] } { [ 5714 ] } { [ 4291 ] } { [ 2639 ][ 604 ] } { [ 9733 ] } { [ 964 ] } { [ 1917 ] } { [ 9461 ][ 5701 ] } { [ 2687 ][ 5916 ] } { [ 536 ] } { [ 1235 ] } { [ 7254 ][ 1604 ] } { [ 7923 ] } { [ 1225 ] } { [ 9159 ] } { [ 8869 ] } { [ 7381 ] } { [ 9531 ] } { [ 3898 ] } { [ 4476 ] }
antes   de filtrar: { [ 1492 ][ 4060 ] } { [ 412 ][ 2884 ][ 8842 ] } { [ 5813 ][ 6400 ] } { [ 1682 ][ 1946 ] } { [ 564 ] } { [ 3862 ][ 4302 ][ 3036 ] } { [ 5714 ] } { [ 4291 ] } { [ 2639 ][ 604 ] } { [ 9733 ] } { [ 964 ] } { [ 1917 ] } { [ 9461 ][ 5701 ] } { [ 2687 ][ 5916 ] } { [ 536 ] } { [ 1235 ] } { [ 7254 ][ 1604 ] } { [ 7923 ] } { [ 1225 ] } { [ 9159 ] } { [ 8869 ] } { [ 7381 ] } { [ 9531 ] } { [ 3898 ] } { [ 4476 ] } { [ 2642 ] }
despues de filtrar: { [ 1492 ][ 4060 ] } { [ 412 ][ 2884 ][ 8842 ] } { [ 5813 ][ 6400 ] } { [ 1682 ][ 1946 ] } { [ 564 ] } { [ 3862 ][ 4302 ][ 3036 ] } { [ 5714 ] } { [ 4291 ] } { [ 2639 ][ 604 ] } { [ 9733 ] } { [ 964 ] } { [ 1917 ] } { [ 9461 ][ 5701 ] } { [ 2687 ][ 5916 ] } { [ 536 ] } { [ 1235 ] } { [ 7254 ][ 1604 ] } { [ 7923 ] } { [ 1225 ] } { [ 9159 ] } { [ 8869 ] } { [ 7381 ] } { [ 9531 ] } { [ 3898 ] } { [ 4476 ] } { [ 2642 ] }
antes   de colapsar { [ 1733 ] }
despues de colapsar { [ 1733 ] }
antes   de filtrar: { [ 1733 ] } { [ 3204 ][ 9822 ] } { [ 8649 ] } { [ 3291 ] } { [ 4134 ][ 3472 ] } { [ 6744 ] } { [ 4456 ] }
despues de filtrar: { [ 1733 ] } { [ 8649 ] } { [ 3291 ] } { [ 4134 ][ 3472 ] } { [ 6744 ] } { [ 4456 ] }
antes   de filtrar: { [ 1733 ] } { [ 8649 ] } { [ 3291 ] } { [ 4134 ][ 3472 ] } { [ 6744 ] } { [ 4456 ] } { [ 7909 ] } { [ 7142 ] } { [ 8691 ] }
despues de filtrar: { [ 1733 ] } { [ 8649 ] } { [ 3291 ] } { [ 4134 ][ 3472 ] } { [ 6744 ] } { [ 4456 ] } { [ 7142 ] } { [ 8691 ] }
antes   de filtrar: { [ 1733 ] } { [ 8649 ] } { [ 3291 ] } { [ 4134 ][ 3472 ][ 2555 ] } { [ 6744 ] } { [ 4456 ] } { [ 7142 ] } { [ 8691 ] } { [ 6322 ][ 853 ] } { [ 1391 ] } { [ 5602 ] } { [ 627 ][ 8446 ] }
despues de filtrar: { [ 1733 ] } { [ 8649 ] } { [ 3291 ] } { [ 4134 ][ 3472 ][ 2555 ] } { [ 6744 ] } { [ 4456 ] } { [ 7142 ] } { [ 8691 ] } { [ 6322 ][ 853 ] } { [ 1391 ] } { [ 627 ][ 8446 ] }
antes   de filtrar: { [ 1733 ] } { [ 8649 ] } { [ 3291 ] } { [ 4134 ][ 3472 ][ 2555 ] } { [ 6744 ] } { [ 4456 ] } { [ 7142 ] } { [ 8691 ] } { [ 6322 ][ 853 ] } { [ 1391 ] } { [ 627 ][ 8446 ] }
despues de filtrar: { [ 1733 ] } { [ 8649 ] } { [ 3291 ] } { [ 4134 ][ 3472 ][ 2555 ] } { [ 6744 ] } { [ 4456 ] } { [ 7142 ] } { [ 8691 ] } { [ 6322 ][ 853 ] } { [ 1391 ] } { [ 627 ][ 8446 ] }
antes   de colapsar { [ 1733 ] } { [ 8649 ][ 8937 ] } { [ 3291 ] } { [ 4134 ][ 3472 ][ 2555 ] } { [ 6744 ] } { [ 4456 ][ 774 ] } { [ 7142 ] } { [ 8691 ] } { [ 6322 ][ 853 ] } { [ 1391 ] } { [ 627 ][ 8446 ] } { [ 7123 ] } { [ 6770 ] }
despues de colapsar { [ 1733 ] } { [ 8649 ][ 8937 ] } { [ 3291 ] } { [ 4134 ][ 3472 ][ 2555 ] } { [ 6744 ] } { [ 4456 ][ 774 ] } { [ 7142 ] } { [ 8691 ] } { [ 6322 ][ 853 ] } { [ 1391 ] } { [ 627 ][ 8446 ] } { [ 7123 ] } { [ 6770 ] }
antes   de colapsar { [ 1733 ] } { [ 8649 ][ 8937 ] } { [ 3291 ] } { [ 4134 ][ 3472 ][ 2555 ] } { [ 6744 ] } { [ 4456 ][ 774 ] } { [ 7142 ] } { [ 8691 ] } { [ 6322 ][ 853 ] } { [ 1391 ] } { [ 627 ][ 8446 ] } { [ 7123 ] } { [ 6770 ] } { [ 6459 ] } { [ 9651 ] }
despues de colapsar { [ 1733 ] } { [ 8649 ][ 8937 ] } { [ 3291 ] } { [ 4134 ][ 3472 ][ 2555 ] } { [ 6744 ] } { [ 4456 ][ 774 ] } { [ 7142 ] } { [ 8691 ] } { [ 6322 ][ 853 ] } { [ 1391 ] } { [ 627 ][ 8446 ] } { [ 7123 ] } { [ 6770 ] } { [ 6459 ] } { [ 9651 ] }
antes   de colapsar { [ 1733 ] } { [ 8649 ][ 8937 ] } { [ 3291 ] } { [ 4134 ][ 3472 ][ 2555 ] } { [ 6744 ] } { [ 4456 ][ 774 ] } { [ 7142 ] } { [ 8691 ] } { [ 6322 ][ 853 ] } { [ 1391 ] } { [ 627 ][ 8446 ] } { [ 7123 ] } { [ 6770 ] } { [ 6459 ] } { [ 9651 ] }
despues de colapsar { [ 1733 ] } { [ 8649 ][ 8937 ] } { [ 3291 ] } { [ 4134 ][ 3472 ][ 2555 ] } { [ 6744 ] } { [ 4456 ][ 774 ] } { [ 7142 ] } { [ 8691 ] } { [ 6322 ][ 853 ] } { [ 1391 ] } { [ 627 ][ 8446 ] } { [ 7123 ] } { [ 6770 ] } { [ 6459 ] } { [ 9651 ] }
antes   de colapsar { [ 1733 ] } { [ 8649 ][ 8937 ] } { [ 3291 ] } { [ 4134 ][ 3472 ][ 2555 ] } { [ 6744 ] } { [ 4456 ][ 774 ] } { [ 7142 ] } { [ 8691 ] } { [ 6322 ][ 853 ] } { [ 1391 ] } { [ 627 ][ 8446 ] } { [ 7123 ] } { [ 6770 ][ 7619 ] } { [ 6459 ] } { [ 9651 ] }
despues de colapsar { [ 1733 ] } { [ 8649 ][ 8937 ] } { [ 3291 ] } { [ 4134 ][ 3472 ][ 2555 ] } { [ 6744 ] } { [ 4456 ][ 774 ] } { [ 7142 ] } { [ 8691 ] } { [ 6322 ][ 853 ] } { [ 1391 ] } { [ 627 ][ 8446 ] } { [ 7123 ] } { [ 7181 ] } { [ 6459 ] } { [ 9651 ] }
antes   de filtrar: { [ 1733 ] } { [ 8649 ][ 8937 ][ 9666 ] } { [ 3291 ] } { [ 4134 ][ 3472 ][ 2555 ][ 8845 ] } { [ 6744 ] } { [ 4456 ][ 774 ][ 7383 ] } { [ 7142 ] } { [ 8691 ] } { [ 6322 ][ 853 ] } { [ 1391 ] } { [ 627 ][ 8446 ] } { [ 7123 ] } { [ 7181 ] } { [ 6459 ][ 5311 ] } { [ 9651 ][ 9285 ] } { [ 2371 ][ 6740 ] } { [ 7952 ] } { [ 9954 ] } { [ 4464 ] } { [ 2885 ] } { [ 8733 ] } { [ 6642 ] } { [ 7503 ] } { [ 3765 ] } { [ 8637 ] } { [ 449 ] } { [ 6628 ] } { [ 5720 ] } { [ 5922 ] }
despues de filtrar: { [ 1733 ] } { [ 8649 ][ 8937 ][ 9666 ] } { [ 3291 ] } { [ 4134 ][ 3472 ][ 2555 ][ 8845 ] } { [ 6744 ] } { [ 4456 ][ 774 ][ 7383 ] } { [ 7142 ] } { [ 8691 ] } { [ 6322 ][ 853 ] } { [ 1391 ] } { [ 627 ][ 8446 ] } { [ 7123 ] } { [ 7181 ] } { [ 6459 ][ 5311 ] } { [ 9651 ][ 9285 ] } { [ 2371 ][ 6740 ] } { [ 7952 ] } { [ 9954 ] } { [ 4464 ] } { [ 2885 ] } { [ 8733 ] } { [ 6642 ] } { [ 3765 ] } { [ 8637 ] } { [ 449 ] } { [ 6628 ] } { [ 5922 ] }
antes   de filtrar: { [ 5593 ][ 3918 ] } { [ 5820 ][ 6215 ] } { [ 7113 ] } { [ 5283 ] } { [ 3175 ] } { [ 9092 ][ 6835 ] } { [ 7514 ] } { [ 3005 ] } { [ 8532 ] } { [ 2566 ] }
despues de filtrar: { [ 5593 ][ 3918 ] } { [ 7113 ] } { [ 5283 ] } { [ 3175 ] } { [ 7514 ] } { [ 8532 ] } { [ 2566 ] }
antes   de filtrar: { [ 5593 ][ 3918 ][ 6050 ] } { [ 7113 ] } { [ 5283 ][ 1956 ] } { [ 3175 ] } { [ 7514 ] } { [ 8532 ] } { [ 2566 ][ 5877 ] } { [ 9476 ][ 5775 ] } { [ 134 ][ 8267 ] } { [ 9818 ] } { [ 7235 ][ 9012 ] } { [ 467 ] } { [ 4036 ] } { [ 4237 ] }
despues de filtrar: { [ 5593 ][ 3918 ][ 6050 ] } { [ 7113 ] } { [ 5283 ][ 1956 ] } { [ 3175 ] } { [ 7514 ] } { [ 8532 ] } { [ 2566 ][ 5877 ] } { [ 9476 ][ 5775 ] } { [ 134 ][ 8267 ] } { [ 9818 ] } { [ 7235 ][ 9012 ] } { [ 467 ] } { [ 4237 ] }
antes   de colapsar { [ 5593 ][ 3918 ][ 6050 ] } { [ 7113 ][ 4271 ] } { [ 5283 ][ 1956 ] } { [ 3175 ] } { [ 7514 ] } { [ 8532 ] } { [ 2566 ][ 5877 ] } { [ 9476 ][ 5775 ] } { [ 134 ][ 8267 ] } { [ 9818 ] } { [ 7235 ][ 9012 ] } { [ 467 ] } { [ 4237 ] }
despues de colapsar { [ 5593 ][ 3918 ][ 6050 ] } { [ 7113 ][ 4271 ] } { [ 5283 ][ 1956 ] } { [ 3175 ] } { [ 7514 ] } { [ 8532 ] } { [ 2566 ][ 5877 ] } { [ 9476 ][ 5775 ] } { [ 134 ][ 8267 ] } { [ 9818 ] } { [ 7235 ][ 9012 ] } { [ 467 ] } { [ 4237 ] }
antes   de colapsar { [ 5593 ][ 3918 ][ 6050 ] } { [ 7113 ][ 4271 ] } { [ 5283 ][ 1956 ] } { [ 3175 ] } { [ 7514 ] } { [ 8532 ] } { [ 2566 ][ 5877 ] } { [ 9476 ][ 5775 ] } { [ 134 ][ 8267 ] } { [ 9818 ] } { [ 7235 ][ 9012 ] } { [ 467 ] } { [ 4237 ] }
despues de colapsar { [ 5593 ][ 3918 ][ 6050 ] } { [ 7113 ][ 4271 ] } { [ 5283 ][ 1956 ] } { [ 3175 ] } { [ 7514 ] } { [ 8532 ] } { [ 2566 ][ 5877 ] } { [ 9476 ][ 5775 ] } { [ 134 ][ 8267 ] } { [ 9818 ] } { [ 7235 ][ 9012 ] } { [ 467 ] } { [ 4237 ] }
antes   de filtrar: { [ 5593 ][ 3918 ][ 6050 ] } { [ 7113 ][ 4271 ] } { [ 5283 ][ 1956 ] } { [ 3175 ] } { [ 7514 ] } { [ 8532 ] } { [ 2566 ][ 5877 ] } { [ 9476 ][ 5775 ] } { [ 134 ][ 8267 ] } { [ 9818 ] } { [ 7235 ][ 9012 ][ 5617 ] } { [ 467 ] } { [ 4237 ] } { [ 791 ] } { [ 5773 ] } { [ 5111 ] } { [ 7813 ] }
despues de filtrar: { [ 5593 ][ 3918 ][ 6050 ] } { [ 7113 ][ 4271 ] } { [ 5283 ][ 1956 ] } { [ 3175 ] } { [ 7514 ] } { [ 8532 ] } { [ 2566 ][ 5877 ] } { [ 9476 ][ 5775 ] } { [ 134 ][ 8267 ] } { [ 9818 ] } { [ 7235 ][ 9012 ][ 5617 ] } { [ 467 ] } { [ 4237 ] } { [ 791 ] } { [ 5773 ] } { [ 5111 ] } { [ 7813 ] }
antes   de colapsar { [ 5593 ][ 3918 ][ 6050 ] } { [ 7113 ][ 4271 ] } { [ 5283 ][ 1956 ] } { [ 3175 ] } { [ 7514 ] } { [ 8532 ] } { [ 2566 ][ 5877 ] } { [ 9476 ][ 5775 ] } { [ 134 ][ 8267 ] } { [ 9818 ] } { [ 7235 ][ 9012 ][ 5617 ] } { [ 467 ] } { [ 4237 ] } { [ 791 ] } { [ 5773 ] } { [ 5111 ] } { [ 7813 ] } { [ 3612 ] } { [ 8252 ] } { [ 18 ] }
despues de colapsar { [ 5593 ][ 3918 ][ 6050 ] } { [ 7113 ][ 4271 ] } { [ 5283 ][ 1956 ] } { [ 3175 ] } { [ 7514 ] } { [ 8532 ] } { [ 2566 ][ 5877 ] } { [ 9476 ][ 5775 ] } { [ 134 ][ 8267 ] } { [ 9818 ] } { [ 7235 ][ 9012 ][ 5617 ] } { [ 467 ] } { [ 4237 ] } { [ 791 ] } { [ 5773 ] } { [ 5111 ] } { [ 7813 ] } { [ 3612 ] } { [ 8252 ] } { [ 18 ] }
antes   de colapsar { [ 5593 ][ 3918 ][ 6050 ] } { [ 7113 ][ 4271 ] } { [ 5283 ][ 1956 ] } { [ 3175 ] } { [ 7514 ] } { [ 8532 ] } { [ 2566 ][ 5877 ] } { [ 9476 ][ 5775 ] } { [ 134 ][ 8267 ] } { [ 9818 ] } { [ 7235 ][ 9012 ][ 5617 ] } { [ 467 ] } { [ 4237 ] } { [ 791 ] } { [ 5773 ] } { [ 5111 ] } { [ 7813 ] } { [ 3612 ] } { [ 8252 ] } { [ 18 ] }
despues de colapsar { [ 5593 ][ 3918 ][ 6050 ] } { [ 7113 ][ 4271 ] } { [ 5283 ][ 1956 ] } { [ 3175 ] } { [ 7514 ] } { [ 8532 ] } { [ 2566 ][ 5877 ] } { [ 9476 ][ 5775 ] } { [ 134 ][ 8267 ] } { [ 9818 ] } { [ 7235 ][ 9012 ][ 5617 ] } { [ 467 ] } { [ 4237 ] } { [ 791 ] } { [ 5773 ] } { [ 5111 ] } { [ 7813 ] } { [ 3612 ] } { [ 8252 ] } { [ 18 ] }
antes   de filtrar: { [ 5593 ][ 3918 ][ 6050 ] } { [ 7113 ][ 4271 ][ 657 ] } { [ 5283 ][ 1956 ] } { [ 3175 ] } { [ 7514 ] } { [ 8532 ] } { [ 2566 ][ 5877 ] } { [ 9476 ][ 5775 ] } { [ 134 ][ 8267 ] } { [ 9818 ] } { [ 7235 ][ 9012 ][ 5617 ] } { [ 467 ] } { [ 4237 ] } { [ 791 ] } { [ 5773 ] } { [ 5111 ] } { [ 7813 ] } { [ 3612 ] } { [ 8252 ] } { [ 18 ] } { [ 7550 ] } { [ 5121 ] } { [ 2540 ] } { [ 9794 ] } { [ 3931 ] } { [ 6199 ] } { [ 1981 ] } { [ 4112 ] } { [ 525 ] }
despues de filtrar: { [ 5593 ][ 3918 ][ 6050 ] } { [ 7113 ][ 4271 ][ 657 ] } { [ 5283 ][ 1956 ] } { [ 3175 ] } { [ 7514 ] } { [ 8532 ] } { [ 2566 ][ 5877 ] } { [ 9476 ][ 5775 ] } { [ 134 ][ 8267 ] } { [ 9818 ] } { [ 7235 ][ 9012 ][ 5617 ] } { [ 467 ] } { [ 4237 ] } { [ 791 ] } { [ 5773 ] } { [ 5111 ] } { [ 7813 ] } { [ 3612 ] } { [ 8252 ] } { [ 18 ] } { [ 5121 ] } { [ 9794 ] } { [ 3931 ] } { [ 6199 ] } { [ 1981 ] } { [ 4112 ] } { [ 525 ] }
antes   de colapsar { [ 5593 ][ 3918 ][ 6050 ] } { [ 7113 ][ 4271 ][ 657 ] } { [ 5283 ][ 1956 ] } { [ 3175 ] } { [ 7514 ] } { [ 8532 ] } { [ 2566 ][ 5877 ] } { [ 9476 ][ 5775 ] } { [ 134 ][ 8267 ] } { [ 9818 ] } { [ 7235 ][ 9012 ][ 5617 ] } { [ 467 ] } { [ 4237 ] } { [ 791 ] } { [ 5773 ] } { [ 5111 ] } { [ 7813 ] } { [ 3612 ] } { [ 8252 ] } { [ 18 ] } { [ 5121 ] } { [ 9794 ] } { [ 3931 ] } { [ 6199 ] } { [ 1981 ] } { [ 4112 ] } { [ 525 ] }
despues de colapsar { [ 5593 ][ 3918 ][ 6050 ] } { [ 7113 ][ 4271 ][ 657 ] } { [ 5283 ][ 1956 ] } { [ 3175 ] } { [ 7514 ] } { [ 8532 ] } { [ 2566 ][ 5877 ] } { [ 9476 ][ 5775 ] } { [ 134 ][ 8267 ] } { [ 9818 ] } { [ 7235 ][ 9012 ][ 5617 ] } { [ 467 ] } { [ 4237 ] } { [ 791 ] } { [ 5773 ] } { [ 5111 ] } { [ 7813 ] } { [ 3612 ] } { [ 8252 ] } { [ 18 ] } { [ 5121 ] } { [ 9794 ] } { [ 3931 ] } { [ 6199 ] } { [ 1981 ] } { [ 4112 ] } { [ 525 ] }
antes   de filtrar: { [ 5593 ][ 3918 ][ 6050 ] } { [ 7113 ][ 4271 ][ 657 ] } { [ 5283 ][ 1956 ] } { [ 3175 ] } { [ 7514 ] } { [ 8532 ] } { [ 2566 ][ 5877 ] } { [ 9476 ][ 5775 ] } { [ 134 ][ 8267 ] } { [ 9818 ] } { [ 7235 ][ 9012 ][ 5617 ] } { [ 467 ] } { [ 4237 ] } { [ 791 ] } { [ 5773 ] } { [ 5111 ] } { [ 7813 ] } { [ 3612 ] } { [ 8252 ] } { [ 18 ] } { [ 5121 ] } { [ 9794 ] } { [ 3931 ] } { [ 6199 ] } { [ 1981 ] } { [ 4112 ] } { [ 525 ] }
despues de filtrar: { [ 5593 ][ 3918 ][ 6050 ] } { [ 7113 ][ 4271 ][ 657 ] } { [ 5283 ][ 1956 ] } { [ 3175 ] } { [ 7514 ] } { [ 8532 ] } { [ 2566 ][ 5877 ] } { [ 9476 ][ 5775 ] } { [ 134 ][ 8267 ] } { [ 9818 ] } { [ 7235 ][ 9012 ][ 5617 ] } { [ 467 ] } { [ 4237 ] } { [ 791 ] } { [ 5773 ] } { [ 5111 ] } { [ 7813 ] } { [ 3612 ] } { [ 8252 ] } { [ 18 ] } { [ 5121 ] } { [ 9794 ] } { [ 3931 ] } { [ 6199 ] } { [ 1981 ] } { [ 4112 ] } { [ 525 ] }
antes   de colapsar { [ 1829 ] }
despues de colapsar { [ 1829 ] }
antes   de filtrar: { [ 1829 ] } { [ 8664 ] } { [ 3389 ] } { [ 8703 ][ 2081 ] } { [ 856 ] } { [ 2850 ] } { [ 740 ] }
despues de filtrar: { [ 1829 ] } { [ 8664 ] } { [ 3389 ] } { [ 856 ] }
antes   de filtrar: { [ 1829 ] } { [ 8664 ] } { [ 3389 ] } { [ 856 ][ 8599 ] }
despues de filtrar: { [ 1829 ] } { [ 8664 ] } { [ 3389 ] } { [ 856 ][ 8599 ] }
antes   de colapsar { [ 1829 ] } { [ 8664 ] } { [ 3389 ] } { [ 856 ][ 8599 ] } { [ 3815 ] } { [ 7326 ] }
despues de colapsar { [ 1829 ] } { [ 8664 ] } { [ 3389 ] } { [ 856 ][ 8599 ] } { [ 3815 ] } { [ 7326 ] }
antes   de filtrar: { [ 1829 ] } { [ 8664 ][ 6744 ] } { [ 3389 ] } { [ 856 ][ 8599 ] } { [ 3815 ] } { [ 7326 ] } { [ 6097 ] } { [ 1739 ] }
despues de filtrar: { [ 1829 ] } { [ 8664 ][ 6744 ] } { [ 3389 ] } { [ 856 ][ 8599 ] } { [ 3815 ] } { [ 7326 ] } { [ 1739 ] }
antes   de filtrar: { [ 1829 ] } { [ 8664 ][ 6744 ] } { [ 3389 ] } { [ 856 ][ 8599 ] } { [ 3815 ] } { [ 7326 ] } { [ 1739 ] }
despues de filtrar: { [ 1829 ] } { [ 8664 ][ 6744 ] } { [ 3389 ] } { [ 856 ][ 8599 ] } { [ 3815 ] } { [ 7326 ] } { [ 1739 ] }
antes   de colapsar { [ 1829 ] } { [ 8664 ][ 6744 ] } { [ 3389 ] } { [ 856 ][ 8599 ] } { [ 3815 ] } { [ 7326 ][ 5442 ] } { [ 1739 ][ 190 ] } { [ 1712 ] } { [ 1462 ] } { [ 2261 ] } { [ 5250 ] }
despues de colapsar { [ 1829 ] } { [ 8664 ][ 6744 ] } { [ 3389 ] } { [ 856 ][ 8599 ] } { [ 3815 ] } { [ 7326 ][ 5442 ] } { [ 1739 ][ 190 ] } { [ 1712 ] } { [ 1462 ] } { [ 2261 ] } { [ 5250 ] }
antes   de filtrar: { [ 1829 ] } { [ 8664 ][ 6744 ][ 426 ] } { [ 3389 ] } { [ 856 ][ 8599 ] } { [ 3815 ] } { [ 7326 ][ 5442 ] } { [ 1739 ][ 190 ] } { [ 1712 ][ 9792 ][ 650 ] } { [ 1462 ] } { [ 2261 ] } { [ 5250 ] } { [ 6131 ] } { [ 2208 ] } { [ 8881 ] } { [ 2807 ] } { [ 4170 ] } { [ 5113 ] }
despues de filtrar: { [ 1829 ] } { [ 8664 ][ 6744 ][ 426 ] } { [ 3389 ] } { [ 856 ][ 8599 ] } { [ 3815 ] } { [ 7326 ][ 5442 ] } { [ 1739 ][ 190 ] } { [ 1712 ][ 9792 ][ 650 ] } { [ 1462 ] } { [ 2261 ] } { [ 6131 ] } { [ 8881 ] } { [ 5113 ] }
antes   de colapsar { [ 1829 ] } { [ 8664 ][ 6744 ][ 426 ] } { [ 3389 ] } { [ 856 ][ 8599 ][ 7945 ] } { [ 3815 ] } { [ 7326 ][ 5442 ] } { [ 1739 ][ 190 ][ 1415 ] } { [ 1712 ][ 9792 ][ 650 ] } { [ 1462 ] } { [ 2261 ][ 9548 ] } { [ 6131 ][ 6435 ] } { [ 8881 ] } { [ 5113 ] } { [ 1846 ] } { [ 8409 ] } { [ 8314 ] } { [ 4344 ] } { [ 4293 ] } { [ 9199 ] } { [ 3994 ] }
despues de colapsar { [ 1829 ] } { [ 8664 ][ 6744 ][ 426 ] } { [ 3389 ] } { [ 856 ][ 8599 ][ 7945 ] } { [ 3815 ] } { [ 7326 ][ 5442 ] } { [ 1739 ][ 190 ][ 1415 ] } { [ 1712 ][ 9792 ][ 650 ] } { [ 1462 ] } { [ 2261 ][ 9548 ] } { [ 6131 ][ 6435 ] } { [ 8881 ] } { [ 5113 ] } { [ 1846 ] } { [ 8409 ] } { [ 8314 ] } { [ 4344 ] } { [ 4293 ] } { [ 9199 ] } { [ 3994 ] }
antes   de colapsar { [ 1829 ][ 1221 ] } { [ 8664 ][ 6744 ][ 426 ] } { [ 3389 ] } { [ 856 ][ 8599 ][ 7945 ] } { [ 3815 ] } { [ 7326 ][ 5442 ] } { [ 1739 ][ 190 ][ 1415 ] } { [ 1712 ][ 9792 ][ 650 ] } { [ 1462 ] } { [ 2261 ][ 9548 ] } { [ 6131 ][ 6435 ][ 3362 ] } { [ 8881 ] } { [ 5113 ] } { [ 1846 ] } { [ 8409 ] } { [ 8314 ] } { [ 4344 ] } { [ 4293 ] } { [ 9199 ] } { [ 3994 ] } { [ 2567 ] } { [ 3823 ] } { [ 2858 ] } { [ 2881 ] } { [ 9843 ] }
despues de colapsar { [ 1829 ][ 1221 ] } { [ 8664 ][ 6744 ][ 426 ] } { [ 3389 ] } { [ 856 ][ 8599 ][ 7945 ] } { [ 3815 ] } { [ 7326 ][ 5442 ] } { [ 1739 ][ 190 ][ 1415 ] } { [ 1712 ][ 9792 ][ 650 ] } { [ 1462 ] } { [ 2261 ][ 9548 ] } { [ 6131 ][ 6435 ][ 3362 ] } { [ 8881 ] } { [ 5113 ] } { [ 1846 ] } { [ 8409 ] } { [ 8314 ] } { [ 4344 ] } { [ 4293 ] } { [ 9199 ] } { [ 3994 ] } { [ 2567 ] } { [ 3823 ] } { [ 2858 ] } { [ 2881 ] } { [ 9843 ] }
antes   de filtrar: { [ 6jq3 ] } { [ 1i ] } { [ 48k9r ] }
despues de filtrar: <vacia>
antes   de filtrar: { [ 00ucvxl ] }
despues de filtrar: <vacia>
antes   de filtrar: <vacia>
despues de filtrar: <vacia>
antes   de colapsar { [ 7m ][ 2leenr1u8 ][ iv1 ] } { [ 8gj0tsg ][ 8 ] } { [ ts6c ] } { [ onie ] } { [ cmsvum ] } { [ xg64a6wef0 ] } { [ d6bvf1 ] } { [ d5gfcf0a0v ] } { [ n4k1 ] } { [ f ] }
despues de colapsar { [ 7i2vm1leen ] } { [ 88gj0tsg ] } { [ ts6c ] } { [ onie ] } { [ cmsvum ] } { [ xg64a6wef0 ] } { [ d6bvf1 ] } { [ d5gfcf0a0v ] } { [ n4k1 ] } { [ f ] }
antes   de colapsar { [ 7i2vm1leen ] } { [ 88gj0tsg ] } { [ ts6c ] } { [ onie ] } { [ cmsvum ] } { [ xg64a6wef0 ] } { [ d6bvf1 ] } { [ d5gfcf0a0v ] } { [ n4k1 ] } { [ f ] } { [ g2dr8m1yh ] } { [ h7 ] } { [ 1f7u86 ] } { [ t79dq14ew ] }
despues de colapsar { [ 7i2vm1leen ] } { [ 88gj0tsg ] } { [ ts6c ] } { [ onie ] } { [ cmsvum ] } { [ xg64a6wef0 ] } { [ d6bvf1 ] } { [ d5gfcf0a0v ] } { [ n4k1 ] } { [ f ] } { [ g2dr8m1yh ] } { [ h7 ] } { [ 1f7u86 ] } { [ t79dq14ew ] }
antes   de colapsar { [ 7i2vm1leen ] } { [ 88gj0tsg ] } { [ ts6c ] } { [ onie ] } { [ cmsvum ] } { [ xg64a6wef0 ] } { [ d6bvf1 ] } { [ d5gfcf0a0v ] } { [ n4k1 ] } { [ f ] } { [ g2dr8m1yh ] } { [ h7 ] } { [ 1f7u86 ] } { [ t79dq14ew ] }
despues de colapsar { [ 7i2vm1leen ] } { [ 88gj0tsg ] } { [ ts6c ] } { [ onie ] } { [ cmsvum ] } { [ xg64a6wef0 ] } { [ d6bvf1 ] } { [ d5gfcf0a0v ] } { [ n4k1 ] } { [ f ] } { [ g2dr8m1yh ] } { [ h7 ] } { [ 1f7u86 ] } { [ t79dq14ew ] }
antes   de colapsar { [ 7i2vm1leen ] } { [ 88gj0tsg ] } { [ ts6c ] } { [ onie ] } { [ cmsvum ] } { [ xg64a6wef0 ] } { [ d6bvf1 ] } { [ d5gfcf0a0v ] } { [ n4k1 ] } { [ f ] } { [ g2dr8m1yh ] } { [ h7 ] } { [ 1f7u86 ] } { [ t79dq14ew ] } { [ bb2dw ] } { [ q9xqc ] }
despues de colapsar { [ 7i2vm1leen ] } { [ 88gj0tsg ] } { [ ts6c ] } { [ onie ] } { [ cmsvum ] } { [ xg64a6wef0 ] } { [ d6bvf1 ] } { [ d5gfcf0a0v ] } { [ n4k1 ] } { [ f ] } { [ g2dr8m1yh ] } { [ h7 ] } { [ 1f7u86 ] } { [ t79dq14ew ] } { [ bb2dw ] } { [ q9xqc ] }
antes   de filtrar: { [ 7i2vm1leen ] } { [ 88gj0tsg ] } { [ ts6c ] } { [ onie ] } { [ cmsvum ] } { [ xg64a6wef0 ] } { [ d6bvf1 ] } { [ d5gfcf0a0v ] } { [ n4k1 ] } { [ f ][ x5028yfdos ] } { [ g2dr8m1yh ] } { [ h7 ] } { [ 1f7u86 ] } { [ t79dq14ew ] } { [ bb2dw ] } { [ q9xqc ] } { [ 0p937j15fm ] }
despues de filtrar: { [ onie ] } { [ cmsvum ] } { [ f ][ x5028yfdos ] }
antes   de colapsar { [ onie ][ nri49w6q ] } { [ cmsvum ] } { [ f ][ x5028yfdos ][ um ] } { [ ef ] }
despues de colapsar { [ onie ][ nri49w6q ] } { [ cmsvum ] } { [ f ][ x5028yfdos ][ um ] } { [ ef ] }
antes   de filtrar: { [ onie ][ nri49w6q ] } { [ cmsvum ] } { [ f ][ x5028yfdos ][ um ] } { [ ef ][ 87bnl ] } { [ hqy21mpl ][ nsuvabj41 ][ gfqgre5 ] } { [ di9 ][ 992qc ][ 25 ][ 1c5 ] } { [ xkrrvib ] } { [ 7cqtxu81 ] } { [ xwptab ] } { [ i9ht1oxt7 ] } { [ ife ][ 4p0fg0ki9 ] } { [ wmxmevoky ] } { [ 8ph22 ][ ei ] } { [ coeh ] } { [ dl5mop ][ 9gw3 ] } { [ nwf ] } { [ df6iv ] }
despues de filtrar: { [ onie ][ nri49w6q ] } { [ cmsvum ] } { [ f ][ x5028yfdos ][ um ] } { [ ef ][ 87bnl ] } { [ xkrrvib ] } { [ xwptab ] } { [ ife ][ 4p0fg0ki9 ] } { [ wmxmevoky ] } { [ coeh ] } { [ nwf ] }
