antes   de filtrar: <vacia>
despues de filtrar: <vacia>
antes   de filtrar: { [ -22.164166 ] }
despues de filtrar: { [ -22.164166 ] }
antes   de colapsar { [ -22.164166 ][ 58.097915 ] }
despues de colapsar { [ -22.164166 ][ 58.097915 ] }
antes   de colapsar { [ -22.164166 ][ 58.097915 ] } { [ 44.398885 ][ -18.042957 ] } { [ 72.802789 ] } { [ -20.896375 ] }
despues de colapsar { [ -22.164166 ][ 58.097915 ] } { [ 44.398885 ][ -18.042957 ] } { [ 72.802789 ] } { [ -20.896375 ] }
antes   de colapsar { [ -22.164166 ][ 58.097915 ][ 44.999912 ] } { [ 44.398885 ][ -18.042957 ][ 10.625472 ] } { [ 72.802789 ][ 68.531216 ] } { [ -20.896375 ] } { [ 33.823805 ] } { [ 29.058479 ] } { [ -20.532204 ] } { [ 29.082299 ] } { [ 7.574415 ][ -19.042904 ] } { [ 37.631634 ] } { [ 21.346565 ] } { [ 34.581087 ] }
despues de colapsar { [ -22.164166 ][ 58.097915 ][ 44.999912 ] } { [ 44.398885 ][ -18.042957 ][ 10.625472 ] } { [ 11.888398 ] } { [ -20.896375 ] } { [ 33.823805 ] } { [ 29.058479 ] } { [ -20.532204 ] } { [ 29.082299 ] } { [ -nan ] } { [ 37.631634 ] } { [ 21.346565 ] } { [ 34.581087 ] }
antes   de filtrar: { [ -22.164166 ][ 58.097915 ][ 44.999912 ] } { [ 44.398885 ][ -18.042957 ][ 10.625472 ][ 37.782087 ] } { [ 11.888398 ] } { [ -20.896375 ] } { [ 33.823805 ] } { [ 29.058479 ][ -4.652737 ] } { [ -20.532204 ] } { [ 29.082299 ] } { [ -nan ] } { [ 37.631634 ] } { [ 21.346565 ] } { [ 34.581087 ] } { [ -0.118326 ] } { [ 22.488795 ] }
despues de filtrar: { [ -22.164166 ][ 58.097915 ][ 44.999912 ] } { [ 44.398885 ][ -18.042957 ][ 10.625472 ][ 37.782087 ] } { [ -20.896375 ] } { [ 29.058479 ][ -4.652737 ] } { [ -20.532204 ] } { [ 29.082299 ] } { [ -nan ] } { [ 21.346565 ] } { [ -0.118326 ] } { [ 22.488795 ] }
antes   de colapsar { [ -22.164166 ][ 58.097915 ][ 44.999912 ] } { [ 44.398885 ][ -18.042957 ][ 10.625472 ][ 37.782087 ] } { [ -20.896375 ] } { [ 29.058479 ][ -4.652737 ] } { [ -20.532204 ] } { [ 29.082299 ] } { [ -nan ] } { [ 21.346565 ] } { [ -0.118326 ] } { [ 22.488795 ] }
despues de colapsar { [ -22.164166 ][ 58.097915 ][ 44.999912 ] } { [ 44.398885 ][ -18.042957 ][ 10.625472 ][ 37.782087 ] } { [ -20.896375 ] } { [ 29.058479 ][ -4.652737 ] } { [ -20.532204 ] } { [ 29.082299 ] } { [ -nan ] } { [ 21.346565 ] } { [ -0.118326 ] } { [ 22.488795 ] }
antes   de colapsar { [ -22.164166 ][ 58.097915 ][ 44.999912 ] } { [ 44.398885 ][ -18.042957 ][ 10.625472 ][ 37.782087 ] } { [ -20.896375 ][ -12.788591 ] } { [ 29.058479 ][ -4.652737 ] } { [ -20.532204 ] } { [ 29.082299 ] } { [ -nan ] } { [ 21.346565 ] } { [ -0.118326 ] } { [ 22.488795 ][ 62.370257 ] } { [ 26.858057 ] } { [ 60.606395 ][ 56.484377 ] } { [ -1.549073 ] } { [ -0.113546 ] } { [ 52.534325 ] } { [ 54.111544 ] } { [ -20.499676 ] } { [ 34.891568 ] } { [ 23.956097 ] } { [ -8.751291 ] }
despues de colapsar { [ -22.164166 ][ 58.097915 ][ 44.999912 ] } { [ 44.398885 ][ -18.042957 ][ 10.625472 ][ 37.782087 ] } { [ -20.896375 ][ -12.788591 ] } { [ 29.058479 ][ -4.652737 ] } { [ -20.532204 ] } { [ 29.082299 ] } { [ -nan ] } { [ 21.346565 ] } { [ -0.118326 ] } { [ 22.488795 ][ 62.370257 ] } { [ 26.858057 ] } { [ 10.820849 ] } { [ -1.549073 ] } { [ -0.113546 ] } { [ 52.534325 ] } { [ 54.111544 ] } { [ -20.499676 ] } { [ 34.891568 ] } { [ 23.956097 ] } { [ -8.751291 ] }
antes   de filtrar: { [ -22.164166 ][ 58.097915 ][ 44.999912 ] } { [ 44.398885 ][ -18.042957 ][ 10.625472 ][ 37.782087 ] } { [ -20.896375 ][ -12.788591 ] } { [ 29.058479 ][ -4.652737 ] } { [ -20.532204 ] } { [ 29.082299 ] } { [ -nan ] } { [ 21.346565 ] } { [ -0.118326 ] } { [ 22.488795 ][ 62.370257 ] } { [ 26.858057 ] } { [ 10.820849 ] } { [ -1.549073 ] } { [ -0.113546 ] } { [ 52.534325 ] } { [ 54.111544 ] } { [ -20.499676 ] } { [ 34.891568 ] } { [ 23.956097 ] } { [ -8.751291 ] } { [ 71.529624 ] }
despues de filtrar: { [ -22.164166 ][ 58.097915 ][ 44.999912 ] } { [ 44.398885 ][ -18.042957 ][ 10.625472 ][ 37.782087 ] } { [ -20.896375 ][ -12.788591 ] } { [ 29.058479 ][ -4.652737 ] } { [ -20.532204 ] } { [ 29.082299 ] } { [ -nan ] } { [ 21.346565 ] } { [ -0.118326 ] } { [ 22.488795 ][ 62.370257 ] } { [ -1.549073 ] } { [ -0.113546 ] } { [ 54.111544 ] } { [ -20.499676 ] } { [ -8.751291 ] }
antes   de filtrar: { [ -22.164166 ][ 58.097915 ][ 44.999912 ] } { [ 44.398885 ][ -18.042957 ][ 10.625472 ][ 37.782087 ] } { [ -20.896375 ][ -12.788591 ] } { [ 29.058479 ][ -4.652737 ] } { [ -20.532204 ][ 7.170891 ] } { [ 29.082299 ] } { [ -nan ] } { [ 21.346565 ] } { [ -0.118326 ] } { [ 22.488795 ][ 62.370257 ] } { [ -1.549073 ] } { [ -0.113546 ] } { [ 54.111544 ] } { [ -20.499676 ] } { [ -8.751291 ] } { [ 28.786928 ] } { [ 50.841434 ] }
despues de filtrar: { [ -22.164166 ][ 58.097915 ][ 44.999912 ] } { [ 44.398885 ][ -18.042957 ][ 10.625472 ][ 37.782087 ] } { [ -20.896375 ][ -12.788591 ] } { [ 29.058479 ][ -4.652737 ] } { [ -20.532204 ][ 7.170891 ] } { [ 29.082299 ] } { [ -nan ] } { [ 21.346565 ] } { [ -0.118326 ] } { [ 22.488795 ][ 62.370257 ] } { [ -1.549073 ] } { [ -0.113546 ] } { [ 54.111544 ] } { [ -20.499676 ] } { [ -8.751291 ] }
antes   de filtrar: <vacia>
despues de filtrar: <vacia>
antes   de colapsar <vacia>
despues de colapsar <vacia>
antes   de filtrar: { [ e1a ] } { [ 40r5t ] } { [ sucrtj ] } { [ b3j ] } { [ 6bl ] }
despues de filtrar: { [ sucrtj ] }
antes   de colapsar { [ sucrtj ][ 8fiawp72 ] } { [ c2 ][ s13f ][ ka4mk98k8 ] } { [ kk ] } { [ apbcxw ][ gs1a ] } { [ 5yjw ] } { [ 57yr ][ nhf0 ][ n5wf ] } { [ o0d2i3 ] } { [ v4w8amil ][ dvidqgc8u ] } { [ cs ] } { [ w ] } { [ i982yg3 ] }
despues de colapsar { [ sucrtj ][ 8fiawp72 ] } { [ cksa241m3k ] } { [ kk ] } { [ apbcxw ][ gs1a ] } { [ 5yjw ] } { [ 5nn57whfyf ] } { [ o0d2i3 ] } { [ vd4vwi8daq ] } { [ cs ] } { [ w ] } { [ i982yg3 ] }
antes   de filtrar: { [ sucrtj ][ 8fiawp72 ] } { [ cksa241m3k ] } { [ kk ] } { [ apbcxw ][ gs1a ] } { [ 5yjw ] } { [ 5nn57whfyf ] } { [ o0d2i3 ] } { [ vd4vwi8daq ] } { [ cs ] } { [ w ] } { [ i982yg3 ] } { [ wh6 ] } { [ 4 ] }
despues de filtrar: { [ sucrtj ][ 8fiawp72 ] } { [ kk ] } { [ apbcxw ][ gs1a ] } { [ cs ] } { [ w ] }
antes   de colapsar { [ sucrtj ][ 8fiawp72 ] } { [ kk ] } { [ apbcxw ][ gs1a ] } { [ cs ] } { [ w ][ nifw3q ] } { [ gg5lwfl4 ] } { [ fg ] } { [ f6k ] } { [ d65h ] } { [ 66 ] }
despues de colapsar { [ sucrtj ][ 8fiawp72 ] } { [ kk ] } { [ apbcxw ][ gs1a ] } { [ cs ] } { [ w ][ nifw3q ] } { [ gg5lwfl4 ] } { [ fg ] } { [ f6k ] } { [ d65h ] } { [ 66 ] }
antes   de filtrar: { [ sucrtj ][ 8fiawp72 ] } { [ kk ] } { [ apbcxw ][ gs1a ] } { [ cs ] } { [ w ][ nifw3q ] } { [ gg5lwfl4 ] } { [ fg ] } { [ f6k ] } { [ d65h ] } { [ 66 ] }
despues de filtrar: { [ sucrtj ][ 8fiawp72 ] } { [ kk ] } { [ apbcxw ][ gs1a ] } { [ cs ] } { [ w ][ nifw3q ] } { [ fg ] }
antes   de colapsar { [ sucrtj ][ 8fiawp72 ] } { [ kk ] } { [ apbcxw ][ gs1a ] } { [ cs ] } { [ w ][ nifw3q ] } { [ fg ][ d6c ] } { [ r5dgekld ] } { [ x ] }
despues de colapsar { [ sucrtj ][ 8fiawp72 ] } { [ kk ] } { [ apbcxw ][ gs1a ] } { [ cs ] } { [ w ][ nifw3q ] } { [ fg ][ d6c ] } { [ r5dgekld ] } { [ x ] }
antes   de colapsar { [ sucrtj ][ 8fiawp72 ] } { [ kk ] } { [ apbcxw ][ gs1a ] } { [ cs ] } { [ w ][ nifw3q ] } { [ fg ][ d6c ] } { [ r5dgekld ] } { [ x ] } { [ 75fvq70m ] } { [ bbpgppo ] }
despues de colapsar { [ sucrtj ][ 8fiawp72 ] } { [ kk ] } { [ apbcxw ][ gs1a ] } { [ cs ] } { [ w ][ nifw3q ] } { [ fg ][ d6c ] } { [ r5dgekld ] } { [ x ] } { [ 75fvq70m ] } { [ bbpgppo ] }
antes   de filtrar: { [ sucrtj ][ 8fiawp72 ] } { [ kk ] } { [ apbcxw ][ gs1a ] } { [ cs ] } { [ w ][ nifw3q ] } { [ fg ][ d6c ] } { [ r5dgekld ] } { [ x ] } { [ 75fvq70m ] } { [ bbpgppo ] } { [ wk ] }
despues de filtrar: { [ sucrtj ][ 8fiawp72 ] } { [ kk ] } { [ apbcxw ][ gs1a ] } { [ cs ] } { [ w ][ nifw3q ] } { [ fg ][ d6c ] } { [ x ] } { [ bbpgppo ] } { [ wk ] }
antes   de filtrar: { [ 2220 ] } { [ 4583 ] } { [ 1309 ] }
despues de filtrar: { [ 4583 ] }
antes   de colapsar { [ 4583 ] } { [ 2586 ][ 5159 ] } { [ 8552 ][ 828 ] } { [ 990 ] } { [ 8601 ] } { [ 4526 ][ 9294 ] } { [ 8404 ] } { [ 7585 ] } { [ 798 ] }
despues de colapsar { [ 4583 ] } { [ 2586 ][ 5159 ] } { [ 8552 ][ 828 ] } { [ 990 ] } { [ 8601 ] } { [ 4526 ][ 9294 ] } { [ 8404 ] } { [ 7585 ] } { [ 798 ] }
antes   de colapsar { [ 4583 ] } { [ 2586 ][ 5159 ] } { [ 8552 ][ 828 ] } { [ 990 ] } { [ 8601 ] } { [ 4526 ][ 9294 ] } { [ 8404 ] } { [ 7585 ] } { [ 798 ] }
despues de colapsar { [ 4583 ] } { [ 2586 ][ 5159 ] } { [ 8552 ][ 828 ] } { [ 990 ] } { [ 8601 ] } { [ 4526 ][ 9294 ] } { [ 8404 ] } { [ 7585 ] } { [ 798 ] }
antes   de filtrar: { [ 4583 ] } { [ 2586 ][ 5159 ] } { [ 8552 ][ 828 ] } { [ 990 ] } { [ 8601 ] } { [ 4526 ][ 9294 ] } { [ 8404 ] } { [ 7585 ] } { [ 798 ] } { [ 845 ] } { [ 8402 ] }
despues de filtrar: { [ 4583 ] } { [ 2586 ][ 5159 ] } { [ 8552 ][ 828 ] } { [ 4526 ][ 9294 ] } { [ 7585 ] } { [ 798 ] } { [ 845 ] }
antes   de filtrar: { [ 4583 ] } { [ 2586 ][ 5159 ] } { [ 8552 ][ 828 ] } { [ 4526 ][ 9294 ] } { [ 7585 ] } { [ 798 ] } { [ 845 ] } { [ 8096 ] } { [ 1318 ] } { [ 6161 ] }
despues de filtrar: { [ 4583 ] } { [ 2586 ][ 5159 ] } { [ 8552 ][ 828 ] } { [ 4526 ][ 9294 ] } { [ 7585 ] } { [ 798 ] } { [ 845 ] } { [ 1318 ] } { [ 6161 ] }
antes   de colapsar { [ 4583 ] } { [ 2586 ][ 5159 ][ 3873 ][ 6467 ] } { [ 8552 ][ 828 ] } { [ 4526 ][ 9294 ] } { [ 7585 ] } { [ 798 ] } { [ 845 ] } { [ 1318 ] } { [ 6161 ] } { [ 9587 ] } { [ 8871 ] } { [ 9366 ] }
despues de colapsar { [ 4583 ] } { [ 2586 ][ 5159 ][ 3873 ][ 6467 ] } { [ 8552 ][ 828 ] } { [ 4526 ][ 9294 ] } { [ 7585 ] } { [ 798 ] } { [ 845 ] } { [ 1318 ] } { [ 6161 ] } { [ 9587 ] } { [ 8871 ] } { [ 9366 ] }
antes   de colapsar { [ 4583 ] } { [ 2586 ][ 5159 ][ 3873 ][ 6467 ] } { [ 8552 ][ 828 ] } { [ 4526 ][ 9294 ] } { [ 7585 ] } { [ 798 ] } { [ 845 ] } { [ 1318 ] } { [ 6161 ] } { [ 9587 ] } { [ 8871 ] } { [ 9366 ] } { [ 8084 ] } { [ 1020 ] } { [ 4463 ] }
despues de colapsar { [ 4583 ] } { [ 2586 ][ 5159 ][ 3873 ][ 6467 ] } { [ 8552 ][ 828 ] } { [ 4526 ][ 9294 ] } { [ 7585 ] } { [ 798 ] } { [ 845 ] } { [ 1318 ] } { [ 6161 ] } { [ 9587 ] } { [ 8871 ] } { [ 9366 ] } { [ 8084 ] } { [ 1020 ] } { [ 4463 ] }
antes   de filtrar: { [ 4583 ] } { [ 2586 ][ 5159 ][ 3873 ][ 6467 ] } { [ 8552 ][ 828 ] } { [ 4526 ][ 9294 ] } { [ 7585 ] } { [ 798 ] } { [ 845 ] } { [ 1318 ][ 2107 ] } { [ 6161 ] } { [ 9587 ] } { [ 8871 ][ 6060 ] } { [ 9366 ] } { [ 8084 ] } { [ 1020 ] } { [ 4463 ] } { [ 4579 ] } { [ 6281 ][ 8363 ] } { [ 9821 ] } { [ 7273 ][ 8643 ] }
despues de filtrar: { [ 4583 ] } { [ 2586 ][ 5159 ][ 3873 ][ 6467 ] } { [ 8552 ][ 828 ] } { [ 4526 ][ 9294 ] } { [ 7585 ] } { [ 798 ] } { [ 845 ] } { [ 1318 ][ 2107 ] } { [ 6161 ] } { [ 9587 ] } { [ 8871 ][ 6060 ] } { [ 9366 ] } { [ 4463 ] } { [ 4579 ] } { [ 6281 ][ 8363 ] } { [ 9821 ] } { [ 7273 ][ 8643 ] }
antes   de colapsar { [ 4583 ] } { [ 2586 ][ 5159 ][ 3873 ][ 6467 ] } { [ 8552 ][ 828 ] } { [ 4526 ][ 9294 ] } { [ 7585 ] } { [ 798 ] } { [ 845 ] } { [ 1318 ][ 2107 ] } { [ 6161 ] } { [ 9587 ] } { [ 8871 ][ 6060 ] } { [ 9366 ] } { [ 4463 ] } { [ 4579 ] } { [ 6281 ][ 8363 ] } { [ 9821 ] } { [ 7273 ][ 8643 ] } { [ 2778 ] }
despues de colapsar { [ 4583 ] } { [ 2586 ][ 5159 ][ 3873 ][ 6467 ] } { [ 8552 ][ 828 ] } { [ 4526 ][ 9294 ] } { [ 7585 ] } { [ 798 ] } { [ 845 ] } { [ 1318 ][ 2107 ] } { [ 6161 ] } { [ 9587 ] } { [ 8871 ][ 6060 ] } { [ 9366 ] } { [ 4463 ] } { [ 4579 ] } { [ 6281 ][ 8363 ] } { [ 9821 ] } { [ 7273 ][ 8643 ] } { [ 2778 ] }
antes   de filtrar: { [ 4583 ] } { [ 2586 ][ 5159 ][ 3873 ][ 6467 ] } { [ 8552 ][ 828 ] } { [ 4526 ][ 9294 ] } { [ 7585 ] } { [ 798 ] } { [ 845 ] } { [ 1318 ][ 2107 ][ 6876 ] } { [ 6161 ] } { [ 9587 ] } { [ 8871 ][ 6060 ] } { [ 9366 ] } { [ 4463 ][ 3957 ] } { [ 4579 ] } { [ 6281 ][ 8363 ][ 6838 ] } { [ 9821 ] } { [ 7273 ][ 8643 ] } { [ 2778 ] } { [ 6905 ] } { [ 215 ] } { [ 2165 ] } { [ 1742 ] } { [ 5406 ] } { [ 1926 ] }
despues de filtrar: { [ 4583 ] } { [ 2586 ][ 5159 ][ 3873 ][ 6467 ] } { [ 8552 ][ 828 ] } { [ 4526 ][ 9294 ] } { [ 7585 ] } { [ 798 ] } { [ 845 ] } { [ 1318 ][ 2107 ][ 6876 ] } { [ 6161 ] } { [ 9587 ] } { [ 8871 ][ 6060 ] } { [ 9366 ] } { [ 4463 ][ 3957 ] } { [ 4579 ] } { [ 6281 ][ 8363 ][ 6838 ] } { [ 9821 ] } { [ 7273 ][ 8643 ] } { [ 2778 ] } { [ 215 ] } { [ 2165 ] } { [ 1742 ] } { [ 1926 ] }
antes   de filtrar: { [ 11.070789 ][ 56.600111 ] } { [ 73.486076 ][ 15.344752 ][ 39.433572 ] } { [ 66.639717 ] } { [ -22.976089 ][ 5.633937 ] } { [ 39.539046 ][ 18.901834 ] } { [ 66.194575 ] } { [ -14.061930 ] } { [ 49.998269 ] } { [ 74.383853 ] } { [ 17.860445 ] } { [ 40.431351 ] }
despues de filtrar: { [ 11.070789 ][ 56.600111 ] } { [ 73.486076 ][ 15.344752 ][ 39.433572 ] } { [ -22.976089 ][ 5.633937 ] } { [ 66.194575 ] } { [ -14.061930 ] } { [ 74.383853 ] } { [ 40.431351 ] }
antes   de filtrar: { [ 11.070789 ][ 56.600111 ] } { [ 73.486076 ][ 15.344752 ][ 39.433572 ] } { [ -22.976089 ][ 5.633937 ] } { [ 66.194575 ] } { [ -14.061930 ] } { [ 74.383853 ] } { [ 40.431351 ] } { [ -1.946265 ] }
despues de filtrar: { [ 11.070789 ][ 56.600111 ] } { [ 73.486076 ][ 15.344752 ][ 39.433572 ] } { [ -22.976089 ][ 5.633937 ] } { [ 66.194575 ] } { [ -14.061930 ] } { [ 74.383853 ] } { [ 40.431351 ] } { [ -1.946265 ] }
antes   de colapsar { [ 11.070789 ][ 56.600111 ] } { [ 73.486076 ][ 15.344752 ][ 39.433572 ][ -20.877099 ] } { [ -22.976089 ][ 5.633937 ] } { [ 66.194575 ][ 19.181060 ] } { [ -14.061930 ] } { [ 74.383853 ] } { [ 40.431351 ] } { [ -1.946265 ] } { [ 59.286032 ] } { [ 25.232501 ] } { [ 37.352303 ] }
despues de colapsar { [ 11.070789 ][ 56.600111 ] } { [ 73.486076 ][ 15.344752 ][ 39.433572 ][ -20.877099 ] } { [ -22.976089 ][ 5.633937 ] } { [ 66.194575 ][ 19.181060 ] } { [ -14.061930 ] } { [ 74.383853 ] } { [ 40.431351 ] } { [ -1.946265 ] } { [ 59.286032 ] } { [ 25.232501 ] } { [ 37.352303 ] }
antes   de filtrar: { [ 11.070789 ][ 56.600111 ] } { [ 73.486076 ][ 15.344752 ][ 39.433572 ][ -20.877099 ] } { [ -22.976089 ][ 5.633937 ] } { [ 66.194575 ][ 19.181060 ] } { [ -14.061930 ] } { [ 74.383853 ] } { [ 40.431351 ] } { [ -1.946265 ] } { [ 59.286032 ] } { [ 25.232501 ] } { [ 37.352303 ] } { [ 51.607588 ] } { [ -20.442493 ] } { [ 61.841511 ] } { [ -4.192992 ] } { [ -10.288176 ] } { [ 69.089921 ] } { [ -6.311906 ] }
despues de filtrar: { [ 11.070789 ][ 56.600111 ] } { [ 73.486076 ][ 15.344752 ][ 39.433572 ][ -20.877099 ] } { [ -22.976089 ][ 5.633937 ] } { [ 66.194575 ][ 19.181060 ] } { [ -14.061930 ] } { [ 74.383853 ] } { [ 40.431351 ] } { [ -1.946265 ] } { [ 59.286032 ] } { [ 25.232501 ] } { [ 37.352303 ] } { [ -20.442493 ] } { [ -4.192992 ] } { [ -10.288176 ] } { [ 69.089921 ] } { [ -6.311906 ] }
antes   de filtrar: { [ 11.070789 ][ 56.600111 ] } { [ 73.486076 ][ 15.344752 ][ 39.433572 ][ -20.877099 ] } { [ -22.976089 ][ 5.633937 ] } { [ 66.194575 ][ 19.181060 ] } { [ -14.061930 ] } { [ 74.383853 ] } { [ 40.431351 ] } { [ -1.946265 ] } { [ 59.286032 ] } { [ 25.232501 ][ 4.322458 ] } { [ 37.352303 ] } { [ -20.442493 ] } { [ -4.192992 ] } { [ -10.288176 ] } { [ 69.089921 ] } { [ -6.311906 ] } { [ 28.280336 ] }
despues de filtrar: { [ 11.070789 ][ 56.600111 ] } { [ 73.486076 ][ 15.344752 ][ 39.433572 ][ -20.877099 ] } { [ -22.976089 ][ 5.633937 ] } { [ 66.194575 ][ 19.181060 ] } { [ -14.061930 ] } { [ 74.383853 ] } { [ 40.431351 ] } { [ -1.946265 ] } { [ 59.286032 ] } { [ 25.232501 ][ 4.322458 ] } { [ 37.352303 ] } { [ -20.442493 ] } { [ -4.192992 ] } { [ -10.288176 ] } { [ 69.089921 ] } { [ -6.311906 ] } { [ 28.280336 ] }
antes   de colapsar { [ 11.070789 ][ 56.600111 ] } { [ 73.486076 ][ 15.344752 ][ 39.433572 ][ -20.877099 ] } { [ -22.976089 ][ 5.633937 ] } { [ 66.194575 ][ 19.181060 ] } { [ -14.061930 ] } { [ 74.383853 ] } { [ 40.431351 ] } { [ -1.946265 ] } { [ 59.286032 ] } { [ 25.232501 ][ 4.322458 ] } { [ 37.352303 ] } { [ -20.442493 ][ 67.578063 ] } { [ -4.192992 ] } { [ -10.288176 ] } { [ 69.089921 ] } { [ -6.311906 ] } { [ 28.280336 ] }
despues de colapsar { [ 11.070789 ][ 56.600111 ] } { [ 73.486076 ][ 15.344752 ][ 39.433572 ][ -20.877099 ] } { [ -22.976089 ][ 5.633937 ] } { [ 66.194575 ][ 19.181060 ] } { [ -14.061930 ] } { [ 74.383853 ] } { [ 40.431351 ] } { [ -1.946265 ] } { [ 59.286032 ] } { [ 25.232501 ][ 4.322458 ] } { [ 37.352303 ] } { [ -20.442493 ][ 67.578063 ] } { [ -4.192992 ] } { [ -10.288176 ] } { [ 69.089921 ] } { [ -6.311906 ] } { [ 28.280336 ] }
antes   de colapsar { [ 11.070789 ][ 56.600111 ] } { [ 73.486076 ][ 15.344752 ][ 39.433572 ][ -20.877099 ] } { [ -22.976089 ][ 5.633937 ] } { [ 66.194575 ][ 19.181060 ] } { [ -14.061930 ] } { [ 74.383853 ] } { [ 40.431351 ] } { [ -1.946265 ] } { [ 59.286032 ] } { [ 25.232501 ][ 4.322458 ] } { [ 37.352303 ] } { [ -20.442493 ][ 67.578063 ] } { [ -4.192992 ] } { [ -10.288176 ] } { [ 69.089921 ] } { [ -6.311906 ] } { [ 28.280336 ] } { [ 50.428300 ] }
despues de colapsar { [ 11.070789 ][ 56.600111 ] } { [ 73.486076 ][ 15.344752 ][ 39.433572 ][ -20.877099 ] } { [ -22.976089 ][ 5.633937 ] } { [ 66.194575 ][ 19.181060 ] } { [ -14.061930 ] } { [ 74.383853 ] } { [ 40.431351 ] } { [ -1.946265 ] } { [ 59.286032 ] } { [ 25.232501 ][ 4.322458 ] } { [ 37.352303 ] } { [ -20.442493 ][ 67.578063 ] } { [ -4.192992 ] } { [ -10.288176 ] } { [ 69.089921 ] } { [ -6.311906 ] } { [ 28.280336 ] } { [ 50.428300 ] }
antes   de colapsar { [ 11.070789 ][ 56.600111 ] } { [ 73.486076 ][ 15.344752 ][ 39.433572 ][ -20.877099 ][ 40.464311 ] } { [ -22.976089 ][ 5.633937 ] } { [ 66.194575 ][ 19.181060 ] } { [ -14.061930 ] } { [ 74.383853 ] } { [ 40.431351 ] } { [ -1.946265 ][ 36.307841 ] } { [ 59.286032 ] } { [ 25.232501 ][ 4.322458 ] } { [ 37.352303 ] } { [ -20.442493 ][ 67.578063 ] } { [ -4.192992 ] } { [ -10.288176 ] } { [ 69.089921 ] } { [ -6.311906 ] } { [ 28.280336 ] } { [ 50.428300 ] } { [ 3.350786 ] }
despues de colapsar { [ 11.070789 ][ 56.600111 ] } { [ 73.486076 ][ 15.344752 ][ 39.433572 ][ -20.877099 ][ 40.464311 ] } { [ -22.976089 ][ 5.633937 ] } { [ 66.194575 ][ 19.181060 ] } { [ -14.061930 ] } { [ 74.383853 ] } { [ 40.431351 ] } { [ -1.946265 ][ 36.307841 ] } { [ 59.286032 ] } { [ 25.232501 ][ 4.322458 ] } { [ 37.352303 ] } { [ -20.442493 ][ 67.578063 ] } { [ -4.192992 ] } { [ -10.288176 ] } { [ 69.089921 ] } { [ -6.311906 ] } { [ 28.280336 ] } { [ 50.428300 ] } { [ 3.350786 ] }
antes   de colapsar { [ 11.070789 ][ 56.600111 ] } { [ 73.486076 ][ 15.344752 ][ 39.433572 ][ -20.877099 ][ 40.464311 ] } { [ -22.976089 ][ 5.633937 ] } { [ 66.194575 ][ 19.181060 ] } { [ -14.061930 ] } { [ 74.383853 ] } { [ 40.431351 ] } { [ -1.946265 ][ 36.307841 ] } { [ 59.286032 ] } { [ 25.232501 ][ 4.322458 ] } { [ 37.352303 ] } { [ -20.442493 ][ 67.578063 ] } { [ -4.192992 ] } { [ -10.288176 ][ 66.516981 ] } { [ 69.089921 ] } { [ -6.311906 ] } { [ 28.280336 ] } { [ 50.428300 ] } { [ 3.350786 ] } { [ 60.166916 ] } { [ 57.039474 ] } { [ -4.331426 ] } { [ 57.609020 ][ 24.658729 ] }
despues de colapsar { [ 11.070789 ][ 56.600111 ] } { [ 73.486076 ][ 15.344752 ][ 39.433572 ][ -20.877099 ][ 40.464311 ] } { [ -22.976089 ][ 5.633937 ] } { [ 66.194575 ][ 19.181060 ] } { [ -14.061930 ] } { [ 74.383853 ] } { [ 40.431351 ] } { [ -1.946265 ][ 36.307841 ] } { [ 59.286032 ] } { [ 25.232501 ][ 4.322458 ] } { [ 37.352303 ] } { [ -20.442493 ][ 67.578063 ] } { [ -4.192992 ] } { [ -10.288176 ][ 66.516981 ] } { [ 69.089921 ] } { [ -6.311906 ] } { [ 28.280336 ] } { [ 50.428300 ] } { [ 3.350786 ] } { [ 60.166916 ] } { [ 57.039474 ] } { [ -4.331426 ] } { [ 9.070157 ] }
antes   de filtrar: { [ 11.070789 ][ 56.600111 ] } { [ 73.486076 ][ 15.344752 ][ 39.433572 ][ -20.877099 ][ 40.464311 ] } { [ -22.976089 ][ 5.633937 ] } { [ 66.194575 ][ 19.181060 ] } { [ -14.061930 ] } { [ 74.383853 ] } { [ 40.431351 ] } { [ -1.946265 ][ 36.307841 ] } { [ 59.286032 ] } { [ 25.232501 ][ 4.322458 ] } { [ 37.352303 ] } { [ -20.442493 ][ 67.578063 ] } { [ -4.192992 ] } { [ -10.288176 ][ 66.516981 ] } { [ 69.089921 ] } { [ -6.311906 ] } { [ 28.280336 ] } { [ 50.428300 ] } { [ 3.350786 ] } { [ 60.166916 ] } { [ 57.039474 ] } { [ -4.331426 ] } { [ 9.070157 ] } { [ -8.504373 ] } { [ 59.577376 ] }
despues de filtrar: { [ 11.070789 ][ 56.600111 ] } { [ 73.486076 ][ 15.344752 ][ 39.433572 ][ -20.877099 ][ 40.464311 ] } { [ -22.976089 ][ 5.633937 ] } { [ 66.194575 ][ 19.181060 ] } { [ -14.061930 ] } { [ 74.383853 ] } { [ 40.431351 ] } { [ -1.946265 ][ 36.307841 ] } { [ 59.286032 ] } { [ 25.232501 ][ 4.322458 ] } { [ 37.352303 ] } { [ -20.442493 ][ 67.578063 ] } { [ -4.192992 ] } { [ -10.288176 ][ 66.516981 ] } { [ 69.089921 ] } { [ -6.311906 ] } { [ 28.280336 ] } { [ 50.428300 ] } { [ 3.350786 ] } { [ 60.166916 ] } { [ 57.039474 ] } { [ -4.331426 ] } { [ 9.070157 ] } { [ -8.504373 ] }
antes   de filtrar: { [ 2345 ][ 5514 ] } { [ 7513 ] } { [ 8056 ][ 4598 ] } { [ 2770 ] }
despues de filtrar: { [ 2345 ][ 5514 ] } { [ 7513 ] }
antes   de filtrar: { [ 2345 ][ 5514 ] } { [ 7513 ] } { [ 6823 ][ 6528 ] } { [ 107 ] } { [ 1256 ] }
despues de filtrar: { [ 2345 ][ 5514 ] } { [ 7513 ] } { [ 6823 ][ 6528 ] } { [ 1256 ] }
antes   de colapsar { [ 2345 ][ 5514 ] } { [ 7513 ] } { [ 6823 ][ 6528 ] } { [ 1256 ] }
despues de colapsar { [ 2345 ][ 5514 ] } { [ 7513 ] } { [ 6823 ][ 6528 ] } { [ 1256 ] }
antes   de colapsar { [ 2345 ][ 5514 ] } { [ 7513 ][ 7330 ] } { [ 6823 ][ 6528 ] } { [ 1256 ] } { [ 3918 ] }
despues de colapsar { [ 2345 ][ 5514 ] } { [ 7513 ][ 7330 ] } { [ 6823 ][ 6528 ] } { [ 1256 ] } { [ 3918 ] }
antes   de colapsar { [ 2345 ][ 5514 ][ 420 ][ 1189 ][ 7149 ] } { [ 7513 ][ 7330 ] } { [ 6823 ][ 6528 ] } { [ 1256 ] } { [ 3918 ] } { [ 939 ] } { [ 3952 ][ 1348 ] } { [ 7589 ] } { [ 3750 ][ 7029 ] } { [ 6932 ] } { [ 8172 ] } { [ 9643 ] } { [ 5812 ] }
despues de colapsar { [ 2345 ][ 5514 ][ 420 ][ 1189 ][ 7149 ] } { [ 7513 ][ 7330 ] } { [ 6823 ][ 6528 ] } { [ 1256 ] } { [ 3918 ] } { [ 939 ] } { [ 3952 ][ 1348 ] } { [ 7589 ] } { [ 5134 ] } { [ 6932 ] } { [ 8172 ] } { [ 9643 ] } { [ 5812 ] }
antes   de filtrar: { [ 2345 ][ 5514 ][ 420 ][ 1189 ][ 7149 ] } { [ 7513 ][ 7330 ] } { [ 6823 ][ 6528 ] } { [ 1256 ] } { [ 3918 ] } { [ 939 ] } { [ 3952 ][ 1348 ] } { [ 7589 ] } { [ 5134 ] } { [ 6932 ] } { [ 8172 ] } { [ 9643 ] } { [ 5812 ] } { [ 2440 ] }
despues de filtrar: { [ 2345 ][ 5514 ][ 420 ][ 1189 ][ 7149 ] } { [ 7513 ][ 7330 ] } { [ 6823 ][ 6528 ] } { [ 1256 ] } { [ 3918 ] } { [ 939 ] } { [ 3952 ][ 1348 ] } { [ 7589 ] } { [ 5134 ] } { [ 6932 ] } { [ 8172 ] } { [ 9643 ] } { [ 5812 ] }
antes   de filtrar: { [ 2345 ][ 5514 ][ 420 ][ 1189 ][ 7149 ] } { [ 7513 ][ 7330 ] } { [ 6823 ][ 6528 ] } { [ 1256 ] } { [ 3918 ] } { [ 939 ] } { [ 3952 ][ 1348 ] } { [ 7589 ] } { [ 5134 ] } { [ 6932 ] } { [ 8172 ] } { [ 9643 ] } { [ 5812 ] } { [ 657 ] } { [ 4232 ] }
despues de filtrar: { [ 2345 ][ 5514 ][ 420 ][ 1189 ][ 7149 ] } { [ 7513 ][ 7330 ] } { [ 6823 ][ 6528 ] } { [ 1256 ] } { [ 3918 ] } { [ 939 ] } { [ 3952 ][ 1348 ] } { [ 7589 ] } { [ 5134 ] } { [ 6932 ] } { [ 8172 ] } { [ 9643 ] } { [ 5812 ] } { [ 657 ] } { [ 4232 ] }
antes   de colapsar { [ 2345 ][ 5514 ][ 420 ][ 1189 ][ 7149 ] } { [ 7513 ][ 7330 ] } { [ 6823 ][ 6528 ] } { [ 1256 ] } { [ 3918 ] } { [ 939 ] } { [ 3952 ][ 1348 ] } { [ 7589 ] } { [ 5134 ] } { [ 6932 ] } { [ 8172 ] } { [ 9643 ] } { [ 5812 ] } { [ 657 ] } { [ 4232 ] }
despues de colapsar { [ 2345 ][ 5514 ][ 420 ][ 1189 ][ 7149 ] } { [ 7513 ][ 7330 ] } { [ 6823 ][ 6528 ] } { [ 1256 ] } { [ 3918 ] } { [ 939 ] } { [ 3952 ][ 1348 ] } { [ 7589 ] } { [ 5134 ] } { [ 6932 ] } { [ 8172 ] } { [ 9643 ] } { [ 5812 ] } { [ 657 ] } { [ 4232 ] }
antes   de filtrar: { [ 2345 ][ 5514 ][ 420 ][ 1189 ][ 7149 ] } { [ 7513 ][ 7330 ] } { [ 6823 ][ 6528 ] } { [ 1256 ] } { [ 3918 ] } { [ 939 ] } { [ 3952 ][ 1348 ] } { [ 7589 ] } { [ 5134 ] } { [ 6932 ] } { [ 8172 ] } { [ 9643 ] } { [ 5812 ] } { [ 657 ] } { [ 4232 ] } { [ 2936 ] } { [ 5130 ] } { [ 2531 ] } { [ 4307 ] }
despues de filtrar: { [ 2345 ][ 5514 ][ 420 ][ 1189 ][ 7149 ] } { [ 7513 ][ 7330 ] } { [ 6823 ][ 6528 ] } { [ 1256 ] } { [ 3918 ] } { [ 939 ] } { [ 3952 ][ 1348 ] } { [ 7589 ] } { [ 5134 ] } { [ 6932 ] } { [ 8172 ] } { [ 9643 ] } { [ 5812 ] } { [ 657 ] } { [ 4232 ] } { [ 2936 ] } { [ 2531 ] }
antes   de colapsar { [ 2345 ][ 5514 ][ 420 ][ 1189 ][ 7149 ][ 9778 ] } { [ 7513 ][ 7330 ] } { [ 6823 ][ 6528 ] } { [ 1256 ][ 2408 ] } { [ 3918 ] } { [ 939 ] } { [ 3952 ][ 1348 ] } { [ 7589 ] } { [ 5134 ] } { [ 6932 ][ 8146 ] } { [ 8172 ] } { [ 9643 ][ 1890 ] } { [ 5812 ] } { [ 657 ] } { [ 4232 ] } { [ 2936 ][ 2088 ] } { [ 2531 ] } { [ 6407 ] } { [ 4392 ] } { [ 6515 ] } { [ 4984 ] } { [ 5377 ][ 6167 ] } { [ 5850 ] } { [ 796 ] } { [ 7134 ] } { [ 6270 ] } { [ 8543 ] } { [ 5980 ] } { [ 6296 ] }
despues de colapsar { [ 2345 ][ 5514 ][ 420 ][ 1189 ][ 7149 ][ 9778 ] } { [ 7513 ][ 7330 ] } { [ 6823 ][ 6528 ] } { [ 1256 ][ 2408 ] } { [ 3918 ] } { [ 939 ] } { [ 3952 ][ 1348 ] } { [ 7589 ] } { [ 5134 ] } { [ 6932 ][ 8146 ] } { [ 8172 ] } { [ 9643 ][ 1890 ] } { [ 5812 ] } { [ 657 ] } { [ 4232 ] } { [ 2936 ][ 2088 ] } { [ 2531 ] } { [ 6407 ] } { [ 4392 ] } { [ 6515 ] } { [ 4984 ] } { [ 5377 ][ 6167 ] } { [ 5850 ] } { [ 796 ] } { [ 7134 ] } { [ 6270 ] } { [ 8543 ] } { [ 5980 ] } { [ 6296 ] }
